Apache Maven 3.9.9 (8e8579a9e76f7d015ee5ec7bfcdc97d260186937)
Maven home: /opt/homebrew/Cellar/maven/3.9.9/libexec
Java version: 21.0.7, vendor: Eclipse Adoptium, runtime: /Library/Java/JavaVirtualMachines/temurin-21.jdk/Contents/Home
Default locale: en_PL, platform encoding: UTF-8
OS name: "mac os x", version: "26.5", arch: "aarch64", family: "mac"
[DEBUG] Created new class realm maven.api
[DEBUG] Importing foreign packages into class realm maven.api
[DEBUG]   Imported: javax.annotation.* < plexus.core
[DEBUG]   Imported: javax.annotation.security.* < plexus.core
[DEBUG]   Imported: javax.inject.* < plexus.core
[DEBUG]   Imported: org.apache.maven.* < plexus.core
[DEBUG]   Imported: org.apache.maven.artifact < plexus.core
[DEBUG]   Imported: org.apache.maven.classrealm < plexus.core
[DEBUG]   Imported: org.apache.maven.cli < plexus.core
[DEBUG]   Imported: org.apache.maven.configuration < plexus.core
[DEBUG]   Imported: org.apache.maven.exception < plexus.core
[DEBUG]   Imported: org.apache.maven.execution < plexus.core
[DEBUG]   Imported: org.apache.maven.execution.scope < plexus.core
[DEBUG]   Imported: org.apache.maven.graph < plexus.core
[DEBUG]   Imported: org.apache.maven.lifecycle < plexus.core
[DEBUG]   Imported: org.apache.maven.model < plexus.core
[DEBUG]   Imported: org.apache.maven.monitor < plexus.core
[DEBUG]   Imported: org.apache.maven.plugin < plexus.core
[DEBUG]   Imported: org.apache.maven.profiles < plexus.core
[DEBUG]   Imported: org.apache.maven.project < plexus.core
[DEBUG]   Imported: org.apache.maven.reporting < plexus.core
[DEBUG]   Imported: org.apache.maven.repository < plexus.core
[DEBUG]   Imported: org.apache.maven.rtinfo < plexus.core
[DEBUG]   Imported: org.apache.maven.settings < plexus.core
[DEBUG]   Imported: org.apache.maven.toolchain < plexus.core
[DEBUG]   Imported: org.apache.maven.usability < plexus.core
[DEBUG]   Imported: org.apache.maven.wagon.* < plexus.core
[DEBUG]   Imported: org.apache.maven.wagon.authentication < plexus.core
[DEBUG]   Imported: org.apache.maven.wagon.authorization < plexus.core
[DEBUG]   Imported: org.apache.maven.wagon.events < plexus.core
[DEBUG]   Imported: org.apache.maven.wagon.observers < plexus.core
[DEBUG]   Imported: org.apache.maven.wagon.proxy < plexus.core
[DEBUG]   Imported: org.apache.maven.wagon.repository < plexus.core
[DEBUG]   Imported: org.apache.maven.wagon.resource < plexus.core
[DEBUG]   Imported: org.codehaus.classworlds < plexus.core
[DEBUG]   Imported: org.codehaus.plexus.* < plexus.core
[DEBUG]   Imported: org.codehaus.plexus.classworlds < plexus.core
[DEBUG]   Imported: org.codehaus.plexus.component < plexus.core
[DEBUG]   Imported: org.codehaus.plexus.configuration < plexus.core
[DEBUG]   Imported: org.codehaus.plexus.container < plexus.core
[DEBUG]   Imported: org.codehaus.plexus.context < plexus.core
[DEBUG]   Imported: org.codehaus.plexus.lifecycle < plexus.core
[DEBUG]   Imported: org.codehaus.plexus.logging < plexus.core
[DEBUG]   Imported: org.codehaus.plexus.personality < plexus.core
[DEBUG]   Imported: org.codehaus.plexus.util.xml.Xpp3Dom < plexus.core
[DEBUG]   Imported: org.codehaus.plexus.util.xml.pull.XmlPullParser < plexus.core
[DEBUG]   Imported: org.codehaus.plexus.util.xml.pull.XmlPullParserException < plexus.core
[DEBUG]   Imported: org.codehaus.plexus.util.xml.pull.XmlSerializer < plexus.core
[DEBUG]   Imported: org.eclipse.aether.* < plexus.core
[DEBUG]   Imported: org.eclipse.aether.artifact < plexus.core
[DEBUG]   Imported: org.eclipse.aether.collection < plexus.core
[DEBUG]   Imported: org.eclipse.aether.deployment < plexus.core
[DEBUG]   Imported: org.eclipse.aether.graph < plexus.core
[DEBUG]   Imported: org.eclipse.aether.impl < plexus.core
[DEBUG]   Imported: org.eclipse.aether.installation < plexus.core
[DEBUG]   Imported: org.eclipse.aether.internal.impl < plexus.core
[DEBUG]   Imported: org.eclipse.aether.metadata < plexus.core
[DEBUG]   Imported: org.eclipse.aether.repository < plexus.core
[DEBUG]   Imported: org.eclipse.aether.resolution < plexus.core
[DEBUG]   Imported: org.eclipse.aether.spi < plexus.core
[DEBUG]   Imported: org.eclipse.aether.transfer < plexus.core
[DEBUG]   Imported: org.eclipse.aether.util < plexus.core
[DEBUG]   Imported: org.eclipse.aether.version < plexus.core
[DEBUG]   Imported: org.fusesource.jansi.* < plexus.core
[DEBUG]   Imported: org.slf4j.* < plexus.core
[DEBUG]   Imported: org.slf4j.event.* < plexus.core
[DEBUG]   Imported: org.slf4j.helpers.* < plexus.core
[DEBUG]   Imported: org.slf4j.spi.* < plexus.core
[DEBUG] Populating class realm maven.api
[DEBUG] Created adapter factory; available factories [file-lock, rwlock-local, semaphore-local, noop]; available name mappers [discriminating, file-gav, file-hgav, file-static, gav, static]
[INFO] Error stacktraces are turned on.
[DEBUG] Message scheme: color
[DEBUG] Message styles: debug info warning error success failure strong mojo project
[DEBUG] Reading global settings from /opt/homebrew/Cellar/maven/3.9.9/libexec/conf/settings.xml
[DEBUG] Reading user settings from /Users/rafal/.m2/settings.xml
[DEBUG] Reading global toolchains from /opt/homebrew/Cellar/maven/3.9.9/libexec/conf/toolchains.xml
[DEBUG] Reading user toolchains from /Users/rafal/.m2/toolchains.xml
[DEBUG] Using local repository at /Users/rafal/.m2/repository
[DEBUG] Using manager EnhancedLocalRepositoryManager with priority 10.0 for /Users/rafal/.m2/repository
[INFO] Scanning for projects...
[DEBUG] Creating adapter using nameMapper 'gav' and factory 'rwlock-local'
[DEBUG] Extension realms for project org.openmrs.module:artemis:pom:1.0.0-SNAPSHOT: (none)
[DEBUG] Looking up lifecycle mappings for packaging pom from ClassRealm[plexus.core, parent: null]
[DEBUG] Extension realms for project org.openmrs.maven.parents:maven-parent-openmrs-module:pom:1.1.2: (none)
[DEBUG] Looking up lifecycle mappings for packaging pom from ClassRealm[plexus.core, parent: null]
[DEBUG] Extension realms for project org.openmrs.module:artemis-api:jar:1.0.0-SNAPSHOT: (none)
[DEBUG] Looking up lifecycle mappings for packaging jar from ClassRealm[plexus.core, parent: null]
[DEBUG] Using mirror maven-default-http-blocker (http://0.0.0.0/) for snapshots (http://snapshots.maven.codehaus.org/maven2).
[DEBUG] Dependency collection stats {ConflictMarker.analyzeTime=308291, ConflictMarker.markTime=103209, ConflictMarker.nodeCount=80, ConflictIdSorter.graphTime=210375, ConflictIdSorter.topsortTime=108250, ConflictIdSorter.conflictIdCount=20, ConflictIdSorter.conflictIdCycleCount=0, ConflictResolver.totalTime=1733959, ConflictResolver.conflictItemCount=49, DfDependencyCollector.collectTime=83163791, DfDependencyCollector.transformTime=3243042}
[DEBUG] org.openmrs.maven.plugins:maven-openmrs-plugin:jar:1.0.1
[DEBUG]    org.apache.maven:maven-plugin-api:jar:2.0:compile
[DEBUG]    org.apache.maven:maven-archiver:jar:2.2:compile
[DEBUG]       org.codehaus.plexus:plexus-archiver:jar:1.0-alpha-7:compile
[DEBUG]       org.apache.maven:maven-artifact:jar:2.0:compile
[DEBUG]    org.apache.maven:maven-model:jar:2.0.10:compile
[DEBUG]    org.apache.maven:maven-project:jar:2.0.10:compile
[DEBUG]       org.apache.maven:maven-settings:jar:2.0.10:compile
[DEBUG]       org.apache.maven:maven-profile:jar:2.0.10:compile
[DEBUG]       org.apache.maven:maven-artifact-manager:jar:2.0.10:compile
[DEBUG]          org.apache.maven:maven-repository-metadata:jar:2.0.10:compile
[DEBUG]       org.apache.maven:maven-plugin-registry:jar:2.0.10:compile
[DEBUG]       org.codehaus.plexus:plexus-interpolation:jar:1.1:compile
[DEBUG]       org.codehaus.plexus:plexus-container-default:jar:1.0-alpha-9-stable-1:compile
[DEBUG]          junit:junit:jar:3.8.1:compile
[DEBUG]          classworlds:classworlds:jar:1.1-alpha-2:compile
[DEBUG]    org.apache.maven.shared:file-management:jar:1.2.1:compile
[DEBUG]       org.apache.maven.shared:maven-shared-io:jar:1.1:compile
[DEBUG]          org.apache.maven.wagon:wagon-provider-api:jar:1.0-alpha-6:compile
[DEBUG]    org.codehaus.plexus:plexus-utils:jar:1.5.5:compile
[DEBUG] Created new class realm extension>org.openmrs.maven.plugins:maven-openmrs-plugin:1.0.1
[DEBUG] Importing foreign packages into class realm extension>org.openmrs.maven.plugins:maven-openmrs-plugin:1.0.1
[DEBUG]   Imported:  < maven.api
[DEBUG] Populating class realm extension>org.openmrs.maven.plugins:maven-openmrs-plugin:1.0.1
[DEBUG]   Included: org.openmrs.maven.plugins:maven-openmrs-plugin:jar:1.0.1
[DEBUG]   Included: org.apache.maven:maven-archiver:jar:2.2
[DEBUG]   Included: org.codehaus.plexus:plexus-archiver:jar:1.0-alpha-7
[DEBUG]   Included: org.codehaus.plexus:plexus-interpolation:jar:1.1
[DEBUG]   Included: junit:junit:jar:3.8.1
[DEBUG]   Included: org.apache.maven.shared:file-management:jar:1.2.1
[DEBUG]   Included: org.apache.maven.shared:maven-shared-io:jar:1.1
[DEBUG]   Included: org.codehaus.plexus:plexus-utils:jar:1.5.5
[DEBUG] Extension realms for project org.openmrs.module:artemis-omod:jar:1.0.0-SNAPSHOT: [ClassRealm[extension>org.openmrs.maven.plugins:maven-openmrs-plugin:1.0.1, parent: jdk.internal.loader.ClassLoaders$AppClassLoader@2c854dc5]]
[DEBUG] Created new class realm project>org.openmrs.module:artemis-omod:1.0.0-SNAPSHOT
[DEBUG] Populating class realm project>org.openmrs.module:artemis-omod:1.0.0-SNAPSHOT
[DEBUG] Looking up lifecycle mappings for packaging jar from ClassRealm[project>org.openmrs.module:artemis-omod:1.0.0-SNAPSHOT, parent: ClassRealm[maven.api, parent: null]]
[INFO] ------------------------------------------------------------------------
[INFO] Reactor Build Order:
[INFO] 
[INFO] Artemis                                                            [pom]
[INFO] Artemis API                                                        [jar]
[INFO] Artemis OMOD                                                       [jar]
[DEBUG] === REACTOR BUILD PLAN ================================================
[DEBUG] Project: org.openmrs.module:artemis:pom:1.0.0-SNAPSHOT
[DEBUG] Tasks:   [clean, test]
[DEBUG] Style:   Regular
[DEBUG] -----------------------------------------------------------------------
[DEBUG] Project: org.openmrs.module:artemis-api:jar:1.0.0-SNAPSHOT
[DEBUG] Tasks:   [clean, test]
[DEBUG] Style:   Regular
[DEBUG] -----------------------------------------------------------------------
[DEBUG] Project: org.openmrs.module:artemis-omod:jar:1.0.0-SNAPSHOT
[DEBUG] Tasks:   [clean, test]
[DEBUG] Style:   Regular
[DEBUG] =======================================================================
[INFO] 
[INFO] ---------------------< org.openmrs.module:artemis >---------------------
[INFO] Building Artemis 1.0.0-SNAPSHOT                                    [1/3]
[INFO]   from pom.xml
[INFO] --------------------------------[ pom ]---------------------------------
[DEBUG] Could not find metadata org.apache.maven.plugins:maven-compiler-plugin/maven-metadata.xml in local (/Users/rafal/.m2/repository)
[DEBUG] Skipped remote request for org.apache.maven.plugins:maven-compiler-plugin/maven-metadata.xml, locally cached metadata up-to-date
[DEBUG] Skipped remote request for org.apache.maven.plugins:maven-compiler-plugin/maven-metadata.xml, locally cached metadata up-to-date
[WARNING] Ignoring incompatible plugin version 4.0.0-beta-4
org.apache.maven.plugin.PluginIncompatibleException: The plugin org.apache.maven.plugins:maven-compiler-plugin:4.0.0-beta-4 requires Maven version 4.0.0-rc-4
    at org.apache.maven.plugin.internal.DefaultMavenPluginManager.checkRequiredMavenVersion (DefaultMavenPluginManager.java:289)
    at jdk.internal.reflect.DirectMethodHandleAccessor.invoke (DirectMethodHandleAccessor.java:103)
    at java.lang.reflect.Method.invoke (Method.java:580)
    at com.google.inject.internal.DelegatingInvocationHandler.invoke (DelegatingInvocationHandler.java:50)
    at jdk.proxy2.$Proxy26.checkRequiredMavenVersion (Unknown Source)
    at org.apache.maven.plugin.version.internal.DefaultPluginVersionResolver.isCompatible (DefaultPluginVersionResolver.java:276)
    at org.apache.maven.plugin.version.internal.DefaultPluginVersionResolver.selectVersion (DefaultPluginVersionResolver.java:172)
    at org.apache.maven.plugin.version.internal.DefaultPluginVersionResolver.resolveFromRepository (DefaultPluginVersionResolver.java:153)
    at org.apache.maven.plugin.version.internal.DefaultPluginVersionResolver.resolve (DefaultPluginVersionResolver.java:100)
    at org.apache.maven.lifecycle.internal.LifecyclePluginResolver.resolveMissingPluginVersions (LifecyclePluginResolver.java:73)
    at org.apache.maven.lifecycle.internal.DefaultLifecycleExecutionPlanCalculator.calculateExecutionPlan (DefaultLifecycleExecutionPlanCalculator.java:117)
    at org.apache.maven.lifecycle.internal.DefaultLifecycleExecutionPlanCalculator.calculateExecutionPlan (DefaultLifecycleExecutionPlanCalculator.java:135)
    at org.apache.maven.lifecycle.internal.builder.BuilderCommon.resolveBuildPlan (BuilderCommon.java:93)
    at org.apache.maven.lifecycle.internal.LifecycleModuleBuilder.buildProject (LifecycleModuleBuilder.java:100)
    at org.apache.maven.lifecycle.internal.LifecycleModuleBuilder.buildProject (LifecycleModuleBuilder.java:73)
    at org.apache.maven.lifecycle.internal.builder.singlethreaded.SingleThreadedBuilder.build (SingleThreadedBuilder.java:53)
    at org.apache.maven.lifecycle.internal.LifecycleStarter.execute (LifecycleStarter.java:118)
    at org.apache.maven.DefaultMaven.doExecute (DefaultMaven.java:261)
    at org.apache.maven.DefaultMaven.doExecute (DefaultMaven.java:173)
    at org.apache.maven.DefaultMaven.execute (DefaultMaven.java:101)
    at org.apache.maven.cli.MavenCli.execute (MavenCli.java:906)
    at org.apache.maven.cli.MavenCli.doMain (MavenCli.java:283)
    at org.apache.maven.cli.MavenCli.main (MavenCli.java:206)
    at jdk.internal.reflect.DirectMethodHandleAccessor.invoke (DirectMethodHandleAccessor.java:103)
    at java.lang.reflect.Method.invoke (Method.java:580)
    at org.codehaus.plexus.classworlds.launcher.Launcher.launchEnhanced (Launcher.java:255)
    at org.codehaus.plexus.classworlds.launcher.Launcher.launch (Launcher.java:201)
    at org.codehaus.plexus.classworlds.launcher.Launcher.mainWithExitCode (Launcher.java:361)
    at org.codehaus.plexus.classworlds.launcher.Launcher.main (Launcher.java:314)
[INFO] Latest version of plugin org.apache.maven.plugins:maven-compiler-plugin failed compatibility check
[INFO] Looking for compatible RELEASE version of plugin org.apache.maven.plugins:maven-compiler-plugin
[WARNING] Ignoring incompatible plugin version 4.0.0-beta-3
org.apache.maven.plugin.PluginIncompatibleException: The plugin org.apache.maven.plugins:maven-compiler-plugin:4.0.0-beta-3 requires Maven version 4.0.0-rc-4
    at org.apache.maven.plugin.internal.DefaultMavenPluginManager.checkRequiredMavenVersion (DefaultMavenPluginManager.java:289)
    at jdk.internal.reflect.DirectMethodHandleAccessor.invoke (DirectMethodHandleAccessor.java:103)
    at java.lang.reflect.Method.invoke (Method.java:580)
    at com.google.inject.internal.DelegatingInvocationHandler.invoke (DelegatingInvocationHandler.java:50)
    at jdk.proxy2.$Proxy26.checkRequiredMavenVersion (Unknown Source)
    at org.apache.maven.plugin.version.internal.DefaultPluginVersionResolver.isCompatible (DefaultPluginVersionResolver.java:276)
    at org.apache.maven.plugin.version.internal.DefaultPluginVersionResolver.selectVersion (DefaultPluginVersionResolver.java:207)
    at org.apache.maven.plugin.version.internal.DefaultPluginVersionResolver.resolveFromRepository (DefaultPluginVersionResolver.java:153)
    at org.apache.maven.plugin.version.internal.DefaultPluginVersionResolver.resolve (DefaultPluginVersionResolver.java:100)
    at org.apache.maven.lifecycle.internal.LifecyclePluginResolver.resolveMissingPluginVersions (LifecyclePluginResolver.java:73)
    at org.apache.maven.lifecycle.internal.DefaultLifecycleExecutionPlanCalculator.calculateExecutionPlan (DefaultLifecycleExecutionPlanCalculator.java:117)
    at org.apache.maven.lifecycle.internal.DefaultLifecycleExecutionPlanCalculator.calculateExecutionPlan (DefaultLifecycleExecutionPlanCalculator.java:135)
    at org.apache.maven.lifecycle.internal.builder.BuilderCommon.resolveBuildPlan (BuilderCommon.java:93)
    at org.apache.maven.lifecycle.internal.LifecycleModuleBuilder.buildProject (LifecycleModuleBuilder.java:100)
    at org.apache.maven.lifecycle.internal.LifecycleModuleBuilder.buildProject (LifecycleModuleBuilder.java:73)
    at org.apache.maven.lifecycle.internal.builder.singlethreaded.SingleThreadedBuilder.build (SingleThreadedBuilder.java:53)
    at org.apache.maven.lifecycle.internal.LifecycleStarter.execute (LifecycleStarter.java:118)
    at org.apache.maven.DefaultMaven.doExecute (DefaultMaven.java:261)
    at org.apache.maven.DefaultMaven.doExecute (DefaultMaven.java:173)
    at org.apache.maven.DefaultMaven.execute (DefaultMaven.java:101)
    at org.apache.maven.cli.MavenCli.execute (MavenCli.java:906)
    at org.apache.maven.cli.MavenCli.doMain (MavenCli.java:283)
    at org.apache.maven.cli.MavenCli.main (MavenCli.java:206)
    at jdk.internal.reflect.DirectMethodHandleAccessor.invoke (DirectMethodHandleAccessor.java:103)
    at java.lang.reflect.Method.invoke (Method.java:580)
    at org.codehaus.plexus.classworlds.launcher.Launcher.launchEnhanced (Launcher.java:255)
    at org.codehaus.plexus.classworlds.launcher.Launcher.launch (Launcher.java:201)
    at org.codehaus.plexus.classworlds.launcher.Launcher.mainWithExitCode (Launcher.java:361)
    at org.codehaus.plexus.classworlds.launcher.Launcher.main (Launcher.java:314)
[WARNING] Ignoring incompatible plugin version 4.0.0-beta-2
org.apache.maven.plugin.PluginIncompatibleException: The plugin org.apache.maven.plugins:maven-compiler-plugin:4.0.0-beta-2 requires Maven version 4.0.0-rc-2
    at org.apache.maven.plugin.internal.DefaultMavenPluginManager.checkRequiredMavenVersion (DefaultMavenPluginManager.java:289)
    at jdk.internal.reflect.DirectMethodHandleAccessor.invoke (DirectMethodHandleAccessor.java:103)
    at java.lang.reflect.Method.invoke (Method.java:580)
    at com.google.inject.internal.DelegatingInvocationHandler.invoke (DelegatingInvocationHandler.java:50)
    at jdk.proxy2.$Proxy26.checkRequiredMavenVersion (Unknown Source)
    at org.apache.maven.plugin.version.internal.DefaultPluginVersionResolver.isCompatible (DefaultPluginVersionResolver.java:276)
    at org.apache.maven.plugin.version.internal.DefaultPluginVersionResolver.selectVersion (DefaultPluginVersionResolver.java:207)
    at org.apache.maven.plugin.version.internal.DefaultPluginVersionResolver.resolveFromRepository (DefaultPluginVersionResolver.java:153)
    at org.apache.maven.plugin.version.internal.DefaultPluginVersionResolver.resolve (DefaultPluginVersionResolver.java:100)
    at org.apache.maven.lifecycle.internal.LifecyclePluginResolver.resolveMissingPluginVersions (LifecyclePluginResolver.java:73)
    at org.apache.maven.lifecycle.internal.DefaultLifecycleExecutionPlanCalculator.calculateExecutionPlan (DefaultLifecycleExecutionPlanCalculator.java:117)
    at org.apache.maven.lifecycle.internal.DefaultLifecycleExecutionPlanCalculator.calculateExecutionPlan (DefaultLifecycleExecutionPlanCalculator.java:135)
    at org.apache.maven.lifecycle.internal.builder.BuilderCommon.resolveBuildPlan (BuilderCommon.java:93)
    at org.apache.maven.lifecycle.internal.LifecycleModuleBuilder.buildProject (LifecycleModuleBuilder.java:100)
    at org.apache.maven.lifecycle.internal.LifecycleModuleBuilder.buildProject (LifecycleModuleBuilder.java:73)
    at org.apache.maven.lifecycle.internal.builder.singlethreaded.SingleThreadedBuilder.build (SingleThreadedBuilder.java:53)
    at org.apache.maven.lifecycle.internal.LifecycleStarter.execute (LifecycleStarter.java:118)
    at org.apache.maven.DefaultMaven.doExecute (DefaultMaven.java:261)
    at org.apache.maven.DefaultMaven.doExecute (DefaultMaven.java:173)
    at org.apache.maven.DefaultMaven.execute (DefaultMaven.java:101)
    at org.apache.maven.cli.MavenCli.execute (MavenCli.java:906)
    at org.apache.maven.cli.MavenCli.doMain (MavenCli.java:283)
    at org.apache.maven.cli.MavenCli.main (MavenCli.java:206)
    at jdk.internal.reflect.DirectMethodHandleAccessor.invoke (DirectMethodHandleAccessor.java:103)
    at java.lang.reflect.Method.invoke (Method.java:580)
    at org.codehaus.plexus.classworlds.launcher.Launcher.launchEnhanced (Launcher.java:255)
    at org.codehaus.plexus.classworlds.launcher.Launcher.launch (Launcher.java:201)
    at org.codehaus.plexus.classworlds.launcher.Launcher.mainWithExitCode (Launcher.java:361)
    at org.codehaus.plexus.classworlds.launcher.Launcher.main (Launcher.java:314)
[WARNING] Ignoring incompatible plugin version 4.0.0-beta-1
org.apache.maven.plugin.PluginIncompatibleException: The plugin org.apache.maven.plugins:maven-compiler-plugin:4.0.0-beta-1 requires Maven version 4.0.0-beta-3
    at org.apache.maven.plugin.internal.DefaultMavenPluginManager.checkRequiredMavenVersion (DefaultMavenPluginManager.java:289)
    at jdk.internal.reflect.DirectMethodHandleAccessor.invoke (DirectMethodHandleAccessor.java:103)
    at java.lang.reflect.Method.invoke (Method.java:580)
    at com.google.inject.internal.DelegatingInvocationHandler.invoke (DelegatingInvocationHandler.java:50)
    at jdk.proxy2.$Proxy26.checkRequiredMavenVersion (Unknown Source)
    at org.apache.maven.plugin.version.internal.DefaultPluginVersionResolver.isCompatible (DefaultPluginVersionResolver.java:276)
    at org.apache.maven.plugin.version.internal.DefaultPluginVersionResolver.selectVersion (DefaultPluginVersionResolver.java:207)
    at org.apache.maven.plugin.version.internal.DefaultPluginVersionResolver.resolveFromRepository (DefaultPluginVersionResolver.java:153)
    at org.apache.maven.plugin.version.internal.DefaultPluginVersionResolver.resolve (DefaultPluginVersionResolver.java:100)
    at org.apache.maven.lifecycle.internal.LifecyclePluginResolver.resolveMissingPluginVersions (LifecyclePluginResolver.java:73)
    at org.apache.maven.lifecycle.internal.DefaultLifecycleExecutionPlanCalculator.calculateExecutionPlan (DefaultLifecycleExecutionPlanCalculator.java:117)
    at org.apache.maven.lifecycle.internal.DefaultLifecycleExecutionPlanCalculator.calculateExecutionPlan (DefaultLifecycleExecutionPlanCalculator.java:135)
    at org.apache.maven.lifecycle.internal.builder.BuilderCommon.resolveBuildPlan (BuilderCommon.java:93)
    at org.apache.maven.lifecycle.internal.LifecycleModuleBuilder.buildProject (LifecycleModuleBuilder.java:100)
    at org.apache.maven.lifecycle.internal.LifecycleModuleBuilder.buildProject (LifecycleModuleBuilder.java:73)
    at org.apache.maven.lifecycle.internal.builder.singlethreaded.SingleThreadedBuilder.build (SingleThreadedBuilder.java:53)
    at org.apache.maven.lifecycle.internal.LifecycleStarter.execute (LifecycleStarter.java:118)
    at org.apache.maven.DefaultMaven.doExecute (DefaultMaven.java:261)
    at org.apache.maven.DefaultMaven.doExecute (DefaultMaven.java:173)
    at org.apache.maven.DefaultMaven.execute (DefaultMaven.java:101)
    at org.apache.maven.cli.MavenCli.execute (MavenCli.java:906)
    at org.apache.maven.cli.MavenCli.doMain (MavenCli.java:283)
    at org.apache.maven.cli.MavenCli.main (MavenCli.java:206)
    at jdk.internal.reflect.DirectMethodHandleAccessor.invoke (DirectMethodHandleAccessor.java:103)
    at java.lang.reflect.Method.invoke (Method.java:580)
    at org.codehaus.plexus.classworlds.launcher.Launcher.launchEnhanced (Launcher.java:255)
    at org.codehaus.plexus.classworlds.launcher.Launcher.launch (Launcher.java:201)
    at org.codehaus.plexus.classworlds.launcher.Launcher.mainWithExitCode (Launcher.java:361)
    at org.codehaus.plexus.classworlds.launcher.Launcher.main (Launcher.java:314)
[INFO] Selected plugin org.apache.maven.plugins:maven-compiler-plugin:3.15.0
[DEBUG] Resolved plugin version for org.apache.maven.plugins:maven-compiler-plugin to 3.15.0 from repository openmrs-repo (https://mavenrepo.openmrs.org/public, default, releases)
[DEBUG] Lifecycle clean -> [pre-clean, clean, post-clean]
[DEBUG] Lifecycle default -> [validate, initialize, generate-sources, process-sources, generate-resources, process-resources, compile, process-classes, generate-test-sources, process-test-sources, generate-test-resources, process-test-resources, test-compile, process-test-classes, test, prepare-package, package, pre-integration-test, integration-test, post-integration-test, verify, install, deploy]
[DEBUG] Lifecycle site -> [pre-site, site, post-site, site-deploy]
[DEBUG] Lifecycle clean -> [pre-clean, clean, post-clean]
[DEBUG] Lifecycle default -> [validate, initialize, generate-sources, process-sources, generate-resources, process-resources, compile, process-classes, generate-test-sources, process-test-sources, generate-test-resources, process-test-resources, test-compile, process-test-classes, test, prepare-package, package, pre-integration-test, integration-test, post-integration-test, verify, install, deploy]
[DEBUG] Lifecycle site -> [pre-site, site, post-site, site-deploy]
[DEBUG] Lifecycle clean -> [pre-clean, clean, post-clean]
[DEBUG] Lifecycle default -> [validate, initialize, generate-sources, process-sources, generate-resources, process-resources, compile, process-classes, generate-test-sources, process-test-sources, generate-test-resources, process-test-resources, test-compile, process-test-classes, test, prepare-package, package, pre-integration-test, integration-test, post-integration-test, verify, install, deploy]
[DEBUG] Lifecycle site -> [pre-site, site, post-site, site-deploy]
[DEBUG] Lifecycle clean -> [pre-clean, clean, post-clean]
[DEBUG] Lifecycle default -> [validate, initialize, generate-sources, process-sources, generate-resources, process-resources, compile, process-classes, generate-test-sources, process-test-sources, generate-test-resources, process-test-resources, test-compile, process-test-classes, test, prepare-package, package, pre-integration-test, integration-test, post-integration-test, verify, install, deploy]
[DEBUG] Lifecycle site -> [pre-site, site, post-site, site-deploy]
[DEBUG] Lifecycle clean -> [pre-clean, clean, post-clean]
[DEBUG] Lifecycle default -> [validate, initialize, generate-sources, process-sources, generate-resources, process-resources, compile, process-classes, generate-test-sources, process-test-sources, generate-test-resources, process-test-resources, test-compile, process-test-classes, test, prepare-package, package, pre-integration-test, integration-test, post-integration-test, verify, install, deploy]
[DEBUG] Lifecycle site -> [pre-site, site, post-site, site-deploy]
[DEBUG] === PROJECT BUILD PLAN ================================================
[DEBUG] Project:       org.openmrs.module:artemis:1.0.0-SNAPSHOT
[DEBUG] Dependencies (collect): []
[DEBUG] Dependencies (resolve): []
[DEBUG] Repositories (dependencies): [openmrs-repo (https://mavenrepo.openmrs.org/public, default, releases+snapshots), archetype (https://mavenrepo.openmrs.org/public, default, releases+snapshots), openmrs-repo-thirdparty (https://mavenrepo.openmrs.org/thirdparty, default, releases+snapshots), mks-nexus-public (https://nexus.mekomsolutions.net/repository/maven-public, default, releases+snapshots), sonatype-central-snapshots (https://central.sonatype.com/repository/maven-snapshots, default, releases+snapshots), sonatype-nexus (https://oss.sonatype.org/content/repositories/releases/, default, releases+snapshots), central (https://repo1.maven.org/maven2, default, releases+snapshots)]
[DEBUG] Repositories (plugins)     : [openmrs-repo (https://mavenrepo.openmrs.org/public, default, releases), central (https://repo.maven.apache.org/maven2, default, releases)]
[DEBUG] -----------------------------------------------------------------------
[DEBUG] Goal:          org.apache.maven.plugins:maven-clean-plugin:3.2.0:clean (default-clean)
[DEBUG] Style:         Regular
[DEBUG] Configuration: <?xml version="1.0" encoding="UTF-8"?>
<configuration>
  <directory default-value="${project.build.directory}"/>
  <excludeDefaultDirectories default-value="false">${maven.clean.excludeDefaultDirectories}</excludeDefaultDirectories>
  <failOnError default-value="true">${maven.clean.failOnError}</failOnError>
  <fast default-value="false">${maven.clean.fast}</fast>
  <fastDir>${maven.clean.fastDir}</fastDir>
  <fastMode default-value="background">${maven.clean.fastMode}</fastMode>
  <followSymLinks default-value="false">${maven.clean.followSymLinks}</followSymLinks>
  <outputDirectory default-value="${project.build.outputDirectory}"/>
  <reportDirectory default-value="${project.build.outputDirectory}"/>
  <retryOnError default-value="true">${maven.clean.retryOnError}</retryOnError>
  <session default-value="${session}"/>
  <skip default-value="false">${maven.clean.skip}</skip>
  <testOutputDirectory default-value="${project.build.testOutputDirectory}"/>
  <verbose>${maven.clean.verbose}</verbose>
</configuration>
[DEBUG] -----------------------------------------------------------------------
[DEBUG] Goal:          org.codehaus.mojo:buildnumber-maven-plugin:1.1:create (default)
[DEBUG] Style:         Regular
[DEBUG] Configuration: <?xml version="1.0" encoding="UTF-8"?>
<configuration>
  <buildNumberPropertiesFileLocation default-value="${basedir}/buildNumber.properties"/>
  <buildNumberPropertyName default-value="buildNumber">revisionNumber</buildNumberPropertyName>
  <doCheck default-value="false">${maven.buildNumber.doCheck}</doCheck>
  <doUpdate default-value="false">${maven.buildNumber.doUpdate}</doUpdate>
  <getRevisionOnlyOnce default-value="false">true</getRevisionOnlyOnce>
  <locale>${maven.buildNumber.locale}</locale>
  <password>${password}</password>
  <project>${project}</project>
  <reactorProjects>${reactorProjects}</reactorProjects>
  <readUrlScm>${project.scm.connection}</readUrlScm>
  <revisionOnScmFailure>0</revisionOnScmFailure>
  <scmBranchPropertyName default-value="scmBranch">${maven.buildNumber.scmBranchPropertyName}</scmBranchPropertyName>
  <scmDirectory default-value="${basedir}">${maven.buildNumber.scmDirectory}</scmDirectory>
  <session>${session}</session>
  <shortRevisionLength>6</shortRevisionLength>
  <timestampPropertyName default-value="timestamp">${maven.buildNumber.timestampPropertyName}</timestampPropertyName>
  <urlScm>${project.scm.developerConnection}</urlScm>
  <useLastCommittedRevision default-value="false">${maven.buildNumber.useLastCommittedRevision}</useLastCommittedRevision>
  <username>${username}</username>
</configuration>
[DEBUG] -----------------------------------------------------------------------
[DEBUG] Goal:          com.googlecode.maven-java-formatter-plugin:maven-java-formatter-plugin:0.4:format (default)
[DEBUG] Style:         Regular
[DEBUG] Configuration: <?xml version="1.0" encoding="UTF-8"?>
<configuration>
  <basedir>${basedir}</basedir>
  <compilerCompliance default-value="1.5">${maven.compiler.source}</compilerCompliance>
  <compilerSource default-value="1.5">${maven.compiler.source}</compilerSource>
  <compilerTargetPlatform default-value="1.5">${maven.compiler.target}</compilerTargetPlatform>
  <configFile>eclipse/OpenMRSFormatter.xml</configFile>
  <encoding default-value="${project.build.sourceEncoding}"/>
  <lineEnding default-value="AUTO">LF</lineEnding>
  <overrideConfigCompilerVersion default-value="false">true</overrideConfigCompilerVersion>
  <sourceDirectory>${project.build.sourceDirectory}</sourceDirectory>
  <targetDirectory>${project.build.directory}</targetDirectory>
  <testSourceDirectory>${project.build.testSourceDirectory}</testSourceDirectory>
</configuration>
[DEBUG] =======================================================================
[INFO] 
[INFO] --- clean:3.2.0:clean (default-clean) @ artemis ---
[DEBUG] Dependency collection stats {ConflictMarker.analyzeTime=10500, ConflictMarker.markTime=25959, ConflictMarker.nodeCount=3, ConflictIdSorter.graphTime=3625, ConflictIdSorter.topsortTime=8291, ConflictIdSorter.conflictIdCount=3, ConflictIdSorter.conflictIdCycleCount=0, ConflictResolver.totalTime=96458, ConflictResolver.conflictItemCount=3, DfDependencyCollector.collectTime=9716459, DfDependencyCollector.transformTime=161000}
[DEBUG] org.apache.maven.plugins:maven-clean-plugin:jar:3.2.0
[DEBUG]    org.apache.maven.shared:maven-shared-utils:jar:3.3.4:compile
[DEBUG]       commons-io:commons-io:jar:2.6:compile
[DEBUG] Created new class realm plugin>org.apache.maven.plugins:maven-clean-plugin:3.2.0
[DEBUG] Importing foreign packages into class realm plugin>org.apache.maven.plugins:maven-clean-plugin:3.2.0
[DEBUG]   Imported:  < maven.api
[DEBUG] Populating class realm plugin>org.apache.maven.plugins:maven-clean-plugin:3.2.0
[DEBUG]   Included: org.apache.maven.plugins:maven-clean-plugin:jar:3.2.0
[DEBUG]   Included: org.apache.maven.shared:maven-shared-utils:jar:3.3.4
[DEBUG]   Included: commons-io:commons-io:jar:2.6
[DEBUG] Loading mojo org.apache.maven.plugins:maven-clean-plugin:3.2.0:clean from plugin realm ClassRealm[plugin>org.apache.maven.plugins:maven-clean-plugin:3.2.0, parent: jdk.internal.loader.ClassLoaders$AppClassLoader@2c854dc5]
[DEBUG] Configuring mojo execution 'org.apache.maven.plugins:maven-clean-plugin:3.2.0:clean:default-clean' with basic configurator -->
[DEBUG]   (f) directory = /Users/rafal/workspace/openmrs-module-artemis/target
[DEBUG]   (f) excludeDefaultDirectories = false
[DEBUG]   (f) failOnError = true
[DEBUG]   (f) fast = false
[DEBUG]   (f) fastMode = background
[DEBUG]   (f) followSymLinks = false
[DEBUG]   (f) outputDirectory = /Users/rafal/workspace/openmrs-module-artemis/target/classes
[DEBUG]   (f) reportDirectory = /Users/rafal/workspace/openmrs-module-artemis/target/classes
[DEBUG]   (f) retryOnError = true
[DEBUG]   (f) session = org.apache.maven.execution.MavenSession@63b3ee82
[DEBUG]   (f) skip = false
[DEBUG]   (f) testOutputDirectory = /Users/rafal/workspace/openmrs-module-artemis/target/test-classes
[DEBUG] -- end configuration --
[DEBUG] Skipping non-existing directory /Users/rafal/workspace/openmrs-module-artemis/target
[DEBUG] Skipping non-existing directory /Users/rafal/workspace/openmrs-module-artemis/target/classes
[DEBUG] Skipping non-existing directory /Users/rafal/workspace/openmrs-module-artemis/target/test-classes
[DEBUG] Skipping non-existing directory /Users/rafal/workspace/openmrs-module-artemis/target/classes
[INFO] 
[INFO] --- buildnumber:1.1:create (default) @ artemis ---
[DEBUG] Using mirror maven-default-http-blocker (http://0.0.0.0/) for apache.snapshots (http://repository.apache.org/snapshots).
[DEBUG] Dependency collection stats {ConflictMarker.analyzeTime=248500, ConflictMarker.markTime=121291, ConflictMarker.nodeCount=130, ConflictIdSorter.graphTime=105708, ConflictIdSorter.topsortTime=33958, ConflictIdSorter.conflictIdCount=47, ConflictIdSorter.conflictIdCycleCount=0, ConflictResolver.totalTime=2045333, ConflictResolver.conflictItemCount=120, DfDependencyCollector.collectTime=69054708, DfDependencyCollector.transformTime=2576958}
[DEBUG] org.codehaus.mojo:buildnumber-maven-plugin:jar:1.1
[DEBUG]    org.apache.maven:maven-project:jar:2.0.6:compile
[DEBUG]       org.apache.maven:maven-profile:jar:2.0.6:compile
[DEBUG]       org.apache.maven:maven-model:jar:2.0.6:compile
[DEBUG]       org.apache.maven:maven-artifact-manager:jar:2.0.6:compile
[DEBUG]       org.apache.maven:maven-plugin-registry:jar:2.0.6:compile
[DEBUG]       org.apache.maven:maven-artifact:jar:2.0.6:compile
[DEBUG]    org.apache.maven:maven-settings:jar:2.0.6:compile
[DEBUG]    org.apache.maven:maven-core:jar:2.0.6:compile
[DEBUG]       org.apache.maven:maven-plugin-parameter-documenter:jar:2.0.6:compile
[DEBUG]       org.apache.maven.reporting:maven-reporting-api:jar:2.0.6:compile
[DEBUG]          org.apache.maven.doxia:doxia-sink-api:jar:1.0-alpha-7:compile
[DEBUG]       org.apache.maven:maven-repository-metadata:jar:2.0.6:compile
[DEBUG]       org.apache.maven:maven-error-diagnostics:jar:2.0.6:compile
[DEBUG]       commons-cli:commons-cli:jar:1.0:compile
[DEBUG]       org.apache.maven:maven-plugin-descriptor:jar:2.0.6:compile
[DEBUG]       org.codehaus.plexus:plexus-interactivity-api:jar:1.0-alpha-4:compile
[DEBUG]       org.apache.maven:maven-monitor:jar:2.0.6:compile
[DEBUG]       classworlds:classworlds:jar:1.1:compile
[DEBUG]    org.apache.maven:maven-plugin-api:jar:2.0.6:compile
[DEBUG]    org.codehaus.plexus:plexus-container-default:jar:1.0-alpha-9-stable-1:compile
[DEBUG]       junit:junit:jar:4.10:test (scope managed from default) (version managed from default)
[DEBUG]          org.hamcrest:hamcrest-core:jar:1.1:test
[DEBUG]    org.apache.maven.scm:maven-scm-api:jar:1.7:compile
[DEBUG]    org.apache.maven.scm:maven-scm-manager-plexus:jar:1.7:compile
[DEBUG]    org.apache.maven.scm:maven-scm-provider-bazaar:jar:1.7:compile
[DEBUG]       regexp:regexp:jar:1.3:compile
[DEBUG]    org.apache.maven.scm:maven-scm-provider-svnexe:jar:1.7:compile
[DEBUG]       commons-lang:commons-lang:jar:2.6:compile
[DEBUG]    org.apache.maven.scm:maven-scm-provider-gitexe:jar:1.7:compile
[DEBUG]       org.apache.maven.scm:maven-scm-provider-git-commons:jar:1.7:compile
[DEBUG]    org.apache.maven.scm:maven-scm-provider-svn-commons:jar:1.7:compile
[DEBUG]    org.apache.maven.scm:maven-scm-provider-cvsexe:jar:1.7:compile
[DEBUG]       org.apache.maven.scm:maven-scm-provider-cvs-commons:jar:1.7:compile
[DEBUG]    org.apache.maven.scm:maven-scm-provider-starteam:jar:1.7:compile
[DEBUG]    org.apache.maven.scm:maven-scm-provider-clearcase:jar:1.7:compile
[DEBUG]    org.apache.maven.scm:maven-scm-provider-perforce:jar:1.7:compile
[DEBUG]    org.apache.maven.scm:maven-scm-provider-hg:jar:1.7:compile
[DEBUG]    com.google.code.maven-scm-provider-svnjava:maven-scm-provider-svnjava:jar:1.13:compile
[DEBUG]    org.codehaus.plexus:plexus-utils:jar:2.0.5:compile
[DEBUG]    org.tmatesoft.svnkit:svnkit:jar:1.3.5:compile
[DEBUG]       org.tmatesoft.svnkit:trilead-ssh2:jar:build213-svnkit-1.3-patch:compile
[DEBUG]       org.tmatesoft.sqljet:sqljet:jar:1.0.4:compile
[DEBUG]          org.antlr:antlr-runtime:jar:3.1.3:compile
[DEBUG]             org.antlr:stringtemplate:jar:3.2:compile
[DEBUG]                antlr:antlr:jar:2.7.7:compile
[DEBUG]    net.java.dev.jna:jna:jar:3.2.2:compile
[DEBUG] Created new class realm plugin>org.codehaus.mojo:buildnumber-maven-plugin:1.1
[DEBUG] Importing foreign packages into class realm plugin>org.codehaus.mojo:buildnumber-maven-plugin:1.1
[DEBUG]   Imported:  < maven.api
[DEBUG] Populating class realm plugin>org.codehaus.mojo:buildnumber-maven-plugin:1.1
[DEBUG]   Included: org.codehaus.mojo:buildnumber-maven-plugin:jar:1.1
[DEBUG]   Included: org.apache.maven.reporting:maven-reporting-api:jar:2.0.6
[DEBUG]   Included: org.apache.maven.doxia:doxia-sink-api:jar:1.0-alpha-7
[DEBUG]   Included: commons-cli:commons-cli:jar:1.0
[DEBUG]   Included: org.codehaus.plexus:plexus-interactivity-api:jar:1.0-alpha-4
[DEBUG]   Included: org.apache.maven.scm:maven-scm-api:jar:1.7
[DEBUG]   Included: org.apache.maven.scm:maven-scm-manager-plexus:jar:1.7
[DEBUG]   Included: org.apache.maven.scm:maven-scm-provider-bazaar:jar:1.7
[DEBUG]   Included: regexp:regexp:jar:1.3
[DEBUG]   Included: org.apache.maven.scm:maven-scm-provider-svnexe:jar:1.7
[DEBUG]   Included: commons-lang:commons-lang:jar:2.6
[DEBUG]   Included: org.apache.maven.scm:maven-scm-provider-gitexe:jar:1.7
[DEBUG]   Included: org.apache.maven.scm:maven-scm-provider-git-commons:jar:1.7
[DEBUG]   Included: org.apache.maven.scm:maven-scm-provider-svn-commons:jar:1.7
[DEBUG]   Included: org.apache.maven.scm:maven-scm-provider-cvsexe:jar:1.7
[DEBUG]   Included: org.apache.maven.scm:maven-scm-provider-cvs-commons:jar:1.7
[DEBUG]   Included: org.apache.maven.scm:maven-scm-provider-starteam:jar:1.7
[DEBUG]   Included: org.apache.maven.scm:maven-scm-provider-clearcase:jar:1.7
[DEBUG]   Included: org.apache.maven.scm:maven-scm-provider-perforce:jar:1.7
[DEBUG]   Included: org.apache.maven.scm:maven-scm-provider-hg:jar:1.7
[DEBUG]   Included: com.google.code.maven-scm-provider-svnjava:maven-scm-provider-svnjava:jar:1.13
[DEBUG]   Included: org.codehaus.plexus:plexus-utils:jar:2.0.5
[DEBUG]   Included: org.tmatesoft.svnkit:svnkit:jar:1.3.5
[DEBUG]   Included: org.tmatesoft.svnkit:trilead-ssh2:jar:build213-svnkit-1.3-patch
[DEBUG]   Included: org.tmatesoft.sqljet:sqljet:jar:1.0.4
[DEBUG]   Included: org.antlr:antlr-runtime:jar:3.1.3
[DEBUG]   Included: org.antlr:stringtemplate:jar:3.2
[DEBUG]   Included: antlr:antlr:jar:2.7.7
[DEBUG]   Included: net.java.dev.jna:jna:jar:3.2.2
[DEBUG] Loading mojo org.codehaus.mojo:buildnumber-maven-plugin:1.1:create from plugin realm ClassRealm[plugin>org.codehaus.mojo:buildnumber-maven-plugin:1.1, parent: jdk.internal.loader.ClassLoaders$AppClassLoader@2c854dc5]
[DEBUG] Configuring mojo execution 'org.codehaus.mojo:buildnumber-maven-plugin:1.1:create:default' with basic configurator -->
[DEBUG]   (s) buildNumberPropertiesFileLocation = /Users/rafal/workspace/openmrs-module-artemis/buildNumber.properties
[DEBUG]   (f) buildNumberPropertyName = revisionNumber
[DEBUG]   (s) doCheck = false
[DEBUG]   (s) doUpdate = false
[DEBUG]   (f) getRevisionOnlyOnce = true
[DEBUG]   (f) project = MavenProject: org.openmrs.module:artemis:1.0.0-SNAPSHOT @ /Users/rafal/workspace/openmrs-module-artemis/pom.xml
[DEBUG]   (f) reactorProjects = [MavenProject: org.openmrs.module:artemis:1.0.0-SNAPSHOT @ /Users/rafal/workspace/openmrs-module-artemis/pom.xml, MavenProject: org.openmrs.module:artemis-api:1.0.0-SNAPSHOT @ /Users/rafal/workspace/openmrs-module-artemis/api/pom.xml, MavenProject: org.openmrs.module:artemis-omod:1.0.0-SNAPSHOT @ /Users/rafal/workspace/openmrs-module-artemis/omod/pom.xml]
[DEBUG]   (f) readUrlScm = scm:git:git@github.com:openmrs/openmrs-module-debezium.git
[DEBUG]   (s) revisionOnScmFailure = 0
[DEBUG]   (f) scmBranchPropertyName = scmBranch
[DEBUG]   (s) scmDirectory = /Users/rafal/workspace/openmrs-module-artemis
[DEBUG]   (f) session = org.apache.maven.execution.MavenSession@63b3ee82
[DEBUG]   (s) shortRevisionLength = 6
[DEBUG]   (f) timestampPropertyName = timestamp
[DEBUG]   (s) urlScm = scm:git:git@github.com:openmrs/openmrs-module-debezium.git
[DEBUG]   (f) useLastCommittedRevision = false
[DEBUG] -- end configuration --
[INFO] Checking for local modifications: skipped.
[INFO] Updating project files from SCM: skipped.
[INFO] ShortRevision tag detected. The value is '6'.
[INFO] Executing: /bin/sh -c cd /Users/rafal/workspace/openmrs-module-artemis && git rev-parse --verify --short=6 HEAD
[INFO] Working directory: /Users/rafal/workspace/openmrs-module-artemis
[DEBUG] consume line 1ee838
[INFO] Storing buildNumber: 1ee838 at timestamp: 1782996724556
[INFO] ShortRevision tag detected. The value is '6'.
[INFO] Executing: /bin/sh -c cd /Users/rafal/workspace/openmrs-module-artemis && git rev-parse --verify --short=6 HEAD
[INFO] Working directory: /Users/rafal/workspace/openmrs-module-artemis
[DEBUG] consume line 1ee838
[INFO] Storing buildScmBranch: UNKNOWN
[INFO] 
[INFO] --- java-formatter:0.4:format (default) @ artemis ---
[DEBUG] Dependency collection stats {ConflictMarker.analyzeTime=47959, ConflictMarker.markTime=90041, ConflictMarker.nodeCount=22, ConflictIdSorter.graphTime=33834, ConflictIdSorter.topsortTime=11916, ConflictIdSorter.conflictIdCount=18, ConflictIdSorter.conflictIdCycleCount=0, ConflictResolver.totalTime=258708, ConflictResolver.conflictItemCount=22, DfDependencyCollector.collectTime=15364500, DfDependencyCollector.transformTime=456083}
[DEBUG] com.googlecode.maven-java-formatter-plugin:maven-java-formatter-plugin:jar:0.4
[DEBUG]    org.openmrs.tools:openmrs-tools:jar:2.0.0:runtime
[DEBUG]    org.apache.maven:maven-plugin-api:jar:2.0:compile
[DEBUG]    org.eclipse.tycho:org.eclipse.jdt.core:jar:3.8.1.v20120125-1544:compile
[DEBUG]    org.jibx.config.3rdparty.org.eclipse:org.eclipse.text:jar:3.5.100.v20110505-0800:compile
[DEBUG]    org.jibx.config.3rdparty.org.eclipse:org.eclipse.core.runtime:jar:3.7.0.v20110110:compile
[DEBUG]    org.jibx.config.3rdparty.org.eclipse:org.eclipse.core.resources:jar:3.7.100.v20110510-0712:compile
[DEBUG]    org.jibx.config.3rdparty.org.eclipse:org.eclipse.equinox.common:jar:3.6.0.v20110523:compile
[DEBUG]    commons-digester:commons-digester:jar:2.0:compile
[DEBUG]       commons-beanutils:commons-beanutils:jar:1.8.0:compile
[DEBUG]       commons-logging:commons-logging:jar:1.1.1:compile
[DEBUG]    commons-codec:commons-codec:jar:1.4:compile
[DEBUG]    org.codehaus.plexus:plexus-io:jar:1.0.1:compile
[DEBUG]    org.codehaus.plexus:plexus-resources:jar:1.0-alpha-7:compile
[DEBUG]       org.codehaus.plexus:plexus-container-default:jar:1.0-alpha-9-stable-1:compile
[DEBUG]          junit:junit:jar:3.8.1:compile
[DEBUG]          classworlds:classworlds:jar:1.1-alpha-2:compile
[DEBUG]    org.codehaus.plexus:plexus-utils:jar:2.0.5:compile
[DEBUG] Created new class realm plugin>com.googlecode.maven-java-formatter-plugin:maven-java-formatter-plugin:0.4
[DEBUG] Importing foreign packages into class realm plugin>com.googlecode.maven-java-formatter-plugin:maven-java-formatter-plugin:0.4
[DEBUG]   Imported:  < maven.api
[DEBUG] Populating class realm plugin>com.googlecode.maven-java-formatter-plugin:maven-java-formatter-plugin:0.4
[DEBUG]   Included: com.googlecode.maven-java-formatter-plugin:maven-java-formatter-plugin:jar:0.4
[DEBUG]   Included: org.openmrs.tools:openmrs-tools:jar:2.0.0
[DEBUG]   Included: org.eclipse.tycho:org.eclipse.jdt.core:jar:3.8.1.v20120125-1544
[DEBUG]   Included: org.jibx.config.3rdparty.org.eclipse:org.eclipse.text:jar:3.5.100.v20110505-0800
[DEBUG]   Included: org.jibx.config.3rdparty.org.eclipse:org.eclipse.core.runtime:jar:3.7.0.v20110110
[DEBUG]   Included: org.jibx.config.3rdparty.org.eclipse:org.eclipse.core.resources:jar:3.7.100.v20110510-0712
[DEBUG]   Included: org.jibx.config.3rdparty.org.eclipse:org.eclipse.equinox.common:jar:3.6.0.v20110523
[DEBUG]   Included: commons-digester:commons-digester:jar:2.0
[DEBUG]   Included: commons-beanutils:commons-beanutils:jar:1.8.0
[DEBUG]   Included: commons-logging:commons-logging:jar:1.1.1
[DEBUG]   Included: commons-codec:commons-codec:jar:1.4
[DEBUG]   Included: org.codehaus.plexus:plexus-io:jar:1.0.1
[DEBUG]   Included: org.codehaus.plexus:plexus-resources:jar:1.0-alpha-7
[DEBUG]   Included: junit:junit:jar:3.8.1
[DEBUG]   Included: org.codehaus.plexus:plexus-utils:jar:2.0.5
[DEBUG] Loading mojo com.googlecode.maven-java-formatter-plugin:maven-java-formatter-plugin:0.4:format from plugin realm ClassRealm[plugin>com.googlecode.maven-java-formatter-plugin:maven-java-formatter-plugin:0.4, parent: jdk.internal.loader.ClassLoaders$AppClassLoader@2c854dc5]
[DEBUG] Configuring mojo execution 'com.googlecode.maven-java-formatter-plugin:maven-java-formatter-plugin:0.4:format:default' with basic configurator -->
[DEBUG]   (f) basedir = /Users/rafal/workspace/openmrs-module-artemis
[DEBUG]   (f) compilerCompliance = 1.5
[DEBUG]   (f) compilerSource = 1.5
[DEBUG]   (f) compilerTargetPlatform = 1.5
[DEBUG]   (f) configFile = eclipse/OpenMRSFormatter.xml
[DEBUG]   (f) encoding = UTF-8
[DEBUG]   (f) lineEnding = LF
[DEBUG]   (f) overrideConfigCompilerVersion = true
[DEBUG]   (f) sourceDirectory = /Users/rafal/workspace/openmrs-module-artemis/src/main/java
[DEBUG]   (f) targetDirectory = /Users/rafal/workspace/openmrs-module-artemis/target
[DEBUG]   (f) testSourceDirectory = /Users/rafal/workspace/openmrs-module-artemis/src/test/java
[DEBUG] -- end configuration --
[INFO] Using 'UTF-8' encoding to format source files.
[INFO] Number of files to be formatted: 0
[INFO] 
[INFO] -------------------< org.openmrs.module:artemis-api >-------------------
[INFO] Building Artemis API 1.0.0-SNAPSHOT                                [2/3]
[INFO]   from api/pom.xml
[INFO] --------------------------------[ jar ]---------------------------------
[DEBUG] Lifecycle clean -> [pre-clean, clean, post-clean]
[DEBUG] Lifecycle default -> [validate, initialize, generate-sources, process-sources, generate-resources, process-resources, compile, process-classes, generate-test-sources, process-test-sources, generate-test-resources, process-test-resources, test-compile, process-test-classes, test, prepare-package, package, pre-integration-test, integration-test, post-integration-test, verify, install, deploy]
[DEBUG] Lifecycle site -> [pre-site, site, post-site, site-deploy]
[DEBUG] Lifecycle clean -> [pre-clean, clean, post-clean]
[DEBUG] Lifecycle default -> [validate, initialize, generate-sources, process-sources, generate-resources, process-resources, compile, process-classes, generate-test-sources, process-test-sources, generate-test-resources, process-test-resources, test-compile, process-test-classes, test, prepare-package, package, pre-integration-test, integration-test, post-integration-test, verify, install, deploy]
[DEBUG] Lifecycle site -> [pre-site, site, post-site, site-deploy]
[DEBUG] Lifecycle clean -> [pre-clean, clean, post-clean]
[DEBUG] Lifecycle default -> [validate, initialize, generate-sources, process-sources, generate-resources, process-resources, compile, process-classes, generate-test-sources, process-test-sources, generate-test-resources, process-test-resources, test-compile, process-test-classes, test, prepare-package, package, pre-integration-test, integration-test, post-integration-test, verify, install, deploy]
[DEBUG] Lifecycle site -> [pre-site, site, post-site, site-deploy]
[DEBUG] Lifecycle clean -> [pre-clean, clean, post-clean]
[DEBUG] Lifecycle default -> [validate, initialize, generate-sources, process-sources, generate-resources, process-resources, compile, process-classes, generate-test-sources, process-test-sources, generate-test-resources, process-test-resources, test-compile, process-test-classes, test, prepare-package, package, pre-integration-test, integration-test, post-integration-test, verify, install, deploy]
[DEBUG] Lifecycle site -> [pre-site, site, post-site, site-deploy]
[DEBUG] Lifecycle clean -> [pre-clean, clean, post-clean]
[DEBUG] Lifecycle default -> [validate, initialize, generate-sources, process-sources, generate-resources, process-resources, compile, process-classes, generate-test-sources, process-test-sources, generate-test-resources, process-test-resources, test-compile, process-test-classes, test, prepare-package, package, pre-integration-test, integration-test, post-integration-test, verify, install, deploy]
[DEBUG] Lifecycle site -> [pre-site, site, post-site, site-deploy]
[DEBUG] Lifecycle clean -> [pre-clean, clean, post-clean]
[DEBUG] Lifecycle default -> [validate, initialize, generate-sources, process-sources, generate-resources, process-resources, compile, process-classes, generate-test-sources, process-test-sources, generate-test-resources, process-test-resources, test-compile, process-test-classes, test, prepare-package, package, pre-integration-test, integration-test, post-integration-test, verify, install, deploy]
[DEBUG] Lifecycle site -> [pre-site, site, post-site, site-deploy]
[DEBUG] Lifecycle clean -> [pre-clean, clean, post-clean]
[DEBUG] Lifecycle default -> [validate, initialize, generate-sources, process-sources, generate-resources, process-resources, compile, process-classes, generate-test-sources, process-test-sources, generate-test-resources, process-test-resources, test-compile, process-test-classes, test, prepare-package, package, pre-integration-test, integration-test, post-integration-test, verify, install, deploy]
[DEBUG] Lifecycle site -> [pre-site, site, post-site, site-deploy]
[DEBUG] Lifecycle clean -> [pre-clean, clean, post-clean]
[DEBUG] Lifecycle default -> [validate, initialize, generate-sources, process-sources, generate-resources, process-resources, compile, process-classes, generate-test-sources, process-test-sources, generate-test-resources, process-test-resources, test-compile, process-test-classes, test, prepare-package, package, pre-integration-test, integration-test, post-integration-test, verify, install, deploy]
[DEBUG] Lifecycle site -> [pre-site, site, post-site, site-deploy]
[DEBUG] Lifecycle clean -> [pre-clean, clean, post-clean]
[DEBUG] Lifecycle default -> [validate, initialize, generate-sources, process-sources, generate-resources, process-resources, compile, process-classes, generate-test-sources, process-test-sources, generate-test-resources, process-test-resources, test-compile, process-test-classes, test, prepare-package, package, pre-integration-test, integration-test, post-integration-test, verify, install, deploy]
[DEBUG] Lifecycle site -> [pre-site, site, post-site, site-deploy]
[DEBUG] Lifecycle clean -> [pre-clean, clean, post-clean]
[DEBUG] Lifecycle default -> [validate, initialize, generate-sources, process-sources, generate-resources, process-resources, compile, process-classes, generate-test-sources, process-test-sources, generate-test-resources, process-test-resources, test-compile, process-test-classes, test, prepare-package, package, pre-integration-test, integration-test, post-integration-test, verify, install, deploy]
[DEBUG] Lifecycle site -> [pre-site, site, post-site, site-deploy]
[DEBUG] Lifecycle clean -> [pre-clean, clean, post-clean]
[DEBUG] Lifecycle default -> [validate, initialize, generate-sources, process-sources, generate-resources, process-resources, compile, process-classes, generate-test-sources, process-test-sources, generate-test-resources, process-test-resources, test-compile, process-test-classes, test, prepare-package, package, pre-integration-test, integration-test, post-integration-test, verify, install, deploy]
[DEBUG] Lifecycle site -> [pre-site, site, post-site, site-deploy]
[DEBUG] === PROJECT BUILD PLAN ================================================
[DEBUG] Project:       org.openmrs.module:artemis-api:1.0.0-SNAPSHOT
[DEBUG] Dependencies (collect): []
[DEBUG] Dependencies (resolve): [compile, test]
[DEBUG] Repositories (dependencies): [openmrs-repo (https://mavenrepo.openmrs.org/public, default, releases+snapshots), archetype (https://mavenrepo.openmrs.org/public, default, releases+snapshots), openmrs-repo-thirdparty (https://mavenrepo.openmrs.org/thirdparty, default, releases+snapshots), mks-nexus-public (https://nexus.mekomsolutions.net/repository/maven-public, default, releases+snapshots), sonatype-central-snapshots (https://central.sonatype.com/repository/maven-snapshots, default, releases+snapshots), sonatype-nexus (https://oss.sonatype.org/content/repositories/releases/, default, releases+snapshots), central (https://repo1.maven.org/maven2, default, releases+snapshots)]
[DEBUG] Repositories (plugins)     : [openmrs-repo (https://mavenrepo.openmrs.org/public, default, releases), central (https://repo.maven.apache.org/maven2, default, releases)]
[DEBUG] -----------------------------------------------------------------------
[DEBUG] Goal:          org.apache.maven.plugins:maven-clean-plugin:3.2.0:clean (default-clean)
[DEBUG] Style:         Regular
[DEBUG] Configuration: <?xml version="1.0" encoding="UTF-8"?>
<configuration>
  <directory default-value="${project.build.directory}"/>
  <excludeDefaultDirectories default-value="false">${maven.clean.excludeDefaultDirectories}</excludeDefaultDirectories>
  <failOnError default-value="true">${maven.clean.failOnError}</failOnError>
  <fast default-value="false">${maven.clean.fast}</fast>
  <fastDir>${maven.clean.fastDir}</fastDir>
  <fastMode default-value="background">${maven.clean.fastMode}</fastMode>
  <followSymLinks default-value="false">${maven.clean.followSymLinks}</followSymLinks>
  <outputDirectory default-value="${project.build.outputDirectory}"/>
  <reportDirectory default-value="${project.build.outputDirectory}"/>
  <retryOnError default-value="true">${maven.clean.retryOnError}</retryOnError>
  <session default-value="${session}"/>
  <skip default-value="false">${maven.clean.skip}</skip>
  <testOutputDirectory default-value="${project.build.testOutputDirectory}"/>
  <verbose>${maven.clean.verbose}</verbose>
</configuration>
[DEBUG] -----------------------------------------------------------------------
[DEBUG] Goal:          org.codehaus.mojo:buildnumber-maven-plugin:1.1:create (default)
[DEBUG] Style:         Regular
[DEBUG] Configuration: <?xml version="1.0" encoding="UTF-8"?>
<configuration>
  <buildNumberPropertiesFileLocation default-value="${basedir}/buildNumber.properties"/>
  <buildNumberPropertyName default-value="buildNumber">revisionNumber</buildNumberPropertyName>
  <doCheck default-value="false">${maven.buildNumber.doCheck}</doCheck>
  <doUpdate default-value="false">${maven.buildNumber.doUpdate}</doUpdate>
  <getRevisionOnlyOnce default-value="false">true</getRevisionOnlyOnce>
  <locale>${maven.buildNumber.locale}</locale>
  <password>${password}</password>
  <project>${project}</project>
  <reactorProjects>${reactorProjects}</reactorProjects>
  <readUrlScm>${project.scm.connection}</readUrlScm>
  <revisionOnScmFailure>0</revisionOnScmFailure>
  <scmBranchPropertyName default-value="scmBranch">${maven.buildNumber.scmBranchPropertyName}</scmBranchPropertyName>
  <scmDirectory default-value="${basedir}">${maven.buildNumber.scmDirectory}</scmDirectory>
  <session>${session}</session>
  <shortRevisionLength>6</shortRevisionLength>
  <timestampPropertyName default-value="timestamp">${maven.buildNumber.timestampPropertyName}</timestampPropertyName>
  <urlScm>${project.scm.developerConnection}</urlScm>
  <useLastCommittedRevision default-value="false">${maven.buildNumber.useLastCommittedRevision}</useLastCommittedRevision>
  <username>${username}</username>
</configuration>
[DEBUG] -----------------------------------------------------------------------
[DEBUG] Goal:          com.googlecode.maven-java-formatter-plugin:maven-java-formatter-plugin:0.4:format (default)
[DEBUG] Style:         Regular
[DEBUG] Configuration: <?xml version="1.0" encoding="UTF-8"?>
<configuration>
  <basedir>${basedir}</basedir>
  <compilerCompliance default-value="1.5">${maven.compiler.source}</compilerCompliance>
  <compilerSource default-value="1.5">${maven.compiler.source}</compilerSource>
  <compilerTargetPlatform default-value="1.5">${maven.compiler.target}</compilerTargetPlatform>
  <configFile>eclipse/OpenMRSFormatter.xml</configFile>
  <encoding default-value="${project.build.sourceEncoding}"/>
  <lineEnding default-value="AUTO">LF</lineEnding>
  <overrideConfigCompilerVersion default-value="false">true</overrideConfigCompilerVersion>
  <sourceDirectory>${project.build.sourceDirectory}</sourceDirectory>
  <targetDirectory>${project.build.directory}</targetDirectory>
  <testSourceDirectory>${project.build.testSourceDirectory}</testSourceDirectory>
</configuration>
[DEBUG] -----------------------------------------------------------------------
[DEBUG] Goal:          org.apache.maven.plugins:maven-dependency-plugin:3.7.0:unpack-dependencies (Expand resources)
[DEBUG] Style:         Regular
[DEBUG] Configuration: <?xml version="1.0" encoding="UTF-8"?>
<configuration>
  <classifier default-value="">${classifier}</classifier>
  <encoding>${mdep.unpack.encoding}</encoding>
  <excludeArtifactIds default-value="">${excludeArtifactIds}</excludeArtifactIds>
  <excludeClassifiers default-value="">${excludeClassifiers}</excludeClassifiers>
  <excludeGroupIds default-value="">${excludeGroupIds}</excludeGroupIds>
  <excludeScope default-value="">${excludeScope}</excludeScope>
  <excludeTransitive default-value="false">${excludeTransitive}</excludeTransitive>
  <excludeTypes default-value="">${excludeTypes}</excludeTypes>
  <excludes>${mdep.unpack.excludes}</excludes>
  <failOnMissingClassifierArtifact default-value="false">${mdep.failOnMissingClassifierArtifact}</failOnMissingClassifierArtifact>
  <fileMappers>${mdep.unpack.filemappers}</fileMappers>
  <ignorePermissions default-value="false">${dependency.ignorePermissions}</ignorePermissions>
  <includeArtifactIds default-value="">artemis-api,artemis-omod,artemis-omod-common</includeArtifactIds>
  <includeClassifiers default-value="">${includeClassifiers}</includeClassifiers>
  <includeGroupIds default-value="">org.openmrs.module</includeGroupIds>
  <includeScope default-value="">compile</includeScope>
  <includeTypes default-value="">${includeTypes}</includeTypes>
  <includes>*.xml,*.properties</includes>
  <markersDirectory default-value="${project.build.directory}/dependency-maven-plugin-markers">${markersDirectory}</markersDirectory>
  <outputDirectory default-value="${project.build.directory}/dependency">/Users/rafal/workspace/openmrs-module-artemis/api/target/classes</outputDirectory>
  <overWriteIfNewer default-value="true">${overWriteIfNewer}</overWriteIfNewer>
  <overWriteReleases default-value="false">${overWriteReleases}</overWriteReleases>
  <overWriteSnapshots default-value="false">${overWriteSnapshots}</overWriteSnapshots>
  <prependGroupId default-value="false">${mdep.prependGroupId}</prependGroupId>
  <reactorProjects default-value="${reactorProjects}"/>
  <remotePluginRepositories default-value="${project.pluginArtifactRepositories}"/>
  <remoteRepositories default-value="${project.remoteArtifactRepositories}"/>
  <silent default-value="false">${silent}</silent>
  <skip default-value="false">${mdep.skip}</skip>
  <skipDuringIncrementalBuild default-value="false"/>
  <stripClassifier default-value="false">${mdep.stripClassifier}</stripClassifier>
  <stripType default-value="false">${mdep.stripType}</stripType>
  <stripVersion default-value="false">${mdep.stripVersion}</stripVersion>
  <type default-value="">${type}</type>
  <useRepositoryLayout default-value="false">${mdep.useRepositoryLayout}</useRepositoryLayout>
  <useSubDirectoryPerArtifact default-value="false">${mdep.useSubDirectoryPerArtifact}</useSubDirectoryPerArtifact>
  <useSubDirectoryPerScope default-value="false">${mdep.useSubDirectoryPerScope}</useSubDirectoryPerScope>
  <useSubDirectoryPerType default-value="false">${mdep.useSubDirectoryPerType}</useSubDirectoryPerType>
</configuration>
[DEBUG] -----------------------------------------------------------------------
[DEBUG] Goal:          org.apache.maven.plugins:maven-dependency-plugin:3.7.0:copy (copy-artemis-console)
[DEBUG] Style:         Regular
[DEBUG] Configuration: <?xml version="1.0" encoding="UTF-8"?>
<configuration>
  <artifact>${artifact}</artifact>
  <artifactItems>
    <artifactItem>
      <groupId>org.apache.activemq</groupId>
      <artifactId>artemis-console</artifactId>
      <version>2.54.0</version>
      <type>war</type>
      <outputDirectory>/Users/rafal/workspace/openmrs-module-artemis/api/target/classes</outputDirectory>
      <destFileName>console.war</destFileName>
    </artifactItem>
  </artifactItems>
  <outputDirectory default-value="${project.build.directory}/dependency">${outputDirectory}</outputDirectory>
  <overIfNewer default-value="true">${mdep.overIfNewer}</overIfNewer>
  <overWriteIfNewer default-value="true">${mdep.overWriteIfNewer}</overWriteIfNewer>
  <overWriteReleases default-value="false">${mdep.overWriteReleases}</overWriteReleases>
  <overWriteSnapshots default-value="false">${mdep.overWriteSnapshots}</overWriteSnapshots>
  <prependGroupId default-value="false">${mdep.prependGroupId}</prependGroupId>
  <reactorProjects default-value="${reactorProjects}"/>
  <remotePluginRepositories default-value="${project.pluginArtifactRepositories}"/>
  <remoteRepositories default-value="${project.remoteArtifactRepositories}"/>
  <silent default-value="false">${silent}</silent>
  <skip default-value="false">${mdep.skip}</skip>
  <skipDuringIncrementalBuild default-value="false"/>
  <stripClassifier default-value="false">${mdep.stripClassifier}</stripClassifier>
  <stripVersion default-value="false">${mdep.stripVersion}</stripVersion>
  <useBaseVersion default-value="false">${mdep.useBaseVersion}</useBaseVersion>
</configuration>
[DEBUG] -----------------------------------------------------------------------
[DEBUG] Goal:          org.apache.maven.plugins:maven-resources-plugin:3.3.1:resources (default-resources)
[DEBUG] Style:         Regular
[DEBUG] Configuration: <?xml version="1.0" encoding="UTF-8"?>
<configuration>
  <addDefaultExcludes default-value="true"/>
  <buildFilters default-value="${project.build.filters}"/>
  <encoding default-value="${project.build.sourceEncoding}"/>
  <escapeWindowsPaths default-value="true"/>
  <fileNameFiltering default-value="false"/>
  <includeEmptyDirs default-value="false"/>
  <outputDirectory default-value="${project.build.outputDirectory}"/>
  <overwrite default-value="false"/>
  <project default-value="${project}"/>
  <resources default-value="${project.resources}"/>
  <session default-value="${session}"/>
  <skip default-value="false">${maven.resources.skip}</skip>
  <supportMultiLineFiltering default-value="false"/>
  <useBuildFilters default-value="true"/>
  <useDefaultDelimiters default-value="true"/>
</configuration>
[DEBUG] -----------------------------------------------------------------------
[DEBUG] Goal:          org.apache.maven.plugins:maven-compiler-plugin:3.13.0:compile (default-compile)
[DEBUG] Style:         Regular
[DEBUG] Configuration: <?xml version="1.0" encoding="UTF-8"?>
<configuration>
  <annotationProcessorPathsUseDepMgmt default-value="false"/>
  <basedir default-value="${basedir}"/>
  <buildDirectory default-value="${project.build.directory}"/>
  <compilePath default-value="${project.compileClasspathElements}"/>
  <compileSourceRoots default-value="${project.compileSourceRoots}"/>
  <compilerId default-value="javac">${maven.compiler.compilerId}</compilerId>
  <compilerReuseStrategy default-value="${reuseCreated}">${maven.compiler.compilerReuseStrategy}</compilerReuseStrategy>
  <compilerVersion>${maven.compiler.compilerVersion}</compilerVersion>
  <createMissingPackageInfoClass default-value="true">${maven.compiler.createMissingPackageInfoClass}</createMissingPackageInfoClass>
  <debug default-value="true">${maven.compiler.debug}</debug>
  <debugFileName default-value="javac"/>
  <debuglevel>${maven.compiler.debuglevel}</debuglevel>
  <enablePreview default-value="false">${maven.compiler.enablePreview}</enablePreview>
  <encoding default-value="${project.build.sourceEncoding}">${encoding}</encoding>
  <executable>${maven.compiler.executable}</executable>
  <failOnError default-value="true">${maven.compiler.failOnError}</failOnError>
  <failOnWarning default-value="false">${maven.compiler.failOnWarning}</failOnWarning>
  <fileExtensions default-value="class,jar"/>
  <forceJavacCompilerUse default-value="false">${maven.compiler.forceJavacCompilerUse}</forceJavacCompilerUse>
  <forceLegacyJavacApi default-value="false">${maven.compiler.forceLegacyJavacApi}</forceLegacyJavacApi>
  <fork default-value="false">${maven.compiler.fork}</fork>
  <generatedSourcesDirectory default-value="${project.build.directory}/generated-sources/annotations"/>
  <implicit>${maven.compiler.implicit}</implicit>
  <maxmem>${maven.compiler.maxmem}</maxmem>
  <meminitial>${maven.compiler.meminitial}</meminitial>
  <mojoExecution default-value="${mojoExecution}"/>
  <optimize default-value="false">${maven.compiler.optimize}</optimize>
  <outputDirectory default-value="${project.build.outputDirectory}">${maven.compiler.outputDirectory}</outputDirectory>
  <outputTimestamp default-value="${project.build.outputTimestamp}"/>
  <parameters default-value="false">${maven.compiler.parameters}</parameters>
  <proc>${maven.compiler.proc}</proc>
  <project default-value="${project}"/>
  <projectArtifact default-value="${project.artifact}"/>
  <release>${maven.compiler.release}</release>
  <session default-value="${session}"/>
  <showCompilationChanges default-value="false">${maven.compiler.showCompilationChanges}</showCompilationChanges>
  <showDeprecation default-value="false">${maven.compiler.showDeprecation}</showDeprecation>
  <showWarnings default-value="true">${maven.compiler.showWarnings}</showWarnings>
  <skipMain>${maven.main.skip}</skipMain>
  <skipMultiThreadWarning default-value="false">${maven.compiler.skipMultiThreadWarning}</skipMultiThreadWarning>
  <source default-value="1.8">17</source>
  <staleMillis default-value="0">${lastModGranularityMs}</staleMillis>
  <target default-value="1.8">17</target>
  <useIncrementalCompilation default-value="true">${maven.compiler.useIncrementalCompilation}</useIncrementalCompilation>
  <verbose default-value="false">${maven.compiler.verbose}</verbose>
</configuration>
[DEBUG] -----------------------------------------------------------------------
[DEBUG] Goal:          org.apache.maven.plugins:maven-resources-plugin:3.3.1:testResources (default-testResources)
[DEBUG] Style:         Regular
[DEBUG] Configuration: <?xml version="1.0" encoding="UTF-8"?>
<configuration>
  <addDefaultExcludes default-value="true"/>
  <buildFilters default-value="${project.build.filters}"/>
  <encoding default-value="${project.build.sourceEncoding}"/>
  <escapeWindowsPaths default-value="true"/>
  <fileNameFiltering default-value="false"/>
  <includeEmptyDirs default-value="false"/>
  <outputDirectory default-value="${project.build.testOutputDirectory}"/>
  <overwrite default-value="false"/>
  <project default-value="${project}"/>
  <resources default-value="${project.testResources}"/>
  <session default-value="${session}"/>
  <skip default-value="false">${maven.test.skip}</skip>
  <supportMultiLineFiltering default-value="false"/>
  <useBuildFilters default-value="true"/>
  <useDefaultDelimiters default-value="true"/>
</configuration>
[DEBUG] -----------------------------------------------------------------------
[DEBUG] Goal:          org.apache.maven.plugins:maven-compiler-plugin:3.13.0:testCompile (default-testCompile)
[DEBUG] Style:         Regular
[DEBUG] Configuration: <?xml version="1.0" encoding="UTF-8"?>
<configuration>
  <annotationProcessorPathsUseDepMgmt default-value="false"/>
  <basedir default-value="${basedir}"/>
  <buildDirectory default-value="${project.build.directory}"/>
  <compileSourceRoots default-value="${project.testCompileSourceRoots}"/>
  <compilerId default-value="javac">${maven.compiler.compilerId}</compilerId>
  <compilerReuseStrategy default-value="${reuseCreated}">${maven.compiler.compilerReuseStrategy}</compilerReuseStrategy>
  <compilerVersion>${maven.compiler.compilerVersion}</compilerVersion>
  <createMissingPackageInfoClass default-value="true">${maven.compiler.createMissingPackageInfoClass}</createMissingPackageInfoClass>
  <debug default-value="true">${maven.compiler.debug}</debug>
  <debugFileName default-value="javac-test"/>
  <debuglevel>${maven.compiler.debuglevel}</debuglevel>
  <enablePreview default-value="false">${maven.compiler.enablePreview}</enablePreview>
  <encoding default-value="${project.build.sourceEncoding}">${encoding}</encoding>
  <executable>${maven.compiler.executable}</executable>
  <failOnError default-value="true">${maven.compiler.failOnError}</failOnError>
  <failOnWarning default-value="false">${maven.compiler.failOnWarning}</failOnWarning>
  <fileExtensions default-value="class,jar"/>
  <forceJavacCompilerUse default-value="false">${maven.compiler.forceJavacCompilerUse}</forceJavacCompilerUse>
  <forceLegacyJavacApi default-value="false">${maven.compiler.forceLegacyJavacApi}</forceLegacyJavacApi>
  <fork default-value="false">${maven.compiler.fork}</fork>
  <generatedTestSourcesDirectory default-value="${project.build.directory}/generated-test-sources/test-annotations"/>
  <implicit>${maven.compiler.implicit}</implicit>
  <maxmem>${maven.compiler.maxmem}</maxmem>
  <meminitial>${maven.compiler.meminitial}</meminitial>
  <mojoExecution default-value="${mojoExecution}"/>
  <optimize default-value="false">${maven.compiler.optimize}</optimize>
  <outputDirectory default-value="${project.build.testOutputDirectory}"/>
  <outputTimestamp default-value="${project.build.outputTimestamp}"/>
  <parameters default-value="false">${maven.compiler.parameters}</parameters>
  <proc>${maven.compiler.proc}</proc>
  <project default-value="${project}"/>
  <release>${maven.compiler.release}</release>
  <session default-value="${session}"/>
  <showCompilationChanges default-value="false">${maven.compiler.showCompilationChanges}</showCompilationChanges>
  <showDeprecation default-value="false">${maven.compiler.showDeprecation}</showDeprecation>
  <showWarnings default-value="true">${maven.compiler.showWarnings}</showWarnings>
  <skip>${maven.test.skip}</skip>
  <skipMultiThreadWarning default-value="false">${maven.compiler.skipMultiThreadWarning}</skipMultiThreadWarning>
  <source default-value="1.8">17</source>
  <staleMillis default-value="0">${lastModGranularityMs}</staleMillis>
  <target default-value="1.8">17</target>
  <testPath default-value="${project.testClasspathElements}"/>
  <testRelease>${maven.compiler.testRelease}</testRelease>
  <testSource>${maven.compiler.testSource}</testSource>
  <testTarget>${maven.compiler.testTarget}</testTarget>
  <useIncrementalCompilation default-value="true">${maven.compiler.useIncrementalCompilation}</useIncrementalCompilation>
  <useModulePath default-value="true"/>
  <verbose default-value="false">${maven.compiler.verbose}</verbose>
</configuration>
[DEBUG] -----------------------------------------------------------------------
[DEBUG] Goal:          org.apache.maven.plugins:maven-surefire-plugin:3.2.5:test (default-test)
[DEBUG] Style:         Regular
[DEBUG] Configuration: <?xml version="1.0" encoding="UTF-8"?>
<configuration>
  <additionalClasspathDependencies>${maven.test.additionalClasspathDependencies}</additionalClasspathDependencies>
  <additionalClasspathElements>${maven.test.additionalClasspath}</additionalClasspathElements>
  <argLine>${argLine}</argLine>
  <basedir default-value="${basedir}"/>
  <childDelegation default-value="false">${childDelegation}</childDelegation>
  <classesDirectory default-value="${project.build.outputDirectory}"/>
  <classpathDependencyExcludes>${maven.test.dependency.excludes}</classpathDependencyExcludes>
  <debugForkedProcess>${maven.surefire.debug}</debugForkedProcess>
  <dependenciesToScan>${dependenciesToScan}</dependenciesToScan>
  <disableXmlReport default-value="false">${disableXmlReport}</disableXmlReport>
  <enableAssertions default-value="true">${enableAssertions}</enableAssertions>
  <enableProcessChecker>${surefire.enableProcessChecker}</enableProcessChecker>
  <encoding default-value="${project.reporting.outputEncoding}">${surefire.encoding}</encoding>
  <excludeJUnit5Engines>${surefire.excludeJUnit5Engines}</excludeJUnit5Engines>
  <excludedEnvironmentVariables>${surefire.excludedEnvironmentVariables}</excludedEnvironmentVariables>
  <excludedGroups>${excludedGroups}</excludedGroups>
  <excludes>${surefire.excludes}</excludes>
  <excludesFile>${surefire.excludesFile}</excludesFile>
  <failIfNoSpecifiedTests default-value="true">${surefire.failIfNoSpecifiedTests}</failIfNoSpecifiedTests>
  <failIfNoTests default-value="false">${failIfNoTests}</failIfNoTests>
  <failOnFlakeCount default-value="0">${surefire.failOnFlakeCount}</failOnFlakeCount>
  <forkCount default-value="1">${forkCount}</forkCount>
  <forkNode>${surefire.forkNode}</forkNode>
  <forkedProcessExitTimeoutInSeconds default-value="30">${surefire.exitTimeout}</forkedProcessExitTimeoutInSeconds>
  <forkedProcessTimeoutInSeconds>${surefire.timeout}</forkedProcessTimeoutInSeconds>
  <groups>${groups}</groups>
  <includeJUnit5Engines>${surefire.includeJUnit5Engines}</includeJUnit5Engines>
  <includes>${surefire.includes}</includes>
  <includesFile>${surefire.includesFile}</includesFile>
  <junitArtifactName default-value="junit:junit">${junitArtifactName}</junitArtifactName>
  <jvm>${jvm}</jvm>
  <objectFactory>${objectFactory}</objectFactory>
  <parallel>${parallel}</parallel>
  <parallelMavenExecution default-value="${session.parallel}"/>
  <parallelOptimized default-value="true">${parallelOptimized}</parallelOptimized>
  <parallelTestsTimeoutForcedInSeconds>${surefire.parallel.forcedTimeout}</parallelTestsTimeoutForcedInSeconds>
  <parallelTestsTimeoutInSeconds>${surefire.parallel.timeout}</parallelTestsTimeoutInSeconds>
  <perCoreThreadCount default-value="true">${perCoreThreadCount}</perCoreThreadCount>
  <pluginArtifactMap>${plugin.artifactMap}</pluginArtifactMap>
  <pluginDescriptor default-value="${plugin}"/>
  <printSummary default-value="true">${surefire.printSummary}</printSummary>
  <project default-value="${project}"/>
  <projectArtifactMap>${project.artifactMap}</projectArtifactMap>
  <projectBuildDirectory default-value="${project.build.directory}"/>
  <redirectTestOutputToFile default-value="false">${maven.test.redirectTestOutputToFile}</redirectTestOutputToFile>
  <reportFormat default-value="brief">${surefire.reportFormat}</reportFormat>
  <reportNameSuffix default-value="">${surefire.reportNameSuffix}</reportNameSuffix>
  <reportsDirectory default-value="${project.build.directory}/surefire-reports"/>
  <rerunFailingTestsCount default-value="0">${surefire.rerunFailingTestsCount}</rerunFailingTestsCount>
  <reuseForks default-value="true">${reuseForks}</reuseForks>
  <runOrder default-value="filesystem">${surefire.runOrder}</runOrder>
  <runOrderRandomSeed>${surefire.runOrder.random.seed}</runOrderRandomSeed>
  <session default-value="${session}"/>
  <shutdown default-value="exit">${surefire.shutdown}</shutdown>
  <skip default-value="false">${maven.test.skip}</skip>
  <skipAfterFailureCount default-value="0">${surefire.skipAfterFailureCount}</skipAfterFailureCount>
  <skipExec>${maven.test.skip.exec}</skipExec>
  <skipTests default-value="false">${skipTests}</skipTests>
  <suiteXmlFiles>${surefire.suiteXmlFiles}</suiteXmlFiles>
  <systemPropertiesFile>${surefire.systemPropertiesFile}</systemPropertiesFile>
  <tempDir default-value="surefire">${tempDir}</tempDir>
  <test>${test}</test>
  <testClassesDirectory default-value="${project.build.testOutputDirectory}"/>
  <testFailureIgnore default-value="false">${maven.test.failure.ignore}</testFailureIgnore>
  <testNGArtifactName default-value="org.testng:testng">${testNGArtifactName}</testNGArtifactName>
  <testSourceDirectory default-value="${project.build.testSourceDirectory}"/>
  <threadCount>${threadCount}</threadCount>
  <threadCountClasses default-value="0">${threadCountClasses}</threadCountClasses>
  <threadCountMethods default-value="0">${threadCountMethods}</threadCountMethods>
  <threadCountSuites default-value="0">${threadCountSuites}</threadCountSuites>
  <trimStackTrace default-value="false">${trimStackTrace}</trimStackTrace>
  <useFile default-value="true">${surefire.useFile}</useFile>
  <useManifestOnlyJar default-value="true">${surefire.useManifestOnlyJar}</useManifestOnlyJar>
  <useModulePath default-value="true">${surefire.useModulePath}</useModulePath>
  <useSystemClassLoader default-value="true">${surefire.useSystemClassLoader}</useSystemClassLoader>
  <useUnlimitedThreads default-value="false">${useUnlimitedThreads}</useUnlimitedThreads>
  <workingDirectory>${basedir}</workingDirectory>
</configuration>
[DEBUG] =======================================================================
[DEBUG] Skipped remote request for org.openmrs.api:openmrs-api:2.9.0-SNAPSHOT/maven-metadata.xml, locally cached metadata up-to-date
[DEBUG] Skipped remote request for org.openmrs.api:openmrs-api:2.9.0-SNAPSHOT/maven-metadata.xml, locally cached metadata up-to-date
[DEBUG] org.openmrs.api:openmrs-api:2.9.0-SNAPSHOT/maven-metadata.xml was not found in https://mavenrepo.openmrs.org/thirdparty during a previous attempt. This failure was cached in the local repository and resolution is not be reattempted until the update interval of openmrs-repo-thirdparty has elapsed or updates are forced
[DEBUG] org.openmrs.api:openmrs-api:2.9.0-SNAPSHOT/maven-metadata.xml was not found in https://nexus.mekomsolutions.net/repository/maven-public during a previous attempt. This failure was cached in the local repository and resolution is not be reattempted until the update interval of mks-nexus-public has elapsed or updates are forced
[DEBUG] org.openmrs.api:openmrs-api:2.9.0-SNAPSHOT/maven-metadata.xml was not found in https://central.sonatype.com/repository/maven-snapshots during a previous attempt. This failure was cached in the local repository and resolution is not be reattempted until the update interval of sonatype-central-snapshots has elapsed or updates are forced
[DEBUG] org.openmrs.api:openmrs-api:2.9.0-SNAPSHOT/maven-metadata.xml was not found in https://oss.sonatype.org/content/repositories/releases/ during a previous attempt. This failure was cached in the local repository and resolution is not be reattempted until the update interval of sonatype-nexus has elapsed or updates are forced
[DEBUG] org.openmrs.api:openmrs-api:2.9.0-SNAPSHOT/maven-metadata.xml was not found in https://repo1.maven.org/maven2 during a previous attempt. This failure was cached in the local repository and resolution is not be reattempted until the update interval of central has elapsed or updates are forced
[DEBUG] Skipped remote request for org.openmrs.api:openmrs-api:2.9.0-SNAPSHOT/maven-metadata.xml, locally cached metadata up-to-date
[DEBUG] Skipped remote request for org.openmrs.api:openmrs-api:2.9.0-SNAPSHOT/maven-metadata.xml, locally cached metadata up-to-date
[DEBUG] org.openmrs.api:openmrs-api:2.9.0-SNAPSHOT/maven-metadata.xml was not found in https://mavenrepo.openmrs.org/thirdparty during a previous attempt. This failure was cached in the local repository and resolution is not be reattempted until the update interval of openmrs-repo-thirdparty has elapsed or updates are forced
[DEBUG] org.openmrs.api:openmrs-api:2.9.0-SNAPSHOT/maven-metadata.xml was not found in https://nexus.mekomsolutions.net/repository/maven-public during a previous attempt. This failure was cached in the local repository and resolution is not be reattempted until the update interval of mks-nexus-public has elapsed or updates are forced
[DEBUG] org.openmrs.api:openmrs-api:2.9.0-SNAPSHOT/maven-metadata.xml was not found in https://central.sonatype.com/repository/maven-snapshots during a previous attempt. This failure was cached in the local repository and resolution is not be reattempted until the update interval of sonatype-central-snapshots has elapsed or updates are forced
[DEBUG] org.openmrs.api:openmrs-api:2.9.0-SNAPSHOT/maven-metadata.xml was not found in https://oss.sonatype.org/content/repositories/releases/ during a previous attempt. This failure was cached in the local repository and resolution is not be reattempted until the update interval of sonatype-nexus has elapsed or updates are forced
[DEBUG] org.openmrs.api:openmrs-api:2.9.0-SNAPSHOT/maven-metadata.xml was not found in https://repo1.maven.org/maven2 during a previous attempt. This failure was cached in the local repository and resolution is not be reattempted until the update interval of central has elapsed or updates are forced
[DEBUG] Skipped remote request for org.openmrs:openmrs:2.9.0-SNAPSHOT/maven-metadata.xml, locally cached metadata up-to-date
[DEBUG] Skipped remote request for org.openmrs:openmrs:2.9.0-SNAPSHOT/maven-metadata.xml, locally cached metadata up-to-date
[DEBUG] org.openmrs:openmrs:2.9.0-SNAPSHOT/maven-metadata.xml was not found in https://mavenrepo.openmrs.org/thirdparty during a previous attempt. This failure was cached in the local repository and resolution is not be reattempted until the update interval of openmrs-repo-thirdparty has elapsed or updates are forced
[DEBUG] org.openmrs:openmrs:2.9.0-SNAPSHOT/maven-metadata.xml was not found in https://nexus.mekomsolutions.net/repository/maven-public during a previous attempt. This failure was cached in the local repository and resolution is not be reattempted until the update interval of mks-nexus-public has elapsed or updates are forced
[DEBUG] org.openmrs:openmrs:2.9.0-SNAPSHOT/maven-metadata.xml was not found in https://central.sonatype.com/repository/maven-snapshots during a previous attempt. This failure was cached in the local repository and resolution is not be reattempted until the update interval of sonatype-central-snapshots has elapsed or updates are forced
[DEBUG] org.openmrs:openmrs:2.9.0-SNAPSHOT/maven-metadata.xml was not found in https://oss.sonatype.org/content/repositories/releases/ during a previous attempt. This failure was cached in the local repository and resolution is not be reattempted until the update interval of sonatype-nexus has elapsed or updates are forced
[DEBUG] org.openmrs:openmrs:2.9.0-SNAPSHOT/maven-metadata.xml was not found in https://repo1.maven.org/maven2 during a previous attempt. This failure was cached in the local repository and resolution is not be reattempted until the update interval of central has elapsed or updates are forced
[DEBUG] Skipped remote request for org.openmrs.api:openmrs-api:2.9.0-SNAPSHOT/maven-metadata.xml, locally cached metadata up-to-date
[DEBUG] Skipped remote request for org.openmrs.api:openmrs-api:2.9.0-SNAPSHOT/maven-metadata.xml, locally cached metadata up-to-date
[DEBUG] org.openmrs.api:openmrs-api:2.9.0-SNAPSHOT/maven-metadata.xml was not found in https://mavenrepo.openmrs.org/thirdparty during a previous attempt. This failure was cached in the local repository and resolution is not be reattempted until the update interval of openmrs-repo-thirdparty has elapsed or updates are forced
[DEBUG] org.openmrs.api:openmrs-api:2.9.0-SNAPSHOT/maven-metadata.xml was not found in https://nexus.mekomsolutions.net/repository/maven-public during a previous attempt. This failure was cached in the local repository and resolution is not be reattempted until the update interval of mks-nexus-public has elapsed or updates are forced
[DEBUG] org.openmrs.api:openmrs-api:2.9.0-SNAPSHOT/maven-metadata.xml was not found in https://central.sonatype.com/repository/maven-snapshots during a previous attempt. This failure was cached in the local repository and resolution is not be reattempted until the update interval of sonatype-central-snapshots has elapsed or updates are forced
[DEBUG] org.openmrs.api:openmrs-api:2.9.0-SNAPSHOT/maven-metadata.xml was not found in https://oss.sonatype.org/content/repositories/releases/ during a previous attempt. This failure was cached in the local repository and resolution is not be reattempted until the update interval of sonatype-nexus has elapsed or updates are forced
[DEBUG] org.openmrs.api:openmrs-api:2.9.0-SNAPSHOT/maven-metadata.xml was not found in https://repo1.maven.org/maven2 during a previous attempt. This failure was cached in the local repository and resolution is not be reattempted until the update interval of central has elapsed or updates are forced
[DEBUG] Skipped remote request for org.openmrs.test:openmrs-test:2.9.0-SNAPSHOT/maven-metadata.xml, locally cached metadata up-to-date
[DEBUG] Skipped remote request for org.openmrs.test:openmrs-test:2.9.0-SNAPSHOT/maven-metadata.xml, locally cached metadata up-to-date
[DEBUG] org.openmrs.test:openmrs-test:2.9.0-SNAPSHOT/maven-metadata.xml was not found in https://mavenrepo.openmrs.org/thirdparty during a previous attempt. This failure was cached in the local repository and resolution is not be reattempted until the update interval of openmrs-repo-thirdparty has elapsed or updates are forced
[DEBUG] org.openmrs.test:openmrs-test:2.9.0-SNAPSHOT/maven-metadata.xml was not found in https://nexus.mekomsolutions.net/repository/maven-public during a previous attempt. This failure was cached in the local repository and resolution is not be reattempted until the update interval of mks-nexus-public has elapsed or updates are forced
[DEBUG] org.openmrs.test:openmrs-test:2.9.0-SNAPSHOT/maven-metadata.xml was not found in https://central.sonatype.com/repository/maven-snapshots during a previous attempt. This failure was cached in the local repository and resolution is not be reattempted until the update interval of sonatype-central-snapshots has elapsed or updates are forced
[DEBUG] org.openmrs.test:openmrs-test:2.9.0-SNAPSHOT/maven-metadata.xml was not found in https://oss.sonatype.org/content/repositories/releases/ during a previous attempt. This failure was cached in the local repository and resolution is not be reattempted until the update interval of sonatype-nexus has elapsed or updates are forced
[DEBUG] org.openmrs.test:openmrs-test:2.9.0-SNAPSHOT/maven-metadata.xml was not found in https://repo1.maven.org/maven2 during a previous attempt. This failure was cached in the local repository and resolution is not be reattempted until the update interval of central has elapsed or updates are forced
[DEBUG] Dependency collection stats {ConflictMarker.analyzeTime=1238209, ConflictMarker.markTime=624125, ConflictMarker.nodeCount=1037, ConflictIdSorter.graphTime=870333, ConflictIdSorter.topsortTime=202709, ConflictIdSorter.conflictIdCount=296, ConflictIdSorter.conflictIdCycleCount=0, ConflictResolver.totalTime=34555875, ConflictResolver.conflictItemCount=869, DfDependencyCollector.collectTime=451856875, DfDependencyCollector.transformTime=37653292}
[WARNING] The artifact org.apache.activemq:artemis-server:jar:2.54.0 has been relocated to org.apache.artemis:artemis-server:jar:2.54.0: Update the groupId in your project build file. Refer to https://artemis.apache.org/artemis-tlp-groupid-migration for more information.
[WARNING] The artifact org.apache.activemq:artemis-jms-client:jar:2.54.0 has been relocated to org.apache.artemis:artemis-jms-client:jar:2.54.0: Update the groupId in your project build file. Refer to https://artemis.apache.org/artemis-tlp-groupid-migration for more information.
[WARNING] The artifact org.apache.activemq:artemis-web:jar:2.54.0 has been relocated to org.apache.artemis:artemis-web:jar:2.54.0: Update the groupId in your project build file. Refer to https://artemis.apache.org/artemis-tlp-groupid-migration for more information.
[DEBUG] org.openmrs.module:artemis-api:jar:1.0.0-SNAPSHOT
[DEBUG]    org.apache.artemis:artemis-server:jar:2.54.0:compile
[DEBUG]       org.slf4j:slf4j-api:jar:1.7.30:provided (scope managed from compile) (version managed from 2.0.18)
[DEBUG]       org.apache.artemis:artemis-commons:jar:2.54.0:compile
[DEBUG]       org.apache.artemis:artemis-selector:jar:2.54.0:compile
[DEBUG]       org.apache.artemis:artemis-journal:jar:2.54.0:compile
[DEBUG]          org.apache.activemq:activemq-artemis-native:jar:2.0.0:compile
[DEBUG]       org.apache.artemis:artemis-jdbc-store:jar:2.54.0:compile
[DEBUG]          org.apache.commons:commons-dbcp2:jar:2.14.0:compile
[DEBUG]             org.apache.commons:commons-pool2:jar:2.13.0:compile
[DEBUG]             jakarta.transaction:jakarta.transaction-api:jar:1.3.3:compile
[DEBUG]       org.apache.artemis:artemis-core-client:jar:2.54.0:compile
[DEBUG]          org.jgroups:jgroups:jar:5.3.13.Final:compile
[DEBUG]          io.netty:netty-handler-proxy:jar:4.1.132.Final:compile
[DEBUG]          io.netty:netty-codec-socks:jar:4.1.132.Final:compile
[DEBUG]          io.netty:netty-resolver:jar:4.1.132.Final:compile
[DEBUG]          de.dentrassi.crypto:pem-keystore:jar:3.0.0:compile
[DEBUG]             com.hierynomus:asn-one:jar:0.6.0:compile
[DEBUG]       org.apache.artemis:artemis-lockmanager-api:jar:2.54.0:compile
[DEBUG]       org.jctools:jctools-core:jar:4.0.6:compile
[DEBUG]       io.netty:netty-buffer:jar:4.1.132.Final:compile
[DEBUG]       io.netty:netty-transport:jar:4.1.132.Final:compile
[DEBUG]       io.netty:netty-codec-http:jar:4.1.132.Final:compile
[DEBUG]       io.netty:netty-codec-haproxy:jar:4.1.132.Final:compile
[DEBUG]       io.netty:netty-common:jar:4.1.132.Final:compile
[DEBUG]       io.netty:netty-handler:jar:4.1.132.Final:compile
[DEBUG]          io.netty:netty-transport-native-unix-common:jar:4.1.132.Final:compile
[DEBUG]       io.netty:netty-transport-native-epoll:jar:linux-x86_64:4.1.132.Final:compile
[DEBUG]       io.netty:netty-transport-classes-epoll:jar:4.1.132.Final:compile
[DEBUG]       io.netty:netty-transport-native-kqueue:jar:osx-x86_64:4.1.132.Final:compile
[DEBUG]       io.netty:netty-transport-classes-kqueue:jar:4.1.132.Final:compile
[DEBUG]       io.netty:netty-codec:jar:4.1.132.Final:compile
[DEBUG]       commons-beanutils:commons-beanutils:jar:1.9.4:provided (scope managed from compile) (version managed from 1.11.0)
[DEBUG]          commons-logging:commons-logging:jar:1.2:provided (scope managed from compile) (version managed from 1.2)
[DEBUG]       org.apache.commons:commons-lang3:jar:3.12.0:provided (scope managed from compile) (version managed from 3.20.0)
[DEBUG]       org.apache.commons:commons-configuration2:jar:2.14.0:compile
[DEBUG]          org.apache.commons:commons-text:jar:1.15.0:compile
[DEBUG]       commons-collections:commons-collections:jar:3.2.2:provided (scope managed from compile) (version managed from 3.2.2)
[DEBUG]       io.micrometer:micrometer-core:jar:1.16.5:compile
[DEBUG]          org.jspecify:jspecify:jar:1.0.0:compile
[DEBUG]          io.micrometer:micrometer-commons:jar:1.16.5:compile
[DEBUG]          io.micrometer:micrometer-observation:jar:1.16.5:compile
[DEBUG]       com.nimbusds:nimbus-jose-jwt:jar:10.9:compile
[DEBUG]    org.apache.artemis:artemis-jms-client:jar:2.54.0:compile
[DEBUG]       jakarta.jms:jakarta.jms-api:jar:2.0.3:provided (scope managed from compile) (version managed from 2.0.3)
[DEBUG]    org.apache.artemis:artemis-web:jar:2.54.0:compile
[DEBUG]       org.apache.artemis:artemis-dto:jar:2.54.0:compile
[DEBUG]          com.sun.xml.bind:jaxb-impl:jar:2.3.9:compile
[DEBUG]          jakarta.activation:jakarta.activation-api:jar:1.2.2:compile
[DEBUG]       org.apache.artemis:artemis-cli:jar:2.54.0:compile
[DEBUG]          org.apache.artemis:artemis-jms-server:jar:2.54.0:compile
[DEBUG]             org.apache.artemis:artemis-service-extensions:jar:2.54.0:compile
[DEBUG]          jakarta.inject:jakarta.inject-api:jar:1.0.5:compile
[DEBUG]          org.apache.qpid:qpid-jms-client:jar:1.16.0:compile
[DEBUG]             org.apache.qpid:proton-j:jar:0.34.1:compile
[DEBUG]          info.picocli:picocli:jar:4.7.7:compile
[DEBUG]          info.picocli:picocli-shell-jline3:jar:4.7.7:compile
[DEBUG]          org.jline:jline-console:jar:4.1.0:compile
[DEBUG]             org.jline:jline-shell:jar:4.1.0:compile
[DEBUG]             org.jline:jline-builtins:jar:4.1.0:compile
[DEBUG]             org.jline:jline-style:jar:4.1.0:compile
[DEBUG]             org.jline:jline-console-ui:jar:4.1.0:compile
[DEBUG]          org.jline:jline-reader:jar:4.1.0:compile
[DEBUG]          org.jline:jline-terminal:jar:4.1.0:compile
[DEBUG]          org.hdrhistogram:HdrHistogram:jar:2.2.2:compile
[DEBUG]       org.eclipse.jetty.toolchain:jetty-jakarta-servlet-api:jar:5.0.2:compile
[DEBUG]       org.eclipse.jetty:jetty-server:jar:12.1.9:compile
[DEBUG]          org.eclipse.jetty:jetty-io:jar:12.1.9:compile
[DEBUG]       org.eclipse.jetty.ee9:jetty-ee9-servlet:jar:12.1.9:compile
[DEBUG]       org.eclipse.jetty.ee9:jetty-ee9-webapp:jar:12.1.9:compile
[DEBUG]          org.eclipse.jetty:jetty-xml:jar:12.1.9:compile
[DEBUG]          org.eclipse.jetty.ee:jetty-ee-webapp:jar:12.1.9:compile
[DEBUG]       org.eclipse.jetty.ee9:jetty-ee9-nested:jar:12.1.9:compile
[DEBUG]          org.eclipse.jetty:jetty-security:jar:12.1.9:compile
[DEBUG]          org.eclipse.jetty:jetty-session:jar:12.1.9:compile
[DEBUG]       org.eclipse.jetty.ee9:jetty-ee9-security:jar:12.1.9:compile
[DEBUG]       org.eclipse.jetty:jetty-util:jar:12.1.9:compile
[DEBUG]       org.eclipse.jetty:jetty-http:jar:12.1.9:compile
[DEBUG]       org.eclipse.jetty.http2:jetty-http2-server:jar:12.1.9:compile
[DEBUG]          org.eclipse.jetty.http2:jetty-http2-common:jar:12.1.9:compile
[DEBUG]             org.eclipse.jetty.http2:jetty-http2-hpack:jar:12.1.9:compile
[DEBUG]       org.eclipse.jetty:jetty-alpn-server:jar:12.1.9:compile
[DEBUG]       org.eclipse.jetty:jetty-alpn-java-server:jar:12.1.9:compile
[DEBUG]       org.eclipse.jetty.compression:jetty-compression-server:jar:12.1.9:compile
[DEBUG]          org.eclipse.jetty.compression:jetty-compression-common:jar:12.1.9:compile
[DEBUG]       org.eclipse.jetty.compression:jetty-compression-gzip:jar:12.1.9:compile
[DEBUG]    com.github.ben-manes.caffeine:caffeine:jar:2.9.3:test
[DEBUG]       org.checkerframework:checker-qual:jar:3.19.0:provided
[DEBUG]       com.google.errorprone:error_prone_annotations:jar:2.10.0:provided
[DEBUG]    org.openmrs.api:openmrs-api:jar:2.9.0-SNAPSHOT:provided
[DEBUG]       commons-validator:commons-validator:jar:1.10.0:provided
[DEBUG]          commons-digester:commons-digester:jar:2.1:provided
[DEBUG]       commons-io:commons-io:jar:2.19.0:provided
[DEBUG]       org.apache.velocity:velocity:jar:1.7:provided
[DEBUG]          commons-lang:commons-lang:jar:2.4:provided
[DEBUG]       org.springframework:spring-core:jar:5.3.30:provided
[DEBUG]          org.springframework:spring-jcl:jar:5.3.30:provided
[DEBUG]       org.springframework:spring-beans:jar:5.3.30:provided
[DEBUG]       org.springframework:spring-context:jar:5.3.30:provided
[DEBUG]          org.springframework:spring-expression:jar:5.3.30:provided
[DEBUG]       org.springframework:spring-aop:jar:5.3.30:provided
[DEBUG]       org.springframework:spring-orm:jar:5.3.30:provided
[DEBUG]       org.springframework:spring-tx:jar:5.3.30:provided
[DEBUG]       org.springframework:spring-jdbc:jar:5.3.30:provided
[DEBUG]       org.springframework:spring-context-support:jar:5.3.30:provided
[DEBUG]       org.springframework:spring-jms:jar:5.3.30:provided
[DEBUG]          org.springframework:spring-messaging:jar:5.3.30:provided
[DEBUG]       javax.jms:javax.jms-api:jar:2.0.1:provided
[DEBUG]       org.infinispan:infinispan-spring5-embedded:jar:13.0.22.Final:provided
[DEBUG]          org.infinispan:infinispan-core:jar:13.0.22.Final:provided
[DEBUG]             org.infinispan:infinispan-commons:jar:13.0.22.Final:provided
[DEBUG]                io.reactivex.rxjava3:rxjava:jar:3.0.4:provided
[DEBUG]             org.infinispan.protostream:protostream:jar:4.4.4.Final:provided
[DEBUG]             org.infinispan.protostream:protostream-types:jar:4.4.4.Final:provided
[DEBUG]             org.jboss.threads:jboss-threads:jar:2.3.3.Final:provided
[DEBUG]                org.wildfly.common:wildfly-common:jar:1.3.0.Final:provided
[DEBUG]          org.infinispan:infinispan-spring5-common:jar:13.0.22.Final:provided
[DEBUG]       ca.uhn.hapi:hapi-base:jar:2.1:provided
[DEBUG]       ca.uhn.hapi:hapi-structures-v23:jar:2.1:provided
[DEBUG]       ca.uhn.hapi:hapi-structures-v24:jar:2.1:provided
[DEBUG]       ca.uhn.hapi:hapi-structures-v25:jar:2.1:provided
[DEBUG]       ca.uhn.hapi:hapi-structures-v26:jar:2.1:provided
[DEBUG]       org.javassist:javassist:jar:3.30.2-GA:provided
[DEBUG]       net.bytebuddy:byte-buddy:jar:1.17.6:provided
[DEBUG]       net.bytebuddy:byte-buddy-agent:jar:1.17.6:provided
[DEBUG]       org.hibernate:hibernate-core:jar:5.6.15.Final:provided
[DEBUG]          org.jboss.logging:jboss-logging:jar:3.4.3.Final:provided
[DEBUG]          javax.persistence:javax.persistence-api:jar:2.2:provided
[DEBUG]          antlr:antlr:jar:2.7.7:provided
[DEBUG]          org.jboss.spec.javax.transaction:jboss-transaction-api_1.2_spec:jar:1.1.1.Final:provided
[DEBUG]          org.jboss:jandex:jar:2.4.2.Final:provided
[DEBUG]          com.fasterxml:classmate:jar:1.5.1:provided
[DEBUG]          javax.activation:javax.activation-api:jar:1.2.0:provided
[DEBUG]          org.hibernate.common:hibernate-commons-annotations:jar:5.1.2.Final:provided
[DEBUG]          javax.xml.bind:jaxb-api:jar:2.3.1:provided
[DEBUG]          org.glassfish.jaxb:jaxb-runtime:jar:2.3.1:provided
[DEBUG]             org.glassfish.jaxb:txw2:jar:2.3.1:provided
[DEBUG]             com.sun.istack:istack-commons-runtime:jar:3.0.7:provided
[DEBUG]             org.jvnet.staxex:stax-ex:jar:1.8:provided
[DEBUG]             com.sun.xml.fastinfoset:FastInfoset:jar:1.2.15:provided
[DEBUG]       org.hibernate:hibernate-c3p0:jar:5.6.15.Final:provided
[DEBUG]          com.mchange:c3p0:jar:0.9.5.5:provided
[DEBUG]             com.mchange:mchange-commons-java:jar:0.2.19:provided
[DEBUG]       org.infinispan:infinispan-hibernate-cache-v53:jar:13.0.22.Final:provided
[DEBUG]          org.infinispan:infinispan-hibernate-cache-commons:jar:13.0.22.Final:provided
[DEBUG]          org.infinispan:infinispan-hibernate-cache-spi:jar:13.0.22.Final:provided
[DEBUG]          org.infinispan:infinispan-jboss-marshalling:jar:13.0.22.Final:provided
[DEBUG]             org.jboss.marshalling:jboss-marshalling-osgi:jar:2.0.12.Final:provided
[DEBUG]       org.hibernate.search:hibernate-search-mapper-orm:jar:6.2.4.Final:provided
[DEBUG]          org.hibernate.search:hibernate-search-engine:jar:6.2.4.Final:provided
[DEBUG]          org.hibernate.search:hibernate-search-mapper-pojo-base:jar:6.2.4.Final:provided
[DEBUG]          org.hibernate.search:hibernate-search-util-common:jar:6.2.4.Final:provided
[DEBUG]       org.hibernate.search:hibernate-search-backend-lucene:jar:6.2.4.Final:provided
[DEBUG]          org.apache.lucene:lucene-core:jar:8.11.2:provided
[DEBUG]          org.apache.lucene:lucene-analyzers-common:jar:8.11.2:provided
[DEBUG]          org.apache.lucene:lucene-queryparser:jar:8.11.2:provided
[DEBUG]             org.apache.lucene:lucene-queries:jar:8.11.2:provided
[DEBUG]          org.apache.lucene:lucene-join:jar:8.11.2:provided
[DEBUG]          org.apache.lucene:lucene-facet:jar:8.11.2:provided
[DEBUG]          com.carrotsearch:hppc:jar:0.8.1:provided
[DEBUG]          org.apache.lucene:lucene-highlighter:jar:8.11.2:provided
[DEBUG]             org.apache.lucene:lucene-memory:jar:8.11.2:provided
[DEBUG]       org.hibernate.search:hibernate-search-backend-elasticsearch:jar:6.2.4.Final:provided
[DEBUG]          org.elasticsearch.client:elasticsearch-rest-client:jar:8.10.4:provided
[DEBUG]             org.apache.httpcomponents:httpclient:jar:4.5.13:provided
[DEBUG]             org.apache.httpcomponents:httpcore:jar:4.4.13:provided
[DEBUG]             org.apache.httpcomponents:httpasyncclient:jar:4.1.5:provided
[DEBUG]             org.apache.httpcomponents:httpcore-nio:jar:4.4.13:provided
[DEBUG]          org.elasticsearch.client:elasticsearch-rest-client-sniffer:jar:8.10.4:provided
[DEBUG]          com.google.code.gson:gson:jar:2.9.1:provided
[DEBUG]       org.apache.lucene:lucene-analyzers-phonetic:jar:8.11.2:provided
[DEBUG]          commons-codec:commons-codec:jar:1.13:provided
[DEBUG]       org.hibernate:hibernate-envers:jar:5.6.15.Final:provided
[DEBUG]          org.dom4j:dom4j:jar:2.1.3:provided
[DEBUG]       org.apache.logging.log4j:log4j-core:jar:2.22.1:provided
[DEBUG]          org.apache.logging.log4j:log4j-api:jar:2.22.1:provided
[DEBUG]       org.apache.logging.log4j:log4j-slf4j-impl:jar:2.22.1:provided
[DEBUG]       org.apache.logging.log4j:log4j-1.2-api:jar:2.22.1:provided
[DEBUG]       com.thoughtworks.xstream:xstream:jar:1.4.21:provided
[DEBUG]          io.github.x-stream:mxparser:jar:1.2.2:provided
[DEBUG]             xmlpull:xmlpull:jar:1.1.3.1:provided
[DEBUG]       org.liquibase:liquibase-core:jar:4.32.0:provided
[DEBUG]          com.opencsv:opencsv:jar:5.11:provided
[DEBUG]          org.yaml:snakeyaml:jar:2.4:provided
[DEBUG]          org.apache.commons:commons-collections4:jar:4.5.0:provided
[DEBUG]       xerces:xercesImpl:jar:2.12.2:provided
[DEBUG]          xml-apis:xml-apis:jar:1.4.01:provided
[DEBUG]       javax.validation:validation-api:jar:2.0.1.Final:provided
[DEBUG]       org.hibernate.validator:hibernate-validator:jar:6.2.0.Final:provided
[DEBUG]          jakarta.validation:jakarta.validation-api:jar:2.0.2:provided
[DEBUG]       mysql:mysql-connector-java:jar:8.0.30:provided
[DEBUG]          com.google.protobuf:protobuf-java:jar:3.19.4:provided
[DEBUG]       org.mariadb.jdbc:mariadb-java-client:jar:3.5.4:provided
[DEBUG]       org.postgresql:postgresql:jar:42.7.7:provided
[DEBUG]       org.codehaus.jackson:jackson-core-asl:jar:1.9.14-MULE-002:provided
[DEBUG]       org.codehaus.jackson:jackson-mapper-asl:jar:1.9.14-MULE-002:provided
[DEBUG]       com.fasterxml.jackson.core:jackson-core:jar:2.19.1:provided
[DEBUG]       com.fasterxml.jackson.core:jackson-annotations:jar:2.19.1:provided
[DEBUG]       com.fasterxml.jackson.core:jackson-databind:jar:2.19.1:provided
[DEBUG]       com.fasterxml.jackson.datatype:jackson-datatype-jsr310:jar:2.19.1:provided
[DEBUG]       com.fasterxml.jackson.datatype:jackson-datatype-hibernate5:jar:2.19.1:provided
[DEBUG]          javax.transaction:javax.transaction-api:jar:1.3:provided
[DEBUG]       org.codehaus.groovy:groovy-all:jar:2.4.21:provided
[DEBUG]       org.aspectj:aspectjrt:jar:1.9.24:provided
[DEBUG]       org.aspectj:aspectjweaver:jar:1.9.24:provided
[DEBUG]       joda-time:joda-time:jar:2.14.0:provided
[DEBUG]       javax.annotation:javax.annotation-api:jar:1.3.2:provided
[DEBUG]       com.sun.activation:javax.activation:jar:1.2.0:provided
[DEBUG]       jakarta.xml.bind:jakarta.xml.bind-api:jar:4.0.2:compile
[DEBUG]       com.google.guava:guava:jar:33.4.8-jre:provided
[DEBUG]          com.google.guava:failureaccess:jar:1.0.3:provided
[DEBUG]          com.google.guava:listenablefuture:jar:9999.0-empty-to-avoid-conflict-with-guava:provided
[DEBUG]          com.google.j2objc:j2objc-annotations:jar:3.0.0:provided
[DEBUG]       com.sun.mail:javax.mail:jar:1.6.2:provided
[DEBUG]       software.amazon.awssdk:s3:jar:2.31.50:provided
[DEBUG]          software.amazon.awssdk:aws-xml-protocol:jar:2.31.50:provided
[DEBUG]             software.amazon.awssdk:aws-query-protocol:jar:2.31.50:provided
[DEBUG]          software.amazon.awssdk:protocol-core:jar:2.31.50:provided
[DEBUG]          software.amazon.awssdk:arns:jar:2.31.50:provided
[DEBUG]          software.amazon.awssdk:profiles:jar:2.31.50:provided
[DEBUG]          software.amazon.awssdk:crt-core:jar:2.31.50:provided
[DEBUG]          software.amazon.awssdk:http-auth:jar:2.31.50:provided
[DEBUG]          software.amazon.awssdk:identity-spi:jar:2.31.50:provided
[DEBUG]          software.amazon.awssdk:http-auth-spi:jar:2.31.50:provided
[DEBUG]             org.reactivestreams:reactive-streams:jar:1.0.4:provided
[DEBUG]          software.amazon.awssdk:http-auth-aws:jar:2.31.50:provided
[DEBUG]          software.amazon.awssdk:checksums:jar:2.31.50:provided
[DEBUG]          software.amazon.awssdk:checksums-spi:jar:2.31.50:provided
[DEBUG]          software.amazon.awssdk:retries-spi:jar:2.31.50:provided
[DEBUG]          software.amazon.awssdk:sdk-core:jar:2.31.50:provided
[DEBUG]             software.amazon.awssdk:retries:jar:2.31.50:provided
[DEBUG]          software.amazon.awssdk:auth:jar:2.31.50:provided
[DEBUG]             software.amazon.awssdk:http-auth-aws-eventstream:jar:2.31.50:provided
[DEBUG]             software.amazon.eventstream:eventstream:jar:1.0.1:provided
[DEBUG]          software.amazon.awssdk:http-client-spi:jar:2.31.50:provided
[DEBUG]          software.amazon.awssdk:regions:jar:2.31.50:provided
[DEBUG]          software.amazon.awssdk:annotations:jar:2.31.50:provided
[DEBUG]          software.amazon.awssdk:utils:jar:2.31.50:provided
[DEBUG]          software.amazon.awssdk:aws-core:jar:2.31.50:provided
[DEBUG]          software.amazon.awssdk:metrics-spi:jar:2.31.50:provided
[DEBUG]          software.amazon.awssdk:json-utils:jar:2.31.50:provided
[DEBUG]             software.amazon.awssdk:third-party-jackson-core:jar:2.31.50:provided
[DEBUG]          software.amazon.awssdk:endpoints-spi:jar:2.31.50:provided
[DEBUG]          software.amazon.awssdk:apache-client:jar:2.31.50:provided
[DEBUG]          software.amazon.awssdk:netty-nio-client:jar:2.31.50:provided
[DEBUG]             io.netty:netty-codec-http2:jar:4.1.118.Final:provided
[DEBUG]       org.graalvm.js:js:jar:20.3.17:provided
[DEBUG]          org.graalvm.regex:regex:jar:20.3.17:provided
[DEBUG]          org.graalvm.truffle:truffle-api:jar:20.3.17:provided
[DEBUG]          org.graalvm.sdk:graal-sdk:jar:20.3.17:provided
[DEBUG]          com.ibm.icu:icu4j:jar:71.1:provided
[DEBUG]       org.graalvm.js:js-scriptengine:jar:20.3.17:provided
[DEBUG]       net.javacrumbs.shedlock:shedlock-spring:jar:4.48.0:provided
[DEBUG]          net.javacrumbs.shedlock:shedlock-core:jar:4.48.0:provided
[DEBUG]       net.javacrumbs.shedlock:shedlock-provider-jdbc-template:jar:4.48.0:provided
[DEBUG]       org.jobrunr:jobrunr:jar:6.3.5:provided
[DEBUG]          org.ow2.asm:asm:jar:9.5:provided
[DEBUG]    org.openmrs.api:openmrs-api:jar:tests:2.9.0-SNAPSHOT:test
[DEBUG]    org.openmrs.test:openmrs-test:pom:2.9.0-SNAPSHOT:test
[DEBUG]       org.springframework:spring-test:jar:5.3.30:test
[DEBUG]       com.h2database:h2:jar:1.4.200:test
[DEBUG]       junit:junit:jar:4.13.2:test
[DEBUG]       org.junit.jupiter:junit-jupiter-api:jar:5.11.4:test
[DEBUG]          org.opentest4j:opentest4j:jar:1.3.0:test
[DEBUG]          org.junit.platform:junit-platform-commons:jar:1.11.4:test
[DEBUG]          org.apiguardian:apiguardian-api:jar:1.1.2:test
[DEBUG]       org.junit.jupiter:junit-jupiter-engine:jar:5.11.4:test
[DEBUG]          org.junit.platform:junit-platform-engine:jar:1.11.4:test
[DEBUG]       org.junit.vintage:junit-vintage-engine:jar:5.11.4:test
[DEBUG]       org.junit.jupiter:junit-jupiter-params:jar:5.11.4:test
[DEBUG]       org.dbunit:dbunit:jar:3.0.0:test
[DEBUG]          org.junit.platform:junit-platform-suite-engine:jar:1.10.1:test
[DEBUG]             org.junit.platform:junit-platform-suite-api:jar:1.10.1:test
[DEBUG]             org.junit.platform:junit-platform-suite-commons:jar:1.10.1:test
[DEBUG]                org.junit.platform:junit-platform-launcher:jar:1.10.1:test
[DEBUG]       org.mockito:mockito-core:jar:5.6.0:test
[DEBUG]          org.objenesis:objenesis:jar:3.3:test
[DEBUG]       org.mockito:mockito-junit-jupiter:jar:5.6.0:test
[DEBUG]       org.hamcrest:hamcrest-core:jar:3.0:test
[DEBUG]       org.hamcrest:hamcrest:jar:3.0:test
[DEBUG]       org.testcontainers:testcontainers:jar:2.0.3:test
[DEBUG]          org.apache.commons:commons-compress:jar:1.28.0:test
[DEBUG]          org.rnorth.duct-tape:duct-tape:jar:1.0.8:test
[DEBUG]             org.jetbrains:annotations:jar:17.0.0:test
[DEBUG]          com.github.docker-java:docker-java-api:jar:3.7.0:test
[DEBUG]          com.github.docker-java:docker-java-transport-zerodep:jar:3.7.0:test
[DEBUG]             com.github.docker-java:docker-java-transport:jar:3.7.0:test
[DEBUG]             net.java.dev.jna:jna:jar:5.18.1:test
[DEBUG]       org.testcontainers:postgresql:jar:1.21.3:test
[DEBUG]          org.testcontainers:jdbc:jar:1.21.3:test
[DEBUG]             org.testcontainers:database-commons:jar:1.21.3:test
[DEBUG]       org.testcontainers:mysql:jar:1.21.3:test
[DEBUG]       org.testcontainers:mariadb:jar:1.21.3:test
[DEBUG]       org.testcontainers:junit-jupiter:jar:1.21.3:test
[DEBUG]       com.adobe.testing:s3mock-testcontainers:jar:2.17.0:test
[DEBUG]          com.adobe.testing:s3mock-docker:pom:2.17.0:test
[INFO] 
[INFO] --- clean:3.2.0:clean (default-clean) @ artemis-api ---
[DEBUG] Loading mojo org.apache.maven.plugins:maven-clean-plugin:3.2.0:clean from plugin realm ClassRealm[plugin>org.apache.maven.plugins:maven-clean-plugin:3.2.0, parent: jdk.internal.loader.ClassLoaders$AppClassLoader@2c854dc5]
[DEBUG] Configuring mojo execution 'org.apache.maven.plugins:maven-clean-plugin:3.2.0:clean:default-clean' with basic configurator -->
[DEBUG]   (f) directory = /Users/rafal/workspace/openmrs-module-artemis/api/target
[DEBUG]   (f) excludeDefaultDirectories = false
[DEBUG]   (f) failOnError = true
[DEBUG]   (f) fast = false
[DEBUG]   (f) fastMode = background
[DEBUG]   (f) followSymLinks = false
[DEBUG]   (f) outputDirectory = /Users/rafal/workspace/openmrs-module-artemis/api/target/classes
[DEBUG]   (f) reportDirectory = /Users/rafal/workspace/openmrs-module-artemis/api/target/classes
[DEBUG]   (f) retryOnError = true
[DEBUG]   (f) session = org.apache.maven.execution.MavenSession@63b3ee82
[DEBUG]   (f) skip = false
[DEBUG]   (f) testOutputDirectory = /Users/rafal/workspace/openmrs-module-artemis/api/target/test-classes
[DEBUG] -- end configuration --
[INFO] Deleting /Users/rafal/workspace/openmrs-module-artemis/api/target
[INFO] Deleting file /Users/rafal/workspace/openmrs-module-artemis/api/target/surefire-reports/TEST-org.openmrs.module.artemis.ArtemisTest.xml
[INFO] Deleting file /Users/rafal/workspace/openmrs-module-artemis/api/target/surefire-reports/TEST-org.openmrs.module.artemis.ArtemisEventListenerTest.xml
[INFO] Deleting file /Users/rafal/workspace/openmrs-module-artemis/api/target/surefire-reports/org.openmrs.module.artemis.ArtemisTest.txt
[INFO] Deleting file /Users/rafal/workspace/openmrs-module-artemis/api/target/surefire-reports/org.openmrs.module.artemis.ArtemisEventListenerTest.txt
[INFO] Deleting directory /Users/rafal/workspace/openmrs-module-artemis/api/target/surefire-reports
[INFO] Deleting file /Users/rafal/workspace/openmrs-module-artemis/api/target/artemis-api-1.0.0-SNAPSHOT.jar
[INFO] Deleting directory /Users/rafal/workspace/openmrs-module-artemis/api/target/generated-test-sources/test-annotations
[INFO] Deleting directory /Users/rafal/workspace/openmrs-module-artemis/api/target/generated-test-sources
[INFO] Deleting file /Users/rafal/workspace/openmrs-module-artemis/api/target/maven-archiver/pom.properties
[INFO] Deleting directory /Users/rafal/workspace/openmrs-module-artemis/api/target/maven-archiver
[INFO] Deleting file /Users/rafal/workspace/openmrs-module-artemis/api/target/maven-status/maven-compiler-plugin/compile/default-compile/createdFiles.lst
[INFO] Deleting file /Users/rafal/workspace/openmrs-module-artemis/api/target/maven-status/maven-compiler-plugin/compile/default-compile/inputFiles.lst
[INFO] Deleting directory /Users/rafal/workspace/openmrs-module-artemis/api/target/maven-status/maven-compiler-plugin/compile/default-compile
[INFO] Deleting directory /Users/rafal/workspace/openmrs-module-artemis/api/target/maven-status/maven-compiler-plugin/compile
[INFO] Deleting file /Users/rafal/workspace/openmrs-module-artemis/api/target/maven-status/maven-compiler-plugin/testCompile/default-testCompile/createdFiles.lst
[INFO] Deleting file /Users/rafal/workspace/openmrs-module-artemis/api/target/maven-status/maven-compiler-plugin/testCompile/default-testCompile/inputFiles.lst
[INFO] Deleting directory /Users/rafal/workspace/openmrs-module-artemis/api/target/maven-status/maven-compiler-plugin/testCompile/default-testCompile
[INFO] Deleting directory /Users/rafal/workspace/openmrs-module-artemis/api/target/maven-status/maven-compiler-plugin/testCompile
[INFO] Deleting directory /Users/rafal/workspace/openmrs-module-artemis/api/target/maven-status/maven-compiler-plugin
[INFO] Deleting directory /Users/rafal/workspace/openmrs-module-artemis/api/target/maven-status
[INFO] Deleting file /Users/rafal/workspace/openmrs-module-artemis/api/target/artemis-api-1.0.0-SNAPSHOT-tests.jar
[INFO] Deleting file /Users/rafal/workspace/openmrs-module-artemis/api/target/maven-java-formatter-cache.properties
[INFO] Deleting file /Users/rafal/workspace/openmrs-module-artemis/api/target/classes/messages.properties
[INFO] Deleting file /Users/rafal/workspace/openmrs-module-artemis/api/target/classes/messages_es.properties
[INFO] Deleting file /Users/rafal/workspace/openmrs-module-artemis/api/target/classes/liquibase.xml
[INFO] Deleting file /Users/rafal/workspace/openmrs-module-artemis/api/target/classes/console.war
[INFO] Deleting file /Users/rafal/workspace/openmrs-module-artemis/api/target/classes/org/openmrs/module/artemis/Artemis$1.class
[INFO] Deleting file /Users/rafal/workspace/openmrs-module-artemis/api/target/classes/org/openmrs/module/artemis/jaas/RolePrincipal.class
[INFO] Deleting file /Users/rafal/workspace/openmrs-module-artemis/api/target/classes/org/openmrs/module/artemis/jaas/UserPrincipal.class
[INFO] Deleting file /Users/rafal/workspace/openmrs-module-artemis/api/target/classes/org/openmrs/module/artemis/jaas/ProgrammaticJaasConfiguration.class
[INFO] Deleting file /Users/rafal/workspace/openmrs-module-artemis/api/target/classes/org/openmrs/module/artemis/jaas/InMemoryLoginModule.class
[INFO] Deleting directory /Users/rafal/workspace/openmrs-module-artemis/api/target/classes/org/openmrs/module/artemis/jaas
[INFO] Deleting file /Users/rafal/workspace/openmrs-module-artemis/api/target/classes/org/openmrs/module/artemis/ArtemisConfig.class
[INFO] Deleting file /Users/rafal/workspace/openmrs-module-artemis/api/target/classes/org/openmrs/module/artemis/ArtemisActivator.class
[INFO] Deleting file /Users/rafal/workspace/openmrs-module-artemis/api/target/classes/org/openmrs/module/artemis/Artemis.class
[INFO] Deleting file /Users/rafal/workspace/openmrs-module-artemis/api/target/classes/org/openmrs/module/artemis/ArtemisProperties.class
[INFO] Deleting file /Users/rafal/workspace/openmrs-module-artemis/api/target/classes/org/openmrs/module/artemis/ArtemisException.class
[INFO] Deleting file /Users/rafal/workspace/openmrs-module-artemis/api/target/classes/org/openmrs/module/artemis/ArtemisEventListener.class
[INFO] Deleting directory /Users/rafal/workspace/openmrs-module-artemis/api/target/classes/org/openmrs/module/artemis
[INFO] Deleting directory /Users/rafal/workspace/openmrs-module-artemis/api/target/classes/org/openmrs/module
[INFO] Deleting directory /Users/rafal/workspace/openmrs-module-artemis/api/target/classes/org/openmrs
[INFO] Deleting directory /Users/rafal/workspace/openmrs-module-artemis/api/target/classes/org
[INFO] Deleting file /Users/rafal/workspace/openmrs-module-artemis/api/target/classes/messages_fr.properties
[INFO] Deleting directory /Users/rafal/workspace/openmrs-module-artemis/api/target/classes
[INFO] Deleting directory /Users/rafal/workspace/openmrs-module-artemis/api/target/generated-sources/annotations
[INFO] Deleting directory /Users/rafal/workspace/openmrs-module-artemis/api/target/generated-sources
[INFO] Deleting file /Users/rafal/workspace/openmrs-module-artemis/api/target/test-classes/org/openmrs/module/artemis/ArtemisEventListenerTest.class
[INFO] Deleting file /Users/rafal/workspace/openmrs-module-artemis/api/target/test-classes/org/openmrs/module/artemis/ArtemisTest.class
[INFO] Deleting directory /Users/rafal/workspace/openmrs-module-artemis/api/target/test-classes/org/openmrs/module/artemis
[INFO] Deleting directory /Users/rafal/workspace/openmrs-module-artemis/api/target/test-classes/org/openmrs/module
[INFO] Deleting directory /Users/rafal/workspace/openmrs-module-artemis/api/target/test-classes/org/openmrs
[INFO] Deleting directory /Users/rafal/workspace/openmrs-module-artemis/api/target/test-classes/org
[INFO] Deleting directory /Users/rafal/workspace/openmrs-module-artemis/api/target/test-classes
[INFO] Deleting directory /Users/rafal/workspace/openmrs-module-artemis/api/target
[DEBUG] Skipping non-existing directory /Users/rafal/workspace/openmrs-module-artemis/api/target/classes
[DEBUG] Skipping non-existing directory /Users/rafal/workspace/openmrs-module-artemis/api/target/test-classes
[DEBUG] Skipping non-existing directory /Users/rafal/workspace/openmrs-module-artemis/api/target/classes
[INFO] 
[INFO] --- buildnumber:1.1:create (default) @ artemis-api ---
[DEBUG] Loading mojo org.codehaus.mojo:buildnumber-maven-plugin:1.1:create from plugin realm ClassRealm[plugin>org.codehaus.mojo:buildnumber-maven-plugin:1.1, parent: jdk.internal.loader.ClassLoaders$AppClassLoader@2c854dc5]
[DEBUG] Configuring mojo execution 'org.codehaus.mojo:buildnumber-maven-plugin:1.1:create:default' with basic configurator -->
[DEBUG]   (s) buildNumberPropertiesFileLocation = /Users/rafal/workspace/openmrs-module-artemis/api/buildNumber.properties
[DEBUG]   (f) buildNumberPropertyName = revisionNumber
[DEBUG]   (s) doCheck = false
[DEBUG]   (s) doUpdate = false
[DEBUG]   (f) getRevisionOnlyOnce = true
[DEBUG]   (f) project = MavenProject: org.openmrs.module:artemis-api:1.0.0-SNAPSHOT @ /Users/rafal/workspace/openmrs-module-artemis/api/pom.xml
[DEBUG]   (f) reactorProjects = [MavenProject: org.openmrs.module:artemis:1.0.0-SNAPSHOT @ /Users/rafal/workspace/openmrs-module-artemis/pom.xml, MavenProject: org.openmrs.module:artemis-api:1.0.0-SNAPSHOT @ /Users/rafal/workspace/openmrs-module-artemis/api/pom.xml, MavenProject: org.openmrs.module:artemis-omod:1.0.0-SNAPSHOT @ /Users/rafal/workspace/openmrs-module-artemis/omod/pom.xml]
[DEBUG]   (f) readUrlScm = scm:git:git@github.com:openmrs/openmrs-module-debezium.git/artemis-api
[DEBUG]   (s) revisionOnScmFailure = 0
[DEBUG]   (f) scmBranchPropertyName = scmBranch
[DEBUG]   (s) scmDirectory = /Users/rafal/workspace/openmrs-module-artemis/api
[DEBUG]   (f) session = org.apache.maven.execution.MavenSession@63b3ee82
[DEBUG]   (s) shortRevisionLength = 6
[DEBUG]   (f) timestampPropertyName = timestamp
[DEBUG]   (s) urlScm = scm:git:git@github.com:openmrs/openmrs-module-debezium.git/artemis-api
[DEBUG]   (f) useLastCommittedRevision = false
[DEBUG] -- end configuration --
[DEBUG] Revision available from previous execution
[INFO] 
[INFO] --- java-formatter:0.4:format (default) @ artemis-api ---
[DEBUG] Loading mojo com.googlecode.maven-java-formatter-plugin:maven-java-formatter-plugin:0.4:format from plugin realm ClassRealm[plugin>com.googlecode.maven-java-formatter-plugin:maven-java-formatter-plugin:0.4, parent: jdk.internal.loader.ClassLoaders$AppClassLoader@2c854dc5]
[DEBUG] Configuring mojo execution 'com.googlecode.maven-java-formatter-plugin:maven-java-formatter-plugin:0.4:format:default' with basic configurator -->
[DEBUG]   (f) basedir = /Users/rafal/workspace/openmrs-module-artemis/api
[DEBUG]   (f) compilerCompliance = 1.5
[DEBUG]   (f) compilerSource = 1.5
[DEBUG]   (f) compilerTargetPlatform = 1.5
[DEBUG]   (f) configFile = eclipse/OpenMRSFormatter.xml
[DEBUG]   (f) encoding = UTF-8
[DEBUG]   (f) lineEnding = LF
[DEBUG]   (f) overrideConfigCompilerVersion = true
[DEBUG]   (f) sourceDirectory = /Users/rafal/workspace/openmrs-module-artemis/api/src/main/java
[DEBUG]   (f) targetDirectory = /Users/rafal/workspace/openmrs-module-artemis/api/target
[DEBUG]   (f) testSourceDirectory = /Users/rafal/workspace/openmrs-module-artemis/api/src/test/java
[DEBUG] -- end configuration --
[INFO] Using 'UTF-8' encoding to format source files.
[INFO] Number of files to be formatted: 12
[DEBUG] The resource 'eclipse/OpenMRSFormatter.xml' was not found with resourceLoader org.codehaus.plexus.resource.loader.FileResourceLoader.
[DEBUG] The resource 'eclipse/OpenMRSFormatter.xml' was found as jar:file:/Users/rafal/.m2/repository/org/openmrs/tools/openmrs-tools/2.0.0/openmrs-tools-2.0.0.jar!/eclipse/OpenMRSFormatter.xml.
[DEBUG] Processing file: /Users/rafal/workspace/openmrs-module-artemis/api/src/main/java/org/openmrs/module/artemis/ArtemisConfig.java
[DEBUG] Equal hash code. Not writing result to file.
[DEBUG] Processing file: /Users/rafal/workspace/openmrs-module-artemis/api/src/main/java/org/openmrs/module/artemis/Artemis.java
[DEBUG] Equal hash code. Not writing result to file.
[DEBUG] Processing file: /Users/rafal/workspace/openmrs-module-artemis/api/src/main/java/org/openmrs/module/artemis/ArtemisException.java
[DEBUG] Equal hash code. Not writing result to file.
[DEBUG] Processing file: /Users/rafal/workspace/openmrs-module-artemis/api/src/main/java/org/openmrs/module/artemis/ArtemisEventListener.java
[DEBUG] Code cannot be formatted. Possible cause is unmatched source/target/compliance version.
[DEBUG] Processing file: /Users/rafal/workspace/openmrs-module-artemis/api/src/main/java/org/openmrs/module/artemis/jaas/InMemoryLoginModule.java
[DEBUG] Code cannot be formatted. Possible cause is unmatched source/target/compliance version.
[DEBUG] Processing file: /Users/rafal/workspace/openmrs-module-artemis/api/src/main/java/org/openmrs/module/artemis/jaas/UserPrincipal.java
[DEBUG] Equal hash code. Not writing result to file.
[DEBUG] Processing file: /Users/rafal/workspace/openmrs-module-artemis/api/src/main/java/org/openmrs/module/artemis/jaas/RolePrincipal.java
[DEBUG] Equal hash code. Not writing result to file.
[DEBUG] Processing file: /Users/rafal/workspace/openmrs-module-artemis/api/src/main/java/org/openmrs/module/artemis/jaas/ProgrammaticJaasConfiguration.java
[DEBUG] Equal hash code. Not writing result to file.
[DEBUG] Processing file: /Users/rafal/workspace/openmrs-module-artemis/api/src/main/java/org/openmrs/module/artemis/ArtemisProperties.java
[DEBUG] Equal hash code. Not writing result to file.
[DEBUG] Processing file: /Users/rafal/workspace/openmrs-module-artemis/api/src/main/java/org/openmrs/module/artemis/ArtemisActivator.java
[DEBUG] Equal hash code. Not writing result to file.
[DEBUG] Processing file: /Users/rafal/workspace/openmrs-module-artemis/api/src/test/java/org/openmrs/module/artemis/ArtemisTest.java
[DEBUG] Equal hash code. Not writing result to file.
[DEBUG] Processing file: /Users/rafal/workspace/openmrs-module-artemis/api/src/test/java/org/openmrs/module/artemis/ArtemisEventListenerTest.java
[DEBUG] Equal hash code. Not writing result to file.
[INFO] Successfully formatted: 0 file(s)
[INFO] Fail to format        : 0 file(s)
[INFO] Skipped               : 12 file(s)
[INFO] Approximate time taken: 0s
[INFO] 
[INFO] --- dependency:3.7.0:unpack-dependencies (Expand resources) @ artemis-api ---
[DEBUG] Dependency collection stats {ConflictMarker.analyzeTime=147084, ConflictMarker.markTime=42250, ConflictMarker.nodeCount=157, ConflictIdSorter.graphTime=52959, ConflictIdSorter.topsortTime=25291, ConflictIdSorter.conflictIdCount=61, ConflictIdSorter.conflictIdCycleCount=0, ConflictResolver.totalTime=1257042, ConflictResolver.conflictItemCount=120, DfDependencyCollector.collectTime=73676625, DfDependencyCollector.transformTime=1550916}
[DEBUG] org.apache.maven.plugins:maven-dependency-plugin:jar:3.7.0
[DEBUG]    org.apache.maven.doxia:doxia-sink-api:jar:1.12.0:compile
[DEBUG]       org.apache.maven.doxia:doxia-logging-api:jar:1.12.0:compile
[DEBUG]    org.apache.maven.reporting:maven-reporting-api:jar:3.1.1:compile
[DEBUG]    org.apache.maven.reporting:maven-reporting-impl:jar:3.2.0:compile
[DEBUG]       org.apache.maven.doxia:doxia-decoration-model:jar:1.11.1:compile
[DEBUG]       org.apache.maven.doxia:doxia-core:jar:1.11.1:compile
[DEBUG]          org.apache.commons:commons-lang3:jar:3.8.1:compile
[DEBUG]          org.apache.commons:commons-text:jar:1.12.0:compile (version managed from default)
[DEBUG]          org.apache.httpcomponents:httpclient:jar:4.5.13:compile
[DEBUG]             commons-logging:commons-logging:jar:1.2:compile
[DEBUG]          org.apache.httpcomponents:httpcore:jar:4.4.14:compile
[DEBUG]       org.apache.maven.doxia:doxia-integration-tools:jar:1.11.1:compile
[DEBUG]          org.codehaus.plexus:plexus-interpolation:jar:1.26:compile
[DEBUG]       org.apache.maven.doxia:doxia-site-renderer:jar:1.11.1:compile
[DEBUG]          org.apache.maven.doxia:doxia-skin-model:jar:1.11.1:compile
[DEBUG]          org.apache.maven.doxia:doxia-module-xhtml:jar:1.11.1:compile
[DEBUG]          org.apache.maven.doxia:doxia-module-xhtml5:jar:1.11.1:compile
[DEBUG]          org.codehaus.plexus:plexus-velocity:jar:1.2:compile
[DEBUG]          org.apache.velocity:velocity:jar:1.7:compile
[DEBUG]             commons-lang:commons-lang:jar:2.4:compile
[DEBUG]          org.apache.velocity:velocity-tools:jar:2.0:compile
[DEBUG]             commons-beanutils:commons-beanutils:jar:1.7.0:compile
[DEBUG]             commons-digester:commons-digester:jar:1.8:compile
[DEBUG]             commons-chain:commons-chain:jar:1.1:compile
[DEBUG]             dom4j:dom4j:jar:1.1:compile
[DEBUG]             oro:oro:jar:2.0.8:compile
[DEBUG]          commons-collections:commons-collections:jar:3.2.2:compile
[DEBUG]    org.codehaus.plexus:plexus-archiver:jar:4.9.2:compile
[DEBUG]       javax.inject:javax.inject:jar:1:compile
[DEBUG]       commons-io:commons-io:jar:2.15.1:compile
[DEBUG]       org.apache.commons:commons-compress:jar:1.26.1:compile
[DEBUG]       commons-codec:commons-codec:jar:1.16.1:compile
[DEBUG]       org.iq80.snappy:snappy:jar:0.4:compile
[DEBUG]       org.tukaani:xz:jar:1.9:runtime
[DEBUG]       com.github.luben:zstd-jni:jar:1.5.5-11:runtime
[DEBUG]    org.codehaus.plexus:plexus-utils:jar:4.0.1:compile
[DEBUG]    org.codehaus.plexus:plexus-xml:jar:3.0.0:compile
[DEBUG]    org.codehaus.plexus:plexus-io:jar:3.4.2:compile
[DEBUG]    org.codehaus.plexus:plexus-i18n:jar:1.0-beta-10:compile
[DEBUG]    org.apache.maven.shared:maven-dependency-analyzer:jar:1.14.1:compile
[DEBUG]       org.ow2.asm:asm:jar:9.7:compile
[DEBUG]    org.apache.maven.shared:maven-dependency-tree:jar:3.3.0:compile
[DEBUG]    org.apache.maven.shared:maven-common-artifact-filters:jar:3.3.2:compile
[DEBUG]    org.apache.maven.shared:maven-artifact-transfer:jar:0.13.1:compile
[DEBUG]       org.codehaus.plexus:plexus-component-annotations:jar:2.0.0:compile
[DEBUG]    org.apache.maven.shared:maven-shared-utils:jar:3.4.2:compile
[DEBUG]    org.apache.maven.resolver:maven-resolver-util:jar:1.4.1:compile
[DEBUG]       org.apache.maven.resolver:maven-resolver-api:jar:1.4.1:compile
[DEBUG]    org.sonatype.plexus:plexus-build-api:jar:0.0.7:compile
[DEBUG]    org.slf4j:slf4j-api:jar:1.7.36:compile
[DEBUG] Created new class realm plugin>org.apache.maven.plugins:maven-dependency-plugin:3.7.0
[DEBUG] Importing foreign packages into class realm plugin>org.apache.maven.plugins:maven-dependency-plugin:3.7.0
[DEBUG]   Imported:  < maven.api
[DEBUG] Populating class realm plugin>org.apache.maven.plugins:maven-dependency-plugin:3.7.0
[DEBUG]   Included: org.apache.maven.plugins:maven-dependency-plugin:jar:3.7.0
[DEBUG]   Included: org.apache.maven.doxia:doxia-sink-api:jar:1.12.0
[DEBUG]   Included: org.apache.maven.doxia:doxia-logging-api:jar:1.12.0
[DEBUG]   Included: org.apache.maven.reporting:maven-reporting-api:jar:3.1.1
[DEBUG]   Included: org.apache.maven.reporting:maven-reporting-impl:jar:3.2.0
[DEBUG]   Included: org.apache.maven.doxia:doxia-decoration-model:jar:1.11.1
[DEBUG]   Included: org.apache.maven.doxia:doxia-core:jar:1.11.1
[DEBUG]   Included: org.apache.commons:commons-lang3:jar:3.8.1
[DEBUG]   Included: org.apache.commons:commons-text:jar:1.12.0
[DEBUG]   Included: org.apache.httpcomponents:httpclient:jar:4.5.13
[DEBUG]   Included: commons-logging:commons-logging:jar:1.2
[DEBUG]   Included: org.apache.httpcomponents:httpcore:jar:4.4.14
[DEBUG]   Included: org.apache.maven.doxia:doxia-integration-tools:jar:1.11.1
[DEBUG]   Included: org.codehaus.plexus:plexus-interpolation:jar:1.26
[DEBUG]   Included: org.apache.maven.doxia:doxia-site-renderer:jar:1.11.1
[DEBUG]   Included: org.apache.maven.doxia:doxia-skin-model:jar:1.11.1
[DEBUG]   Included: org.apache.maven.doxia:doxia-module-xhtml:jar:1.11.1
[DEBUG]   Included: org.apache.maven.doxia:doxia-module-xhtml5:jar:1.11.1
[DEBUG]   Included: org.codehaus.plexus:plexus-velocity:jar:1.2
[DEBUG]   Included: org.apache.velocity:velocity:jar:1.7
[DEBUG]   Included: commons-lang:commons-lang:jar:2.4
[DEBUG]   Included: org.apache.velocity:velocity-tools:jar:2.0
[DEBUG]   Included: commons-beanutils:commons-beanutils:jar:1.7.0
[DEBUG]   Included: commons-digester:commons-digester:jar:1.8
[DEBUG]   Included: commons-chain:commons-chain:jar:1.1
[DEBUG]   Included: dom4j:dom4j:jar:1.1
[DEBUG]   Included: oro:oro:jar:2.0.8
[DEBUG]   Included: commons-collections:commons-collections:jar:3.2.2
[DEBUG]   Included: org.codehaus.plexus:plexus-archiver:jar:4.9.2
[DEBUG]   Included: commons-io:commons-io:jar:2.15.1
[DEBUG]   Included: org.apache.commons:commons-compress:jar:1.26.1
[DEBUG]   Included: commons-codec:commons-codec:jar:1.16.1
[DEBUG]   Included: org.iq80.snappy:snappy:jar:0.4
[DEBUG]   Included: org.tukaani:xz:jar:1.9
[DEBUG]   Included: com.github.luben:zstd-jni:jar:1.5.5-11
[DEBUG]   Included: org.codehaus.plexus:plexus-utils:jar:4.0.1
[DEBUG]   Included: org.codehaus.plexus:plexus-xml:jar:3.0.0
[DEBUG]   Included: org.codehaus.plexus:plexus-io:jar:3.4.2
[DEBUG]   Included: org.codehaus.plexus:plexus-i18n:jar:1.0-beta-10
[DEBUG]   Included: org.apache.maven.shared:maven-dependency-analyzer:jar:1.14.1
[DEBUG]   Included: org.ow2.asm:asm:jar:9.7
[DEBUG]   Included: org.apache.maven.shared:maven-dependency-tree:jar:3.3.0
[DEBUG]   Included: org.apache.maven.shared:maven-common-artifact-filters:jar:3.3.2
[DEBUG]   Included: org.apache.maven.shared:maven-artifact-transfer:jar:0.13.1
[DEBUG]   Included: org.codehaus.plexus:plexus-component-annotations:jar:2.0.0
[DEBUG]   Included: org.apache.maven.shared:maven-shared-utils:jar:3.4.2
[DEBUG]   Included: org.sonatype.plexus:plexus-build-api:jar:0.0.7
[DEBUG] Loading mojo org.apache.maven.plugins:maven-dependency-plugin:3.7.0:unpack-dependencies from plugin realm ClassRealm[plugin>org.apache.maven.plugins:maven-dependency-plugin:3.7.0, parent: jdk.internal.loader.ClassLoaders$AppClassLoader@2c854dc5]
[DEBUG] Configuring mojo execution 'org.apache.maven.plugins:maven-dependency-plugin:3.7.0:unpack-dependencies:Expand resources' with basic configurator -->
[DEBUG]   (f) excludeTransitive = false
[DEBUG]   (s) failOnMissingClassifierArtifact = false
[DEBUG]   (s) fileMappers = []
[DEBUG]   (f) ignorePermissions = false
[DEBUG]   (f) includeArtifactIds = artemis-api,artemis-omod,artemis-omod-common
[DEBUG]   (f) includeGroupIds = org.openmrs.module
[DEBUG]   (f) includeScope = compile
[DEBUG]   (s) includes = *.xml,*.properties
[DEBUG]   (s) markersDirectory = /Users/rafal/workspace/openmrs-module-artemis/api/target/dependency-maven-plugin-markers
[DEBUG]   (s) outputDirectory = /Users/rafal/workspace/openmrs-module-artemis/api/target/classes
[DEBUG]   (f) overWriteIfNewer = true
[DEBUG]   (f) overWriteReleases = false
[DEBUG]   (f) overWriteSnapshots = false
[DEBUG]   (s) prependGroupId = false
[DEBUG]   (f) reactorProjects = [MavenProject: org.openmrs.module:artemis:1.0.0-SNAPSHOT @ /Users/rafal/workspace/openmrs-module-artemis/pom.xml, MavenProject: org.openmrs.module:artemis-api:1.0.0-SNAPSHOT @ /Users/rafal/workspace/openmrs-module-artemis/api/pom.xml, MavenProject: org.openmrs.module:artemis-omod:1.0.0-SNAPSHOT @ /Users/rafal/workspace/openmrs-module-artemis/omod/pom.xml]
[DEBUG]   (f) remotePluginRepositories = [      id: openmrs-repo
      url: https://mavenrepo.openmrs.org/public
   layout: default
snapshots: [enabled => false, update => daily]
 releases: [enabled => true, update => daily]
   blocked: false
,       id: central
      url: https://repo.maven.apache.org/maven2
   layout: default
snapshots: [enabled => false, update => daily]
 releases: [enabled => true, update => daily]
   blocked: false
]
[DEBUG]   (f) remoteRepositories = [      id: openmrs-repo
      url: https://mavenrepo.openmrs.org/public
   layout: default
snapshots: [enabled => true, update => daily]
 releases: [enabled => true, update => daily]
   blocked: false
,       id: archetype
      url: https://mavenrepo.openmrs.org/public
   layout: default
snapshots: [enabled => true, update => daily]
 releases: [enabled => true, update => daily]
   blocked: false
,       id: openmrs-repo-thirdparty
      url: https://mavenrepo.openmrs.org/thirdparty
   layout: default
snapshots: [enabled => true, update => daily]
 releases: [enabled => true, update => daily]
   blocked: false
,       id: mks-nexus-public
      url: https://nexus.mekomsolutions.net/repository/maven-public
   layout: default
snapshots: [enabled => true, update => daily]
 releases: [enabled => true, update => daily]
   blocked: false
,       id: sonatype-central-snapshots
      url: https://central.sonatype.com/repository/maven-snapshots
   layout: default
snapshots: [enabled => true, update => daily]
 releases: [enabled => true, update => daily]
   blocked: false
,       id: sonatype-nexus
      url: https://oss.sonatype.org/content/repositories/releases/
   layout: default
snapshots: [enabled => true, update => daily]
 releases: [enabled => true, update => daily]
   blocked: false
,       id: central
      url: https://repo1.maven.org/maven2
   layout: default
snapshots: [enabled => true, update => daily]
 releases: [enabled => true, update => daily]
   blocked: false
]
[DEBUG]   (s) silent = false
[DEBUG]   (s) skip = false
[DEBUG]   (f) skipDuringIncrementalBuild = false
[DEBUG]   (f) stripClassifier = false
[DEBUG]   (s) stripType = false
[DEBUG]   (s) stripVersion = false
[DEBUG]   (s) useRepositoryLayout = false
[DEBUG]   (s) useSubDirectoryPerArtifact = false
[DEBUG]   (s) useSubDirectoryPerScope = false
[DEBUG]   (s) useSubDirectoryPerType = false
[DEBUG] -- end configuration --
[INFO] 
[INFO] --- dependency:3.7.0:copy (copy-artemis-console) @ artemis-api ---
[DEBUG] Loading mojo org.apache.maven.plugins:maven-dependency-plugin:3.7.0:copy from plugin realm ClassRealm[plugin>org.apache.maven.plugins:maven-dependency-plugin:3.7.0, parent: jdk.internal.loader.ClassLoaders$AppClassLoader@2c854dc5]
[DEBUG] Configuring mojo execution 'org.apache.maven.plugins:maven-dependency-plugin:3.7.0:copy:copy-artemis-console' with basic configurator -->
[DEBUG]   (s) groupId = org.apache.activemq
[DEBUG]   (s) artifactId = artemis-console
[DEBUG]   (s) version = 2.54.0
[DEBUG]   (s) type = war
[DEBUG]   (s) outputDirectory = /Users/rafal/workspace/openmrs-module-artemis/api/target/classes
[DEBUG]   (s) destFileName = console.war
[DEBUG]   (s) artifactItems = [org.apache.activemq:artemis-console:2.54.0:war]
[DEBUG]   (s) outputDirectory = /Users/rafal/workspace/openmrs-module-artemis/api/target/dependency
[DEBUG]   (f) overIfNewer = true
[DEBUG]   (s) overWriteIfNewer = true
[DEBUG]   (s) overWriteReleases = false
[DEBUG]   (s) overWriteSnapshots = false
[DEBUG]   (f) prependGroupId = false
[DEBUG]   (f) reactorProjects = [MavenProject: org.openmrs.module:artemis:1.0.0-SNAPSHOT @ /Users/rafal/workspace/openmrs-module-artemis/pom.xml, MavenProject: org.openmrs.module:artemis-api:1.0.0-SNAPSHOT @ /Users/rafal/workspace/openmrs-module-artemis/api/pom.xml, MavenProject: org.openmrs.module:artemis-omod:1.0.0-SNAPSHOT @ /Users/rafal/workspace/openmrs-module-artemis/omod/pom.xml]
[DEBUG]   (f) remotePluginRepositories = [      id: openmrs-repo
      url: https://mavenrepo.openmrs.org/public
   layout: default
snapshots: [enabled => false, update => daily]
 releases: [enabled => true, update => daily]
   blocked: false
,       id: central
      url: https://repo.maven.apache.org/maven2
   layout: default
snapshots: [enabled => false, update => daily]
 releases: [enabled => true, update => daily]
   blocked: false
]
[DEBUG]   (f) remoteRepositories = [      id: openmrs-repo
      url: https://mavenrepo.openmrs.org/public
   layout: default
snapshots: [enabled => true, update => daily]
 releases: [enabled => true, update => daily]
   blocked: false
,       id: archetype
      url: https://mavenrepo.openmrs.org/public
   layout: default
snapshots: [enabled => true, update => daily]
 releases: [enabled => true, update => daily]
   blocked: false
,       id: openmrs-repo-thirdparty
      url: https://mavenrepo.openmrs.org/thirdparty
   layout: default
snapshots: [enabled => true, update => daily]
 releases: [enabled => true, update => daily]
   blocked: false
,       id: mks-nexus-public
      url: https://nexus.mekomsolutions.net/repository/maven-public
   layout: default
snapshots: [enabled => true, update => daily]
 releases: [enabled => true, update => daily]
   blocked: false
,       id: sonatype-central-snapshots
      url: https://central.sonatype.com/repository/maven-snapshots
   layout: default
snapshots: [enabled => true, update => daily]
 releases: [enabled => true, update => daily]
   blocked: false
,       id: sonatype-nexus
      url: https://oss.sonatype.org/content/repositories/releases/
   layout: default
snapshots: [enabled => true, update => daily]
 releases: [enabled => true, update => daily]
   blocked: false
,       id: central
      url: https://repo1.maven.org/maven2
   layout: default
snapshots: [enabled => true, update => daily]
 releases: [enabled => true, update => daily]
   blocked: false
]
[DEBUG]   (s) silent = false
[DEBUG]   (s) skip = false
[DEBUG]   (f) skipDuringIncrementalBuild = false
[DEBUG]   (s) stripClassifier = false
[DEBUG]   (s) stripVersion = false
[DEBUG]   (s) useBaseVersion = false
[DEBUG] -- end configuration --
[INFO] Configured Artifact: org.apache.activemq:artemis-console:2.54.0:war
[INFO] Copying artifact 'org.apache.artemis:artemis-console:war:2.54.0' (/Users/rafal/.m2/repository/org/apache/artemis/artemis-console/2.54.0/artemis-console-2.54.0.war) to /Users/rafal/workspace/openmrs-module-artemis/api/target/classes/console.war
[INFO] 
[INFO] --- resources:3.3.1:resources (default-resources) @ artemis-api ---
[DEBUG] Dependency collection stats {ConflictMarker.analyzeTime=22458, ConflictMarker.markTime=12000, ConflictMarker.nodeCount=13, ConflictIdSorter.graphTime=10583, ConflictIdSorter.topsortTime=7000, ConflictIdSorter.conflictIdCount=9, ConflictIdSorter.conflictIdCycleCount=0, ConflictResolver.totalTime=112959, ConflictResolver.conflictItemCount=13, DfDependencyCollector.collectTime=3073542, DfDependencyCollector.transformTime=173125}
[DEBUG] org.apache.maven.plugins:maven-resources-plugin:jar:3.3.1
[DEBUG]    org.codehaus.plexus:plexus-interpolation:jar:1.26:runtime
[DEBUG]    org.codehaus.plexus:plexus-utils:jar:3.5.1:compile
[DEBUG]    org.apache.maven.shared:maven-filtering:jar:3.3.1:compile
[DEBUG]       javax.inject:javax.inject:jar:1:compile
[DEBUG]       org.slf4j:slf4j-api:jar:1.7.36:compile
[DEBUG]       org.sonatype.plexus:plexus-build-api:jar:0.0.7:compile
[DEBUG]    commons-io:commons-io:jar:2.11.0:compile
[DEBUG]    org.apache.commons:commons-lang3:jar:3.12.0:compile
[DEBUG] Created new class realm plugin>org.apache.maven.plugins:maven-resources-plugin:3.3.1
[DEBUG] Importing foreign packages into class realm plugin>org.apache.maven.plugins:maven-resources-plugin:3.3.1
[DEBUG]   Imported:  < maven.api
[DEBUG] Populating class realm plugin>org.apache.maven.plugins:maven-resources-plugin:3.3.1
[DEBUG]   Included: org.apache.maven.plugins:maven-resources-plugin:jar:3.3.1
[DEBUG]   Included: org.codehaus.plexus:plexus-interpolation:jar:1.26
[DEBUG]   Included: org.codehaus.plexus:plexus-utils:jar:3.5.1
[DEBUG]   Included: org.apache.maven.shared:maven-filtering:jar:3.3.1
[DEBUG]   Included: org.sonatype.plexus:plexus-build-api:jar:0.0.7
[DEBUG]   Included: commons-io:commons-io:jar:2.11.0
[DEBUG]   Included: org.apache.commons:commons-lang3:jar:3.12.0
[DEBUG] Loading mojo org.apache.maven.plugins:maven-resources-plugin:3.3.1:resources from plugin realm ClassRealm[plugin>org.apache.maven.plugins:maven-resources-plugin:3.3.1, parent: jdk.internal.loader.ClassLoaders$AppClassLoader@2c854dc5]
[DEBUG] Configuring mojo execution 'org.apache.maven.plugins:maven-resources-plugin:3.3.1:resources:default-resources' with basic configurator -->
[DEBUG]   (f) addDefaultExcludes = true
[DEBUG]   (f) buildFilters = []
[DEBUG]   (f) encoding = UTF-8
[DEBUG]   (f) escapeWindowsPaths = true
[DEBUG]   (f) fileNameFiltering = false
[DEBUG]   (s) includeEmptyDirs = false
[DEBUG]   (s) outputDirectory = /Users/rafal/workspace/openmrs-module-artemis/api/target/classes
[DEBUG]   (s) overwrite = false
[DEBUG]   (f) project = MavenProject: org.openmrs.module:artemis-api:1.0.0-SNAPSHOT @ /Users/rafal/workspace/openmrs-module-artemis/api/pom.xml
[DEBUG]   (s) resources = [Resource {targetPath: null, filtering: true, FileSet {directory: /Users/rafal/workspace/openmrs-module-artemis/api/src/main/resources, PatternSet [includes: {**/*.xml, **/*.txt, **/*.properties}, excludes: {}]}}, Resource {targetPath: null, filtering: false, FileSet {directory: /Users/rafal/workspace/openmrs-module-artemis/api/src/main/resources, PatternSet [includes: {}, excludes: {**/*.xml, **/*.txt, **/*.properties}]}}, Resource {targetPath: web/module, filtering: true, FileSet {directory: /Users/rafal/workspace/openmrs-module-artemis/api/src/main/webapp, PatternSet [includes: {**/*.xml, **/*.txt, **/*.properties}, excludes: {}]}}, Resource {targetPath: web/module, filtering: false, FileSet {directory: /Users/rafal/workspace/openmrs-module-artemis/api/src/main/webapp, PatternSet [includes: {}, excludes: {**/*.xml, **/*.txt, **/*.properties}]}}]
[DEBUG]   (f) session = org.apache.maven.execution.MavenSession@63b3ee82
[DEBUG]   (f) skip = false
[DEBUG]   (f) supportMultiLineFiltering = false
[DEBUG]   (f) useBuildFilters = true
[DEBUG]   (s) useDefaultDelimiters = true
[DEBUG] -- end configuration --
[DEBUG] properties used:
[DEBUG] MODULE_ID: artemis
[DEBUG] MODULE_NAME: ${project.parent.name}
[DEBUG] MODULE_PACKAGE: org.openmrs.module.artemis
[DEBUG] MODULE_VERSION: 1.0.0-SNAPSHOT
[DEBUG] apple.awt.application.name: Launcher
[DEBUG] artemisVersion: 2.54.0
[DEBUG] classworlds.conf: /opt/homebrew/Cellar/maven/3.9.9/libexec/bin/m2.conf
[DEBUG] env.COLORTERM: truecolor
[DEBUG] env.COPILOT_AGENT_SESSION_ID: 16e1e3c7-9bf4-4332-9b17-70970a82c0fb
[DEBUG] env.COPILOT_CLI: 1
[DEBUG] env.COPILOT_CLI_BINARY_VERSION: 1.0.68
[DEBUG] env.COPILOT_LOADER_PID: 42636
[DEBUG] env.FPATH: /Users/rafal/.docker/completions:/opt/homebrew/share/zsh/site-functions:/usr/local/share/zsh/site-functions:/usr/share/zsh/site-functions:/usr/share/zsh/5.9/functions
[DEBUG] env.GIT_CONFIG_COUNT: 1
[DEBUG] env.GIT_CONFIG_KEY_0: safe.bareRepository
[DEBUG] env.GIT_CONFIG_VALUE_0: explicit
[DEBUG] env.HOME: /Users/rafal
[DEBUG] env.HOMEBREW_CELLAR: /opt/homebrew/Cellar
[DEBUG] env.HOMEBREW_PREFIX: /opt/homebrew
[DEBUG] env.HOMEBREW_REPOSITORY: /opt/homebrew
[DEBUG] env.INFOPATH: /opt/homebrew/share/info:
[DEBUG] env.JAVA_HOME: /Users/rafal/.jenv/versions/21.0
[DEBUG] env.JDK_HOME: /Users/rafal/.jenv/versions/21.0
[DEBUG] env.JENV_FORCEJAVAHOME: true
[DEBUG] env.JENV_FORCEJDKHOME: true
[DEBUG] env.JENV_LOADED: 1
[DEBUG] env.JENV_SHELL: zsh
[DEBUG] env.LANG: C.UTF-8
[DEBUG] env.LC_CTYPE: UTF-8
[DEBUG] env.LOGNAME: rafal
[DEBUG] env.LaunchInstanceID: 113EB2DE-CBD2-409C-9903-088C0728C032
[DEBUG] env.MAVEN_CMD_LINE_ARGS:  clean test -X
[DEBUG] env.MAVEN_PROJECTBASEDIR: /Users/rafal/workspace/openmrs-module-artemis
[DEBUG] env.NVM_BIN: /Users/rafal/.nvm/versions/node/v18.0.0/bin
[DEBUG] env.NVM_CD_FLAGS: -q
[DEBUG] env.NVM_DIR: /Users/rafal/.nvm
[DEBUG] env.NVM_INC: /Users/rafal/.nvm/versions/node/v18.0.0/include/node
[DEBUG] env.OLDPWD: /Users/rafal/workspace/openmrs-module-artemis
[DEBUG] env.OSLogRateLimit: 64
[DEBUG] env.PATH: /opt/homebrew/opt/ruby/bin:/opt/homebrew/opt/mysql-client/bin:/opt/homebrew/opt/ansible@8/bin:/Users/rafal/.jenv/shims:/Users/rafal/.jenv/bin:~/.local/bin:/opt/homebrew/opt/util-linux/sbin:/opt/homebrew/opt/util-linux/bin:/opt/homebrew/opt/openjdk/bin:/Users/rafal/.nvm/versions/node/v18.0.0/bin:/opt/homebrew/bin:/opt/homebrew/sbin:/usr/local/bin:/System/Cryptexes/App/usr/bin:/usr/bin:/bin:/usr/sbin:/sbin:/var/run/com.apple.security.cryptexd/codex.system/bootstrap/usr/local/bin:/var/run/com.apple.security.cryptexd/codex.system/bootstrap/usr/bin:/var/run/com.apple.security.cryptexd/codex.system/bootstrap/usr/appleinternal/bin:/pkg/env/global/bin:/Library/Apple/usr/bin:/Users/rafal/.pub-cache/bin
[DEBUG] env.PWD: /Users/rafal/workspace/openmrs-module-artemis
[DEBUG] env.SECURITYSESSIONID: 186b7
[DEBUG] env.SHELL: /bin/zsh
[DEBUG] env.SHLVL: 2
[DEBUG] env.SSH_AUTH_SOCK: /var/run/com.apple.launchd.kvBYlCVeaR/Listeners
[DEBUG] env.TCELL_MINIMIZE: 1
[DEBUG] env.TERM: xterm-256color
[DEBUG] env.TERM_PROGRAM: Apple_Terminal
[DEBUG] env.TERM_PROGRAM_VERSION: 470.2
[DEBUG] env.TERM_SESSION_ID: 9AB39838-0BA8-43A0-8B1A-6D5904B36245
[DEBUG] env.TMPDIR: /var/folders/1r/f1wf3f_d5v7f8bzpyfxj3xj00000gn/T/
[DEBUG] env.USER: rafal
[DEBUG] env.XPC_FLAGS: 0x0
[DEBUG] env.XPC_SERVICE_NAME: 0
[DEBUG] env.__CFBundleIdentifier: com.apple.Terminal
[DEBUG] env.__CF_USER_TEXT_ENCODING: 0x1F5:0x0:0x0
[DEBUG] file.encoding: UTF-8
[DEBUG] file.separator: /
[DEBUG] ftp.nonProxyHosts: local|*.local|169.254/16|*.169.254/16
[DEBUG] http.nonProxyHosts: local|*.local|169.254/16|*.169.254/16
[DEBUG] java.class.path: /opt/homebrew/Cellar/maven/3.9.9/libexec/boot/plexus-classworlds-2.8.0.jar
[DEBUG] java.class.version: 65.0
[DEBUG] java.home: /Library/Java/JavaVirtualMachines/temurin-21.jdk/Contents/Home
[DEBUG] java.io.tmpdir: /var/folders/1r/f1wf3f_d5v7f8bzpyfxj3xj00000gn/T/
[DEBUG] java.library.path: /Users/rafal/Library/Java/Extensions:/Library/Java/Extensions:/Network/Library/Java/Extensions:/System/Library/Java/Extensions:/usr/lib/java:.
[DEBUG] java.runtime.name: OpenJDK Runtime Environment
[DEBUG] java.runtime.version: 21.0.7+6-LTS
[DEBUG] java.specification.name: Java Platform API Specification
[DEBUG] java.specification.vendor: Oracle Corporation
[DEBUG] java.specification.version: 21
[DEBUG] java.vendor: Eclipse Adoptium
[DEBUG] java.vendor.url: https://adoptium.net/
[DEBUG] java.vendor.url.bug: https://github.com/adoptium/adoptium-support/issues
[DEBUG] java.vendor.version: Temurin-21.0.7+6
[DEBUG] java.version: 21.0.7
[DEBUG] java.version.date: 2025-04-15
[DEBUG] java.vm.compressedOopsMode: Non-zero based
[DEBUG] java.vm.info: mixed mode, sharing
[DEBUG] java.vm.name: OpenJDK 64-Bit Server VM
[DEBUG] java.vm.specification.name: Java Virtual Machine Specification
[DEBUG] java.vm.specification.vendor: Oracle Corporation
[DEBUG] java.vm.specification.version: 21
[DEBUG] java.vm.vendor: Eclipse Adoptium
[DEBUG] java.vm.version: 21.0.7+6-LTS
[DEBUG] javaCompilerSource: 17
[DEBUG] javaCompilerTarget: 17
[DEBUG] jdk.debug: release
[DEBUG] library.jansi.path: /opt/homebrew/Cellar/maven/3.9.9/libexec/lib/jansi-native
[DEBUG] line.separator: 

[DEBUG] maven.build.timestamp: 2026-07-02T12:52:05Z
[DEBUG] maven.build.version: Apache Maven 3.9.9 (8e8579a9e76f7d015ee5ec7bfcdc97d260186937)
[DEBUG] maven.conf: /opt/homebrew/Cellar/maven/3.9.9/libexec/conf
[DEBUG] maven.home: /opt/homebrew/Cellar/maven/3.9.9/libexec
[DEBUG] maven.multiModuleProjectDirectory: /Users/rafal/workspace/openmrs-module-artemis
[DEBUG] maven.version: 3.9.9
[DEBUG] native.encoding: UTF-8
[DEBUG] openmrsPlatformToolsVersion: 2.0.0
[DEBUG] openmrsPlatformVersion: 2.9.0-SNAPSHOT
[DEBUG] os.arch: aarch64
[DEBUG] os.name: Mac OS X
[DEBUG] os.version: 26.5
[DEBUG] path.separator: :
[DEBUG] project.baseUri: file:/Users/rafal/workspace/openmrs-module-artemis/api/
[DEBUG] project.build.sourceEncoding: UTF-8
[DEBUG] revisionNumber: 1ee838
[DEBUG] scmBranch: UNKNOWN
[DEBUG] socksNonProxyHosts: local|*.local|169.254/16|*.169.254/16
[DEBUG] stderr.encoding: UTF-8
[DEBUG] stdout.encoding: UTF-8
[DEBUG] sun.arch.data.model: 64
[DEBUG] sun.boot.library.path: /Library/Java/JavaVirtualMachines/temurin-21.jdk/Contents/Home/lib
[DEBUG] sun.cpu.endian: little
[DEBUG] sun.io.unicode.encoding: UnicodeBig
[DEBUG] sun.java.command: org.codehaus.plexus.classworlds.launcher.Launcher clean test -X
[DEBUG] sun.java.launcher: SUN_STANDARD
[DEBUG] sun.jnu.encoding: UTF-8
[DEBUG] sun.management.compiler: HotSpot 64-Bit Tiered Compilers
[DEBUG] timestamp: 1782996724556
[DEBUG] user.country: PL
[DEBUG] user.dir: /Users/rafal/workspace/openmrs-module-artemis
[DEBUG] user.home: /Users/rafal
[DEBUG] user.language: en
[DEBUG] user.name: rafal
[DEBUG] Using 'UTF-8' encoding to copy filtered resources.
[DEBUG] Using 'UTF-8' encoding to copy filtered properties files.
[DEBUG] resource with targetPath null
directory /Users/rafal/workspace/openmrs-module-artemis/api/src/main/resources
excludes []
includes [**/*.xml, **/*.txt, **/*.properties]
[DEBUG] ignoreDelta true
[INFO] Copying 4 resources from src/main/resources to target/classes
[DEBUG] Copying file messages_fr.properties
[DEBUG] file messages_fr.properties has a filtered file extension
[DEBUG] Using 'UTF-8' encoding to copy filtered resource 'messages_fr.properties'.
[DEBUG] filtering /Users/rafal/workspace/openmrs-module-artemis/api/src/main/resources/messages_fr.properties to /Users/rafal/workspace/openmrs-module-artemis/api/target/classes/messages_fr.properties
[DEBUG] Copying file liquibase.xml
[DEBUG] file liquibase.xml has a filtered file extension
[DEBUG] Using 'UTF-8' encoding to copy filtered resource 'liquibase.xml'.
[DEBUG] filtering /Users/rafal/workspace/openmrs-module-artemis/api/src/main/resources/liquibase.xml to /Users/rafal/workspace/openmrs-module-artemis/api/target/classes/liquibase.xml
[DEBUG] Copying file messages_es.properties
[DEBUG] file messages_es.properties has a filtered file extension
[DEBUG] Using 'UTF-8' encoding to copy filtered resource 'messages_es.properties'.
[DEBUG] filtering /Users/rafal/workspace/openmrs-module-artemis/api/src/main/resources/messages_es.properties to /Users/rafal/workspace/openmrs-module-artemis/api/target/classes/messages_es.properties
[DEBUG] Copying file messages.properties
[DEBUG] file messages.properties has a filtered file extension
[DEBUG] Using 'UTF-8' encoding to copy filtered resource 'messages.properties'.
[DEBUG] filtering /Users/rafal/workspace/openmrs-module-artemis/api/src/main/resources/messages.properties to /Users/rafal/workspace/openmrs-module-artemis/api/target/classes/messages.properties
[DEBUG] resource with targetPath null
directory /Users/rafal/workspace/openmrs-module-artemis/api/src/main/resources
excludes [**/*.xml, **/*.txt, **/*.properties]
includes []
[DEBUG] ignoreDelta true
[INFO] Copying 0 resource from src/main/resources to target/classes
[DEBUG] resource with targetPath web/module
directory /Users/rafal/workspace/openmrs-module-artemis/api/src/main/webapp
excludes []
includes [**/*.xml, **/*.txt, **/*.properties]
[INFO] skip non existing resourceDirectory /Users/rafal/workspace/openmrs-module-artemis/api/src/main/webapp
[DEBUG] resource with targetPath web/module
directory /Users/rafal/workspace/openmrs-module-artemis/api/src/main/webapp
excludes [**/*.xml, **/*.txt, **/*.properties]
includes []
[INFO] skip non existing resourceDirectory /Users/rafal/workspace/openmrs-module-artemis/api/src/main/webapp
[INFO] The encoding used to copy filtered properties files have not been set. This means that the same encoding will be used to copy filtered properties files as when copying other filtered resources. This might not be what you want! Run your build with --debug to see which files might be affected. Read more at https://maven.apache.org/plugins/maven-resources-plugin/examples/filtering-properties-files.html
[DEBUG] Here is a list of the filtered properties files in you project that might be affected by encoding problems: 
 - /Users/rafal/workspace/openmrs-module-artemis/api/src/main/resources/messages_fr.properties
 - /Users/rafal/workspace/openmrs-module-artemis/api/src/main/resources/messages_es.properties
 - /Users/rafal/workspace/openmrs-module-artemis/api/src/main/resources/messages.properties
[DEBUG] no user filter components
[INFO] 
[INFO] --- compiler:3.13.0:compile (default-compile) @ artemis-api ---
[DEBUG] Dependency collection stats {ConflictMarker.analyzeTime=12834, ConflictMarker.markTime=15833, ConflictMarker.nodeCount=22, ConflictIdSorter.graphTime=6250, ConflictIdSorter.topsortTime=9083, ConflictIdSorter.conflictIdCount=14, ConflictIdSorter.conflictIdCycleCount=0, ConflictResolver.totalTime=82834, ConflictResolver.conflictItemCount=22, DfDependencyCollector.collectTime=6359500, DfDependencyCollector.transformTime=135584}
[DEBUG] org.apache.maven.plugins:maven-compiler-plugin:jar:3.13.0
[DEBUG]    org.apache.maven.shared:maven-shared-utils:jar:3.4.2:compile
[DEBUG]       org.slf4j:slf4j-api:jar:1.7.36:compile
[DEBUG]       commons-io:commons-io:jar:2.11.0:compile
[DEBUG]    org.apache.maven.shared:maven-shared-incremental:jar:1.1:compile
[DEBUG]    org.codehaus.plexus:plexus-java:jar:1.2.0:compile
[DEBUG]       org.ow2.asm:asm:jar:9.6:compile
[DEBUG]       com.thoughtworks.qdox:qdox:jar:2.0.3:compile
[DEBUG]    org.codehaus.plexus:plexus-compiler-api:jar:2.15.0:compile
[DEBUG]    org.codehaus.plexus:plexus-compiler-manager:jar:2.15.0:compile
[DEBUG]       javax.inject:javax.inject:jar:1:compile
[DEBUG]       org.codehaus.plexus:plexus-xml:jar:3.0.0:compile (version managed from default)
[DEBUG]    org.codehaus.plexus:plexus-compiler-javac:jar:2.15.0:runtime
[DEBUG]    org.codehaus.plexus:plexus-utils:jar:4.0.0:compile
[DEBUG] Created new class realm plugin>org.apache.maven.plugins:maven-compiler-plugin:3.13.0
[DEBUG] Importing foreign packages into class realm plugin>org.apache.maven.plugins:maven-compiler-plugin:3.13.0
[DEBUG]   Imported:  < maven.api
[DEBUG] Populating class realm plugin>org.apache.maven.plugins:maven-compiler-plugin:3.13.0
[DEBUG]   Included: org.apache.maven.plugins:maven-compiler-plugin:jar:3.13.0
[DEBUG]   Included: org.apache.maven.shared:maven-shared-utils:jar:3.4.2
[DEBUG]   Included: commons-io:commons-io:jar:2.11.0
[DEBUG]   Included: org.apache.maven.shared:maven-shared-incremental:jar:1.1
[DEBUG]   Included: org.codehaus.plexus:plexus-java:jar:1.2.0
[DEBUG]   Included: org.ow2.asm:asm:jar:9.6
[DEBUG]   Included: com.thoughtworks.qdox:qdox:jar:2.0.3
[DEBUG]   Included: org.codehaus.plexus:plexus-compiler-api:jar:2.15.0
[DEBUG]   Included: org.codehaus.plexus:plexus-compiler-manager:jar:2.15.0
[DEBUG]   Included: org.codehaus.plexus:plexus-xml:jar:3.0.0
[DEBUG]   Included: org.codehaus.plexus:plexus-compiler-javac:jar:2.15.0
[DEBUG]   Included: org.codehaus.plexus:plexus-utils:jar:4.0.0
[DEBUG] Loading mojo org.apache.maven.plugins:maven-compiler-plugin:3.13.0:compile from plugin realm ClassRealm[plugin>org.apache.maven.plugins:maven-compiler-plugin:3.13.0, parent: jdk.internal.loader.ClassLoaders$AppClassLoader@2c854dc5]
[DEBUG] Configuring mojo execution 'org.apache.maven.plugins:maven-compiler-plugin:3.13.0:compile:default-compile' with basic configurator -->
[DEBUG]   (f) annotationProcessorPathsUseDepMgmt = false
[DEBUG]   (f) basedir = /Users/rafal/workspace/openmrs-module-artemis/api
[DEBUG]   (f) buildDirectory = /Users/rafal/workspace/openmrs-module-artemis/api/target
[DEBUG]   (f) compilePath = [/Users/rafal/workspace/openmrs-module-artemis/api/target/classes, /Users/rafal/.m2/repository/org/apache/artemis/artemis-server/2.54.0/artemis-server-2.54.0.jar, /Users/rafal/.m2/repository/org/slf4j/slf4j-api/1.7.30/slf4j-api-1.7.30.jar, /Users/rafal/.m2/repository/org/apache/artemis/artemis-commons/2.54.0/artemis-commons-2.54.0.jar, /Users/rafal/.m2/repository/org/apache/artemis/artemis-selector/2.54.0/artemis-selector-2.54.0.jar, /Users/rafal/.m2/repository/org/apache/artemis/artemis-journal/2.54.0/artemis-journal-2.54.0.jar, /Users/rafal/.m2/repository/org/apache/activemq/activemq-artemis-native/2.0.0/activemq-artemis-native-2.0.0.jar, /Users/rafal/.m2/repository/org/apache/artemis/artemis-jdbc-store/2.54.0/artemis-jdbc-store-2.54.0.jar, /Users/rafal/.m2/repository/org/apache/commons/commons-dbcp2/2.14.0/commons-dbcp2-2.14.0.jar, /Users/rafal/.m2/repository/org/apache/commons/commons-pool2/2.13.0/commons-pool2-2.13.0.jar, /Users/rafal/.m2/repository/jakarta/transaction/jakarta.transaction-api/1.3.3/jakarta.transaction-api-1.3.3.jar, /Users/rafal/.m2/repository/org/apache/artemis/artemis-core-client/2.54.0/artemis-core-client-2.54.0.jar, /Users/rafal/.m2/repository/org/jgroups/jgroups/5.3.13.Final/jgroups-5.3.13.Final.jar, /Users/rafal/.m2/repository/io/netty/netty-handler-proxy/4.1.132.Final/netty-handler-proxy-4.1.132.Final.jar, /Users/rafal/.m2/repository/io/netty/netty-codec-socks/4.1.132.Final/netty-codec-socks-4.1.132.Final.jar, /Users/rafal/.m2/repository/io/netty/netty-resolver/4.1.132.Final/netty-resolver-4.1.132.Final.jar, /Users/rafal/.m2/repository/de/dentrassi/crypto/pem-keystore/3.0.0/pem-keystore-3.0.0.jar, /Users/rafal/.m2/repository/com/hierynomus/asn-one/0.6.0/asn-one-0.6.0.jar, /Users/rafal/.m2/repository/org/apache/artemis/artemis-lockmanager-api/2.54.0/artemis-lockmanager-api-2.54.0.jar, /Users/rafal/.m2/repository/org/jctools/jctools-core/4.0.6/jctools-core-4.0.6.jar, /Users/rafal/.m2/repository/io/netty/netty-buffer/4.1.132.Final/netty-buffer-4.1.132.Final.jar, /Users/rafal/.m2/repository/io/netty/netty-transport/4.1.132.Final/netty-transport-4.1.132.Final.jar, /Users/rafal/.m2/repository/io/netty/netty-codec-http/4.1.132.Final/netty-codec-http-4.1.132.Final.jar, /Users/rafal/.m2/repository/io/netty/netty-codec-haproxy/4.1.132.Final/netty-codec-haproxy-4.1.132.Final.jar, /Users/rafal/.m2/repository/io/netty/netty-common/4.1.132.Final/netty-common-4.1.132.Final.jar, /Users/rafal/.m2/repository/io/netty/netty-handler/4.1.132.Final/netty-handler-4.1.132.Final.jar, /Users/rafal/.m2/repository/io/netty/netty-transport-native-unix-common/4.1.132.Final/netty-transport-native-unix-common-4.1.132.Final.jar, /Users/rafal/.m2/repository/io/netty/netty-transport-native-epoll/4.1.132.Final/netty-transport-native-epoll-4.1.132.Final-linux-x86_64.jar, /Users/rafal/.m2/repository/io/netty/netty-transport-classes-epoll/4.1.132.Final/netty-transport-classes-epoll-4.1.132.Final.jar, /Users/rafal/.m2/repository/io/netty/netty-transport-native-kqueue/4.1.132.Final/netty-transport-native-kqueue-4.1.132.Final-osx-x86_64.jar, /Users/rafal/.m2/repository/io/netty/netty-transport-classes-kqueue/4.1.132.Final/netty-transport-classes-kqueue-4.1.132.Final.jar, /Users/rafal/.m2/repository/io/netty/netty-codec/4.1.132.Final/netty-codec-4.1.132.Final.jar, /Users/rafal/.m2/repository/commons-beanutils/commons-beanutils/1.9.4/commons-beanutils-1.9.4.jar, /Users/rafal/.m2/repository/commons-logging/commons-logging/1.2/commons-logging-1.2.jar, /Users/rafal/.m2/repository/org/apache/commons/commons-lang3/3.12.0/commons-lang3-3.12.0.jar, /Users/rafal/.m2/repository/org/apache/commons/commons-configuration2/2.14.0/commons-configuration2-2.14.0.jar, /Users/rafal/.m2/repository/org/apache/commons/commons-text/1.15.0/commons-text-1.15.0.jar, /Users/rafal/.m2/repository/commons-collections/commons-collections/3.2.2/commons-collections-3.2.2.jar, /Users/rafal/.m2/repository/io/micrometer/micrometer-core/1.16.5/micrometer-core-1.16.5.jar, /Users/rafal/.m2/repository/org/jspecify/jspecify/1.0.0/jspecify-1.0.0.jar, /Users/rafal/.m2/repository/io/micrometer/micrometer-commons/1.16.5/micrometer-commons-1.16.5.jar, /Users/rafal/.m2/repository/io/micrometer/micrometer-observation/1.16.5/micrometer-observation-1.16.5.jar, /Users/rafal/.m2/repository/com/nimbusds/nimbus-jose-jwt/10.9/nimbus-jose-jwt-10.9.jar, /Users/rafal/.m2/repository/org/apache/artemis/artemis-jms-client/2.54.0/artemis-jms-client-2.54.0.jar, /Users/rafal/.m2/repository/jakarta/jms/jakarta.jms-api/2.0.3/jakarta.jms-api-2.0.3.jar, /Users/rafal/.m2/repository/org/apache/artemis/artemis-web/2.54.0/artemis-web-2.54.0.jar, /Users/rafal/.m2/repository/org/apache/artemis/artemis-dto/2.54.0/artemis-dto-2.54.0.jar, /Users/rafal/.m2/repository/com/sun/xml/bind/jaxb-impl/2.3.9/jaxb-impl-2.3.9.jar, /Users/rafal/.m2/repository/jakarta/activation/jakarta.activation-api/1.2.2/jakarta.activation-api-1.2.2.jar, /Users/rafal/.m2/repository/org/apache/artemis/artemis-cli/2.54.0/artemis-cli-2.54.0.jar, /Users/rafal/.m2/repository/org/apache/artemis/artemis-jms-server/2.54.0/artemis-jms-server-2.54.0.jar, /Users/rafal/.m2/repository/org/apache/artemis/artemis-service-extensions/2.54.0/artemis-service-extensions-2.54.0.jar, /Users/rafal/.m2/repository/jakarta/inject/jakarta.inject-api/1.0.5/jakarta.inject-api-1.0.5.jar, /Users/rafal/.m2/repository/org/apache/qpid/qpid-jms-client/1.16.0/qpid-jms-client-1.16.0.jar, /Users/rafal/.m2/repository/org/apache/qpid/proton-j/0.34.1/proton-j-0.34.1.jar, /Users/rafal/.m2/repository/info/picocli/picocli/4.7.7/picocli-4.7.7.jar, /Users/rafal/.m2/repository/info/picocli/picocli-shell-jline3/4.7.7/picocli-shell-jline3-4.7.7.jar, /Users/rafal/.m2/repository/org/jline/jline-console/4.1.0/jline-console-4.1.0.jar, /Users/rafal/.m2/repository/org/jline/jline-shell/4.1.0/jline-shell-4.1.0.jar, /Users/rafal/.m2/repository/org/jline/jline-builtins/4.1.0/jline-builtins-4.1.0.jar, /Users/rafal/.m2/repository/org/jline/jline-style/4.1.0/jline-style-4.1.0.jar, /Users/rafal/.m2/repository/org/jline/jline-console-ui/4.1.0/jline-console-ui-4.1.0.jar, /Users/rafal/.m2/repository/org/jline/jline-reader/4.1.0/jline-reader-4.1.0.jar, /Users/rafal/.m2/repository/org/jline/jline-terminal/4.1.0/jline-terminal-4.1.0.jar, /Users/rafal/.m2/repository/org/hdrhistogram/HdrHistogram/2.2.2/HdrHistogram-2.2.2.jar, /Users/rafal/.m2/repository/org/eclipse/jetty/toolchain/jetty-jakarta-servlet-api/5.0.2/jetty-jakarta-servlet-api-5.0.2.jar, /Users/rafal/.m2/repository/org/eclipse/jetty/jetty-server/12.1.9/jetty-server-12.1.9.jar, /Users/rafal/.m2/repository/org/eclipse/jetty/jetty-io/12.1.9/jetty-io-12.1.9.jar, /Users/rafal/.m2/repository/org/eclipse/jetty/ee9/jetty-ee9-servlet/12.1.9/jetty-ee9-servlet-12.1.9.jar, /Users/rafal/.m2/repository/org/eclipse/jetty/ee9/jetty-ee9-webapp/12.1.9/jetty-ee9-webapp-12.1.9.jar, /Users/rafal/.m2/repository/org/eclipse/jetty/jetty-xml/12.1.9/jetty-xml-12.1.9.jar, /Users/rafal/.m2/repository/org/eclipse/jetty/ee/jetty-ee-webapp/12.1.9/jetty-ee-webapp-12.1.9.jar, /Users/rafal/.m2/repository/org/eclipse/jetty/ee9/jetty-ee9-nested/12.1.9/jetty-ee9-nested-12.1.9.jar, /Users/rafal/.m2/repository/org/eclipse/jetty/jetty-security/12.1.9/jetty-security-12.1.9.jar, /Users/rafal/.m2/repository/org/eclipse/jetty/jetty-session/12.1.9/jetty-session-12.1.9.jar, /Users/rafal/.m2/repository/org/eclipse/jetty/ee9/jetty-ee9-security/12.1.9/jetty-ee9-security-12.1.9.jar, /Users/rafal/.m2/repository/org/eclipse/jetty/jetty-util/12.1.9/jetty-util-12.1.9.jar, /Users/rafal/.m2/repository/org/eclipse/jetty/jetty-http/12.1.9/jetty-http-12.1.9.jar, /Users/rafal/.m2/repository/org/eclipse/jetty/http2/jetty-http2-server/12.1.9/jetty-http2-server-12.1.9.jar, /Users/rafal/.m2/repository/org/eclipse/jetty/http2/jetty-http2-common/12.1.9/jetty-http2-common-12.1.9.jar, /Users/rafal/.m2/repository/org/eclipse/jetty/http2/jetty-http2-hpack/12.1.9/jetty-http2-hpack-12.1.9.jar, /Users/rafal/.m2/repository/org/eclipse/jetty/jetty-alpn-server/12.1.9/jetty-alpn-server-12.1.9.jar, /Users/rafal/.m2/repository/org/eclipse/jetty/jetty-alpn-java-server/12.1.9/jetty-alpn-java-server-12.1.9.jar, /Users/rafal/.m2/repository/org/eclipse/jetty/compression/jetty-compression-server/12.1.9/jetty-compression-server-12.1.9.jar, /Users/rafal/.m2/repository/org/eclipse/jetty/compression/jetty-compression-common/12.1.9/jetty-compression-common-12.1.9.jar, /Users/rafal/.m2/repository/org/eclipse/jetty/compression/jetty-compression-gzip/12.1.9/jetty-compression-gzip-12.1.9.jar, /Users/rafal/.m2/repository/org/checkerframework/checker-qual/3.19.0/checker-qual-3.19.0.jar, /Users/rafal/.m2/repository/com/google/errorprone/error_prone_annotations/2.10.0/error_prone_annotations-2.10.0.jar, /Users/rafal/.m2/repository/org/openmrs/api/openmrs-api/2.9.0-SNAPSHOT/openmrs-api-2.9.0-SNAPSHOT.jar, /Users/rafal/.m2/repository/commons-validator/commons-validator/1.10.0/commons-validator-1.10.0.jar, /Users/rafal/.m2/repository/commons-digester/commons-digester/2.1/commons-digester-2.1.jar, /Users/rafal/.m2/repository/commons-io/commons-io/2.19.0/commons-io-2.19.0.jar, /Users/rafal/.m2/repository/org/apache/velocity/velocity/1.7/velocity-1.7.jar, /Users/rafal/.m2/repository/commons-lang/commons-lang/2.4/commons-lang-2.4.jar, /Users/rafal/.m2/repository/org/springframework/spring-core/5.3.30/spring-core-5.3.30.jar, /Users/rafal/.m2/repository/org/springframework/spring-jcl/5.3.30/spring-jcl-5.3.30.jar, /Users/rafal/.m2/repository/org/springframework/spring-beans/5.3.30/spring-beans-5.3.30.jar, /Users/rafal/.m2/repository/org/springframework/spring-context/5.3.30/spring-context-5.3.30.jar, /Users/rafal/.m2/repository/org/springframework/spring-expression/5.3.30/spring-expression-5.3.30.jar, /Users/rafal/.m2/repository/org/springframework/spring-aop/5.3.30/spring-aop-5.3.30.jar, /Users/rafal/.m2/repository/org/springframework/spring-orm/5.3.30/spring-orm-5.3.30.jar, /Users/rafal/.m2/repository/org/springframework/spring-tx/5.3.30/spring-tx-5.3.30.jar, /Users/rafal/.m2/repository/org/springframework/spring-jdbc/5.3.30/spring-jdbc-5.3.30.jar, /Users/rafal/.m2/repository/org/springframework/spring-context-support/5.3.30/spring-context-support-5.3.30.jar, /Users/rafal/.m2/repository/org/springframework/spring-jms/5.3.30/spring-jms-5.3.30.jar, /Users/rafal/.m2/repository/org/springframework/spring-messaging/5.3.30/spring-messaging-5.3.30.jar, /Users/rafal/.m2/repository/javax/jms/javax.jms-api/2.0.1/javax.jms-api-2.0.1.jar, /Users/rafal/.m2/repository/org/infinispan/infinispan-spring5-embedded/13.0.22.Final/infinispan-spring5-embedded-13.0.22.Final.jar, /Users/rafal/.m2/repository/org/infinispan/infinispan-core/13.0.22.Final/infinispan-core-13.0.22.Final.jar, /Users/rafal/.m2/repository/org/infinispan/infinispan-commons/13.0.22.Final/infinispan-commons-13.0.22.Final.jar, /Users/rafal/.m2/repository/io/reactivex/rxjava3/rxjava/3.0.4/rxjava-3.0.4.jar, /Users/rafal/.m2/repository/org/infinispan/protostream/protostream/4.4.4.Final/protostream-4.4.4.Final.jar, /Users/rafal/.m2/repository/org/infinispan/protostream/protostream-types/4.4.4.Final/protostream-types-4.4.4.Final.jar, /Users/rafal/.m2/repository/org/jboss/threads/jboss-threads/2.3.3.Final/jboss-threads-2.3.3.Final.jar, /Users/rafal/.m2/repository/org/wildfly/common/wildfly-common/1.3.0.Final/wildfly-common-1.3.0.Final.jar, /Users/rafal/.m2/repository/org/infinispan/infinispan-spring5-common/13.0.22.Final/infinispan-spring5-common-13.0.22.Final.jar, /Users/rafal/.m2/repository/ca/uhn/hapi/hapi-base/2.1/hapi-base-2.1.jar, /Users/rafal/.m2/repository/ca/uhn/hapi/hapi-structures-v23/2.1/hapi-structures-v23-2.1.jar, /Users/rafal/.m2/repository/ca/uhn/hapi/hapi-structures-v24/2.1/hapi-structures-v24-2.1.jar, /Users/rafal/.m2/repository/ca/uhn/hapi/hapi-structures-v25/2.1/hapi-structures-v25-2.1.jar, /Users/rafal/.m2/repository/ca/uhn/hapi/hapi-structures-v26/2.1/hapi-structures-v26-2.1.jar, /Users/rafal/.m2/repository/org/javassist/javassist/3.30.2-GA/javassist-3.30.2-GA.jar, /Users/rafal/.m2/repository/net/bytebuddy/byte-buddy/1.17.6/byte-buddy-1.17.6.jar, /Users/rafal/.m2/repository/net/bytebuddy/byte-buddy-agent/1.17.6/byte-buddy-agent-1.17.6.jar, /Users/rafal/.m2/repository/org/hibernate/hibernate-core/5.6.15.Final/hibernate-core-5.6.15.Final.jar, /Users/rafal/.m2/repository/org/jboss/logging/jboss-logging/3.4.3.Final/jboss-logging-3.4.3.Final.jar, /Users/rafal/.m2/repository/javax/persistence/javax.persistence-api/2.2/javax.persistence-api-2.2.jar, /Users/rafal/.m2/repository/antlr/antlr/2.7.7/antlr-2.7.7.jar, /Users/rafal/.m2/repository/org/jboss/spec/javax/transaction/jboss-transaction-api_1.2_spec/1.1.1.Final/jboss-transaction-api_1.2_spec-1.1.1.Final.jar, /Users/rafal/.m2/repository/org/jboss/jandex/2.4.2.Final/jandex-2.4.2.Final.jar, /Users/rafal/.m2/repository/com/fasterxml/classmate/1.5.1/classmate-1.5.1.jar, /Users/rafal/.m2/repository/javax/activation/javax.activation-api/1.2.0/javax.activation-api-1.2.0.jar, /Users/rafal/.m2/repository/org/hibernate/common/hibernate-commons-annotations/5.1.2.Final/hibernate-commons-annotations-5.1.2.Final.jar, /Users/rafal/.m2/repository/javax/xml/bind/jaxb-api/2.3.1/jaxb-api-2.3.1.jar, /Users/rafal/.m2/repository/org/glassfish/jaxb/jaxb-runtime/2.3.1/jaxb-runtime-2.3.1.jar, /Users/rafal/.m2/repository/org/glassfish/jaxb/txw2/2.3.1/txw2-2.3.1.jar, /Users/rafal/.m2/repository/com/sun/istack/istack-commons-runtime/3.0.7/istack-commons-runtime-3.0.7.jar, /Users/rafal/.m2/repository/org/jvnet/staxex/stax-ex/1.8/stax-ex-1.8.jar, /Users/rafal/.m2/repository/com/sun/xml/fastinfoset/FastInfoset/1.2.15/FastInfoset-1.2.15.jar, /Users/rafal/.m2/repository/org/hibernate/hibernate-c3p0/5.6.15.Final/hibernate-c3p0-5.6.15.Final.jar, /Users/rafal/.m2/repository/com/mchange/c3p0/0.9.5.5/c3p0-0.9.5.5.jar, /Users/rafal/.m2/repository/com/mchange/mchange-commons-java/0.2.19/mchange-commons-java-0.2.19.jar, /Users/rafal/.m2/repository/org/infinispan/infinispan-hibernate-cache-v53/13.0.22.Final/infinispan-hibernate-cache-v53-13.0.22.Final.jar, /Users/rafal/.m2/repository/org/infinispan/infinispan-hibernate-cache-commons/13.0.22.Final/infinispan-hibernate-cache-commons-13.0.22.Final.jar, /Users/rafal/.m2/repository/org/infinispan/infinispan-hibernate-cache-spi/13.0.22.Final/infinispan-hibernate-cache-spi-13.0.22.Final.jar, /Users/rafal/.m2/repository/org/infinispan/infinispan-jboss-marshalling/13.0.22.Final/infinispan-jboss-marshalling-13.0.22.Final.jar, /Users/rafal/.m2/repository/org/jboss/marshalling/jboss-marshalling-osgi/2.0.12.Final/jboss-marshalling-osgi-2.0.12.Final.jar, /Users/rafal/.m2/repository/org/hibernate/search/hibernate-search-mapper-orm/6.2.4.Final/hibernate-search-mapper-orm-6.2.4.Final.jar, /Users/rafal/.m2/repository/org/hibernate/search/hibernate-search-engine/6.2.4.Final/hibernate-search-engine-6.2.4.Final.jar, /Users/rafal/.m2/repository/org/hibernate/search/hibernate-search-mapper-pojo-base/6.2.4.Final/hibernate-search-mapper-pojo-base-6.2.4.Final.jar, /Users/rafal/.m2/repository/org/hibernate/search/hibernate-search-util-common/6.2.4.Final/hibernate-search-util-common-6.2.4.Final.jar, /Users/rafal/.m2/repository/org/hibernate/search/hibernate-search-backend-lucene/6.2.4.Final/hibernate-search-backend-lucene-6.2.4.Final.jar, /Users/rafal/.m2/repository/org/apache/lucene/lucene-core/8.11.2/lucene-core-8.11.2.jar, /Users/rafal/.m2/repository/org/apache/lucene/lucene-analyzers-common/8.11.2/lucene-analyzers-common-8.11.2.jar, /Users/rafal/.m2/repository/org/apache/lucene/lucene-queryparser/8.11.2/lucene-queryparser-8.11.2.jar, /Users/rafal/.m2/repository/org/apache/lucene/lucene-queries/8.11.2/lucene-queries-8.11.2.jar, /Users/rafal/.m2/repository/org/apache/lucene/lucene-join/8.11.2/lucene-join-8.11.2.jar, /Users/rafal/.m2/repository/org/apache/lucene/lucene-facet/8.11.2/lucene-facet-8.11.2.jar, /Users/rafal/.m2/repository/com/carrotsearch/hppc/0.8.1/hppc-0.8.1.jar, /Users/rafal/.m2/repository/org/apache/lucene/lucene-highlighter/8.11.2/lucene-highlighter-8.11.2.jar, /Users/rafal/.m2/repository/org/apache/lucene/lucene-memory/8.11.2/lucene-memory-8.11.2.jar, /Users/rafal/.m2/repository/org/hibernate/search/hibernate-search-backend-elasticsearch/6.2.4.Final/hibernate-search-backend-elasticsearch-6.2.4.Final.jar, /Users/rafal/.m2/repository/org/elasticsearch/client/elasticsearch-rest-client/8.10.4/elasticsearch-rest-client-8.10.4.jar, /Users/rafal/.m2/repository/org/apache/httpcomponents/httpclient/4.5.13/httpclient-4.5.13.jar, /Users/rafal/.m2/repository/org/apache/httpcomponents/httpcore/4.4.13/httpcore-4.4.13.jar, /Users/rafal/.m2/repository/org/apache/httpcomponents/httpasyncclient/4.1.5/httpasyncclient-4.1.5.jar, /Users/rafal/.m2/repository/org/apache/httpcomponents/httpcore-nio/4.4.13/httpcore-nio-4.4.13.jar, /Users/rafal/.m2/repository/org/elasticsearch/client/elasticsearch-rest-client-sniffer/8.10.4/elasticsearch-rest-client-sniffer-8.10.4.jar, /Users/rafal/.m2/repository/com/google/code/gson/gson/2.9.1/gson-2.9.1.jar, /Users/rafal/.m2/repository/org/apache/lucene/lucene-analyzers-phonetic/8.11.2/lucene-analyzers-phonetic-8.11.2.jar, /Users/rafal/.m2/repository/commons-codec/commons-codec/1.13/commons-codec-1.13.jar, /Users/rafal/.m2/repository/org/hibernate/hibernate-envers/5.6.15.Final/hibernate-envers-5.6.15.Final.jar, /Users/rafal/.m2/repository/org/dom4j/dom4j/2.1.3/dom4j-2.1.3.jar, /Users/rafal/.m2/repository/org/apache/logging/log4j/log4j-core/2.22.1/log4j-core-2.22.1.jar, /Users/rafal/.m2/repository/org/apache/logging/log4j/log4j-api/2.22.1/log4j-api-2.22.1.jar, /Users/rafal/.m2/repository/org/apache/logging/log4j/log4j-slf4j-impl/2.22.1/log4j-slf4j-impl-2.22.1.jar, /Users/rafal/.m2/repository/org/apache/logging/log4j/log4j-1.2-api/2.22.1/log4j-1.2-api-2.22.1.jar, /Users/rafal/.m2/repository/com/thoughtworks/xstream/xstream/1.4.21/xstream-1.4.21.jar, /Users/rafal/.m2/repository/io/github/x-stream/mxparser/1.2.2/mxparser-1.2.2.jar, /Users/rafal/.m2/repository/xmlpull/xmlpull/1.1.3.1/xmlpull-1.1.3.1.jar, /Users/rafal/.m2/repository/org/liquibase/liquibase-core/4.32.0/liquibase-core-4.32.0.jar, /Users/rafal/.m2/repository/com/opencsv/opencsv/5.11/opencsv-5.11.jar, /Users/rafal/.m2/repository/org/yaml/snakeyaml/2.4/snakeyaml-2.4.jar, /Users/rafal/.m2/repository/org/apache/commons/commons-collections4/4.5.0/commons-collections4-4.5.0.jar, /Users/rafal/.m2/repository/xerces/xercesImpl/2.12.2/xercesImpl-2.12.2.jar, /Users/rafal/.m2/repository/xml-apis/xml-apis/1.4.01/xml-apis-1.4.01.jar, /Users/rafal/.m2/repository/javax/validation/validation-api/2.0.1.Final/validation-api-2.0.1.Final.jar, /Users/rafal/.m2/repository/org/hibernate/validator/hibernate-validator/6.2.0.Final/hibernate-validator-6.2.0.Final.jar, /Users/rafal/.m2/repository/jakarta/validation/jakarta.validation-api/2.0.2/jakarta.validation-api-2.0.2.jar, /Users/rafal/.m2/repository/mysql/mysql-connector-java/8.0.30/mysql-connector-java-8.0.30.jar, /Users/rafal/.m2/repository/com/google/protobuf/protobuf-java/3.19.4/protobuf-java-3.19.4.jar, /Users/rafal/.m2/repository/org/mariadb/jdbc/mariadb-java-client/3.5.4/mariadb-java-client-3.5.4.jar, /Users/rafal/.m2/repository/org/postgresql/postgresql/42.7.7/postgresql-42.7.7.jar, /Users/rafal/.m2/repository/org/codehaus/jackson/jackson-core-asl/1.9.14-MULE-002/jackson-core-asl-1.9.14-MULE-002.jar, /Users/rafal/.m2/repository/org/codehaus/jackson/jackson-mapper-asl/1.9.14-MULE-002/jackson-mapper-asl-1.9.14-MULE-002.jar, /Users/rafal/.m2/repository/com/fasterxml/jackson/core/jackson-core/2.19.1/jackson-core-2.19.1.jar, /Users/rafal/.m2/repository/com/fasterxml/jackson/core/jackson-annotations/2.19.1/jackson-annotations-2.19.1.jar, /Users/rafal/.m2/repository/com/fasterxml/jackson/core/jackson-databind/2.19.1/jackson-databind-2.19.1.jar, /Users/rafal/.m2/repository/com/fasterxml/jackson/datatype/jackson-datatype-jsr310/2.19.1/jackson-datatype-jsr310-2.19.1.jar, /Users/rafal/.m2/repository/com/fasterxml/jackson/datatype/jackson-datatype-hibernate5/2.19.1/jackson-datatype-hibernate5-2.19.1.jar, /Users/rafal/.m2/repository/javax/transaction/javax.transaction-api/1.3/javax.transaction-api-1.3.jar, /Users/rafal/.m2/repository/org/codehaus/groovy/groovy-all/2.4.21/groovy-all-2.4.21.jar, /Users/rafal/.m2/repository/org/aspectj/aspectjrt/1.9.24/aspectjrt-1.9.24.jar, /Users/rafal/.m2/repository/org/aspectj/aspectjweaver/1.9.24/aspectjweaver-1.9.24.jar, /Users/rafal/.m2/repository/joda-time/joda-time/2.14.0/joda-time-2.14.0.jar, /Users/rafal/.m2/repository/javax/annotation/javax.annotation-api/1.3.2/javax.annotation-api-1.3.2.jar, /Users/rafal/.m2/repository/com/sun/activation/javax.activation/1.2.0/javax.activation-1.2.0.jar, /Users/rafal/.m2/repository/jakarta/xml/bind/jakarta.xml.bind-api/4.0.2/jakarta.xml.bind-api-4.0.2.jar, /Users/rafal/.m2/repository/com/google/guava/guava/33.4.8-jre/guava-33.4.8-jre.jar, /Users/rafal/.m2/repository/com/google/guava/failureaccess/1.0.3/failureaccess-1.0.3.jar, /Users/rafal/.m2/repository/com/google/guava/listenablefuture/9999.0-empty-to-avoid-conflict-with-guava/listenablefuture-9999.0-empty-to-avoid-conflict-with-guava.jar, /Users/rafal/.m2/repository/com/google/j2objc/j2objc-annotations/3.0.0/j2objc-annotations-3.0.0.jar, /Users/rafal/.m2/repository/com/sun/mail/javax.mail/1.6.2/javax.mail-1.6.2.jar, /Users/rafal/.m2/repository/software/amazon/awssdk/s3/2.31.50/s3-2.31.50.jar, /Users/rafal/.m2/repository/software/amazon/awssdk/aws-xml-protocol/2.31.50/aws-xml-protocol-2.31.50.jar, /Users/rafal/.m2/repository/software/amazon/awssdk/aws-query-protocol/2.31.50/aws-query-protocol-2.31.50.jar, /Users/rafal/.m2/repository/software/amazon/awssdk/protocol-core/2.31.50/protocol-core-2.31.50.jar, /Users/rafal/.m2/repository/software/amazon/awssdk/arns/2.31.50/arns-2.31.50.jar, /Users/rafal/.m2/repository/software/amazon/awssdk/profiles/2.31.50/profiles-2.31.50.jar, /Users/rafal/.m2/repository/software/amazon/awssdk/crt-core/2.31.50/crt-core-2.31.50.jar, /Users/rafal/.m2/repository/software/amazon/awssdk/http-auth/2.31.50/http-auth-2.31.50.jar, /Users/rafal/.m2/repository/software/amazon/awssdk/identity-spi/2.31.50/identity-spi-2.31.50.jar, /Users/rafal/.m2/repository/software/amazon/awssdk/http-auth-spi/2.31.50/http-auth-spi-2.31.50.jar, /Users/rafal/.m2/repository/org/reactivestreams/reactive-streams/1.0.4/reactive-streams-1.0.4.jar, /Users/rafal/.m2/repository/software/amazon/awssdk/http-auth-aws/2.31.50/http-auth-aws-2.31.50.jar, /Users/rafal/.m2/repository/software/amazon/awssdk/checksums/2.31.50/checksums-2.31.50.jar, /Users/rafal/.m2/repository/software/amazon/awssdk/checksums-spi/2.31.50/checksums-spi-2.31.50.jar, /Users/rafal/.m2/repository/software/amazon/awssdk/retries-spi/2.31.50/retries-spi-2.31.50.jar, /Users/rafal/.m2/repository/software/amazon/awssdk/sdk-core/2.31.50/sdk-core-2.31.50.jar, /Users/rafal/.m2/repository/software/amazon/awssdk/retries/2.31.50/retries-2.31.50.jar, /Users/rafal/.m2/repository/software/amazon/awssdk/auth/2.31.50/auth-2.31.50.jar, /Users/rafal/.m2/repository/software/amazon/awssdk/http-auth-aws-eventstream/2.31.50/http-auth-aws-eventstream-2.31.50.jar, /Users/rafal/.m2/repository/software/amazon/eventstream/eventstream/1.0.1/eventstream-1.0.1.jar, /Users/rafal/.m2/repository/software/amazon/awssdk/http-client-spi/2.31.50/http-client-spi-2.31.50.jar, /Users/rafal/.m2/repository/software/amazon/awssdk/regions/2.31.50/regions-2.31.50.jar, /Users/rafal/.m2/repository/software/amazon/awssdk/annotations/2.31.50/annotations-2.31.50.jar, /Users/rafal/.m2/repository/software/amazon/awssdk/utils/2.31.50/utils-2.31.50.jar, /Users/rafal/.m2/repository/software/amazon/awssdk/aws-core/2.31.50/aws-core-2.31.50.jar, /Users/rafal/.m2/repository/software/amazon/awssdk/metrics-spi/2.31.50/metrics-spi-2.31.50.jar, /Users/rafal/.m2/repository/software/amazon/awssdk/json-utils/2.31.50/json-utils-2.31.50.jar, /Users/rafal/.m2/repository/software/amazon/awssdk/third-party-jackson-core/2.31.50/third-party-jackson-core-2.31.50.jar, /Users/rafal/.m2/repository/software/amazon/awssdk/endpoints-spi/2.31.50/endpoints-spi-2.31.50.jar, /Users/rafal/.m2/repository/software/amazon/awssdk/apache-client/2.31.50/apache-client-2.31.50.jar, /Users/rafal/.m2/repository/software/amazon/awssdk/netty-nio-client/2.31.50/netty-nio-client-2.31.50.jar, /Users/rafal/.m2/repository/io/netty/netty-codec-http2/4.1.118.Final/netty-codec-http2-4.1.118.Final.jar, /Users/rafal/.m2/repository/org/graalvm/js/js/20.3.17/js-20.3.17.jar, /Users/rafal/.m2/repository/org/graalvm/regex/regex/20.3.17/regex-20.3.17.jar, /Users/rafal/.m2/repository/org/graalvm/truffle/truffle-api/20.3.17/truffle-api-20.3.17.jar, /Users/rafal/.m2/repository/org/graalvm/sdk/graal-sdk/20.3.17/graal-sdk-20.3.17.jar, /Users/rafal/.m2/repository/com/ibm/icu/icu4j/71.1/icu4j-71.1.jar, /Users/rafal/.m2/repository/org/graalvm/js/js-scriptengine/20.3.17/js-scriptengine-20.3.17.jar, /Users/rafal/.m2/repository/net/javacrumbs/shedlock/shedlock-spring/4.48.0/shedlock-spring-4.48.0.jar, /Users/rafal/.m2/repository/net/javacrumbs/shedlock/shedlock-core/4.48.0/shedlock-core-4.48.0.jar, /Users/rafal/.m2/repository/net/javacrumbs/shedlock/shedlock-provider-jdbc-template/4.48.0/shedlock-provider-jdbc-template-4.48.0.jar, /Users/rafal/.m2/repository/org/jobrunr/jobrunr/6.3.5/jobrunr-6.3.5.jar, /Users/rafal/.m2/repository/org/ow2/asm/asm/9.5/asm-9.5.jar]
[DEBUG]   (f) compileSourceRoots = [/Users/rafal/workspace/openmrs-module-artemis/api/src/main/java]
[DEBUG]   (f) compilerId = javac
[DEBUG]   (f) createMissingPackageInfoClass = true
[DEBUG]   (f) debug = true
[DEBUG]   (f) debugFileName = javac
[DEBUG]   (f) enablePreview = false
[DEBUG]   (f) encoding = UTF-8
[DEBUG]   (f) failOnError = true
[DEBUG]   (f) failOnWarning = false
[DEBUG]   (f) fileExtensions = [jar, class]
[DEBUG]   (f) forceJavacCompilerUse = false
[DEBUG]   (f) forceLegacyJavacApi = false
[DEBUG]   (f) fork = false
[DEBUG]   (f) generatedSourcesDirectory = /Users/rafal/workspace/openmrs-module-artemis/api/target/generated-sources/annotations
[DEBUG]   (f) mojoExecution = org.apache.maven.plugins:maven-compiler-plugin:3.13.0:compile {execution: default-compile}
[DEBUG]   (f) optimize = false
[DEBUG]   (f) outputDirectory = /Users/rafal/workspace/openmrs-module-artemis/api/target/classes
[DEBUG]   (f) parameters = false
[DEBUG]   (f) project = MavenProject: org.openmrs.module:artemis-api:1.0.0-SNAPSHOT @ /Users/rafal/workspace/openmrs-module-artemis/api/pom.xml
[DEBUG]   (f) projectArtifact = org.openmrs.module:artemis-api:jar:1.0.0-SNAPSHOT
[DEBUG]   (f) session = org.apache.maven.execution.MavenSession@63b3ee82
[DEBUG]   (f) showCompilationChanges = false
[DEBUG]   (f) showDeprecation = false
[DEBUG]   (f) showWarnings = true
[DEBUG]   (f) skipMultiThreadWarning = false
[DEBUG]   (f) source = 17
[DEBUG]   (f) staleMillis = 0
[DEBUG]   (s) target = 17
[DEBUG]   (f) useIncrementalCompilation = true
[DEBUG]   (f) verbose = false
[DEBUG] -- end configuration --
[DEBUG] Using compiler 'javac'.
[DEBUG] Adding /Users/rafal/workspace/openmrs-module-artemis/api/target/generated-sources/annotations to compile source roots:
  /Users/rafal/workspace/openmrs-module-artemis/api/src/main/java
[DEBUG] New compile source roots:
  /Users/rafal/workspace/openmrs-module-artemis/api/src/main/java
  /Users/rafal/workspace/openmrs-module-artemis/api/target/generated-sources/annotations
[DEBUG] CompilerReuseStrategy: reuseCreated
[DEBUG] useIncrementalCompilation enabled
[INFO] 	Stale source detected: /Users/rafal/workspace/openmrs-module-artemis/api/src/main/java/org/openmrs/module/artemis/ArtemisConfig.java
[INFO] 	Stale source detected: /Users/rafal/workspace/openmrs-module-artemis/api/src/main/java/org/openmrs/module/artemis/jaas/UserPrincipal.java
[INFO] 	Stale source detected: /Users/rafal/workspace/openmrs-module-artemis/api/src/main/java/org/openmrs/module/artemis/jaas/ProgrammaticJaasConfiguration.java
[INFO] 	Stale source detected: /Users/rafal/workspace/openmrs-module-artemis/api/src/main/java/org/openmrs/module/artemis/ArtemisEventListener.java
[INFO] 	Stale source detected: /Users/rafal/workspace/openmrs-module-artemis/api/src/main/java/org/openmrs/module/artemis/Artemis.java
[INFO] 	Stale source detected: /Users/rafal/workspace/openmrs-module-artemis/api/src/main/java/org/openmrs/module/artemis/ArtemisActivator.java
[INFO] 	Stale source detected: /Users/rafal/workspace/openmrs-module-artemis/api/src/main/java/org/openmrs/module/artemis/jaas/RolePrincipal.java
[INFO] 	Stale source detected: /Users/rafal/workspace/openmrs-module-artemis/api/src/main/java/org/openmrs/module/artemis/ArtemisProperties.java
[INFO] 	Stale source detected: /Users/rafal/workspace/openmrs-module-artemis/api/src/main/java/org/openmrs/module/artemis/jaas/InMemoryLoginModule.java
[INFO] 	Stale source detected: /Users/rafal/workspace/openmrs-module-artemis/api/src/main/java/org/openmrs/module/artemis/ArtemisException.java
[INFO] 	Input tree files (+): /Users/rafal/workspace/openmrs-module-artemis/api/src/main/java/org/openmrs/module/artemis/Artemis.java
[INFO] 	Input tree files (+): /Users/rafal/workspace/openmrs-module-artemis/api/src/main/java/org/openmrs/module/artemis/ArtemisActivator.java
[INFO] 	Input tree files (+): /Users/rafal/workspace/openmrs-module-artemis/api/src/main/java/org/openmrs/module/artemis/ArtemisConfig.java
[INFO] 	Input tree files (+): /Users/rafal/workspace/openmrs-module-artemis/api/src/main/java/org/openmrs/module/artemis/ArtemisEventListener.java
[INFO] 	Input tree files (+): /Users/rafal/workspace/openmrs-module-artemis/api/src/main/java/org/openmrs/module/artemis/ArtemisException.java
[INFO] 	Input tree files (+): /Users/rafal/workspace/openmrs-module-artemis/api/src/main/java/org/openmrs/module/artemis/ArtemisProperties.java
[INFO] 	Input tree files (+): /Users/rafal/workspace/openmrs-module-artemis/api/src/main/java/org/openmrs/module/artemis/jaas/InMemoryLoginModule.java
[INFO] 	Input tree files (+): /Users/rafal/workspace/openmrs-module-artemis/api/src/main/java/org/openmrs/module/artemis/jaas/ProgrammaticJaasConfiguration.java
[INFO] 	Input tree files (+): /Users/rafal/workspace/openmrs-module-artemis/api/src/main/java/org/openmrs/module/artemis/jaas/RolePrincipal.java
[INFO] 	Input tree files (+): /Users/rafal/workspace/openmrs-module-artemis/api/src/main/java/org/openmrs/module/artemis/jaas/UserPrincipal.java
[INFO] Recompiling the module because of changed source code.
[DEBUG] Classpath:
[DEBUG]  /Users/rafal/workspace/openmrs-module-artemis/api/target/classes
[DEBUG]  /Users/rafal/.m2/repository/org/apache/artemis/artemis-server/2.54.0/artemis-server-2.54.0.jar
[DEBUG]  /Users/rafal/.m2/repository/org/slf4j/slf4j-api/1.7.30/slf4j-api-1.7.30.jar
[DEBUG]  /Users/rafal/.m2/repository/org/apache/artemis/artemis-commons/2.54.0/artemis-commons-2.54.0.jar
[DEBUG]  /Users/rafal/.m2/repository/org/apache/artemis/artemis-selector/2.54.0/artemis-selector-2.54.0.jar
[DEBUG]  /Users/rafal/.m2/repository/org/apache/artemis/artemis-journal/2.54.0/artemis-journal-2.54.0.jar
[DEBUG]  /Users/rafal/.m2/repository/org/apache/activemq/activemq-artemis-native/2.0.0/activemq-artemis-native-2.0.0.jar
[DEBUG]  /Users/rafal/.m2/repository/org/apache/artemis/artemis-jdbc-store/2.54.0/artemis-jdbc-store-2.54.0.jar
[DEBUG]  /Users/rafal/.m2/repository/org/apache/commons/commons-dbcp2/2.14.0/commons-dbcp2-2.14.0.jar
[DEBUG]  /Users/rafal/.m2/repository/org/apache/commons/commons-pool2/2.13.0/commons-pool2-2.13.0.jar
[DEBUG]  /Users/rafal/.m2/repository/jakarta/transaction/jakarta.transaction-api/1.3.3/jakarta.transaction-api-1.3.3.jar
[DEBUG]  /Users/rafal/.m2/repository/org/apache/artemis/artemis-core-client/2.54.0/artemis-core-client-2.54.0.jar
[DEBUG]  /Users/rafal/.m2/repository/org/jgroups/jgroups/5.3.13.Final/jgroups-5.3.13.Final.jar
[DEBUG]  /Users/rafal/.m2/repository/io/netty/netty-handler-proxy/4.1.132.Final/netty-handler-proxy-4.1.132.Final.jar
[DEBUG]  /Users/rafal/.m2/repository/io/netty/netty-codec-socks/4.1.132.Final/netty-codec-socks-4.1.132.Final.jar
[DEBUG]  /Users/rafal/.m2/repository/io/netty/netty-resolver/4.1.132.Final/netty-resolver-4.1.132.Final.jar
[DEBUG]  /Users/rafal/.m2/repository/de/dentrassi/crypto/pem-keystore/3.0.0/pem-keystore-3.0.0.jar
[DEBUG]  /Users/rafal/.m2/repository/com/hierynomus/asn-one/0.6.0/asn-one-0.6.0.jar
[DEBUG]  /Users/rafal/.m2/repository/org/apache/artemis/artemis-lockmanager-api/2.54.0/artemis-lockmanager-api-2.54.0.jar
[DEBUG]  /Users/rafal/.m2/repository/org/jctools/jctools-core/4.0.6/jctools-core-4.0.6.jar
[DEBUG]  /Users/rafal/.m2/repository/io/netty/netty-buffer/4.1.132.Final/netty-buffer-4.1.132.Final.jar
[DEBUG]  /Users/rafal/.m2/repository/io/netty/netty-transport/4.1.132.Final/netty-transport-4.1.132.Final.jar
[DEBUG]  /Users/rafal/.m2/repository/io/netty/netty-codec-http/4.1.132.Final/netty-codec-http-4.1.132.Final.jar
[DEBUG]  /Users/rafal/.m2/repository/io/netty/netty-codec-haproxy/4.1.132.Final/netty-codec-haproxy-4.1.132.Final.jar
[DEBUG]  /Users/rafal/.m2/repository/io/netty/netty-common/4.1.132.Final/netty-common-4.1.132.Final.jar
[DEBUG]  /Users/rafal/.m2/repository/io/netty/netty-handler/4.1.132.Final/netty-handler-4.1.132.Final.jar
[DEBUG]  /Users/rafal/.m2/repository/io/netty/netty-transport-native-unix-common/4.1.132.Final/netty-transport-native-unix-common-4.1.132.Final.jar
[DEBUG]  /Users/rafal/.m2/repository/io/netty/netty-transport-native-epoll/4.1.132.Final/netty-transport-native-epoll-4.1.132.Final-linux-x86_64.jar
[DEBUG]  /Users/rafal/.m2/repository/io/netty/netty-transport-classes-epoll/4.1.132.Final/netty-transport-classes-epoll-4.1.132.Final.jar
[DEBUG]  /Users/rafal/.m2/repository/io/netty/netty-transport-native-kqueue/4.1.132.Final/netty-transport-native-kqueue-4.1.132.Final-osx-x86_64.jar
[DEBUG]  /Users/rafal/.m2/repository/io/netty/netty-transport-classes-kqueue/4.1.132.Final/netty-transport-classes-kqueue-4.1.132.Final.jar
[DEBUG]  /Users/rafal/.m2/repository/io/netty/netty-codec/4.1.132.Final/netty-codec-4.1.132.Final.jar
[DEBUG]  /Users/rafal/.m2/repository/commons-beanutils/commons-beanutils/1.9.4/commons-beanutils-1.9.4.jar
[DEBUG]  /Users/rafal/.m2/repository/commons-logging/commons-logging/1.2/commons-logging-1.2.jar
[DEBUG]  /Users/rafal/.m2/repository/org/apache/commons/commons-lang3/3.12.0/commons-lang3-3.12.0.jar
[DEBUG]  /Users/rafal/.m2/repository/org/apache/commons/commons-configuration2/2.14.0/commons-configuration2-2.14.0.jar
[DEBUG]  /Users/rafal/.m2/repository/org/apache/commons/commons-text/1.15.0/commons-text-1.15.0.jar
[DEBUG]  /Users/rafal/.m2/repository/commons-collections/commons-collections/3.2.2/commons-collections-3.2.2.jar
[DEBUG]  /Users/rafal/.m2/repository/io/micrometer/micrometer-core/1.16.5/micrometer-core-1.16.5.jar
[DEBUG]  /Users/rafal/.m2/repository/org/jspecify/jspecify/1.0.0/jspecify-1.0.0.jar
[DEBUG]  /Users/rafal/.m2/repository/io/micrometer/micrometer-commons/1.16.5/micrometer-commons-1.16.5.jar
[DEBUG]  /Users/rafal/.m2/repository/io/micrometer/micrometer-observation/1.16.5/micrometer-observation-1.16.5.jar
[DEBUG]  /Users/rafal/.m2/repository/com/nimbusds/nimbus-jose-jwt/10.9/nimbus-jose-jwt-10.9.jar
[DEBUG]  /Users/rafal/.m2/repository/org/apache/artemis/artemis-jms-client/2.54.0/artemis-jms-client-2.54.0.jar
[DEBUG]  /Users/rafal/.m2/repository/jakarta/jms/jakarta.jms-api/2.0.3/jakarta.jms-api-2.0.3.jar
[DEBUG]  /Users/rafal/.m2/repository/org/apache/artemis/artemis-web/2.54.0/artemis-web-2.54.0.jar
[DEBUG]  /Users/rafal/.m2/repository/org/apache/artemis/artemis-dto/2.54.0/artemis-dto-2.54.0.jar
[DEBUG]  /Users/rafal/.m2/repository/com/sun/xml/bind/jaxb-impl/2.3.9/jaxb-impl-2.3.9.jar
[DEBUG]  /Users/rafal/.m2/repository/jakarta/activation/jakarta.activation-api/1.2.2/jakarta.activation-api-1.2.2.jar
[DEBUG]  /Users/rafal/.m2/repository/org/apache/artemis/artemis-cli/2.54.0/artemis-cli-2.54.0.jar
[DEBUG]  /Users/rafal/.m2/repository/org/apache/artemis/artemis-jms-server/2.54.0/artemis-jms-server-2.54.0.jar
[DEBUG]  /Users/rafal/.m2/repository/org/apache/artemis/artemis-service-extensions/2.54.0/artemis-service-extensions-2.54.0.jar
[DEBUG]  /Users/rafal/.m2/repository/jakarta/inject/jakarta.inject-api/1.0.5/jakarta.inject-api-1.0.5.jar
[DEBUG]  /Users/rafal/.m2/repository/org/apache/qpid/qpid-jms-client/1.16.0/qpid-jms-client-1.16.0.jar
[DEBUG]  /Users/rafal/.m2/repository/org/apache/qpid/proton-j/0.34.1/proton-j-0.34.1.jar
[DEBUG]  /Users/rafal/.m2/repository/info/picocli/picocli/4.7.7/picocli-4.7.7.jar
[DEBUG]  /Users/rafal/.m2/repository/info/picocli/picocli-shell-jline3/4.7.7/picocli-shell-jline3-4.7.7.jar
[DEBUG]  /Users/rafal/.m2/repository/org/jline/jline-console/4.1.0/jline-console-4.1.0.jar
[DEBUG]  /Users/rafal/.m2/repository/org/jline/jline-shell/4.1.0/jline-shell-4.1.0.jar
[DEBUG]  /Users/rafal/.m2/repository/org/jline/jline-builtins/4.1.0/jline-builtins-4.1.0.jar
[DEBUG]  /Users/rafal/.m2/repository/org/jline/jline-style/4.1.0/jline-style-4.1.0.jar
[DEBUG]  /Users/rafal/.m2/repository/org/jline/jline-console-ui/4.1.0/jline-console-ui-4.1.0.jar
[DEBUG]  /Users/rafal/.m2/repository/org/jline/jline-reader/4.1.0/jline-reader-4.1.0.jar
[DEBUG]  /Users/rafal/.m2/repository/org/jline/jline-terminal/4.1.0/jline-terminal-4.1.0.jar
[DEBUG]  /Users/rafal/.m2/repository/org/hdrhistogram/HdrHistogram/2.2.2/HdrHistogram-2.2.2.jar
[DEBUG]  /Users/rafal/.m2/repository/org/eclipse/jetty/toolchain/jetty-jakarta-servlet-api/5.0.2/jetty-jakarta-servlet-api-5.0.2.jar
[DEBUG]  /Users/rafal/.m2/repository/org/eclipse/jetty/jetty-server/12.1.9/jetty-server-12.1.9.jar
[DEBUG]  /Users/rafal/.m2/repository/org/eclipse/jetty/jetty-io/12.1.9/jetty-io-12.1.9.jar
[DEBUG]  /Users/rafal/.m2/repository/org/eclipse/jetty/ee9/jetty-ee9-servlet/12.1.9/jetty-ee9-servlet-12.1.9.jar
[DEBUG]  /Users/rafal/.m2/repository/org/eclipse/jetty/ee9/jetty-ee9-webapp/12.1.9/jetty-ee9-webapp-12.1.9.jar
[DEBUG]  /Users/rafal/.m2/repository/org/eclipse/jetty/jetty-xml/12.1.9/jetty-xml-12.1.9.jar
[DEBUG]  /Users/rafal/.m2/repository/org/eclipse/jetty/ee/jetty-ee-webapp/12.1.9/jetty-ee-webapp-12.1.9.jar
[DEBUG]  /Users/rafal/.m2/repository/org/eclipse/jetty/ee9/jetty-ee9-nested/12.1.9/jetty-ee9-nested-12.1.9.jar
[DEBUG]  /Users/rafal/.m2/repository/org/eclipse/jetty/jetty-security/12.1.9/jetty-security-12.1.9.jar
[DEBUG]  /Users/rafal/.m2/repository/org/eclipse/jetty/jetty-session/12.1.9/jetty-session-12.1.9.jar
[DEBUG]  /Users/rafal/.m2/repository/org/eclipse/jetty/ee9/jetty-ee9-security/12.1.9/jetty-ee9-security-12.1.9.jar
[DEBUG]  /Users/rafal/.m2/repository/org/eclipse/jetty/jetty-util/12.1.9/jetty-util-12.1.9.jar
[DEBUG]  /Users/rafal/.m2/repository/org/eclipse/jetty/jetty-http/12.1.9/jetty-http-12.1.9.jar
[DEBUG]  /Users/rafal/.m2/repository/org/eclipse/jetty/http2/jetty-http2-server/12.1.9/jetty-http2-server-12.1.9.jar
[DEBUG]  /Users/rafal/.m2/repository/org/eclipse/jetty/http2/jetty-http2-common/12.1.9/jetty-http2-common-12.1.9.jar
[DEBUG]  /Users/rafal/.m2/repository/org/eclipse/jetty/http2/jetty-http2-hpack/12.1.9/jetty-http2-hpack-12.1.9.jar
[DEBUG]  /Users/rafal/.m2/repository/org/eclipse/jetty/jetty-alpn-server/12.1.9/jetty-alpn-server-12.1.9.jar
[DEBUG]  /Users/rafal/.m2/repository/org/eclipse/jetty/jetty-alpn-java-server/12.1.9/jetty-alpn-java-server-12.1.9.jar
[DEBUG]  /Users/rafal/.m2/repository/org/eclipse/jetty/compression/jetty-compression-server/12.1.9/jetty-compression-server-12.1.9.jar
[DEBUG]  /Users/rafal/.m2/repository/org/eclipse/jetty/compression/jetty-compression-common/12.1.9/jetty-compression-common-12.1.9.jar
[DEBUG]  /Users/rafal/.m2/repository/org/eclipse/jetty/compression/jetty-compression-gzip/12.1.9/jetty-compression-gzip-12.1.9.jar
[DEBUG]  /Users/rafal/.m2/repository/org/checkerframework/checker-qual/3.19.0/checker-qual-3.19.0.jar
[DEBUG]  /Users/rafal/.m2/repository/com/google/errorprone/error_prone_annotations/2.10.0/error_prone_annotations-2.10.0.jar
[DEBUG]  /Users/rafal/.m2/repository/org/openmrs/api/openmrs-api/2.9.0-SNAPSHOT/openmrs-api-2.9.0-SNAPSHOT.jar
[DEBUG]  /Users/rafal/.m2/repository/commons-validator/commons-validator/1.10.0/commons-validator-1.10.0.jar
[DEBUG]  /Users/rafal/.m2/repository/commons-digester/commons-digester/2.1/commons-digester-2.1.jar
[DEBUG]  /Users/rafal/.m2/repository/commons-io/commons-io/2.19.0/commons-io-2.19.0.jar
[DEBUG]  /Users/rafal/.m2/repository/org/apache/velocity/velocity/1.7/velocity-1.7.jar
[DEBUG]  /Users/rafal/.m2/repository/commons-lang/commons-lang/2.4/commons-lang-2.4.jar
[DEBUG]  /Users/rafal/.m2/repository/org/springframework/spring-core/5.3.30/spring-core-5.3.30.jar
[DEBUG]  /Users/rafal/.m2/repository/org/springframework/spring-jcl/5.3.30/spring-jcl-5.3.30.jar
[DEBUG]  /Users/rafal/.m2/repository/org/springframework/spring-beans/5.3.30/spring-beans-5.3.30.jar
[DEBUG]  /Users/rafal/.m2/repository/org/springframework/spring-context/5.3.30/spring-context-5.3.30.jar
[DEBUG]  /Users/rafal/.m2/repository/org/springframework/spring-expression/5.3.30/spring-expression-5.3.30.jar
[DEBUG]  /Users/rafal/.m2/repository/org/springframework/spring-aop/5.3.30/spring-aop-5.3.30.jar
[DEBUG]  /Users/rafal/.m2/repository/org/springframework/spring-orm/5.3.30/spring-orm-5.3.30.jar
[DEBUG]  /Users/rafal/.m2/repository/org/springframework/spring-tx/5.3.30/spring-tx-5.3.30.jar
[DEBUG]  /Users/rafal/.m2/repository/org/springframework/spring-jdbc/5.3.30/spring-jdbc-5.3.30.jar
[DEBUG]  /Users/rafal/.m2/repository/org/springframework/spring-context-support/5.3.30/spring-context-support-5.3.30.jar
[DEBUG]  /Users/rafal/.m2/repository/org/springframework/spring-jms/5.3.30/spring-jms-5.3.30.jar
[DEBUG]  /Users/rafal/.m2/repository/org/springframework/spring-messaging/5.3.30/spring-messaging-5.3.30.jar
[DEBUG]  /Users/rafal/.m2/repository/javax/jms/javax.jms-api/2.0.1/javax.jms-api-2.0.1.jar
[DEBUG]  /Users/rafal/.m2/repository/org/infinispan/infinispan-spring5-embedded/13.0.22.Final/infinispan-spring5-embedded-13.0.22.Final.jar
[DEBUG]  /Users/rafal/.m2/repository/org/infinispan/infinispan-core/13.0.22.Final/infinispan-core-13.0.22.Final.jar
[DEBUG]  /Users/rafal/.m2/repository/org/infinispan/infinispan-commons/13.0.22.Final/infinispan-commons-13.0.22.Final.jar
[DEBUG]  /Users/rafal/.m2/repository/io/reactivex/rxjava3/rxjava/3.0.4/rxjava-3.0.4.jar
[DEBUG]  /Users/rafal/.m2/repository/org/infinispan/protostream/protostream/4.4.4.Final/protostream-4.4.4.Final.jar
[DEBUG]  /Users/rafal/.m2/repository/org/infinispan/protostream/protostream-types/4.4.4.Final/protostream-types-4.4.4.Final.jar
[DEBUG]  /Users/rafal/.m2/repository/org/jboss/threads/jboss-threads/2.3.3.Final/jboss-threads-2.3.3.Final.jar
[DEBUG]  /Users/rafal/.m2/repository/org/wildfly/common/wildfly-common/1.3.0.Final/wildfly-common-1.3.0.Final.jar
[DEBUG]  /Users/rafal/.m2/repository/org/infinispan/infinispan-spring5-common/13.0.22.Final/infinispan-spring5-common-13.0.22.Final.jar
[DEBUG]  /Users/rafal/.m2/repository/ca/uhn/hapi/hapi-base/2.1/hapi-base-2.1.jar
[DEBUG]  /Users/rafal/.m2/repository/ca/uhn/hapi/hapi-structures-v23/2.1/hapi-structures-v23-2.1.jar
[DEBUG]  /Users/rafal/.m2/repository/ca/uhn/hapi/hapi-structures-v24/2.1/hapi-structures-v24-2.1.jar
[DEBUG]  /Users/rafal/.m2/repository/ca/uhn/hapi/hapi-structures-v25/2.1/hapi-structures-v25-2.1.jar
[DEBUG]  /Users/rafal/.m2/repository/ca/uhn/hapi/hapi-structures-v26/2.1/hapi-structures-v26-2.1.jar
[DEBUG]  /Users/rafal/.m2/repository/org/javassist/javassist/3.30.2-GA/javassist-3.30.2-GA.jar
[DEBUG]  /Users/rafal/.m2/repository/net/bytebuddy/byte-buddy/1.17.6/byte-buddy-1.17.6.jar
[DEBUG]  /Users/rafal/.m2/repository/net/bytebuddy/byte-buddy-agent/1.17.6/byte-buddy-agent-1.17.6.jar
[DEBUG]  /Users/rafal/.m2/repository/org/hibernate/hibernate-core/5.6.15.Final/hibernate-core-5.6.15.Final.jar
[DEBUG]  /Users/rafal/.m2/repository/org/jboss/logging/jboss-logging/3.4.3.Final/jboss-logging-3.4.3.Final.jar
[DEBUG]  /Users/rafal/.m2/repository/javax/persistence/javax.persistence-api/2.2/javax.persistence-api-2.2.jar
[DEBUG]  /Users/rafal/.m2/repository/antlr/antlr/2.7.7/antlr-2.7.7.jar
[DEBUG]  /Users/rafal/.m2/repository/org/jboss/spec/javax/transaction/jboss-transaction-api_1.2_spec/1.1.1.Final/jboss-transaction-api_1.2_spec-1.1.1.Final.jar
[DEBUG]  /Users/rafal/.m2/repository/org/jboss/jandex/2.4.2.Final/jandex-2.4.2.Final.jar
[DEBUG]  /Users/rafal/.m2/repository/com/fasterxml/classmate/1.5.1/classmate-1.5.1.jar
[DEBUG]  /Users/rafal/.m2/repository/javax/activation/javax.activation-api/1.2.0/javax.activation-api-1.2.0.jar
[DEBUG]  /Users/rafal/.m2/repository/org/hibernate/common/hibernate-commons-annotations/5.1.2.Final/hibernate-commons-annotations-5.1.2.Final.jar
[DEBUG]  /Users/rafal/.m2/repository/javax/xml/bind/jaxb-api/2.3.1/jaxb-api-2.3.1.jar
[DEBUG]  /Users/rafal/.m2/repository/org/glassfish/jaxb/jaxb-runtime/2.3.1/jaxb-runtime-2.3.1.jar
[DEBUG]  /Users/rafal/.m2/repository/org/glassfish/jaxb/txw2/2.3.1/txw2-2.3.1.jar
[DEBUG]  /Users/rafal/.m2/repository/com/sun/istack/istack-commons-runtime/3.0.7/istack-commons-runtime-3.0.7.jar
[DEBUG]  /Users/rafal/.m2/repository/org/jvnet/staxex/stax-ex/1.8/stax-ex-1.8.jar
[DEBUG]  /Users/rafal/.m2/repository/com/sun/xml/fastinfoset/FastInfoset/1.2.15/FastInfoset-1.2.15.jar
[DEBUG]  /Users/rafal/.m2/repository/org/hibernate/hibernate-c3p0/5.6.15.Final/hibernate-c3p0-5.6.15.Final.jar
[DEBUG]  /Users/rafal/.m2/repository/com/mchange/c3p0/0.9.5.5/c3p0-0.9.5.5.jar
[DEBUG]  /Users/rafal/.m2/repository/com/mchange/mchange-commons-java/0.2.19/mchange-commons-java-0.2.19.jar
[DEBUG]  /Users/rafal/.m2/repository/org/infinispan/infinispan-hibernate-cache-v53/13.0.22.Final/infinispan-hibernate-cache-v53-13.0.22.Final.jar
[DEBUG]  /Users/rafal/.m2/repository/org/infinispan/infinispan-hibernate-cache-commons/13.0.22.Final/infinispan-hibernate-cache-commons-13.0.22.Final.jar
[DEBUG]  /Users/rafal/.m2/repository/org/infinispan/infinispan-hibernate-cache-spi/13.0.22.Final/infinispan-hibernate-cache-spi-13.0.22.Final.jar
[DEBUG]  /Users/rafal/.m2/repository/org/infinispan/infinispan-jboss-marshalling/13.0.22.Final/infinispan-jboss-marshalling-13.0.22.Final.jar
[DEBUG]  /Users/rafal/.m2/repository/org/jboss/marshalling/jboss-marshalling-osgi/2.0.12.Final/jboss-marshalling-osgi-2.0.12.Final.jar
[DEBUG]  /Users/rafal/.m2/repository/org/hibernate/search/hibernate-search-mapper-orm/6.2.4.Final/hibernate-search-mapper-orm-6.2.4.Final.jar
[DEBUG]  /Users/rafal/.m2/repository/org/hibernate/search/hibernate-search-engine/6.2.4.Final/hibernate-search-engine-6.2.4.Final.jar
[DEBUG]  /Users/rafal/.m2/repository/org/hibernate/search/hibernate-search-mapper-pojo-base/6.2.4.Final/hibernate-search-mapper-pojo-base-6.2.4.Final.jar
[DEBUG]  /Users/rafal/.m2/repository/org/hibernate/search/hibernate-search-util-common/6.2.4.Final/hibernate-search-util-common-6.2.4.Final.jar
[DEBUG]  /Users/rafal/.m2/repository/org/hibernate/search/hibernate-search-backend-lucene/6.2.4.Final/hibernate-search-backend-lucene-6.2.4.Final.jar
[DEBUG]  /Users/rafal/.m2/repository/org/apache/lucene/lucene-core/8.11.2/lucene-core-8.11.2.jar
[DEBUG]  /Users/rafal/.m2/repository/org/apache/lucene/lucene-analyzers-common/8.11.2/lucene-analyzers-common-8.11.2.jar
[DEBUG]  /Users/rafal/.m2/repository/org/apache/lucene/lucene-queryparser/8.11.2/lucene-queryparser-8.11.2.jar
[DEBUG]  /Users/rafal/.m2/repository/org/apache/lucene/lucene-queries/8.11.2/lucene-queries-8.11.2.jar
[DEBUG]  /Users/rafal/.m2/repository/org/apache/lucene/lucene-join/8.11.2/lucene-join-8.11.2.jar
[DEBUG]  /Users/rafal/.m2/repository/org/apache/lucene/lucene-facet/8.11.2/lucene-facet-8.11.2.jar
[DEBUG]  /Users/rafal/.m2/repository/com/carrotsearch/hppc/0.8.1/hppc-0.8.1.jar
[DEBUG]  /Users/rafal/.m2/repository/org/apache/lucene/lucene-highlighter/8.11.2/lucene-highlighter-8.11.2.jar
[DEBUG]  /Users/rafal/.m2/repository/org/apache/lucene/lucene-memory/8.11.2/lucene-memory-8.11.2.jar
[DEBUG]  /Users/rafal/.m2/repository/org/hibernate/search/hibernate-search-backend-elasticsearch/6.2.4.Final/hibernate-search-backend-elasticsearch-6.2.4.Final.jar
[DEBUG]  /Users/rafal/.m2/repository/org/elasticsearch/client/elasticsearch-rest-client/8.10.4/elasticsearch-rest-client-8.10.4.jar
[DEBUG]  /Users/rafal/.m2/repository/org/apache/httpcomponents/httpclient/4.5.13/httpclient-4.5.13.jar
[DEBUG]  /Users/rafal/.m2/repository/org/apache/httpcomponents/httpcore/4.4.13/httpcore-4.4.13.jar
[DEBUG]  /Users/rafal/.m2/repository/org/apache/httpcomponents/httpasyncclient/4.1.5/httpasyncclient-4.1.5.jar
[DEBUG]  /Users/rafal/.m2/repository/org/apache/httpcomponents/httpcore-nio/4.4.13/httpcore-nio-4.4.13.jar
[DEBUG]  /Users/rafal/.m2/repository/org/elasticsearch/client/elasticsearch-rest-client-sniffer/8.10.4/elasticsearch-rest-client-sniffer-8.10.4.jar
[DEBUG]  /Users/rafal/.m2/repository/com/google/code/gson/gson/2.9.1/gson-2.9.1.jar
[DEBUG]  /Users/rafal/.m2/repository/org/apache/lucene/lucene-analyzers-phonetic/8.11.2/lucene-analyzers-phonetic-8.11.2.jar
[DEBUG]  /Users/rafal/.m2/repository/commons-codec/commons-codec/1.13/commons-codec-1.13.jar
[DEBUG]  /Users/rafal/.m2/repository/org/hibernate/hibernate-envers/5.6.15.Final/hibernate-envers-5.6.15.Final.jar
[DEBUG]  /Users/rafal/.m2/repository/org/dom4j/dom4j/2.1.3/dom4j-2.1.3.jar
[DEBUG]  /Users/rafal/.m2/repository/org/apache/logging/log4j/log4j-core/2.22.1/log4j-core-2.22.1.jar
[DEBUG]  /Users/rafal/.m2/repository/org/apache/logging/log4j/log4j-api/2.22.1/log4j-api-2.22.1.jar
[DEBUG]  /Users/rafal/.m2/repository/org/apache/logging/log4j/log4j-slf4j-impl/2.22.1/log4j-slf4j-impl-2.22.1.jar
[DEBUG]  /Users/rafal/.m2/repository/org/apache/logging/log4j/log4j-1.2-api/2.22.1/log4j-1.2-api-2.22.1.jar
[DEBUG]  /Users/rafal/.m2/repository/com/thoughtworks/xstream/xstream/1.4.21/xstream-1.4.21.jar
[DEBUG]  /Users/rafal/.m2/repository/io/github/x-stream/mxparser/1.2.2/mxparser-1.2.2.jar
[DEBUG]  /Users/rafal/.m2/repository/xmlpull/xmlpull/1.1.3.1/xmlpull-1.1.3.1.jar
[DEBUG]  /Users/rafal/.m2/repository/org/liquibase/liquibase-core/4.32.0/liquibase-core-4.32.0.jar
[DEBUG]  /Users/rafal/.m2/repository/com/opencsv/opencsv/5.11/opencsv-5.11.jar
[DEBUG]  /Users/rafal/.m2/repository/org/yaml/snakeyaml/2.4/snakeyaml-2.4.jar
[DEBUG]  /Users/rafal/.m2/repository/org/apache/commons/commons-collections4/4.5.0/commons-collections4-4.5.0.jar
[DEBUG]  /Users/rafal/.m2/repository/xerces/xercesImpl/2.12.2/xercesImpl-2.12.2.jar
[DEBUG]  /Users/rafal/.m2/repository/xml-apis/xml-apis/1.4.01/xml-apis-1.4.01.jar
[DEBUG]  /Users/rafal/.m2/repository/javax/validation/validation-api/2.0.1.Final/validation-api-2.0.1.Final.jar
[DEBUG]  /Users/rafal/.m2/repository/org/hibernate/validator/hibernate-validator/6.2.0.Final/hibernate-validator-6.2.0.Final.jar
[DEBUG]  /Users/rafal/.m2/repository/jakarta/validation/jakarta.validation-api/2.0.2/jakarta.validation-api-2.0.2.jar
[DEBUG]  /Users/rafal/.m2/repository/mysql/mysql-connector-java/8.0.30/mysql-connector-java-8.0.30.jar
[DEBUG]  /Users/rafal/.m2/repository/com/google/protobuf/protobuf-java/3.19.4/protobuf-java-3.19.4.jar
[DEBUG]  /Users/rafal/.m2/repository/org/mariadb/jdbc/mariadb-java-client/3.5.4/mariadb-java-client-3.5.4.jar
[DEBUG]  /Users/rafal/.m2/repository/org/postgresql/postgresql/42.7.7/postgresql-42.7.7.jar
[DEBUG]  /Users/rafal/.m2/repository/org/codehaus/jackson/jackson-core-asl/1.9.14-MULE-002/jackson-core-asl-1.9.14-MULE-002.jar
[DEBUG]  /Users/rafal/.m2/repository/org/codehaus/jackson/jackson-mapper-asl/1.9.14-MULE-002/jackson-mapper-asl-1.9.14-MULE-002.jar
[DEBUG]  /Users/rafal/.m2/repository/com/fasterxml/jackson/core/jackson-core/2.19.1/jackson-core-2.19.1.jar
[DEBUG]  /Users/rafal/.m2/repository/com/fasterxml/jackson/core/jackson-annotations/2.19.1/jackson-annotations-2.19.1.jar
[DEBUG]  /Users/rafal/.m2/repository/com/fasterxml/jackson/core/jackson-databind/2.19.1/jackson-databind-2.19.1.jar
[DEBUG]  /Users/rafal/.m2/repository/com/fasterxml/jackson/datatype/jackson-datatype-jsr310/2.19.1/jackson-datatype-jsr310-2.19.1.jar
[DEBUG]  /Users/rafal/.m2/repository/com/fasterxml/jackson/datatype/jackson-datatype-hibernate5/2.19.1/jackson-datatype-hibernate5-2.19.1.jar
[DEBUG]  /Users/rafal/.m2/repository/javax/transaction/javax.transaction-api/1.3/javax.transaction-api-1.3.jar
[DEBUG]  /Users/rafal/.m2/repository/org/codehaus/groovy/groovy-all/2.4.21/groovy-all-2.4.21.jar
[DEBUG]  /Users/rafal/.m2/repository/org/aspectj/aspectjrt/1.9.24/aspectjrt-1.9.24.jar
[DEBUG]  /Users/rafal/.m2/repository/org/aspectj/aspectjweaver/1.9.24/aspectjweaver-1.9.24.jar
[DEBUG]  /Users/rafal/.m2/repository/joda-time/joda-time/2.14.0/joda-time-2.14.0.jar
[DEBUG]  /Users/rafal/.m2/repository/javax/annotation/javax.annotation-api/1.3.2/javax.annotation-api-1.3.2.jar
[DEBUG]  /Users/rafal/.m2/repository/com/sun/activation/javax.activation/1.2.0/javax.activation-1.2.0.jar
[DEBUG]  /Users/rafal/.m2/repository/jakarta/xml/bind/jakarta.xml.bind-api/4.0.2/jakarta.xml.bind-api-4.0.2.jar
[DEBUG]  /Users/rafal/.m2/repository/com/google/guava/guava/33.4.8-jre/guava-33.4.8-jre.jar
[DEBUG]  /Users/rafal/.m2/repository/com/google/guava/failureaccess/1.0.3/failureaccess-1.0.3.jar
[DEBUG]  /Users/rafal/.m2/repository/com/google/guava/listenablefuture/9999.0-empty-to-avoid-conflict-with-guava/listenablefuture-9999.0-empty-to-avoid-conflict-with-guava.jar
[DEBUG]  /Users/rafal/.m2/repository/com/google/j2objc/j2objc-annotations/3.0.0/j2objc-annotations-3.0.0.jar
[DEBUG]  /Users/rafal/.m2/repository/com/sun/mail/javax.mail/1.6.2/javax.mail-1.6.2.jar
[DEBUG]  /Users/rafal/.m2/repository/software/amazon/awssdk/s3/2.31.50/s3-2.31.50.jar
[DEBUG]  /Users/rafal/.m2/repository/software/amazon/awssdk/aws-xml-protocol/2.31.50/aws-xml-protocol-2.31.50.jar
[DEBUG]  /Users/rafal/.m2/repository/software/amazon/awssdk/aws-query-protocol/2.31.50/aws-query-protocol-2.31.50.jar
[DEBUG]  /Users/rafal/.m2/repository/software/amazon/awssdk/protocol-core/2.31.50/protocol-core-2.31.50.jar
[DEBUG]  /Users/rafal/.m2/repository/software/amazon/awssdk/arns/2.31.50/arns-2.31.50.jar
[DEBUG]  /Users/rafal/.m2/repository/software/amazon/awssdk/profiles/2.31.50/profiles-2.31.50.jar
[DEBUG]  /Users/rafal/.m2/repository/software/amazon/awssdk/crt-core/2.31.50/crt-core-2.31.50.jar
[DEBUG]  /Users/rafal/.m2/repository/software/amazon/awssdk/http-auth/2.31.50/http-auth-2.31.50.jar
[DEBUG]  /Users/rafal/.m2/repository/software/amazon/awssdk/identity-spi/2.31.50/identity-spi-2.31.50.jar
[DEBUG]  /Users/rafal/.m2/repository/software/amazon/awssdk/http-auth-spi/2.31.50/http-auth-spi-2.31.50.jar
[DEBUG]  /Users/rafal/.m2/repository/org/reactivestreams/reactive-streams/1.0.4/reactive-streams-1.0.4.jar
[DEBUG]  /Users/rafal/.m2/repository/software/amazon/awssdk/http-auth-aws/2.31.50/http-auth-aws-2.31.50.jar
[DEBUG]  /Users/rafal/.m2/repository/software/amazon/awssdk/checksums/2.31.50/checksums-2.31.50.jar
[DEBUG]  /Users/rafal/.m2/repository/software/amazon/awssdk/checksums-spi/2.31.50/checksums-spi-2.31.50.jar
[DEBUG]  /Users/rafal/.m2/repository/software/amazon/awssdk/retries-spi/2.31.50/retries-spi-2.31.50.jar
[DEBUG]  /Users/rafal/.m2/repository/software/amazon/awssdk/sdk-core/2.31.50/sdk-core-2.31.50.jar
[DEBUG]  /Users/rafal/.m2/repository/software/amazon/awssdk/retries/2.31.50/retries-2.31.50.jar
[DEBUG]  /Users/rafal/.m2/repository/software/amazon/awssdk/auth/2.31.50/auth-2.31.50.jar
[DEBUG]  /Users/rafal/.m2/repository/software/amazon/awssdk/http-auth-aws-eventstream/2.31.50/http-auth-aws-eventstream-2.31.50.jar
[DEBUG]  /Users/rafal/.m2/repository/software/amazon/eventstream/eventstream/1.0.1/eventstream-1.0.1.jar
[DEBUG]  /Users/rafal/.m2/repository/software/amazon/awssdk/http-client-spi/2.31.50/http-client-spi-2.31.50.jar
[DEBUG]  /Users/rafal/.m2/repository/software/amazon/awssdk/regions/2.31.50/regions-2.31.50.jar
[DEBUG]  /Users/rafal/.m2/repository/software/amazon/awssdk/annotations/2.31.50/annotations-2.31.50.jar
[DEBUG]  /Users/rafal/.m2/repository/software/amazon/awssdk/utils/2.31.50/utils-2.31.50.jar
[DEBUG]  /Users/rafal/.m2/repository/software/amazon/awssdk/aws-core/2.31.50/aws-core-2.31.50.jar
[DEBUG]  /Users/rafal/.m2/repository/software/amazon/awssdk/metrics-spi/2.31.50/metrics-spi-2.31.50.jar
[DEBUG]  /Users/rafal/.m2/repository/software/amazon/awssdk/json-utils/2.31.50/json-utils-2.31.50.jar
[DEBUG]  /Users/rafal/.m2/repository/software/amazon/awssdk/third-party-jackson-core/2.31.50/third-party-jackson-core-2.31.50.jar
[DEBUG]  /Users/rafal/.m2/repository/software/amazon/awssdk/endpoints-spi/2.31.50/endpoints-spi-2.31.50.jar
[DEBUG]  /Users/rafal/.m2/repository/software/amazon/awssdk/apache-client/2.31.50/apache-client-2.31.50.jar
[DEBUG]  /Users/rafal/.m2/repository/software/amazon/awssdk/netty-nio-client/2.31.50/netty-nio-client-2.31.50.jar
[DEBUG]  /Users/rafal/.m2/repository/io/netty/netty-codec-http2/4.1.118.Final/netty-codec-http2-4.1.118.Final.jar
[DEBUG]  /Users/rafal/.m2/repository/org/graalvm/js/js/20.3.17/js-20.3.17.jar
[DEBUG]  /Users/rafal/.m2/repository/org/graalvm/regex/regex/20.3.17/regex-20.3.17.jar
[DEBUG]  /Users/rafal/.m2/repository/org/graalvm/truffle/truffle-api/20.3.17/truffle-api-20.3.17.jar
[DEBUG]  /Users/rafal/.m2/repository/org/graalvm/sdk/graal-sdk/20.3.17/graal-sdk-20.3.17.jar
[DEBUG]  /Users/rafal/.m2/repository/com/ibm/icu/icu4j/71.1/icu4j-71.1.jar
[DEBUG]  /Users/rafal/.m2/repository/org/graalvm/js/js-scriptengine/20.3.17/js-scriptengine-20.3.17.jar
[DEBUG]  /Users/rafal/.m2/repository/net/javacrumbs/shedlock/shedlock-spring/4.48.0/shedlock-spring-4.48.0.jar
[DEBUG]  /Users/rafal/.m2/repository/net/javacrumbs/shedlock/shedlock-core/4.48.0/shedlock-core-4.48.0.jar
[DEBUG]  /Users/rafal/.m2/repository/net/javacrumbs/shedlock/shedlock-provider-jdbc-template/4.48.0/shedlock-provider-jdbc-template-4.48.0.jar
[DEBUG]  /Users/rafal/.m2/repository/org/jobrunr/jobrunr/6.3.5/jobrunr-6.3.5.jar
[DEBUG]  /Users/rafal/.m2/repository/org/ow2/asm/asm/9.5/asm-9.5.jar
[DEBUG] Source roots:
[DEBUG]  /Users/rafal/workspace/openmrs-module-artemis/api/src/main/java
[DEBUG]  /Users/rafal/workspace/openmrs-module-artemis/api/target/generated-sources/annotations
[DEBUG] Command line options:
[DEBUG] -d /Users/rafal/workspace/openmrs-module-artemis/api/target/classes -classpath /Users/rafal/workspace/openmrs-module-artemis/api/target/classes:/Users/rafal/.m2/repository/org/apache/artemis/artemis-server/2.54.0/artemis-server-2.54.0.jar:/Users/rafal/.m2/repository/org/slf4j/slf4j-api/1.7.30/slf4j-api-1.7.30.jar:/Users/rafal/.m2/repository/org/apache/artemis/artemis-commons/2.54.0/artemis-commons-2.54.0.jar:/Users/rafal/.m2/repository/org/apache/artemis/artemis-selector/2.54.0/artemis-selector-2.54.0.jar:/Users/rafal/.m2/repository/org/apache/artemis/artemis-journal/2.54.0/artemis-journal-2.54.0.jar:/Users/rafal/.m2/repository/org/apache/activemq/activemq-artemis-native/2.0.0/activemq-artemis-native-2.0.0.jar:/Users/rafal/.m2/repository/org/apache/artemis/artemis-jdbc-store/2.54.0/artemis-jdbc-store-2.54.0.jar:/Users/rafal/.m2/repository/org/apache/commons/commons-dbcp2/2.14.0/commons-dbcp2-2.14.0.jar:/Users/rafal/.m2/repository/org/apache/commons/commons-pool2/2.13.0/commons-pool2-2.13.0.jar:/Users/rafal/.m2/repository/jakarta/transaction/jakarta.transaction-api/1.3.3/jakarta.transaction-api-1.3.3.jar:/Users/rafal/.m2/repository/org/apache/artemis/artemis-core-client/2.54.0/artemis-core-client-2.54.0.jar:/Users/rafal/.m2/repository/org/jgroups/jgroups/5.3.13.Final/jgroups-5.3.13.Final.jar:/Users/rafal/.m2/repository/io/netty/netty-handler-proxy/4.1.132.Final/netty-handler-proxy-4.1.132.Final.jar:/Users/rafal/.m2/repository/io/netty/netty-codec-socks/4.1.132.Final/netty-codec-socks-4.1.132.Final.jar:/Users/rafal/.m2/repository/io/netty/netty-resolver/4.1.132.Final/netty-resolver-4.1.132.Final.jar:/Users/rafal/.m2/repository/de/dentrassi/crypto/pem-keystore/3.0.0/pem-keystore-3.0.0.jar:/Users/rafal/.m2/repository/com/hierynomus/asn-one/0.6.0/asn-one-0.6.0.jar:/Users/rafal/.m2/repository/org/apache/artemis/artemis-lockmanager-api/2.54.0/artemis-lockmanager-api-2.54.0.jar:/Users/rafal/.m2/repository/org/jctools/jctools-core/4.0.6/jctools-core-4.0.6.jar:/Users/rafal/.m2/repository/io/netty/netty-buffer/4.1.132.Final/netty-buffer-4.1.132.Final.jar:/Users/rafal/.m2/repository/io/netty/netty-transport/4.1.132.Final/netty-transport-4.1.132.Final.jar:/Users/rafal/.m2/repository/io/netty/netty-codec-http/4.1.132.Final/netty-codec-http-4.1.132.Final.jar:/Users/rafal/.m2/repository/io/netty/netty-codec-haproxy/4.1.132.Final/netty-codec-haproxy-4.1.132.Final.jar:/Users/rafal/.m2/repository/io/netty/netty-common/4.1.132.Final/netty-common-4.1.132.Final.jar:/Users/rafal/.m2/repository/io/netty/netty-handler/4.1.132.Final/netty-handler-4.1.132.Final.jar:/Users/rafal/.m2/repository/io/netty/netty-transport-native-unix-common/4.1.132.Final/netty-transport-native-unix-common-4.1.132.Final.jar:/Users/rafal/.m2/repository/io/netty/netty-transport-native-epoll/4.1.132.Final/netty-transport-native-epoll-4.1.132.Final-linux-x86_64.jar:/Users/rafal/.m2/repository/io/netty/netty-transport-classes-epoll/4.1.132.Final/netty-transport-classes-epoll-4.1.132.Final.jar:/Users/rafal/.m2/repository/io/netty/netty-transport-native-kqueue/4.1.132.Final/netty-transport-native-kqueue-4.1.132.Final-osx-x86_64.jar:/Users/rafal/.m2/repository/io/netty/netty-transport-classes-kqueue/4.1.132.Final/netty-transport-classes-kqueue-4.1.132.Final.jar:/Users/rafal/.m2/repository/io/netty/netty-codec/4.1.132.Final/netty-codec-4.1.132.Final.jar:/Users/rafal/.m2/repository/commons-beanutils/commons-beanutils/1.9.4/commons-beanutils-1.9.4.jar:/Users/rafal/.m2/repository/commons-logging/commons-logging/1.2/commons-logging-1.2.jar:/Users/rafal/.m2/repository/org/apache/commons/commons-lang3/3.12.0/commons-lang3-3.12.0.jar:/Users/rafal/.m2/repository/org/apache/commons/commons-configuration2/2.14.0/commons-configuration2-2.14.0.jar:/Users/rafal/.m2/repository/org/apache/commons/commons-text/1.15.0/commons-text-1.15.0.jar:/Users/rafal/.m2/repository/commons-collections/commons-collections/3.2.2/commons-collections-3.2.2.jar:/Users/rafal/.m2/repository/io/micrometer/micrometer-core/1.16.5/micrometer-core-1.16.5.jar:/Users/rafal/.m2/repository/org/jspecify/jspecify/1.0.0/jspecify-1.0.0.jar:/Users/rafal/.m2/repository/io/micrometer/micrometer-commons/1.16.5/micrometer-commons-1.16.5.jar:/Users/rafal/.m2/repository/io/micrometer/micrometer-observation/1.16.5/micrometer-observation-1.16.5.jar:/Users/rafal/.m2/repository/com/nimbusds/nimbus-jose-jwt/10.9/nimbus-jose-jwt-10.9.jar:/Users/rafal/.m2/repository/org/apache/artemis/artemis-jms-client/2.54.0/artemis-jms-client-2.54.0.jar:/Users/rafal/.m2/repository/jakarta/jms/jakarta.jms-api/2.0.3/jakarta.jms-api-2.0.3.jar:/Users/rafal/.m2/repository/org/apache/artemis/artemis-web/2.54.0/artemis-web-2.54.0.jar:/Users/rafal/.m2/repository/org/apache/artemis/artemis-dto/2.54.0/artemis-dto-2.54.0.jar:/Users/rafal/.m2/repository/com/sun/xml/bind/jaxb-impl/2.3.9/jaxb-impl-2.3.9.jar:/Users/rafal/.m2/repository/jakarta/activation/jakarta.activation-api/1.2.2/jakarta.activation-api-1.2.2.jar:/Users/rafal/.m2/repository/org/apache/artemis/artemis-cli/2.54.0/artemis-cli-2.54.0.jar:/Users/rafal/.m2/repository/org/apache/artemis/artemis-jms-server/2.54.0/artemis-jms-server-2.54.0.jar:/Users/rafal/.m2/repository/org/apache/artemis/artemis-service-extensions/2.54.0/artemis-service-extensions-2.54.0.jar:/Users/rafal/.m2/repository/jakarta/inject/jakarta.inject-api/1.0.5/jakarta.inject-api-1.0.5.jar:/Users/rafal/.m2/repository/org/apache/qpid/qpid-jms-client/1.16.0/qpid-jms-client-1.16.0.jar:/Users/rafal/.m2/repository/org/apache/qpid/proton-j/0.34.1/proton-j-0.34.1.jar:/Users/rafal/.m2/repository/info/picocli/picocli/4.7.7/picocli-4.7.7.jar:/Users/rafal/.m2/repository/info/picocli/picocli-shell-jline3/4.7.7/picocli-shell-jline3-4.7.7.jar:/Users/rafal/.m2/repository/org/jline/jline-console/4.1.0/jline-console-4.1.0.jar:/Users/rafal/.m2/repository/org/jline/jline-shell/4.1.0/jline-shell-4.1.0.jar:/Users/rafal/.m2/repository/org/jline/jline-builtins/4.1.0/jline-builtins-4.1.0.jar:/Users/rafal/.m2/repository/org/jline/jline-style/4.1.0/jline-style-4.1.0.jar:/Users/rafal/.m2/repository/org/jline/jline-console-ui/4.1.0/jline-console-ui-4.1.0.jar:/Users/rafal/.m2/repository/org/jline/jline-reader/4.1.0/jline-reader-4.1.0.jar:/Users/rafal/.m2/repository/org/jline/jline-terminal/4.1.0/jline-terminal-4.1.0.jar:/Users/rafal/.m2/repository/org/hdrhistogram/HdrHistogram/2.2.2/HdrHistogram-2.2.2.jar:/Users/rafal/.m2/repository/org/eclipse/jetty/toolchain/jetty-jakarta-servlet-api/5.0.2/jetty-jakarta-servlet-api-5.0.2.jar:/Users/rafal/.m2/repository/org/eclipse/jetty/jetty-server/12.1.9/jetty-server-12.1.9.jar:/Users/rafal/.m2/repository/org/eclipse/jetty/jetty-io/12.1.9/jetty-io-12.1.9.jar:/Users/rafal/.m2/repository/org/eclipse/jetty/ee9/jetty-ee9-servlet/12.1.9/jetty-ee9-servlet-12.1.9.jar:/Users/rafal/.m2/repository/org/eclipse/jetty/ee9/jetty-ee9-webapp/12.1.9/jetty-ee9-webapp-12.1.9.jar:/Users/rafal/.m2/repository/org/eclipse/jetty/jetty-xml/12.1.9/jetty-xml-12.1.9.jar:/Users/rafal/.m2/repository/org/eclipse/jetty/ee/jetty-ee-webapp/12.1.9/jetty-ee-webapp-12.1.9.jar:/Users/rafal/.m2/repository/org/eclipse/jetty/ee9/jetty-ee9-nested/12.1.9/jetty-ee9-nested-12.1.9.jar:/Users/rafal/.m2/repository/org/eclipse/jetty/jetty-security/12.1.9/jetty-security-12.1.9.jar:/Users/rafal/.m2/repository/org/eclipse/jetty/jetty-session/12.1.9/jetty-session-12.1.9.jar:/Users/rafal/.m2/repository/org/eclipse/jetty/ee9/jetty-ee9-security/12.1.9/jetty-ee9-security-12.1.9.jar:/Users/rafal/.m2/repository/org/eclipse/jetty/jetty-util/12.1.9/jetty-util-12.1.9.jar:/Users/rafal/.m2/repository/org/eclipse/jetty/jetty-http/12.1.9/jetty-http-12.1.9.jar:/Users/rafal/.m2/repository/org/eclipse/jetty/http2/jetty-http2-server/12.1.9/jetty-http2-server-12.1.9.jar:/Users/rafal/.m2/repository/org/eclipse/jetty/http2/jetty-http2-common/12.1.9/jetty-http2-common-12.1.9.jar:/Users/rafal/.m2/repository/org/eclipse/jetty/http2/jetty-http2-hpack/12.1.9/jetty-http2-hpack-12.1.9.jar:/Users/rafal/.m2/repository/org/eclipse/jetty/jetty-alpn-server/12.1.9/jetty-alpn-server-12.1.9.jar:/Users/rafal/.m2/repository/org/eclipse/jetty/jetty-alpn-java-server/12.1.9/jetty-alpn-java-server-12.1.9.jar:/Users/rafal/.m2/repository/org/eclipse/jetty/compression/jetty-compression-server/12.1.9/jetty-compression-server-12.1.9.jar:/Users/rafal/.m2/repository/org/eclipse/jetty/compression/jetty-compression-common/12.1.9/jetty-compression-common-12.1.9.jar:/Users/rafal/.m2/repository/org/eclipse/jetty/compression/jetty-compression-gzip/12.1.9/jetty-compression-gzip-12.1.9.jar:/Users/rafal/.m2/repository/org/checkerframework/checker-qual/3.19.0/checker-qual-3.19.0.jar:/Users/rafal/.m2/repository/com/google/errorprone/error_prone_annotations/2.10.0/error_prone_annotations-2.10.0.jar:/Users/rafal/.m2/repository/org/openmrs/api/openmrs-api/2.9.0-SNAPSHOT/openmrs-api-2.9.0-SNAPSHOT.jar:/Users/rafal/.m2/repository/commons-validator/commons-validator/1.10.0/commons-validator-1.10.0.jar:/Users/rafal/.m2/repository/commons-digester/commons-digester/2.1/commons-digester-2.1.jar:/Users/rafal/.m2/repository/commons-io/commons-io/2.19.0/commons-io-2.19.0.jar:/Users/rafal/.m2/repository/org/apache/velocity/velocity/1.7/velocity-1.7.jar:/Users/rafal/.m2/repository/commons-lang/commons-lang/2.4/commons-lang-2.4.jar:/Users/rafal/.m2/repository/org/springframework/spring-core/5.3.30/spring-core-5.3.30.jar:/Users/rafal/.m2/repository/org/springframework/spring-jcl/5.3.30/spring-jcl-5.3.30.jar:/Users/rafal/.m2/repository/org/springframework/spring-beans/5.3.30/spring-beans-5.3.30.jar:/Users/rafal/.m2/repository/org/springframework/spring-context/5.3.30/spring-context-5.3.30.jar:/Users/rafal/.m2/repository/org/springframework/spring-expression/5.3.30/spring-expression-5.3.30.jar:/Users/rafal/.m2/repository/org/springframework/spring-aop/5.3.30/spring-aop-5.3.30.jar:/Users/rafal/.m2/repository/org/springframework/spring-orm/5.3.30/spring-orm-5.3.30.jar:/Users/rafal/.m2/repository/org/springframework/spring-tx/5.3.30/spring-tx-5.3.30.jar:/Users/rafal/.m2/repository/org/springframework/spring-jdbc/5.3.30/spring-jdbc-5.3.30.jar:/Users/rafal/.m2/repository/org/springframework/spring-context-support/5.3.30/spring-context-support-5.3.30.jar:/Users/rafal/.m2/repository/org/springframework/spring-jms/5.3.30/spring-jms-5.3.30.jar:/Users/rafal/.m2/repository/org/springframework/spring-messaging/5.3.30/spring-messaging-5.3.30.jar:/Users/rafal/.m2/repository/javax/jms/javax.jms-api/2.0.1/javax.jms-api-2.0.1.jar:/Users/rafal/.m2/repository/org/infinispan/infinispan-spring5-embedded/13.0.22.Final/infinispan-spring5-embedded-13.0.22.Final.jar:/Users/rafal/.m2/repository/org/infinispan/infinispan-core/13.0.22.Final/infinispan-core-13.0.22.Final.jar:/Users/rafal/.m2/repository/org/infinispan/infinispan-commons/13.0.22.Final/infinispan-commons-13.0.22.Final.jar:/Users/rafal/.m2/repository/io/reactivex/rxjava3/rxjava/3.0.4/rxjava-3.0.4.jar:/Users/rafal/.m2/repository/org/infinispan/protostream/protostream/4.4.4.Final/protostream-4.4.4.Final.jar:/Users/rafal/.m2/repository/org/infinispan/protostream/protostream-types/4.4.4.Final/protostream-types-4.4.4.Final.jar:/Users/rafal/.m2/repository/org/jboss/threads/jboss-threads/2.3.3.Final/jboss-threads-2.3.3.Final.jar:/Users/rafal/.m2/repository/org/wildfly/common/wildfly-common/1.3.0.Final/wildfly-common-1.3.0.Final.jar:/Users/rafal/.m2/repository/org/infinispan/infinispan-spring5-common/13.0.22.Final/infinispan-spring5-common-13.0.22.Final.jar:/Users/rafal/.m2/repository/ca/uhn/hapi/hapi-base/2.1/hapi-base-2.1.jar:/Users/rafal/.m2/repository/ca/uhn/hapi/hapi-structures-v23/2.1/hapi-structures-v23-2.1.jar:/Users/rafal/.m2/repository/ca/uhn/hapi/hapi-structures-v24/2.1/hapi-structures-v24-2.1.jar:/Users/rafal/.m2/repository/ca/uhn/hapi/hapi-structures-v25/2.1/hapi-structures-v25-2.1.jar:/Users/rafal/.m2/repository/ca/uhn/hapi/hapi-structures-v26/2.1/hapi-structures-v26-2.1.jar:/Users/rafal/.m2/repository/org/javassist/javassist/3.30.2-GA/javassist-3.30.2-GA.jar:/Users/rafal/.m2/repository/net/bytebuddy/byte-buddy/1.17.6/byte-buddy-1.17.6.jar:/Users/rafal/.m2/repository/net/bytebuddy/byte-buddy-agent/1.17.6/byte-buddy-agent-1.17.6.jar:/Users/rafal/.m2/repository/org/hibernate/hibernate-core/5.6.15.Final/hibernate-core-5.6.15.Final.jar:/Users/rafal/.m2/repository/org/jboss/logging/jboss-logging/3.4.3.Final/jboss-logging-3.4.3.Final.jar:/Users/rafal/.m2/repository/javax/persistence/javax.persistence-api/2.2/javax.persistence-api-2.2.jar:/Users/rafal/.m2/repository/antlr/antlr/2.7.7/antlr-2.7.7.jar:/Users/rafal/.m2/repository/org/jboss/spec/javax/transaction/jboss-transaction-api_1.2_spec/1.1.1.Final/jboss-transaction-api_1.2_spec-1.1.1.Final.jar:/Users/rafal/.m2/repository/org/jboss/jandex/2.4.2.Final/jandex-2.4.2.Final.jar:/Users/rafal/.m2/repository/com/fasterxml/classmate/1.5.1/classmate-1.5.1.jar:/Users/rafal/.m2/repository/javax/activation/javax.activation-api/1.2.0/javax.activation-api-1.2.0.jar:/Users/rafal/.m2/repository/org/hibernate/common/hibernate-commons-annotations/5.1.2.Final/hibernate-commons-annotations-5.1.2.Final.jar:/Users/rafal/.m2/repository/javax/xml/bind/jaxb-api/2.3.1/jaxb-api-2.3.1.jar:/Users/rafal/.m2/repository/org/glassfish/jaxb/jaxb-runtime/2.3.1/jaxb-runtime-2.3.1.jar:/Users/rafal/.m2/repository/org/glassfish/jaxb/txw2/2.3.1/txw2-2.3.1.jar:/Users/rafal/.m2/repository/com/sun/istack/istack-commons-runtime/3.0.7/istack-commons-runtime-3.0.7.jar:/Users/rafal/.m2/repository/org/jvnet/staxex/stax-ex/1.8/stax-ex-1.8.jar:/Users/rafal/.m2/repository/com/sun/xml/fastinfoset/FastInfoset/1.2.15/FastInfoset-1.2.15.jar:/Users/rafal/.m2/repository/org/hibernate/hibernate-c3p0/5.6.15.Final/hibernate-c3p0-5.6.15.Final.jar:/Users/rafal/.m2/repository/com/mchange/c3p0/0.9.5.5/c3p0-0.9.5.5.jar:/Users/rafal/.m2/repository/com/mchange/mchange-commons-java/0.2.19/mchange-commons-java-0.2.19.jar:/Users/rafal/.m2/repository/org/infinispan/infinispan-hibernate-cache-v53/13.0.22.Final/infinispan-hibernate-cache-v53-13.0.22.Final.jar:/Users/rafal/.m2/repository/org/infinispan/infinispan-hibernate-cache-commons/13.0.22.Final/infinispan-hibernate-cache-commons-13.0.22.Final.jar:/Users/rafal/.m2/repository/org/infinispan/infinispan-hibernate-cache-spi/13.0.22.Final/infinispan-hibernate-cache-spi-13.0.22.Final.jar:/Users/rafal/.m2/repository/org/infinispan/infinispan-jboss-marshalling/13.0.22.Final/infinispan-jboss-marshalling-13.0.22.Final.jar:/Users/rafal/.m2/repository/org/jboss/marshalling/jboss-marshalling-osgi/2.0.12.Final/jboss-marshalling-osgi-2.0.12.Final.jar:/Users/rafal/.m2/repository/org/hibernate/search/hibernate-search-mapper-orm/6.2.4.Final/hibernate-search-mapper-orm-6.2.4.Final.jar:/Users/rafal/.m2/repository/org/hibernate/search/hibernate-search-engine/6.2.4.Final/hibernate-search-engine-6.2.4.Final.jar:/Users/rafal/.m2/repository/org/hibernate/search/hibernate-search-mapper-pojo-base/6.2.4.Final/hibernate-search-mapper-pojo-base-6.2.4.Final.jar:/Users/rafal/.m2/repository/org/hibernate/search/hibernate-search-util-common/6.2.4.Final/hibernate-search-util-common-6.2.4.Final.jar:/Users/rafal/.m2/repository/org/hibernate/search/hibernate-search-backend-lucene/6.2.4.Final/hibernate-search-backend-lucene-6.2.4.Final.jar:/Users/rafal/.m2/repository/org/apache/lucene/lucene-core/8.11.2/lucene-core-8.11.2.jar:/Users/rafal/.m2/repository/org/apache/lucene/lucene-analyzers-common/8.11.2/lucene-analyzers-common-8.11.2.jar:/Users/rafal/.m2/repository/org/apache/lucene/lucene-queryparser/8.11.2/lucene-queryparser-8.11.2.jar:/Users/rafal/.m2/repository/org/apache/lucene/lucene-queries/8.11.2/lucene-queries-8.11.2.jar:/Users/rafal/.m2/repository/org/apache/lucene/lucene-join/8.11.2/lucene-join-8.11.2.jar:/Users/rafal/.m2/repository/org/apache/lucene/lucene-facet/8.11.2/lucene-facet-8.11.2.jar:/Users/rafal/.m2/repository/com/carrotsearch/hppc/0.8.1/hppc-0.8.1.jar:/Users/rafal/.m2/repository/org/apache/lucene/lucene-highlighter/8.11.2/lucene-highlighter-8.11.2.jar:/Users/rafal/.m2/repository/org/apache/lucene/lucene-memory/8.11.2/lucene-memory-8.11.2.jar:/Users/rafal/.m2/repository/org/hibernate/search/hibernate-search-backend-elasticsearch/6.2.4.Final/hibernate-search-backend-elasticsearch-6.2.4.Final.jar:/Users/rafal/.m2/repository/org/elasticsearch/client/elasticsearch-rest-client/8.10.4/elasticsearch-rest-client-8.10.4.jar:/Users/rafal/.m2/repository/org/apache/httpcomponents/httpclient/4.5.13/httpclient-4.5.13.jar:/Users/rafal/.m2/repository/org/apache/httpcomponents/httpcore/4.4.13/httpcore-4.4.13.jar:/Users/rafal/.m2/repository/org/apache/httpcomponents/httpasyncclient/4.1.5/httpasyncclient-4.1.5.jar:/Users/rafal/.m2/repository/org/apache/httpcomponents/httpcore-nio/4.4.13/httpcore-nio-4.4.13.jar:/Users/rafal/.m2/repository/org/elasticsearch/client/elasticsearch-rest-client-sniffer/8.10.4/elasticsearch-rest-client-sniffer-8.10.4.jar:/Users/rafal/.m2/repository/com/google/code/gson/gson/2.9.1/gson-2.9.1.jar:/Users/rafal/.m2/repository/org/apache/lucene/lucene-analyzers-phonetic/8.11.2/lucene-analyzers-phonetic-8.11.2.jar:/Users/rafal/.m2/repository/commons-codec/commons-codec/1.13/commons-codec-1.13.jar:/Users/rafal/.m2/repository/org/hibernate/hibernate-envers/5.6.15.Final/hibernate-envers-5.6.15.Final.jar:/Users/rafal/.m2/repository/org/dom4j/dom4j/2.1.3/dom4j-2.1.3.jar:/Users/rafal/.m2/repository/org/apache/logging/log4j/log4j-core/2.22.1/log4j-core-2.22.1.jar:/Users/rafal/.m2/repository/org/apache/logging/log4j/log4j-api/2.22.1/log4j-api-2.22.1.jar:/Users/rafal/.m2/repository/org/apache/logging/log4j/log4j-slf4j-impl/2.22.1/log4j-slf4j-impl-2.22.1.jar:/Users/rafal/.m2/repository/org/apache/logging/log4j/log4j-1.2-api/2.22.1/log4j-1.2-api-2.22.1.jar:/Users/rafal/.m2/repository/com/thoughtworks/xstream/xstream/1.4.21/xstream-1.4.21.jar:/Users/rafal/.m2/repository/io/github/x-stream/mxparser/1.2.2/mxparser-1.2.2.jar:/Users/rafal/.m2/repository/xmlpull/xmlpull/1.1.3.1/xmlpull-1.1.3.1.jar:/Users/rafal/.m2/repository/org/liquibase/liquibase-core/4.32.0/liquibase-core-4.32.0.jar:/Users/rafal/.m2/repository/com/opencsv/opencsv/5.11/opencsv-5.11.jar:/Users/rafal/.m2/repository/org/yaml/snakeyaml/2.4/snakeyaml-2.4.jar:/Users/rafal/.m2/repository/org/apache/commons/commons-collections4/4.5.0/commons-collections4-4.5.0.jar:/Users/rafal/.m2/repository/xerces/xercesImpl/2.12.2/xercesImpl-2.12.2.jar:/Users/rafal/.m2/repository/xml-apis/xml-apis/1.4.01/xml-apis-1.4.01.jar:/Users/rafal/.m2/repository/javax/validation/validation-api/2.0.1.Final/validation-api-2.0.1.Final.jar:/Users/rafal/.m2/repository/org/hibernate/validator/hibernate-validator/6.2.0.Final/hibernate-validator-6.2.0.Final.jar:/Users/rafal/.m2/repository/jakarta/validation/jakarta.validation-api/2.0.2/jakarta.validation-api-2.0.2.jar:/Users/rafal/.m2/repository/mysql/mysql-connector-java/8.0.30/mysql-connector-java-8.0.30.jar:/Users/rafal/.m2/repository/com/google/protobuf/protobuf-java/3.19.4/protobuf-java-3.19.4.jar:/Users/rafal/.m2/repository/org/mariadb/jdbc/mariadb-java-client/3.5.4/mariadb-java-client-3.5.4.jar:/Users/rafal/.m2/repository/org/postgresql/postgresql/42.7.7/postgresql-42.7.7.jar:/Users/rafal/.m2/repository/org/codehaus/jackson/jackson-core-asl/1.9.14-MULE-002/jackson-core-asl-1.9.14-MULE-002.jar:/Users/rafal/.m2/repository/org/codehaus/jackson/jackson-mapper-asl/1.9.14-MULE-002/jackson-mapper-asl-1.9.14-MULE-002.jar:/Users/rafal/.m2/repository/com/fasterxml/jackson/core/jackson-core/2.19.1/jackson-core-2.19.1.jar:/Users/rafal/.m2/repository/com/fasterxml/jackson/core/jackson-annotations/2.19.1/jackson-annotations-2.19.1.jar:/Users/rafal/.m2/repository/com/fasterxml/jackson/core/jackson-databind/2.19.1/jackson-databind-2.19.1.jar:/Users/rafal/.m2/repository/com/fasterxml/jackson/datatype/jackson-datatype-jsr310/2.19.1/jackson-datatype-jsr310-2.19.1.jar:/Users/rafal/.m2/repository/com/fasterxml/jackson/datatype/jackson-datatype-hibernate5/2.19.1/jackson-datatype-hibernate5-2.19.1.jar:/Users/rafal/.m2/repository/javax/transaction/javax.transaction-api/1.3/javax.transaction-api-1.3.jar:/Users/rafal/.m2/repository/org/codehaus/groovy/groovy-all/2.4.21/groovy-all-2.4.21.jar:/Users/rafal/.m2/repository/org/aspectj/aspectjrt/1.9.24/aspectjrt-1.9.24.jar:/Users/rafal/.m2/repository/org/aspectj/aspectjweaver/1.9.24/aspectjweaver-1.9.24.jar:/Users/rafal/.m2/repository/joda-time/joda-time/2.14.0/joda-time-2.14.0.jar:/Users/rafal/.m2/repository/javax/annotation/javax.annotation-api/1.3.2/javax.annotation-api-1.3.2.jar:/Users/rafal/.m2/repository/com/sun/activation/javax.activation/1.2.0/javax.activation-1.2.0.jar:/Users/rafal/.m2/repository/jakarta/xml/bind/jakarta.xml.bind-api/4.0.2/jakarta.xml.bind-api-4.0.2.jar:/Users/rafal/.m2/repository/com/google/guava/guava/33.4.8-jre/guava-33.4.8-jre.jar:/Users/rafal/.m2/repository/com/google/guava/failureaccess/1.0.3/failureaccess-1.0.3.jar:/Users/rafal/.m2/repository/com/google/guava/listenablefuture/9999.0-empty-to-avoid-conflict-with-guava/listenablefuture-9999.0-empty-to-avoid-conflict-with-guava.jar:/Users/rafal/.m2/repository/com/google/j2objc/j2objc-annotations/3.0.0/j2objc-annotations-3.0.0.jar:/Users/rafal/.m2/repository/com/sun/mail/javax.mail/1.6.2/javax.mail-1.6.2.jar:/Users/rafal/.m2/repository/software/amazon/awssdk/s3/2.31.50/s3-2.31.50.jar:/Users/rafal/.m2/repository/software/amazon/awssdk/aws-xml-protocol/2.31.50/aws-xml-protocol-2.31.50.jar:/Users/rafal/.m2/repository/software/amazon/awssdk/aws-query-protocol/2.31.50/aws-query-protocol-2.31.50.jar:/Users/rafal/.m2/repository/software/amazon/awssdk/protocol-core/2.31.50/protocol-core-2.31.50.jar:/Users/rafal/.m2/repository/software/amazon/awssdk/arns/2.31.50/arns-2.31.50.jar:/Users/rafal/.m2/repository/software/amazon/awssdk/profiles/2.31.50/profiles-2.31.50.jar:/Users/rafal/.m2/repository/software/amazon/awssdk/crt-core/2.31.50/crt-core-2.31.50.jar:/Users/rafal/.m2/repository/software/amazon/awssdk/http-auth/2.31.50/http-auth-2.31.50.jar:/Users/rafal/.m2/repository/software/amazon/awssdk/identity-spi/2.31.50/identity-spi-2.31.50.jar:/Users/rafal/.m2/repository/software/amazon/awssdk/http-auth-spi/2.31.50/http-auth-spi-2.31.50.jar:/Users/rafal/.m2/repository/org/reactivestreams/reactive-streams/1.0.4/reactive-streams-1.0.4.jar:/Users/rafal/.m2/repository/software/amazon/awssdk/http-auth-aws/2.31.50/http-auth-aws-2.31.50.jar:/Users/rafal/.m2/repository/software/amazon/awssdk/checksums/2.31.50/checksums-2.31.50.jar:/Users/rafal/.m2/repository/software/amazon/awssdk/checksums-spi/2.31.50/checksums-spi-2.31.50.jar:/Users/rafal/.m2/repository/software/amazon/awssdk/retries-spi/2.31.50/retries-spi-2.31.50.jar:/Users/rafal/.m2/repository/software/amazon/awssdk/sdk-core/2.31.50/sdk-core-2.31.50.jar:/Users/rafal/.m2/repository/software/amazon/awssdk/retries/2.31.50/retries-2.31.50.jar:/Users/rafal/.m2/repository/software/amazon/awssdk/auth/2.31.50/auth-2.31.50.jar:/Users/rafal/.m2/repository/software/amazon/awssdk/http-auth-aws-eventstream/2.31.50/http-auth-aws-eventstream-2.31.50.jar:/Users/rafal/.m2/repository/software/amazon/eventstream/eventstream/1.0.1/eventstream-1.0.1.jar:/Users/rafal/.m2/repository/software/amazon/awssdk/http-client-spi/2.31.50/http-client-spi-2.31.50.jar:/Users/rafal/.m2/repository/software/amazon/awssdk/regions/2.31.50/regions-2.31.50.jar:/Users/rafal/.m2/repository/software/amazon/awssdk/annotations/2.31.50/annotations-2.31.50.jar:/Users/rafal/.m2/repository/software/amazon/awssdk/utils/2.31.50/utils-2.31.50.jar:/Users/rafal/.m2/repository/software/amazon/awssdk/aws-core/2.31.50/aws-core-2.31.50.jar:/Users/rafal/.m2/repository/software/amazon/awssdk/metrics-spi/2.31.50/metrics-spi-2.31.50.jar:/Users/rafal/.m2/repository/software/amazon/awssdk/json-utils/2.31.50/json-utils-2.31.50.jar:/Users/rafal/.m2/repository/software/amazon/awssdk/third-party-jackson-core/2.31.50/third-party-jackson-core-2.31.50.jar:/Users/rafal/.m2/repository/software/amazon/awssdk/endpoints-spi/2.31.50/endpoints-spi-2.31.50.jar:/Users/rafal/.m2/repository/software/amazon/awssdk/apache-client/2.31.50/apache-client-2.31.50.jar:/Users/rafal/.m2/repository/software/amazon/awssdk/netty-nio-client/2.31.50/netty-nio-client-2.31.50.jar:/Users/rafal/.m2/repository/io/netty/netty-codec-http2/4.1.118.Final/netty-codec-http2-4.1.118.Final.jar:/Users/rafal/.m2/repository/org/graalvm/js/js/20.3.17/js-20.3.17.jar:/Users/rafal/.m2/repository/org/graalvm/regex/regex/20.3.17/regex-20.3.17.jar:/Users/rafal/.m2/repository/org/graalvm/truffle/truffle-api/20.3.17/truffle-api-20.3.17.jar:/Users/rafal/.m2/repository/org/graalvm/sdk/graal-sdk/20.3.17/graal-sdk-20.3.17.jar:/Users/rafal/.m2/repository/com/ibm/icu/icu4j/71.1/icu4j-71.1.jar:/Users/rafal/.m2/repository/org/graalvm/js/js-scriptengine/20.3.17/js-scriptengine-20.3.17.jar:/Users/rafal/.m2/repository/net/javacrumbs/shedlock/shedlock-spring/4.48.0/shedlock-spring-4.48.0.jar:/Users/rafal/.m2/repository/net/javacrumbs/shedlock/shedlock-core/4.48.0/shedlock-core-4.48.0.jar:/Users/rafal/.m2/repository/net/javacrumbs/shedlock/shedlock-provider-jdbc-template/4.48.0/shedlock-provider-jdbc-template-4.48.0.jar:/Users/rafal/.m2/repository/org/jobrunr/jobrunr/6.3.5/jobrunr-6.3.5.jar:/Users/rafal/.m2/repository/org/ow2/asm/asm/9.5/asm-9.5.jar: -sourcepath /Users/rafal/workspace/openmrs-module-artemis/api/src/main/java:/Users/rafal/workspace/openmrs-module-artemis/api/target/generated-sources/annotations: -s /Users/rafal/workspace/openmrs-module-artemis/api/target/generated-sources/annotations -g -target 17 -source 17 -encoding UTF-8 -XDuseUnsharedTable=true
[DEBUG] incrementalBuildHelper#beforeRebuildExecution
[INFO] Compiling 10 source files with javac [debug target 17] to target/classes
[DEBUG] incrementalBuildHelper#afterRebuildExecution
[WARNING] system modules path not set in conjunction with -source 17
[INFO] Annotation processing is enabled because one or more processors were found
  on the class path. A future release of javac may disable annotation processing
  unless at least one processor is specified by name (-processor), or a search
  path is specified (--processor-path, --processor-module-path), or annotation
  processing is enabled explicitly (-proc:only, -proc:full).
  Use -Xlint:-options to suppress this message.
  Use -proc:none to disable annotation processing.
[INFO] /Users/rafal/workspace/openmrs-module-artemis/api/src/main/java/org/openmrs/module/artemis/Artemis.java: /Users/rafal/workspace/openmrs-module-artemis/api/src/main/java/org/openmrs/module/artemis/Artemis.java uses or overrides a deprecated API.
[INFO] /Users/rafal/workspace/openmrs-module-artemis/api/src/main/java/org/openmrs/module/artemis/Artemis.java: Recompile with -Xlint:deprecation for details.
[INFO] 
[INFO] --- resources:3.3.1:testResources (default-testResources) @ artemis-api ---
[DEBUG] Loading mojo org.apache.maven.plugins:maven-resources-plugin:3.3.1:testResources from plugin realm ClassRealm[plugin>org.apache.maven.plugins:maven-resources-plugin:3.3.1, parent: jdk.internal.loader.ClassLoaders$AppClassLoader@2c854dc5]
[DEBUG] Configuring mojo execution 'org.apache.maven.plugins:maven-resources-plugin:3.3.1:testResources:default-testResources' with basic configurator -->
[DEBUG]   (f) addDefaultExcludes = true
[DEBUG]   (f) buildFilters = []
[DEBUG]   (f) encoding = UTF-8
[DEBUG]   (f) escapeWindowsPaths = true
[DEBUG]   (f) fileNameFiltering = false
[DEBUG]   (s) includeEmptyDirs = false
[DEBUG]   (s) outputDirectory = /Users/rafal/workspace/openmrs-module-artemis/api/target/test-classes
[DEBUG]   (s) overwrite = false
[DEBUG]   (f) project = MavenProject: org.openmrs.module:artemis-api:1.0.0-SNAPSHOT @ /Users/rafal/workspace/openmrs-module-artemis/api/pom.xml
[DEBUG]   (s) resources = [Resource {targetPath: null, filtering: true, FileSet {directory: /Users/rafal/workspace/openmrs-module-artemis/api/src/test/resources, PatternSet [includes: {**/*.xml, **/*.txt, **/*.properties}, excludes: {}]}}, Resource {targetPath: null, filtering: false, FileSet {directory: /Users/rafal/workspace/openmrs-module-artemis/api/src/test/resources, PatternSet [includes: {}, excludes: {**/*.xml, **/*.txt, **/*.properties}]}}]
[DEBUG]   (f) session = org.apache.maven.execution.MavenSession@63b3ee82
[DEBUG]   (f) skip = false
[DEBUG]   (f) supportMultiLineFiltering = false
[DEBUG]   (f) useBuildFilters = true
[DEBUG]   (s) useDefaultDelimiters = true
[DEBUG] -- end configuration --
[DEBUG] properties used:
[DEBUG] MODULE_ID: artemis
[DEBUG] MODULE_NAME: ${project.parent.name}
[DEBUG] MODULE_PACKAGE: org.openmrs.module.artemis
[DEBUG] MODULE_VERSION: 1.0.0-SNAPSHOT
[DEBUG] apple.awt.application.name: Launcher
[DEBUG] artemisVersion: 2.54.0
[DEBUG] classworlds.conf: /opt/homebrew/Cellar/maven/3.9.9/libexec/bin/m2.conf
[DEBUG] env.COLORTERM: truecolor
[DEBUG] env.COPILOT_AGENT_SESSION_ID: 16e1e3c7-9bf4-4332-9b17-70970a82c0fb
[DEBUG] env.COPILOT_CLI: 1
[DEBUG] env.COPILOT_CLI_BINARY_VERSION: 1.0.68
[DEBUG] env.COPILOT_LOADER_PID: 42636
[DEBUG] env.FPATH: /Users/rafal/.docker/completions:/opt/homebrew/share/zsh/site-functions:/usr/local/share/zsh/site-functions:/usr/share/zsh/site-functions:/usr/share/zsh/5.9/functions
[DEBUG] env.GIT_CONFIG_COUNT: 1
[DEBUG] env.GIT_CONFIG_KEY_0: safe.bareRepository
[DEBUG] env.GIT_CONFIG_VALUE_0: explicit
[DEBUG] env.HOME: /Users/rafal
[DEBUG] env.HOMEBREW_CELLAR: /opt/homebrew/Cellar
[DEBUG] env.HOMEBREW_PREFIX: /opt/homebrew
[DEBUG] env.HOMEBREW_REPOSITORY: /opt/homebrew
[DEBUG] env.INFOPATH: /opt/homebrew/share/info:
[DEBUG] env.JAVA_HOME: /Users/rafal/.jenv/versions/21.0
[DEBUG] env.JDK_HOME: /Users/rafal/.jenv/versions/21.0
[DEBUG] env.JENV_FORCEJAVAHOME: true
[DEBUG] env.JENV_FORCEJDKHOME: true
[DEBUG] env.JENV_LOADED: 1
[DEBUG] env.JENV_SHELL: zsh
[DEBUG] env.LANG: C.UTF-8
[DEBUG] env.LC_CTYPE: UTF-8
[DEBUG] env.LOGNAME: rafal
[DEBUG] env.LaunchInstanceID: 113EB2DE-CBD2-409C-9903-088C0728C032
[DEBUG] env.MAVEN_CMD_LINE_ARGS:  clean test -X
[DEBUG] env.MAVEN_PROJECTBASEDIR: /Users/rafal/workspace/openmrs-module-artemis
[DEBUG] env.NVM_BIN: /Users/rafal/.nvm/versions/node/v18.0.0/bin
[DEBUG] env.NVM_CD_FLAGS: -q
[DEBUG] env.NVM_DIR: /Users/rafal/.nvm
[DEBUG] env.NVM_INC: /Users/rafal/.nvm/versions/node/v18.0.0/include/node
[DEBUG] env.OLDPWD: /Users/rafal/workspace/openmrs-module-artemis
[DEBUG] env.OSLogRateLimit: 64
[DEBUG] env.PATH: /opt/homebrew/opt/ruby/bin:/opt/homebrew/opt/mysql-client/bin:/opt/homebrew/opt/ansible@8/bin:/Users/rafal/.jenv/shims:/Users/rafal/.jenv/bin:~/.local/bin:/opt/homebrew/opt/util-linux/sbin:/opt/homebrew/opt/util-linux/bin:/opt/homebrew/opt/openjdk/bin:/Users/rafal/.nvm/versions/node/v18.0.0/bin:/opt/homebrew/bin:/opt/homebrew/sbin:/usr/local/bin:/System/Cryptexes/App/usr/bin:/usr/bin:/bin:/usr/sbin:/sbin:/var/run/com.apple.security.cryptexd/codex.system/bootstrap/usr/local/bin:/var/run/com.apple.security.cryptexd/codex.system/bootstrap/usr/bin:/var/run/com.apple.security.cryptexd/codex.system/bootstrap/usr/appleinternal/bin:/pkg/env/global/bin:/Library/Apple/usr/bin:/Users/rafal/.pub-cache/bin
[DEBUG] env.PWD: /Users/rafal/workspace/openmrs-module-artemis
[DEBUG] env.SECURITYSESSIONID: 186b7
[DEBUG] env.SHELL: /bin/zsh
[DEBUG] env.SHLVL: 2
[DEBUG] env.SSH_AUTH_SOCK: /var/run/com.apple.launchd.kvBYlCVeaR/Listeners
[DEBUG] env.TCELL_MINIMIZE: 1
[DEBUG] env.TERM: xterm-256color
[DEBUG] env.TERM_PROGRAM: Apple_Terminal
[DEBUG] env.TERM_PROGRAM_VERSION: 470.2
[DEBUG] env.TERM_SESSION_ID: 9AB39838-0BA8-43A0-8B1A-6D5904B36245
[DEBUG] env.TMPDIR: /var/folders/1r/f1wf3f_d5v7f8bzpyfxj3xj00000gn/T/
[DEBUG] env.USER: rafal
[DEBUG] env.XPC_FLAGS: 0x0
[DEBUG] env.XPC_SERVICE_NAME: 0
[DEBUG] env.__CFBundleIdentifier: com.apple.Terminal
[DEBUG] env.__CF_USER_TEXT_ENCODING: 0x1F5:0x0:0x0
[DEBUG] file.encoding: UTF-8
[DEBUG] file.separator: /
[DEBUG] ftp.nonProxyHosts: local|*.local|169.254/16|*.169.254/16
[DEBUG] http.nonProxyHosts: local|*.local|169.254/16|*.169.254/16
[DEBUG] java.class.path: /opt/homebrew/Cellar/maven/3.9.9/libexec/boot/plexus-classworlds-2.8.0.jar
[DEBUG] java.class.version: 65.0
[DEBUG] java.home: /Library/Java/JavaVirtualMachines/temurin-21.jdk/Contents/Home
[DEBUG] java.io.tmpdir: /var/folders/1r/f1wf3f_d5v7f8bzpyfxj3xj00000gn/T/
[DEBUG] java.library.path: /Users/rafal/Library/Java/Extensions:/Library/Java/Extensions:/Network/Library/Java/Extensions:/System/Library/Java/Extensions:/usr/lib/java:.
[DEBUG] java.runtime.name: OpenJDK Runtime Environment
[DEBUG] java.runtime.version: 21.0.7+6-LTS
[DEBUG] java.specification.name: Java Platform API Specification
[DEBUG] java.specification.vendor: Oracle Corporation
[DEBUG] java.specification.version: 21
[DEBUG] java.vendor: Eclipse Adoptium
[DEBUG] java.vendor.url: https://adoptium.net/
[DEBUG] java.vendor.url.bug: https://github.com/adoptium/adoptium-support/issues
[DEBUG] java.vendor.version: Temurin-21.0.7+6
[DEBUG] java.version: 21.0.7
[DEBUG] java.version.date: 2025-04-15
[DEBUG] java.vm.compressedOopsMode: Non-zero based
[DEBUG] java.vm.info: mixed mode, sharing
[DEBUG] java.vm.name: OpenJDK 64-Bit Server VM
[DEBUG] java.vm.specification.name: Java Virtual Machine Specification
[DEBUG] java.vm.specification.vendor: Oracle Corporation
[DEBUG] java.vm.specification.version: 21
[DEBUG] java.vm.vendor: Eclipse Adoptium
[DEBUG] java.vm.version: 21.0.7+6-LTS
[DEBUG] javaCompilerSource: 17
[DEBUG] javaCompilerTarget: 17
[DEBUG] jdk.debug: release
[DEBUG] library.jansi.path: /opt/homebrew/Cellar/maven/3.9.9/libexec/lib/jansi-native
[DEBUG] line.separator: 

[DEBUG] maven.build.timestamp: 2026-07-02T12:52:06Z
[DEBUG] maven.build.version: Apache Maven 3.9.9 (8e8579a9e76f7d015ee5ec7bfcdc97d260186937)
[DEBUG] maven.conf: /opt/homebrew/Cellar/maven/3.9.9/libexec/conf
[DEBUG] maven.home: /opt/homebrew/Cellar/maven/3.9.9/libexec
[DEBUG] maven.multiModuleProjectDirectory: /Users/rafal/workspace/openmrs-module-artemis
[DEBUG] maven.version: 3.9.9
[DEBUG] native.encoding: UTF-8
[DEBUG] openmrsPlatformToolsVersion: 2.0.0
[DEBUG] openmrsPlatformVersion: 2.9.0-SNAPSHOT
[DEBUG] os.arch: aarch64
[DEBUG] os.name: Mac OS X
[DEBUG] os.version: 26.5
[DEBUG] path.separator: :
[DEBUG] project.baseUri: file:/Users/rafal/workspace/openmrs-module-artemis/api/
[DEBUG] project.build.sourceEncoding: UTF-8
[DEBUG] revisionNumber: 1ee838
[DEBUG] scmBranch: UNKNOWN
[DEBUG] socksNonProxyHosts: local|*.local|169.254/16|*.169.254/16
[DEBUG] stderr.encoding: UTF-8
[DEBUG] stdout.encoding: UTF-8
[DEBUG] sun.arch.data.model: 64
[DEBUG] sun.boot.library.path: /Library/Java/JavaVirtualMachines/temurin-21.jdk/Contents/Home/lib
[DEBUG] sun.cpu.endian: little
[DEBUG] sun.io.unicode.encoding: UnicodeBig
[DEBUG] sun.java.command: org.codehaus.plexus.classworlds.launcher.Launcher clean test -X
[DEBUG] sun.java.launcher: SUN_STANDARD
[DEBUG] sun.jnu.encoding: UTF-8
[DEBUG] sun.management.compiler: HotSpot 64-Bit Tiered Compilers
[DEBUG] timestamp: 1782996724556
[DEBUG] user.country: PL
[DEBUG] user.dir: /Users/rafal/workspace/openmrs-module-artemis
[DEBUG] user.home: /Users/rafal
[DEBUG] user.language: en
[DEBUG] user.name: rafal
[DEBUG] Using 'UTF-8' encoding to copy filtered resources.
[DEBUG] Using 'UTF-8' encoding to copy filtered properties files.
[DEBUG] resource with targetPath null
directory /Users/rafal/workspace/openmrs-module-artemis/api/src/test/resources
excludes []
includes [**/*.xml, **/*.txt, **/*.properties]
[INFO] skip non existing resourceDirectory /Users/rafal/workspace/openmrs-module-artemis/api/src/test/resources
[DEBUG] resource with targetPath null
directory /Users/rafal/workspace/openmrs-module-artemis/api/src/test/resources
excludes [**/*.xml, **/*.txt, **/*.properties]
includes []
[INFO] skip non existing resourceDirectory /Users/rafal/workspace/openmrs-module-artemis/api/src/test/resources
[DEBUG] no user filter components
[INFO] 
[INFO] --- compiler:3.13.0:testCompile (default-testCompile) @ artemis-api ---
[DEBUG] Loading mojo org.apache.maven.plugins:maven-compiler-plugin:3.13.0:testCompile from plugin realm ClassRealm[plugin>org.apache.maven.plugins:maven-compiler-plugin:3.13.0, parent: jdk.internal.loader.ClassLoaders$AppClassLoader@2c854dc5]
[DEBUG] Configuring mojo execution 'org.apache.maven.plugins:maven-compiler-plugin:3.13.0:testCompile:default-testCompile' with basic configurator -->
[DEBUG]   (f) annotationProcessorPathsUseDepMgmt = false
[DEBUG]   (f) basedir = /Users/rafal/workspace/openmrs-module-artemis/api
[DEBUG]   (f) buildDirectory = /Users/rafal/workspace/openmrs-module-artemis/api/target
[DEBUG]   (f) compileSourceRoots = [/Users/rafal/workspace/openmrs-module-artemis/api/src/test/java]
[DEBUG]   (f) compilerId = javac
[DEBUG]   (f) createMissingPackageInfoClass = true
[DEBUG]   (f) debug = true
[DEBUG]   (f) debugFileName = javac-test
[DEBUG]   (f) enablePreview = false
[DEBUG]   (f) encoding = UTF-8
[DEBUG]   (f) failOnError = true
[DEBUG]   (f) failOnWarning = false
[DEBUG]   (f) fileExtensions = [jar, class]
[DEBUG]   (f) forceJavacCompilerUse = false
[DEBUG]   (f) forceLegacyJavacApi = false
[DEBUG]   (f) fork = false
[DEBUG]   (f) generatedTestSourcesDirectory = /Users/rafal/workspace/openmrs-module-artemis/api/target/generated-test-sources/test-annotations
[DEBUG]   (f) mojoExecution = org.apache.maven.plugins:maven-compiler-plugin:3.13.0:testCompile {execution: default-testCompile}
[DEBUG]   (f) optimize = false
[DEBUG]   (f) outputDirectory = /Users/rafal/workspace/openmrs-module-artemis/api/target/test-classes
[DEBUG]   (f) parameters = false
[DEBUG]   (f) project = MavenProject: org.openmrs.module:artemis-api:1.0.0-SNAPSHOT @ /Users/rafal/workspace/openmrs-module-artemis/api/pom.xml
[DEBUG]   (f) session = org.apache.maven.execution.MavenSession@63b3ee82
[DEBUG]   (f) showCompilationChanges = false
[DEBUG]   (f) showDeprecation = false
[DEBUG]   (f) showWarnings = true
[DEBUG]   (f) skipMultiThreadWarning = false
[DEBUG]   (f) source = 17
[DEBUG]   (f) staleMillis = 0
[DEBUG]   (s) target = 17
[DEBUG]   (f) testPath = [/Users/rafal/workspace/openmrs-module-artemis/api/target/test-classes, /Users/rafal/workspace/openmrs-module-artemis/api/target/classes, /Users/rafal/.m2/repository/org/apache/artemis/artemis-server/2.54.0/artemis-server-2.54.0.jar, /Users/rafal/.m2/repository/org/slf4j/slf4j-api/1.7.30/slf4j-api-1.7.30.jar, /Users/rafal/.m2/repository/org/apache/artemis/artemis-commons/2.54.0/artemis-commons-2.54.0.jar, /Users/rafal/.m2/repository/org/apache/artemis/artemis-selector/2.54.0/artemis-selector-2.54.0.jar, /Users/rafal/.m2/repository/org/apache/artemis/artemis-journal/2.54.0/artemis-journal-2.54.0.jar, /Users/rafal/.m2/repository/org/apache/activemq/activemq-artemis-native/2.0.0/activemq-artemis-native-2.0.0.jar, /Users/rafal/.m2/repository/org/apache/artemis/artemis-jdbc-store/2.54.0/artemis-jdbc-store-2.54.0.jar, /Users/rafal/.m2/repository/org/apache/commons/commons-dbcp2/2.14.0/commons-dbcp2-2.14.0.jar, /Users/rafal/.m2/repository/org/apache/commons/commons-pool2/2.13.0/commons-pool2-2.13.0.jar, /Users/rafal/.m2/repository/jakarta/transaction/jakarta.transaction-api/1.3.3/jakarta.transaction-api-1.3.3.jar, /Users/rafal/.m2/repository/org/apache/artemis/artemis-core-client/2.54.0/artemis-core-client-2.54.0.jar, /Users/rafal/.m2/repository/org/jgroups/jgroups/5.3.13.Final/jgroups-5.3.13.Final.jar, /Users/rafal/.m2/repository/io/netty/netty-handler-proxy/4.1.132.Final/netty-handler-proxy-4.1.132.Final.jar, /Users/rafal/.m2/repository/io/netty/netty-codec-socks/4.1.132.Final/netty-codec-socks-4.1.132.Final.jar, /Users/rafal/.m2/repository/io/netty/netty-resolver/4.1.132.Final/netty-resolver-4.1.132.Final.jar, /Users/rafal/.m2/repository/de/dentrassi/crypto/pem-keystore/3.0.0/pem-keystore-3.0.0.jar, /Users/rafal/.m2/repository/com/hierynomus/asn-one/0.6.0/asn-one-0.6.0.jar, /Users/rafal/.m2/repository/org/apache/artemis/artemis-lockmanager-api/2.54.0/artemis-lockmanager-api-2.54.0.jar, /Users/rafal/.m2/repository/org/jctools/jctools-core/4.0.6/jctools-core-4.0.6.jar, /Users/rafal/.m2/repository/io/netty/netty-buffer/4.1.132.Final/netty-buffer-4.1.132.Final.jar, /Users/rafal/.m2/repository/io/netty/netty-transport/4.1.132.Final/netty-transport-4.1.132.Final.jar, /Users/rafal/.m2/repository/io/netty/netty-codec-http/4.1.132.Final/netty-codec-http-4.1.132.Final.jar, /Users/rafal/.m2/repository/io/netty/netty-codec-haproxy/4.1.132.Final/netty-codec-haproxy-4.1.132.Final.jar, /Users/rafal/.m2/repository/io/netty/netty-common/4.1.132.Final/netty-common-4.1.132.Final.jar, /Users/rafal/.m2/repository/io/netty/netty-handler/4.1.132.Final/netty-handler-4.1.132.Final.jar, /Users/rafal/.m2/repository/io/netty/netty-transport-native-unix-common/4.1.132.Final/netty-transport-native-unix-common-4.1.132.Final.jar, /Users/rafal/.m2/repository/io/netty/netty-transport-native-epoll/4.1.132.Final/netty-transport-native-epoll-4.1.132.Final-linux-x86_64.jar, /Users/rafal/.m2/repository/io/netty/netty-transport-classes-epoll/4.1.132.Final/netty-transport-classes-epoll-4.1.132.Final.jar, /Users/rafal/.m2/repository/io/netty/netty-transport-native-kqueue/4.1.132.Final/netty-transport-native-kqueue-4.1.132.Final-osx-x86_64.jar, /Users/rafal/.m2/repository/io/netty/netty-transport-classes-kqueue/4.1.132.Final/netty-transport-classes-kqueue-4.1.132.Final.jar, /Users/rafal/.m2/repository/io/netty/netty-codec/4.1.132.Final/netty-codec-4.1.132.Final.jar, /Users/rafal/.m2/repository/commons-beanutils/commons-beanutils/1.9.4/commons-beanutils-1.9.4.jar, /Users/rafal/.m2/repository/commons-logging/commons-logging/1.2/commons-logging-1.2.jar, /Users/rafal/.m2/repository/org/apache/commons/commons-lang3/3.12.0/commons-lang3-3.12.0.jar, /Users/rafal/.m2/repository/org/apache/commons/commons-configuration2/2.14.0/commons-configuration2-2.14.0.jar, /Users/rafal/.m2/repository/org/apache/commons/commons-text/1.15.0/commons-text-1.15.0.jar, /Users/rafal/.m2/repository/commons-collections/commons-collections/3.2.2/commons-collections-3.2.2.jar, /Users/rafal/.m2/repository/io/micrometer/micrometer-core/1.16.5/micrometer-core-1.16.5.jar, /Users/rafal/.m2/repository/org/jspecify/jspecify/1.0.0/jspecify-1.0.0.jar, /Users/rafal/.m2/repository/io/micrometer/micrometer-commons/1.16.5/micrometer-commons-1.16.5.jar, /Users/rafal/.m2/repository/io/micrometer/micrometer-observation/1.16.5/micrometer-observation-1.16.5.jar, /Users/rafal/.m2/repository/com/nimbusds/nimbus-jose-jwt/10.9/nimbus-jose-jwt-10.9.jar, /Users/rafal/.m2/repository/org/apache/artemis/artemis-jms-client/2.54.0/artemis-jms-client-2.54.0.jar, /Users/rafal/.m2/repository/jakarta/jms/jakarta.jms-api/2.0.3/jakarta.jms-api-2.0.3.jar, /Users/rafal/.m2/repository/org/apache/artemis/artemis-web/2.54.0/artemis-web-2.54.0.jar, /Users/rafal/.m2/repository/org/apache/artemis/artemis-dto/2.54.0/artemis-dto-2.54.0.jar, /Users/rafal/.m2/repository/com/sun/xml/bind/jaxb-impl/2.3.9/jaxb-impl-2.3.9.jar, /Users/rafal/.m2/repository/jakarta/activation/jakarta.activation-api/1.2.2/jakarta.activation-api-1.2.2.jar, /Users/rafal/.m2/repository/org/apache/artemis/artemis-cli/2.54.0/artemis-cli-2.54.0.jar, /Users/rafal/.m2/repository/org/apache/artemis/artemis-jms-server/2.54.0/artemis-jms-server-2.54.0.jar, /Users/rafal/.m2/repository/org/apache/artemis/artemis-service-extensions/2.54.0/artemis-service-extensions-2.54.0.jar, /Users/rafal/.m2/repository/jakarta/inject/jakarta.inject-api/1.0.5/jakarta.inject-api-1.0.5.jar, /Users/rafal/.m2/repository/org/apache/qpid/qpid-jms-client/1.16.0/qpid-jms-client-1.16.0.jar, /Users/rafal/.m2/repository/org/apache/qpid/proton-j/0.34.1/proton-j-0.34.1.jar, /Users/rafal/.m2/repository/info/picocli/picocli/4.7.7/picocli-4.7.7.jar, /Users/rafal/.m2/repository/info/picocli/picocli-shell-jline3/4.7.7/picocli-shell-jline3-4.7.7.jar, /Users/rafal/.m2/repository/org/jline/jline-console/4.1.0/jline-console-4.1.0.jar, /Users/rafal/.m2/repository/org/jline/jline-shell/4.1.0/jline-shell-4.1.0.jar, /Users/rafal/.m2/repository/org/jline/jline-builtins/4.1.0/jline-builtins-4.1.0.jar, /Users/rafal/.m2/repository/org/jline/jline-style/4.1.0/jline-style-4.1.0.jar, /Users/rafal/.m2/repository/org/jline/jline-console-ui/4.1.0/jline-console-ui-4.1.0.jar, /Users/rafal/.m2/repository/org/jline/jline-reader/4.1.0/jline-reader-4.1.0.jar, /Users/rafal/.m2/repository/org/jline/jline-terminal/4.1.0/jline-terminal-4.1.0.jar, /Users/rafal/.m2/repository/org/hdrhistogram/HdrHistogram/2.2.2/HdrHistogram-2.2.2.jar, /Users/rafal/.m2/repository/org/eclipse/jetty/toolchain/jetty-jakarta-servlet-api/5.0.2/jetty-jakarta-servlet-api-5.0.2.jar, /Users/rafal/.m2/repository/org/eclipse/jetty/jetty-server/12.1.9/jetty-server-12.1.9.jar, /Users/rafal/.m2/repository/org/eclipse/jetty/jetty-io/12.1.9/jetty-io-12.1.9.jar, /Users/rafal/.m2/repository/org/eclipse/jetty/ee9/jetty-ee9-servlet/12.1.9/jetty-ee9-servlet-12.1.9.jar, /Users/rafal/.m2/repository/org/eclipse/jetty/ee9/jetty-ee9-webapp/12.1.9/jetty-ee9-webapp-12.1.9.jar, /Users/rafal/.m2/repository/org/eclipse/jetty/jetty-xml/12.1.9/jetty-xml-12.1.9.jar, /Users/rafal/.m2/repository/org/eclipse/jetty/ee/jetty-ee-webapp/12.1.9/jetty-ee-webapp-12.1.9.jar, /Users/rafal/.m2/repository/org/eclipse/jetty/ee9/jetty-ee9-nested/12.1.9/jetty-ee9-nested-12.1.9.jar, /Users/rafal/.m2/repository/org/eclipse/jetty/jetty-security/12.1.9/jetty-security-12.1.9.jar, /Users/rafal/.m2/repository/org/eclipse/jetty/jetty-session/12.1.9/jetty-session-12.1.9.jar, /Users/rafal/.m2/repository/org/eclipse/jetty/ee9/jetty-ee9-security/12.1.9/jetty-ee9-security-12.1.9.jar, /Users/rafal/.m2/repository/org/eclipse/jetty/jetty-util/12.1.9/jetty-util-12.1.9.jar, /Users/rafal/.m2/repository/org/eclipse/jetty/jetty-http/12.1.9/jetty-http-12.1.9.jar, /Users/rafal/.m2/repository/org/eclipse/jetty/http2/jetty-http2-server/12.1.9/jetty-http2-server-12.1.9.jar, /Users/rafal/.m2/repository/org/eclipse/jetty/http2/jetty-http2-common/12.1.9/jetty-http2-common-12.1.9.jar, /Users/rafal/.m2/repository/org/eclipse/jetty/http2/jetty-http2-hpack/12.1.9/jetty-http2-hpack-12.1.9.jar, /Users/rafal/.m2/repository/org/eclipse/jetty/jetty-alpn-server/12.1.9/jetty-alpn-server-12.1.9.jar, /Users/rafal/.m2/repository/org/eclipse/jetty/jetty-alpn-java-server/12.1.9/jetty-alpn-java-server-12.1.9.jar, /Users/rafal/.m2/repository/org/eclipse/jetty/compression/jetty-compression-server/12.1.9/jetty-compression-server-12.1.9.jar, /Users/rafal/.m2/repository/org/eclipse/jetty/compression/jetty-compression-common/12.1.9/jetty-compression-common-12.1.9.jar, /Users/rafal/.m2/repository/org/eclipse/jetty/compression/jetty-compression-gzip/12.1.9/jetty-compression-gzip-12.1.9.jar, /Users/rafal/.m2/repository/com/github/ben-manes/caffeine/caffeine/2.9.3/caffeine-2.9.3.jar, /Users/rafal/.m2/repository/org/checkerframework/checker-qual/3.19.0/checker-qual-3.19.0.jar, /Users/rafal/.m2/repository/com/google/errorprone/error_prone_annotations/2.10.0/error_prone_annotations-2.10.0.jar, /Users/rafal/.m2/repository/org/openmrs/api/openmrs-api/2.9.0-SNAPSHOT/openmrs-api-2.9.0-SNAPSHOT.jar, /Users/rafal/.m2/repository/commons-validator/commons-validator/1.10.0/commons-validator-1.10.0.jar, /Users/rafal/.m2/repository/commons-digester/commons-digester/2.1/commons-digester-2.1.jar, /Users/rafal/.m2/repository/commons-io/commons-io/2.19.0/commons-io-2.19.0.jar, /Users/rafal/.m2/repository/org/apache/velocity/velocity/1.7/velocity-1.7.jar, /Users/rafal/.m2/repository/commons-lang/commons-lang/2.4/commons-lang-2.4.jar, /Users/rafal/.m2/repository/org/springframework/spring-core/5.3.30/spring-core-5.3.30.jar, /Users/rafal/.m2/repository/org/springframework/spring-jcl/5.3.30/spring-jcl-5.3.30.jar, /Users/rafal/.m2/repository/org/springframework/spring-beans/5.3.30/spring-beans-5.3.30.jar, /Users/rafal/.m2/repository/org/springframework/spring-context/5.3.30/spring-context-5.3.30.jar, /Users/rafal/.m2/repository/org/springframework/spring-expression/5.3.30/spring-expression-5.3.30.jar, /Users/rafal/.m2/repository/org/springframework/spring-aop/5.3.30/spring-aop-5.3.30.jar, /Users/rafal/.m2/repository/org/springframework/spring-orm/5.3.30/spring-orm-5.3.30.jar, /Users/rafal/.m2/repository/org/springframework/spring-tx/5.3.30/spring-tx-5.3.30.jar, /Users/rafal/.m2/repository/org/springframework/spring-jdbc/5.3.30/spring-jdbc-5.3.30.jar, /Users/rafal/.m2/repository/org/springframework/spring-context-support/5.3.30/spring-context-support-5.3.30.jar, /Users/rafal/.m2/repository/org/springframework/spring-jms/5.3.30/spring-jms-5.3.30.jar, /Users/rafal/.m2/repository/org/springframework/spring-messaging/5.3.30/spring-messaging-5.3.30.jar, /Users/rafal/.m2/repository/javax/jms/javax.jms-api/2.0.1/javax.jms-api-2.0.1.jar, /Users/rafal/.m2/repository/org/infinispan/infinispan-spring5-embedded/13.0.22.Final/infinispan-spring5-embedded-13.0.22.Final.jar, /Users/rafal/.m2/repository/org/infinispan/infinispan-core/13.0.22.Final/infinispan-core-13.0.22.Final.jar, /Users/rafal/.m2/repository/org/infinispan/infinispan-commons/13.0.22.Final/infinispan-commons-13.0.22.Final.jar, /Users/rafal/.m2/repository/io/reactivex/rxjava3/rxjava/3.0.4/rxjava-3.0.4.jar, /Users/rafal/.m2/repository/org/infinispan/protostream/protostream/4.4.4.Final/protostream-4.4.4.Final.jar, /Users/rafal/.m2/repository/org/infinispan/protostream/protostream-types/4.4.4.Final/protostream-types-4.4.4.Final.jar, /Users/rafal/.m2/repository/org/jboss/threads/jboss-threads/2.3.3.Final/jboss-threads-2.3.3.Final.jar, /Users/rafal/.m2/repository/org/wildfly/common/wildfly-common/1.3.0.Final/wildfly-common-1.3.0.Final.jar, /Users/rafal/.m2/repository/org/infinispan/infinispan-spring5-common/13.0.22.Final/infinispan-spring5-common-13.0.22.Final.jar, /Users/rafal/.m2/repository/ca/uhn/hapi/hapi-base/2.1/hapi-base-2.1.jar, /Users/rafal/.m2/repository/ca/uhn/hapi/hapi-structures-v23/2.1/hapi-structures-v23-2.1.jar, /Users/rafal/.m2/repository/ca/uhn/hapi/hapi-structures-v24/2.1/hapi-structures-v24-2.1.jar, /Users/rafal/.m2/repository/ca/uhn/hapi/hapi-structures-v25/2.1/hapi-structures-v25-2.1.jar, /Users/rafal/.m2/repository/ca/uhn/hapi/hapi-structures-v26/2.1/hapi-structures-v26-2.1.jar, /Users/rafal/.m2/repository/org/javassist/javassist/3.30.2-GA/javassist-3.30.2-GA.jar, /Users/rafal/.m2/repository/net/bytebuddy/byte-buddy/1.17.6/byte-buddy-1.17.6.jar, /Users/rafal/.m2/repository/net/bytebuddy/byte-buddy-agent/1.17.6/byte-buddy-agent-1.17.6.jar, /Users/rafal/.m2/repository/org/hibernate/hibernate-core/5.6.15.Final/hibernate-core-5.6.15.Final.jar, /Users/rafal/.m2/repository/org/jboss/logging/jboss-logging/3.4.3.Final/jboss-logging-3.4.3.Final.jar, /Users/rafal/.m2/repository/javax/persistence/javax.persistence-api/2.2/javax.persistence-api-2.2.jar, /Users/rafal/.m2/repository/antlr/antlr/2.7.7/antlr-2.7.7.jar, /Users/rafal/.m2/repository/org/jboss/spec/javax/transaction/jboss-transaction-api_1.2_spec/1.1.1.Final/jboss-transaction-api_1.2_spec-1.1.1.Final.jar, /Users/rafal/.m2/repository/org/jboss/jandex/2.4.2.Final/jandex-2.4.2.Final.jar, /Users/rafal/.m2/repository/com/fasterxml/classmate/1.5.1/classmate-1.5.1.jar, /Users/rafal/.m2/repository/javax/activation/javax.activation-api/1.2.0/javax.activation-api-1.2.0.jar, /Users/rafal/.m2/repository/org/hibernate/common/hibernate-commons-annotations/5.1.2.Final/hibernate-commons-annotations-5.1.2.Final.jar, /Users/rafal/.m2/repository/javax/xml/bind/jaxb-api/2.3.1/jaxb-api-2.3.1.jar, /Users/rafal/.m2/repository/org/glassfish/jaxb/jaxb-runtime/2.3.1/jaxb-runtime-2.3.1.jar, /Users/rafal/.m2/repository/org/glassfish/jaxb/txw2/2.3.1/txw2-2.3.1.jar, /Users/rafal/.m2/repository/com/sun/istack/istack-commons-runtime/3.0.7/istack-commons-runtime-3.0.7.jar, /Users/rafal/.m2/repository/org/jvnet/staxex/stax-ex/1.8/stax-ex-1.8.jar, /Users/rafal/.m2/repository/com/sun/xml/fastinfoset/FastInfoset/1.2.15/FastInfoset-1.2.15.jar, /Users/rafal/.m2/repository/org/hibernate/hibernate-c3p0/5.6.15.Final/hibernate-c3p0-5.6.15.Final.jar, /Users/rafal/.m2/repository/com/mchange/c3p0/0.9.5.5/c3p0-0.9.5.5.jar, /Users/rafal/.m2/repository/com/mchange/mchange-commons-java/0.2.19/mchange-commons-java-0.2.19.jar, /Users/rafal/.m2/repository/org/infinispan/infinispan-hibernate-cache-v53/13.0.22.Final/infinispan-hibernate-cache-v53-13.0.22.Final.jar, /Users/rafal/.m2/repository/org/infinispan/infinispan-hibernate-cache-commons/13.0.22.Final/infinispan-hibernate-cache-commons-13.0.22.Final.jar, /Users/rafal/.m2/repository/org/infinispan/infinispan-hibernate-cache-spi/13.0.22.Final/infinispan-hibernate-cache-spi-13.0.22.Final.jar, /Users/rafal/.m2/repository/org/infinispan/infinispan-jboss-marshalling/13.0.22.Final/infinispan-jboss-marshalling-13.0.22.Final.jar, /Users/rafal/.m2/repository/org/jboss/marshalling/jboss-marshalling-osgi/2.0.12.Final/jboss-marshalling-osgi-2.0.12.Final.jar, /Users/rafal/.m2/repository/org/hibernate/search/hibernate-search-mapper-orm/6.2.4.Final/hibernate-search-mapper-orm-6.2.4.Final.jar, /Users/rafal/.m2/repository/org/hibernate/search/hibernate-search-engine/6.2.4.Final/hibernate-search-engine-6.2.4.Final.jar, /Users/rafal/.m2/repository/org/hibernate/search/hibernate-search-mapper-pojo-base/6.2.4.Final/hibernate-search-mapper-pojo-base-6.2.4.Final.jar, /Users/rafal/.m2/repository/org/hibernate/search/hibernate-search-util-common/6.2.4.Final/hibernate-search-util-common-6.2.4.Final.jar, /Users/rafal/.m2/repository/org/hibernate/search/hibernate-search-backend-lucene/6.2.4.Final/hibernate-search-backend-lucene-6.2.4.Final.jar, /Users/rafal/.m2/repository/org/apache/lucene/lucene-core/8.11.2/lucene-core-8.11.2.jar, /Users/rafal/.m2/repository/org/apache/lucene/lucene-analyzers-common/8.11.2/lucene-analyzers-common-8.11.2.jar, /Users/rafal/.m2/repository/org/apache/lucene/lucene-queryparser/8.11.2/lucene-queryparser-8.11.2.jar, /Users/rafal/.m2/repository/org/apache/lucene/lucene-queries/8.11.2/lucene-queries-8.11.2.jar, /Users/rafal/.m2/repository/org/apache/lucene/lucene-join/8.11.2/lucene-join-8.11.2.jar, /Users/rafal/.m2/repository/org/apache/lucene/lucene-facet/8.11.2/lucene-facet-8.11.2.jar, /Users/rafal/.m2/repository/com/carrotsearch/hppc/0.8.1/hppc-0.8.1.jar, /Users/rafal/.m2/repository/org/apache/lucene/lucene-highlighter/8.11.2/lucene-highlighter-8.11.2.jar, /Users/rafal/.m2/repository/org/apache/lucene/lucene-memory/8.11.2/lucene-memory-8.11.2.jar, /Users/rafal/.m2/repository/org/hibernate/search/hibernate-search-backend-elasticsearch/6.2.4.Final/hibernate-search-backend-elasticsearch-6.2.4.Final.jar, /Users/rafal/.m2/repository/org/elasticsearch/client/elasticsearch-rest-client/8.10.4/elasticsearch-rest-client-8.10.4.jar, /Users/rafal/.m2/repository/org/apache/httpcomponents/httpclient/4.5.13/httpclient-4.5.13.jar, /Users/rafal/.m2/repository/org/apache/httpcomponents/httpcore/4.4.13/httpcore-4.4.13.jar, /Users/rafal/.m2/repository/org/apache/httpcomponents/httpasyncclient/4.1.5/httpasyncclient-4.1.5.jar, /Users/rafal/.m2/repository/org/apache/httpcomponents/httpcore-nio/4.4.13/httpcore-nio-4.4.13.jar, /Users/rafal/.m2/repository/org/elasticsearch/client/elasticsearch-rest-client-sniffer/8.10.4/elasticsearch-rest-client-sniffer-8.10.4.jar, /Users/rafal/.m2/repository/com/google/code/gson/gson/2.9.1/gson-2.9.1.jar, /Users/rafal/.m2/repository/org/apache/lucene/lucene-analyzers-phonetic/8.11.2/lucene-analyzers-phonetic-8.11.2.jar, /Users/rafal/.m2/repository/commons-codec/commons-codec/1.13/commons-codec-1.13.jar, /Users/rafal/.m2/repository/org/hibernate/hibernate-envers/5.6.15.Final/hibernate-envers-5.6.15.Final.jar, /Users/rafal/.m2/repository/org/dom4j/dom4j/2.1.3/dom4j-2.1.3.jar, /Users/rafal/.m2/repository/org/apache/logging/log4j/log4j-core/2.22.1/log4j-core-2.22.1.jar, /Users/rafal/.m2/repository/org/apache/logging/log4j/log4j-api/2.22.1/log4j-api-2.22.1.jar, /Users/rafal/.m2/repository/org/apache/logging/log4j/log4j-slf4j-impl/2.22.1/log4j-slf4j-impl-2.22.1.jar, /Users/rafal/.m2/repository/org/apache/logging/log4j/log4j-1.2-api/2.22.1/log4j-1.2-api-2.22.1.jar, /Users/rafal/.m2/repository/com/thoughtworks/xstream/xstream/1.4.21/xstream-1.4.21.jar, /Users/rafal/.m2/repository/io/github/x-stream/mxparser/1.2.2/mxparser-1.2.2.jar, /Users/rafal/.m2/repository/xmlpull/xmlpull/1.1.3.1/xmlpull-1.1.3.1.jar, /Users/rafal/.m2/repository/org/liquibase/liquibase-core/4.32.0/liquibase-core-4.32.0.jar, /Users/rafal/.m2/repository/com/opencsv/opencsv/5.11/opencsv-5.11.jar, /Users/rafal/.m2/repository/org/yaml/snakeyaml/2.4/snakeyaml-2.4.jar, /Users/rafal/.m2/repository/org/apache/commons/commons-collections4/4.5.0/commons-collections4-4.5.0.jar, /Users/rafal/.m2/repository/xerces/xercesImpl/2.12.2/xercesImpl-2.12.2.jar, /Users/rafal/.m2/repository/xml-apis/xml-apis/1.4.01/xml-apis-1.4.01.jar, /Users/rafal/.m2/repository/javax/validation/validation-api/2.0.1.Final/validation-api-2.0.1.Final.jar, /Users/rafal/.m2/repository/org/hibernate/validator/hibernate-validator/6.2.0.Final/hibernate-validator-6.2.0.Final.jar, /Users/rafal/.m2/repository/jakarta/validation/jakarta.validation-api/2.0.2/jakarta.validation-api-2.0.2.jar, /Users/rafal/.m2/repository/mysql/mysql-connector-java/8.0.30/mysql-connector-java-8.0.30.jar, /Users/rafal/.m2/repository/com/google/protobuf/protobuf-java/3.19.4/protobuf-java-3.19.4.jar, /Users/rafal/.m2/repository/org/mariadb/jdbc/mariadb-java-client/3.5.4/mariadb-java-client-3.5.4.jar, /Users/rafal/.m2/repository/org/postgresql/postgresql/42.7.7/postgresql-42.7.7.jar, /Users/rafal/.m2/repository/org/codehaus/jackson/jackson-core-asl/1.9.14-MULE-002/jackson-core-asl-1.9.14-MULE-002.jar, /Users/rafal/.m2/repository/org/codehaus/jackson/jackson-mapper-asl/1.9.14-MULE-002/jackson-mapper-asl-1.9.14-MULE-002.jar, /Users/rafal/.m2/repository/com/fasterxml/jackson/core/jackson-core/2.19.1/jackson-core-2.19.1.jar, /Users/rafal/.m2/repository/com/fasterxml/jackson/core/jackson-annotations/2.19.1/jackson-annotations-2.19.1.jar, /Users/rafal/.m2/repository/com/fasterxml/jackson/core/jackson-databind/2.19.1/jackson-databind-2.19.1.jar, /Users/rafal/.m2/repository/com/fasterxml/jackson/datatype/jackson-datatype-jsr310/2.19.1/jackson-datatype-jsr310-2.19.1.jar, /Users/rafal/.m2/repository/com/fasterxml/jackson/datatype/jackson-datatype-hibernate5/2.19.1/jackson-datatype-hibernate5-2.19.1.jar, /Users/rafal/.m2/repository/javax/transaction/javax.transaction-api/1.3/javax.transaction-api-1.3.jar, /Users/rafal/.m2/repository/org/codehaus/groovy/groovy-all/2.4.21/groovy-all-2.4.21.jar, /Users/rafal/.m2/repository/org/aspectj/aspectjrt/1.9.24/aspectjrt-1.9.24.jar, /Users/rafal/.m2/repository/org/aspectj/aspectjweaver/1.9.24/aspectjweaver-1.9.24.jar, /Users/rafal/.m2/repository/joda-time/joda-time/2.14.0/joda-time-2.14.0.jar, /Users/rafal/.m2/repository/javax/annotation/javax.annotation-api/1.3.2/javax.annotation-api-1.3.2.jar, /Users/rafal/.m2/repository/com/sun/activation/javax.activation/1.2.0/javax.activation-1.2.0.jar, /Users/rafal/.m2/repository/jakarta/xml/bind/jakarta.xml.bind-api/4.0.2/jakarta.xml.bind-api-4.0.2.jar, /Users/rafal/.m2/repository/com/google/guava/guava/33.4.8-jre/guava-33.4.8-jre.jar, /Users/rafal/.m2/repository/com/google/guava/failureaccess/1.0.3/failureaccess-1.0.3.jar, /Users/rafal/.m2/repository/com/google/guava/listenablefuture/9999.0-empty-to-avoid-conflict-with-guava/listenablefuture-9999.0-empty-to-avoid-conflict-with-guava.jar, /Users/rafal/.m2/repository/com/google/j2objc/j2objc-annotations/3.0.0/j2objc-annotations-3.0.0.jar, /Users/rafal/.m2/repository/com/sun/mail/javax.mail/1.6.2/javax.mail-1.6.2.jar, /Users/rafal/.m2/repository/software/amazon/awssdk/s3/2.31.50/s3-2.31.50.jar, /Users/rafal/.m2/repository/software/amazon/awssdk/aws-xml-protocol/2.31.50/aws-xml-protocol-2.31.50.jar, /Users/rafal/.m2/repository/software/amazon/awssdk/aws-query-protocol/2.31.50/aws-query-protocol-2.31.50.jar, /Users/rafal/.m2/repository/software/amazon/awssdk/protocol-core/2.31.50/protocol-core-2.31.50.jar, /Users/rafal/.m2/repository/software/amazon/awssdk/arns/2.31.50/arns-2.31.50.jar, /Users/rafal/.m2/repository/software/amazon/awssdk/profiles/2.31.50/profiles-2.31.50.jar, /Users/rafal/.m2/repository/software/amazon/awssdk/crt-core/2.31.50/crt-core-2.31.50.jar, /Users/rafal/.m2/repository/software/amazon/awssdk/http-auth/2.31.50/http-auth-2.31.50.jar, /Users/rafal/.m2/repository/software/amazon/awssdk/identity-spi/2.31.50/identity-spi-2.31.50.jar, /Users/rafal/.m2/repository/software/amazon/awssdk/http-auth-spi/2.31.50/http-auth-spi-2.31.50.jar, /Users/rafal/.m2/repository/org/reactivestreams/reactive-streams/1.0.4/reactive-streams-1.0.4.jar, /Users/rafal/.m2/repository/software/amazon/awssdk/http-auth-aws/2.31.50/http-auth-aws-2.31.50.jar, /Users/rafal/.m2/repository/software/amazon/awssdk/checksums/2.31.50/checksums-2.31.50.jar, /Users/rafal/.m2/repository/software/amazon/awssdk/checksums-spi/2.31.50/checksums-spi-2.31.50.jar, /Users/rafal/.m2/repository/software/amazon/awssdk/retries-spi/2.31.50/retries-spi-2.31.50.jar, /Users/rafal/.m2/repository/software/amazon/awssdk/sdk-core/2.31.50/sdk-core-2.31.50.jar, /Users/rafal/.m2/repository/software/amazon/awssdk/retries/2.31.50/retries-2.31.50.jar, /Users/rafal/.m2/repository/software/amazon/awssdk/auth/2.31.50/auth-2.31.50.jar, /Users/rafal/.m2/repository/software/amazon/awssdk/http-auth-aws-eventstream/2.31.50/http-auth-aws-eventstream-2.31.50.jar, /Users/rafal/.m2/repository/software/amazon/eventstream/eventstream/1.0.1/eventstream-1.0.1.jar, /Users/rafal/.m2/repository/software/amazon/awssdk/http-client-spi/2.31.50/http-client-spi-2.31.50.jar, /Users/rafal/.m2/repository/software/amazon/awssdk/regions/2.31.50/regions-2.31.50.jar, /Users/rafal/.m2/repository/software/amazon/awssdk/annotations/2.31.50/annotations-2.31.50.jar, /Users/rafal/.m2/repository/software/amazon/awssdk/utils/2.31.50/utils-2.31.50.jar, /Users/rafal/.m2/repository/software/amazon/awssdk/aws-core/2.31.50/aws-core-2.31.50.jar, /Users/rafal/.m2/repository/software/amazon/awssdk/metrics-spi/2.31.50/metrics-spi-2.31.50.jar, /Users/rafal/.m2/repository/software/amazon/awssdk/json-utils/2.31.50/json-utils-2.31.50.jar, /Users/rafal/.m2/repository/software/amazon/awssdk/third-party-jackson-core/2.31.50/third-party-jackson-core-2.31.50.jar, /Users/rafal/.m2/repository/software/amazon/awssdk/endpoints-spi/2.31.50/endpoints-spi-2.31.50.jar, /Users/rafal/.m2/repository/software/amazon/awssdk/apache-client/2.31.50/apache-client-2.31.50.jar, /Users/rafal/.m2/repository/software/amazon/awssdk/netty-nio-client/2.31.50/netty-nio-client-2.31.50.jar, /Users/rafal/.m2/repository/io/netty/netty-codec-http2/4.1.118.Final/netty-codec-http2-4.1.118.Final.jar, /Users/rafal/.m2/repository/org/graalvm/js/js/20.3.17/js-20.3.17.jar, /Users/rafal/.m2/repository/org/graalvm/regex/regex/20.3.17/regex-20.3.17.jar, /Users/rafal/.m2/repository/org/graalvm/truffle/truffle-api/20.3.17/truffle-api-20.3.17.jar, /Users/rafal/.m2/repository/org/graalvm/sdk/graal-sdk/20.3.17/graal-sdk-20.3.17.jar, /Users/rafal/.m2/repository/com/ibm/icu/icu4j/71.1/icu4j-71.1.jar, /Users/rafal/.m2/repository/org/graalvm/js/js-scriptengine/20.3.17/js-scriptengine-20.3.17.jar, /Users/rafal/.m2/repository/net/javacrumbs/shedlock/shedlock-spring/4.48.0/shedlock-spring-4.48.0.jar, /Users/rafal/.m2/repository/net/javacrumbs/shedlock/shedlock-core/4.48.0/shedlock-core-4.48.0.jar, /Users/rafal/.m2/repository/net/javacrumbs/shedlock/shedlock-provider-jdbc-template/4.48.0/shedlock-provider-jdbc-template-4.48.0.jar, /Users/rafal/.m2/repository/org/jobrunr/jobrunr/6.3.5/jobrunr-6.3.5.jar, /Users/rafal/.m2/repository/org/ow2/asm/asm/9.5/asm-9.5.jar, /Users/rafal/.m2/repository/org/openmrs/api/openmrs-api/2.9.0-SNAPSHOT/openmrs-api-2.9.0-SNAPSHOT-tests.jar, /Users/rafal/.m2/repository/org/springframework/spring-test/5.3.30/spring-test-5.3.30.jar, /Users/rafal/.m2/repository/com/h2database/h2/1.4.200/h2-1.4.200.jar, /Users/rafal/.m2/repository/junit/junit/4.13.2/junit-4.13.2.jar, /Users/rafal/.m2/repository/org/junit/jupiter/junit-jupiter-api/5.11.4/junit-jupiter-api-5.11.4.jar, /Users/rafal/.m2/repository/org/opentest4j/opentest4j/1.3.0/opentest4j-1.3.0.jar, /Users/rafal/.m2/repository/org/junit/platform/junit-platform-commons/1.11.4/junit-platform-commons-1.11.4.jar, /Users/rafal/.m2/repository/org/apiguardian/apiguardian-api/1.1.2/apiguardian-api-1.1.2.jar, /Users/rafal/.m2/repository/org/junit/jupiter/junit-jupiter-engine/5.11.4/junit-jupiter-engine-5.11.4.jar, /Users/rafal/.m2/repository/org/junit/platform/junit-platform-engine/1.11.4/junit-platform-engine-1.11.4.jar, /Users/rafal/.m2/repository/org/junit/vintage/junit-vintage-engine/5.11.4/junit-vintage-engine-5.11.4.jar, /Users/rafal/.m2/repository/org/junit/jupiter/junit-jupiter-params/5.11.4/junit-jupiter-params-5.11.4.jar, /Users/rafal/.m2/repository/org/dbunit/dbunit/3.0.0/dbunit-3.0.0.jar, /Users/rafal/.m2/repository/org/junit/platform/junit-platform-suite-engine/1.10.1/junit-platform-suite-engine-1.10.1.jar, /Users/rafal/.m2/repository/org/junit/platform/junit-platform-suite-api/1.10.1/junit-platform-suite-api-1.10.1.jar, /Users/rafal/.m2/repository/org/junit/platform/junit-platform-suite-commons/1.10.1/junit-platform-suite-commons-1.10.1.jar, /Users/rafal/.m2/repository/org/junit/platform/junit-platform-launcher/1.10.1/junit-platform-launcher-1.10.1.jar, /Users/rafal/.m2/repository/org/mockito/mockito-core/5.6.0/mockito-core-5.6.0.jar, /Users/rafal/.m2/repository/org/objenesis/objenesis/3.3/objenesis-3.3.jar, /Users/rafal/.m2/repository/org/mockito/mockito-junit-jupiter/5.6.0/mockito-junit-jupiter-5.6.0.jar, /Users/rafal/.m2/repository/org/hamcrest/hamcrest-core/3.0/hamcrest-core-3.0.jar, /Users/rafal/.m2/repository/org/hamcrest/hamcrest/3.0/hamcrest-3.0.jar, /Users/rafal/.m2/repository/org/testcontainers/testcontainers/2.0.3/testcontainers-2.0.3.jar, /Users/rafal/.m2/repository/org/apache/commons/commons-compress/1.28.0/commons-compress-1.28.0.jar, /Users/rafal/.m2/repository/org/rnorth/duct-tape/duct-tape/1.0.8/duct-tape-1.0.8.jar, /Users/rafal/.m2/repository/org/jetbrains/annotations/17.0.0/annotations-17.0.0.jar, /Users/rafal/.m2/repository/com/github/docker-java/docker-java-api/3.7.0/docker-java-api-3.7.0.jar, /Users/rafal/.m2/repository/com/github/docker-java/docker-java-transport-zerodep/3.7.0/docker-java-transport-zerodep-3.7.0.jar, /Users/rafal/.m2/repository/com/github/docker-java/docker-java-transport/3.7.0/docker-java-transport-3.7.0.jar, /Users/rafal/.m2/repository/net/java/dev/jna/jna/5.18.1/jna-5.18.1.jar, /Users/rafal/.m2/repository/org/testcontainers/postgresql/1.21.3/postgresql-1.21.3.jar, /Users/rafal/.m2/repository/org/testcontainers/jdbc/1.21.3/jdbc-1.21.3.jar, /Users/rafal/.m2/repository/org/testcontainers/database-commons/1.21.3/database-commons-1.21.3.jar, /Users/rafal/.m2/repository/org/testcontainers/mysql/1.21.3/mysql-1.21.3.jar, /Users/rafal/.m2/repository/org/testcontainers/mariadb/1.21.3/mariadb-1.21.3.jar, /Users/rafal/.m2/repository/org/testcontainers/junit-jupiter/1.21.3/junit-jupiter-1.21.3.jar, /Users/rafal/.m2/repository/com/adobe/testing/s3mock-testcontainers/2.17.0/s3mock-testcontainers-2.17.0.jar]
[DEBUG]   (f) useIncrementalCompilation = true
[DEBUG]   (f) useModulePath = true
[DEBUG]   (f) verbose = false
[DEBUG] -- end configuration --
[DEBUG] Using compiler 'javac'.
[DEBUG] Adding /Users/rafal/workspace/openmrs-module-artemis/api/target/generated-test-sources/test-annotations to test-compile source roots:
  /Users/rafal/workspace/openmrs-module-artemis/api/src/test/java
[DEBUG] New test-compile source roots:
  /Users/rafal/workspace/openmrs-module-artemis/api/src/test/java
  /Users/rafal/workspace/openmrs-module-artemis/api/target/generated-test-sources/test-annotations
[DEBUG] CompilerReuseStrategy: reuseCreated
[DEBUG] useIncrementalCompilation enabled
[INFO] 	New dependency detected: /Users/rafal/workspace/openmrs-module-artemis/api/target/classes/org/openmrs/module/artemis/ArtemisEventListener.class
[INFO] 	Stale source detected: /Users/rafal/workspace/openmrs-module-artemis/api/src/test/java/org/openmrs/module/artemis/ArtemisTest.java
[INFO] 	Stale source detected: /Users/rafal/workspace/openmrs-module-artemis/api/src/test/java/org/openmrs/module/artemis/ArtemisEventListenerTest.java
[INFO] 	Input tree files (+): /Users/rafal/workspace/openmrs-module-artemis/api/src/test/java/org/openmrs/module/artemis/ArtemisEventListenerTest.java
[INFO] 	Input tree files (+): /Users/rafal/workspace/openmrs-module-artemis/api/src/test/java/org/openmrs/module/artemis/ArtemisTest.java
[INFO] Recompiling the module because of changed dependency.
[DEBUG] Classpath:
[DEBUG]  /Users/rafal/workspace/openmrs-module-artemis/api/target/test-classes
[DEBUG]  /Users/rafal/workspace/openmrs-module-artemis/api/target/classes
[DEBUG]  /Users/rafal/.m2/repository/org/apache/artemis/artemis-server/2.54.0/artemis-server-2.54.0.jar
[DEBUG]  /Users/rafal/.m2/repository/org/slf4j/slf4j-api/1.7.30/slf4j-api-1.7.30.jar
[DEBUG]  /Users/rafal/.m2/repository/org/apache/artemis/artemis-commons/2.54.0/artemis-commons-2.54.0.jar
[DEBUG]  /Users/rafal/.m2/repository/org/apache/artemis/artemis-selector/2.54.0/artemis-selector-2.54.0.jar
[DEBUG]  /Users/rafal/.m2/repository/org/apache/artemis/artemis-journal/2.54.0/artemis-journal-2.54.0.jar
[DEBUG]  /Users/rafal/.m2/repository/org/apache/activemq/activemq-artemis-native/2.0.0/activemq-artemis-native-2.0.0.jar
[DEBUG]  /Users/rafal/.m2/repository/org/apache/artemis/artemis-jdbc-store/2.54.0/artemis-jdbc-store-2.54.0.jar
[DEBUG]  /Users/rafal/.m2/repository/org/apache/commons/commons-dbcp2/2.14.0/commons-dbcp2-2.14.0.jar
[DEBUG]  /Users/rafal/.m2/repository/org/apache/commons/commons-pool2/2.13.0/commons-pool2-2.13.0.jar
[DEBUG]  /Users/rafal/.m2/repository/jakarta/transaction/jakarta.transaction-api/1.3.3/jakarta.transaction-api-1.3.3.jar
[DEBUG]  /Users/rafal/.m2/repository/org/apache/artemis/artemis-core-client/2.54.0/artemis-core-client-2.54.0.jar
[DEBUG]  /Users/rafal/.m2/repository/org/jgroups/jgroups/5.3.13.Final/jgroups-5.3.13.Final.jar
[DEBUG]  /Users/rafal/.m2/repository/io/netty/netty-handler-proxy/4.1.132.Final/netty-handler-proxy-4.1.132.Final.jar
[DEBUG]  /Users/rafal/.m2/repository/io/netty/netty-codec-socks/4.1.132.Final/netty-codec-socks-4.1.132.Final.jar
[DEBUG]  /Users/rafal/.m2/repository/io/netty/netty-resolver/4.1.132.Final/netty-resolver-4.1.132.Final.jar
[DEBUG]  /Users/rafal/.m2/repository/de/dentrassi/crypto/pem-keystore/3.0.0/pem-keystore-3.0.0.jar
[DEBUG]  /Users/rafal/.m2/repository/com/hierynomus/asn-one/0.6.0/asn-one-0.6.0.jar
[DEBUG]  /Users/rafal/.m2/repository/org/apache/artemis/artemis-lockmanager-api/2.54.0/artemis-lockmanager-api-2.54.0.jar
[DEBUG]  /Users/rafal/.m2/repository/org/jctools/jctools-core/4.0.6/jctools-core-4.0.6.jar
[DEBUG]  /Users/rafal/.m2/repository/io/netty/netty-buffer/4.1.132.Final/netty-buffer-4.1.132.Final.jar
[DEBUG]  /Users/rafal/.m2/repository/io/netty/netty-transport/4.1.132.Final/netty-transport-4.1.132.Final.jar
[DEBUG]  /Users/rafal/.m2/repository/io/netty/netty-codec-http/4.1.132.Final/netty-codec-http-4.1.132.Final.jar
[DEBUG]  /Users/rafal/.m2/repository/io/netty/netty-codec-haproxy/4.1.132.Final/netty-codec-haproxy-4.1.132.Final.jar
[DEBUG]  /Users/rafal/.m2/repository/io/netty/netty-common/4.1.132.Final/netty-common-4.1.132.Final.jar
[DEBUG]  /Users/rafal/.m2/repository/io/netty/netty-handler/4.1.132.Final/netty-handler-4.1.132.Final.jar
[DEBUG]  /Users/rafal/.m2/repository/io/netty/netty-transport-native-unix-common/4.1.132.Final/netty-transport-native-unix-common-4.1.132.Final.jar
[DEBUG]  /Users/rafal/.m2/repository/io/netty/netty-transport-native-epoll/4.1.132.Final/netty-transport-native-epoll-4.1.132.Final-linux-x86_64.jar
[DEBUG]  /Users/rafal/.m2/repository/io/netty/netty-transport-classes-epoll/4.1.132.Final/netty-transport-classes-epoll-4.1.132.Final.jar
[DEBUG]  /Users/rafal/.m2/repository/io/netty/netty-transport-native-kqueue/4.1.132.Final/netty-transport-native-kqueue-4.1.132.Final-osx-x86_64.jar
[DEBUG]  /Users/rafal/.m2/repository/io/netty/netty-transport-classes-kqueue/4.1.132.Final/netty-transport-classes-kqueue-4.1.132.Final.jar
[DEBUG]  /Users/rafal/.m2/repository/io/netty/netty-codec/4.1.132.Final/netty-codec-4.1.132.Final.jar
[DEBUG]  /Users/rafal/.m2/repository/commons-beanutils/commons-beanutils/1.9.4/commons-beanutils-1.9.4.jar
[DEBUG]  /Users/rafal/.m2/repository/commons-logging/commons-logging/1.2/commons-logging-1.2.jar
[DEBUG]  /Users/rafal/.m2/repository/org/apache/commons/commons-lang3/3.12.0/commons-lang3-3.12.0.jar
[DEBUG]  /Users/rafal/.m2/repository/org/apache/commons/commons-configuration2/2.14.0/commons-configuration2-2.14.0.jar
[DEBUG]  /Users/rafal/.m2/repository/org/apache/commons/commons-text/1.15.0/commons-text-1.15.0.jar
[DEBUG]  /Users/rafal/.m2/repository/commons-collections/commons-collections/3.2.2/commons-collections-3.2.2.jar
[DEBUG]  /Users/rafal/.m2/repository/io/micrometer/micrometer-core/1.16.5/micrometer-core-1.16.5.jar
[DEBUG]  /Users/rafal/.m2/repository/org/jspecify/jspecify/1.0.0/jspecify-1.0.0.jar
[DEBUG]  /Users/rafal/.m2/repository/io/micrometer/micrometer-commons/1.16.5/micrometer-commons-1.16.5.jar
[DEBUG]  /Users/rafal/.m2/repository/io/micrometer/micrometer-observation/1.16.5/micrometer-observation-1.16.5.jar
[DEBUG]  /Users/rafal/.m2/repository/com/nimbusds/nimbus-jose-jwt/10.9/nimbus-jose-jwt-10.9.jar
[DEBUG]  /Users/rafal/.m2/repository/org/apache/artemis/artemis-jms-client/2.54.0/artemis-jms-client-2.54.0.jar
[DEBUG]  /Users/rafal/.m2/repository/jakarta/jms/jakarta.jms-api/2.0.3/jakarta.jms-api-2.0.3.jar
[DEBUG]  /Users/rafal/.m2/repository/org/apache/artemis/artemis-web/2.54.0/artemis-web-2.54.0.jar
[DEBUG]  /Users/rafal/.m2/repository/org/apache/artemis/artemis-dto/2.54.0/artemis-dto-2.54.0.jar
[DEBUG]  /Users/rafal/.m2/repository/com/sun/xml/bind/jaxb-impl/2.3.9/jaxb-impl-2.3.9.jar
[DEBUG]  /Users/rafal/.m2/repository/jakarta/activation/jakarta.activation-api/1.2.2/jakarta.activation-api-1.2.2.jar
[DEBUG]  /Users/rafal/.m2/repository/org/apache/artemis/artemis-cli/2.54.0/artemis-cli-2.54.0.jar
[DEBUG]  /Users/rafal/.m2/repository/org/apache/artemis/artemis-jms-server/2.54.0/artemis-jms-server-2.54.0.jar
[DEBUG]  /Users/rafal/.m2/repository/org/apache/artemis/artemis-service-extensions/2.54.0/artemis-service-extensions-2.54.0.jar
[DEBUG]  /Users/rafal/.m2/repository/jakarta/inject/jakarta.inject-api/1.0.5/jakarta.inject-api-1.0.5.jar
[DEBUG]  /Users/rafal/.m2/repository/org/apache/qpid/qpid-jms-client/1.16.0/qpid-jms-client-1.16.0.jar
[DEBUG]  /Users/rafal/.m2/repository/org/apache/qpid/proton-j/0.34.1/proton-j-0.34.1.jar
[DEBUG]  /Users/rafal/.m2/repository/info/picocli/picocli/4.7.7/picocli-4.7.7.jar
[DEBUG]  /Users/rafal/.m2/repository/info/picocli/picocli-shell-jline3/4.7.7/picocli-shell-jline3-4.7.7.jar
[DEBUG]  /Users/rafal/.m2/repository/org/jline/jline-console/4.1.0/jline-console-4.1.0.jar
[DEBUG]  /Users/rafal/.m2/repository/org/jline/jline-shell/4.1.0/jline-shell-4.1.0.jar
[DEBUG]  /Users/rafal/.m2/repository/org/jline/jline-builtins/4.1.0/jline-builtins-4.1.0.jar
[DEBUG]  /Users/rafal/.m2/repository/org/jline/jline-style/4.1.0/jline-style-4.1.0.jar
[DEBUG]  /Users/rafal/.m2/repository/org/jline/jline-console-ui/4.1.0/jline-console-ui-4.1.0.jar
[DEBUG]  /Users/rafal/.m2/repository/org/jline/jline-reader/4.1.0/jline-reader-4.1.0.jar
[DEBUG]  /Users/rafal/.m2/repository/org/jline/jline-terminal/4.1.0/jline-terminal-4.1.0.jar
[DEBUG]  /Users/rafal/.m2/repository/org/hdrhistogram/HdrHistogram/2.2.2/HdrHistogram-2.2.2.jar
[DEBUG]  /Users/rafal/.m2/repository/org/eclipse/jetty/toolchain/jetty-jakarta-servlet-api/5.0.2/jetty-jakarta-servlet-api-5.0.2.jar
[DEBUG]  /Users/rafal/.m2/repository/org/eclipse/jetty/jetty-server/12.1.9/jetty-server-12.1.9.jar
[DEBUG]  /Users/rafal/.m2/repository/org/eclipse/jetty/jetty-io/12.1.9/jetty-io-12.1.9.jar
[DEBUG]  /Users/rafal/.m2/repository/org/eclipse/jetty/ee9/jetty-ee9-servlet/12.1.9/jetty-ee9-servlet-12.1.9.jar
[DEBUG]  /Users/rafal/.m2/repository/org/eclipse/jetty/ee9/jetty-ee9-webapp/12.1.9/jetty-ee9-webapp-12.1.9.jar
[DEBUG]  /Users/rafal/.m2/repository/org/eclipse/jetty/jetty-xml/12.1.9/jetty-xml-12.1.9.jar
[DEBUG]  /Users/rafal/.m2/repository/org/eclipse/jetty/ee/jetty-ee-webapp/12.1.9/jetty-ee-webapp-12.1.9.jar
[DEBUG]  /Users/rafal/.m2/repository/org/eclipse/jetty/ee9/jetty-ee9-nested/12.1.9/jetty-ee9-nested-12.1.9.jar
[DEBUG]  /Users/rafal/.m2/repository/org/eclipse/jetty/jetty-security/12.1.9/jetty-security-12.1.9.jar
[DEBUG]  /Users/rafal/.m2/repository/org/eclipse/jetty/jetty-session/12.1.9/jetty-session-12.1.9.jar
[DEBUG]  /Users/rafal/.m2/repository/org/eclipse/jetty/ee9/jetty-ee9-security/12.1.9/jetty-ee9-security-12.1.9.jar
[DEBUG]  /Users/rafal/.m2/repository/org/eclipse/jetty/jetty-util/12.1.9/jetty-util-12.1.9.jar
[DEBUG]  /Users/rafal/.m2/repository/org/eclipse/jetty/jetty-http/12.1.9/jetty-http-12.1.9.jar
[DEBUG]  /Users/rafal/.m2/repository/org/eclipse/jetty/http2/jetty-http2-server/12.1.9/jetty-http2-server-12.1.9.jar
[DEBUG]  /Users/rafal/.m2/repository/org/eclipse/jetty/http2/jetty-http2-common/12.1.9/jetty-http2-common-12.1.9.jar
[DEBUG]  /Users/rafal/.m2/repository/org/eclipse/jetty/http2/jetty-http2-hpack/12.1.9/jetty-http2-hpack-12.1.9.jar
[DEBUG]  /Users/rafal/.m2/repository/org/eclipse/jetty/jetty-alpn-server/12.1.9/jetty-alpn-server-12.1.9.jar
[DEBUG]  /Users/rafal/.m2/repository/org/eclipse/jetty/jetty-alpn-java-server/12.1.9/jetty-alpn-java-server-12.1.9.jar
[DEBUG]  /Users/rafal/.m2/repository/org/eclipse/jetty/compression/jetty-compression-server/12.1.9/jetty-compression-server-12.1.9.jar
[DEBUG]  /Users/rafal/.m2/repository/org/eclipse/jetty/compression/jetty-compression-common/12.1.9/jetty-compression-common-12.1.9.jar
[DEBUG]  /Users/rafal/.m2/repository/org/eclipse/jetty/compression/jetty-compression-gzip/12.1.9/jetty-compression-gzip-12.1.9.jar
[DEBUG]  /Users/rafal/.m2/repository/com/github/ben-manes/caffeine/caffeine/2.9.3/caffeine-2.9.3.jar
[DEBUG]  /Users/rafal/.m2/repository/org/checkerframework/checker-qual/3.19.0/checker-qual-3.19.0.jar
[DEBUG]  /Users/rafal/.m2/repository/com/google/errorprone/error_prone_annotations/2.10.0/error_prone_annotations-2.10.0.jar
[DEBUG]  /Users/rafal/.m2/repository/org/openmrs/api/openmrs-api/2.9.0-SNAPSHOT/openmrs-api-2.9.0-SNAPSHOT.jar
[DEBUG]  /Users/rafal/.m2/repository/commons-validator/commons-validator/1.10.0/commons-validator-1.10.0.jar
[DEBUG]  /Users/rafal/.m2/repository/commons-digester/commons-digester/2.1/commons-digester-2.1.jar
[DEBUG]  /Users/rafal/.m2/repository/commons-io/commons-io/2.19.0/commons-io-2.19.0.jar
[DEBUG]  /Users/rafal/.m2/repository/org/apache/velocity/velocity/1.7/velocity-1.7.jar
[DEBUG]  /Users/rafal/.m2/repository/commons-lang/commons-lang/2.4/commons-lang-2.4.jar
[DEBUG]  /Users/rafal/.m2/repository/org/springframework/spring-core/5.3.30/spring-core-5.3.30.jar
[DEBUG]  /Users/rafal/.m2/repository/org/springframework/spring-jcl/5.3.30/spring-jcl-5.3.30.jar
[DEBUG]  /Users/rafal/.m2/repository/org/springframework/spring-beans/5.3.30/spring-beans-5.3.30.jar
[DEBUG]  /Users/rafal/.m2/repository/org/springframework/spring-context/5.3.30/spring-context-5.3.30.jar
[DEBUG]  /Users/rafal/.m2/repository/org/springframework/spring-expression/5.3.30/spring-expression-5.3.30.jar
[DEBUG]  /Users/rafal/.m2/repository/org/springframework/spring-aop/5.3.30/spring-aop-5.3.30.jar
[DEBUG]  /Users/rafal/.m2/repository/org/springframework/spring-orm/5.3.30/spring-orm-5.3.30.jar
[DEBUG]  /Users/rafal/.m2/repository/org/springframework/spring-tx/5.3.30/spring-tx-5.3.30.jar
[DEBUG]  /Users/rafal/.m2/repository/org/springframework/spring-jdbc/5.3.30/spring-jdbc-5.3.30.jar
[DEBUG]  /Users/rafal/.m2/repository/org/springframework/spring-context-support/5.3.30/spring-context-support-5.3.30.jar
[DEBUG]  /Users/rafal/.m2/repository/org/springframework/spring-jms/5.3.30/spring-jms-5.3.30.jar
[DEBUG]  /Users/rafal/.m2/repository/org/springframework/spring-messaging/5.3.30/spring-messaging-5.3.30.jar
[DEBUG]  /Users/rafal/.m2/repository/javax/jms/javax.jms-api/2.0.1/javax.jms-api-2.0.1.jar
[DEBUG]  /Users/rafal/.m2/repository/org/infinispan/infinispan-spring5-embedded/13.0.22.Final/infinispan-spring5-embedded-13.0.22.Final.jar
[DEBUG]  /Users/rafal/.m2/repository/org/infinispan/infinispan-core/13.0.22.Final/infinispan-core-13.0.22.Final.jar
[DEBUG]  /Users/rafal/.m2/repository/org/infinispan/infinispan-commons/13.0.22.Final/infinispan-commons-13.0.22.Final.jar
[DEBUG]  /Users/rafal/.m2/repository/io/reactivex/rxjava3/rxjava/3.0.4/rxjava-3.0.4.jar
[DEBUG]  /Users/rafal/.m2/repository/org/infinispan/protostream/protostream/4.4.4.Final/protostream-4.4.4.Final.jar
[DEBUG]  /Users/rafal/.m2/repository/org/infinispan/protostream/protostream-types/4.4.4.Final/protostream-types-4.4.4.Final.jar
[DEBUG]  /Users/rafal/.m2/repository/org/jboss/threads/jboss-threads/2.3.3.Final/jboss-threads-2.3.3.Final.jar
[DEBUG]  /Users/rafal/.m2/repository/org/wildfly/common/wildfly-common/1.3.0.Final/wildfly-common-1.3.0.Final.jar
[DEBUG]  /Users/rafal/.m2/repository/org/infinispan/infinispan-spring5-common/13.0.22.Final/infinispan-spring5-common-13.0.22.Final.jar
[DEBUG]  /Users/rafal/.m2/repository/ca/uhn/hapi/hapi-base/2.1/hapi-base-2.1.jar
[DEBUG]  /Users/rafal/.m2/repository/ca/uhn/hapi/hapi-structures-v23/2.1/hapi-structures-v23-2.1.jar
[DEBUG]  /Users/rafal/.m2/repository/ca/uhn/hapi/hapi-structures-v24/2.1/hapi-structures-v24-2.1.jar
[DEBUG]  /Users/rafal/.m2/repository/ca/uhn/hapi/hapi-structures-v25/2.1/hapi-structures-v25-2.1.jar
[DEBUG]  /Users/rafal/.m2/repository/ca/uhn/hapi/hapi-structures-v26/2.1/hapi-structures-v26-2.1.jar
[DEBUG]  /Users/rafal/.m2/repository/org/javassist/javassist/3.30.2-GA/javassist-3.30.2-GA.jar
[DEBUG]  /Users/rafal/.m2/repository/net/bytebuddy/byte-buddy/1.17.6/byte-buddy-1.17.6.jar
[DEBUG]  /Users/rafal/.m2/repository/net/bytebuddy/byte-buddy-agent/1.17.6/byte-buddy-agent-1.17.6.jar
[DEBUG]  /Users/rafal/.m2/repository/org/hibernate/hibernate-core/5.6.15.Final/hibernate-core-5.6.15.Final.jar
[DEBUG]  /Users/rafal/.m2/repository/org/jboss/logging/jboss-logging/3.4.3.Final/jboss-logging-3.4.3.Final.jar
[DEBUG]  /Users/rafal/.m2/repository/javax/persistence/javax.persistence-api/2.2/javax.persistence-api-2.2.jar
[DEBUG]  /Users/rafal/.m2/repository/antlr/antlr/2.7.7/antlr-2.7.7.jar
[DEBUG]  /Users/rafal/.m2/repository/org/jboss/spec/javax/transaction/jboss-transaction-api_1.2_spec/1.1.1.Final/jboss-transaction-api_1.2_spec-1.1.1.Final.jar
[DEBUG]  /Users/rafal/.m2/repository/org/jboss/jandex/2.4.2.Final/jandex-2.4.2.Final.jar
[DEBUG]  /Users/rafal/.m2/repository/com/fasterxml/classmate/1.5.1/classmate-1.5.1.jar
[DEBUG]  /Users/rafal/.m2/repository/javax/activation/javax.activation-api/1.2.0/javax.activation-api-1.2.0.jar
[DEBUG]  /Users/rafal/.m2/repository/org/hibernate/common/hibernate-commons-annotations/5.1.2.Final/hibernate-commons-annotations-5.1.2.Final.jar
[DEBUG]  /Users/rafal/.m2/repository/javax/xml/bind/jaxb-api/2.3.1/jaxb-api-2.3.1.jar
[DEBUG]  /Users/rafal/.m2/repository/org/glassfish/jaxb/jaxb-runtime/2.3.1/jaxb-runtime-2.3.1.jar
[DEBUG]  /Users/rafal/.m2/repository/org/glassfish/jaxb/txw2/2.3.1/txw2-2.3.1.jar
[DEBUG]  /Users/rafal/.m2/repository/com/sun/istack/istack-commons-runtime/3.0.7/istack-commons-runtime-3.0.7.jar
[DEBUG]  /Users/rafal/.m2/repository/org/jvnet/staxex/stax-ex/1.8/stax-ex-1.8.jar
[DEBUG]  /Users/rafal/.m2/repository/com/sun/xml/fastinfoset/FastInfoset/1.2.15/FastInfoset-1.2.15.jar
[DEBUG]  /Users/rafal/.m2/repository/org/hibernate/hibernate-c3p0/5.6.15.Final/hibernate-c3p0-5.6.15.Final.jar
[DEBUG]  /Users/rafal/.m2/repository/com/mchange/c3p0/0.9.5.5/c3p0-0.9.5.5.jar
[DEBUG]  /Users/rafal/.m2/repository/com/mchange/mchange-commons-java/0.2.19/mchange-commons-java-0.2.19.jar
[DEBUG]  /Users/rafal/.m2/repository/org/infinispan/infinispan-hibernate-cache-v53/13.0.22.Final/infinispan-hibernate-cache-v53-13.0.22.Final.jar
[DEBUG]  /Users/rafal/.m2/repository/org/infinispan/infinispan-hibernate-cache-commons/13.0.22.Final/infinispan-hibernate-cache-commons-13.0.22.Final.jar
[DEBUG]  /Users/rafal/.m2/repository/org/infinispan/infinispan-hibernate-cache-spi/13.0.22.Final/infinispan-hibernate-cache-spi-13.0.22.Final.jar
[DEBUG]  /Users/rafal/.m2/repository/org/infinispan/infinispan-jboss-marshalling/13.0.22.Final/infinispan-jboss-marshalling-13.0.22.Final.jar
[DEBUG]  /Users/rafal/.m2/repository/org/jboss/marshalling/jboss-marshalling-osgi/2.0.12.Final/jboss-marshalling-osgi-2.0.12.Final.jar
[DEBUG]  /Users/rafal/.m2/repository/org/hibernate/search/hibernate-search-mapper-orm/6.2.4.Final/hibernate-search-mapper-orm-6.2.4.Final.jar
[DEBUG]  /Users/rafal/.m2/repository/org/hibernate/search/hibernate-search-engine/6.2.4.Final/hibernate-search-engine-6.2.4.Final.jar
[DEBUG]  /Users/rafal/.m2/repository/org/hibernate/search/hibernate-search-mapper-pojo-base/6.2.4.Final/hibernate-search-mapper-pojo-base-6.2.4.Final.jar
[DEBUG]  /Users/rafal/.m2/repository/org/hibernate/search/hibernate-search-util-common/6.2.4.Final/hibernate-search-util-common-6.2.4.Final.jar
[DEBUG]  /Users/rafal/.m2/repository/org/hibernate/search/hibernate-search-backend-lucene/6.2.4.Final/hibernate-search-backend-lucene-6.2.4.Final.jar
[DEBUG]  /Users/rafal/.m2/repository/org/apache/lucene/lucene-core/8.11.2/lucene-core-8.11.2.jar
[DEBUG]  /Users/rafal/.m2/repository/org/apache/lucene/lucene-analyzers-common/8.11.2/lucene-analyzers-common-8.11.2.jar
[DEBUG]  /Users/rafal/.m2/repository/org/apache/lucene/lucene-queryparser/8.11.2/lucene-queryparser-8.11.2.jar
[DEBUG]  /Users/rafal/.m2/repository/org/apache/lucene/lucene-queries/8.11.2/lucene-queries-8.11.2.jar
[DEBUG]  /Users/rafal/.m2/repository/org/apache/lucene/lucene-join/8.11.2/lucene-join-8.11.2.jar
[DEBUG]  /Users/rafal/.m2/repository/org/apache/lucene/lucene-facet/8.11.2/lucene-facet-8.11.2.jar
[DEBUG]  /Users/rafal/.m2/repository/com/carrotsearch/hppc/0.8.1/hppc-0.8.1.jar
[DEBUG]  /Users/rafal/.m2/repository/org/apache/lucene/lucene-highlighter/8.11.2/lucene-highlighter-8.11.2.jar
[DEBUG]  /Users/rafal/.m2/repository/org/apache/lucene/lucene-memory/8.11.2/lucene-memory-8.11.2.jar
[DEBUG]  /Users/rafal/.m2/repository/org/hibernate/search/hibernate-search-backend-elasticsearch/6.2.4.Final/hibernate-search-backend-elasticsearch-6.2.4.Final.jar
[DEBUG]  /Users/rafal/.m2/repository/org/elasticsearch/client/elasticsearch-rest-client/8.10.4/elasticsearch-rest-client-8.10.4.jar
[DEBUG]  /Users/rafal/.m2/repository/org/apache/httpcomponents/httpclient/4.5.13/httpclient-4.5.13.jar
[DEBUG]  /Users/rafal/.m2/repository/org/apache/httpcomponents/httpcore/4.4.13/httpcore-4.4.13.jar
[DEBUG]  /Users/rafal/.m2/repository/org/apache/httpcomponents/httpasyncclient/4.1.5/httpasyncclient-4.1.5.jar
[DEBUG]  /Users/rafal/.m2/repository/org/apache/httpcomponents/httpcore-nio/4.4.13/httpcore-nio-4.4.13.jar
[DEBUG]  /Users/rafal/.m2/repository/org/elasticsearch/client/elasticsearch-rest-client-sniffer/8.10.4/elasticsearch-rest-client-sniffer-8.10.4.jar
[DEBUG]  /Users/rafal/.m2/repository/com/google/code/gson/gson/2.9.1/gson-2.9.1.jar
[DEBUG]  /Users/rafal/.m2/repository/org/apache/lucene/lucene-analyzers-phonetic/8.11.2/lucene-analyzers-phonetic-8.11.2.jar
[DEBUG]  /Users/rafal/.m2/repository/commons-codec/commons-codec/1.13/commons-codec-1.13.jar
[DEBUG]  /Users/rafal/.m2/repository/org/hibernate/hibernate-envers/5.6.15.Final/hibernate-envers-5.6.15.Final.jar
[DEBUG]  /Users/rafal/.m2/repository/org/dom4j/dom4j/2.1.3/dom4j-2.1.3.jar
[DEBUG]  /Users/rafal/.m2/repository/org/apache/logging/log4j/log4j-core/2.22.1/log4j-core-2.22.1.jar
[DEBUG]  /Users/rafal/.m2/repository/org/apache/logging/log4j/log4j-api/2.22.1/log4j-api-2.22.1.jar
[DEBUG]  /Users/rafal/.m2/repository/org/apache/logging/log4j/log4j-slf4j-impl/2.22.1/log4j-slf4j-impl-2.22.1.jar
[DEBUG]  /Users/rafal/.m2/repository/org/apache/logging/log4j/log4j-1.2-api/2.22.1/log4j-1.2-api-2.22.1.jar
[DEBUG]  /Users/rafal/.m2/repository/com/thoughtworks/xstream/xstream/1.4.21/xstream-1.4.21.jar
[DEBUG]  /Users/rafal/.m2/repository/io/github/x-stream/mxparser/1.2.2/mxparser-1.2.2.jar
[DEBUG]  /Users/rafal/.m2/repository/xmlpull/xmlpull/1.1.3.1/xmlpull-1.1.3.1.jar
[DEBUG]  /Users/rafal/.m2/repository/org/liquibase/liquibase-core/4.32.0/liquibase-core-4.32.0.jar
[DEBUG]  /Users/rafal/.m2/repository/com/opencsv/opencsv/5.11/opencsv-5.11.jar
[DEBUG]  /Users/rafal/.m2/repository/org/yaml/snakeyaml/2.4/snakeyaml-2.4.jar
[DEBUG]  /Users/rafal/.m2/repository/org/apache/commons/commons-collections4/4.5.0/commons-collections4-4.5.0.jar
[DEBUG]  /Users/rafal/.m2/repository/xerces/xercesImpl/2.12.2/xercesImpl-2.12.2.jar
[DEBUG]  /Users/rafal/.m2/repository/xml-apis/xml-apis/1.4.01/xml-apis-1.4.01.jar
[DEBUG]  /Users/rafal/.m2/repository/javax/validation/validation-api/2.0.1.Final/validation-api-2.0.1.Final.jar
[DEBUG]  /Users/rafal/.m2/repository/org/hibernate/validator/hibernate-validator/6.2.0.Final/hibernate-validator-6.2.0.Final.jar
[DEBUG]  /Users/rafal/.m2/repository/jakarta/validation/jakarta.validation-api/2.0.2/jakarta.validation-api-2.0.2.jar
[DEBUG]  /Users/rafal/.m2/repository/mysql/mysql-connector-java/8.0.30/mysql-connector-java-8.0.30.jar
[DEBUG]  /Users/rafal/.m2/repository/com/google/protobuf/protobuf-java/3.19.4/protobuf-java-3.19.4.jar
[DEBUG]  /Users/rafal/.m2/repository/org/mariadb/jdbc/mariadb-java-client/3.5.4/mariadb-java-client-3.5.4.jar
[DEBUG]  /Users/rafal/.m2/repository/org/postgresql/postgresql/42.7.7/postgresql-42.7.7.jar
[DEBUG]  /Users/rafal/.m2/repository/org/codehaus/jackson/jackson-core-asl/1.9.14-MULE-002/jackson-core-asl-1.9.14-MULE-002.jar
[DEBUG]  /Users/rafal/.m2/repository/org/codehaus/jackson/jackson-mapper-asl/1.9.14-MULE-002/jackson-mapper-asl-1.9.14-MULE-002.jar
[DEBUG]  /Users/rafal/.m2/repository/com/fasterxml/jackson/core/jackson-core/2.19.1/jackson-core-2.19.1.jar
[DEBUG]  /Users/rafal/.m2/repository/com/fasterxml/jackson/core/jackson-annotations/2.19.1/jackson-annotations-2.19.1.jar
[DEBUG]  /Users/rafal/.m2/repository/com/fasterxml/jackson/core/jackson-databind/2.19.1/jackson-databind-2.19.1.jar
[DEBUG]  /Users/rafal/.m2/repository/com/fasterxml/jackson/datatype/jackson-datatype-jsr310/2.19.1/jackson-datatype-jsr310-2.19.1.jar
[DEBUG]  /Users/rafal/.m2/repository/com/fasterxml/jackson/datatype/jackson-datatype-hibernate5/2.19.1/jackson-datatype-hibernate5-2.19.1.jar
[DEBUG]  /Users/rafal/.m2/repository/javax/transaction/javax.transaction-api/1.3/javax.transaction-api-1.3.jar
[DEBUG]  /Users/rafal/.m2/repository/org/codehaus/groovy/groovy-all/2.4.21/groovy-all-2.4.21.jar
[DEBUG]  /Users/rafal/.m2/repository/org/aspectj/aspectjrt/1.9.24/aspectjrt-1.9.24.jar
[DEBUG]  /Users/rafal/.m2/repository/org/aspectj/aspectjweaver/1.9.24/aspectjweaver-1.9.24.jar
[DEBUG]  /Users/rafal/.m2/repository/joda-time/joda-time/2.14.0/joda-time-2.14.0.jar
[DEBUG]  /Users/rafal/.m2/repository/javax/annotation/javax.annotation-api/1.3.2/javax.annotation-api-1.3.2.jar
[DEBUG]  /Users/rafal/.m2/repository/com/sun/activation/javax.activation/1.2.0/javax.activation-1.2.0.jar
[DEBUG]  /Users/rafal/.m2/repository/jakarta/xml/bind/jakarta.xml.bind-api/4.0.2/jakarta.xml.bind-api-4.0.2.jar
[DEBUG]  /Users/rafal/.m2/repository/com/google/guava/guava/33.4.8-jre/guava-33.4.8-jre.jar
[DEBUG]  /Users/rafal/.m2/repository/com/google/guava/failureaccess/1.0.3/failureaccess-1.0.3.jar
[DEBUG]  /Users/rafal/.m2/repository/com/google/guava/listenablefuture/9999.0-empty-to-avoid-conflict-with-guava/listenablefuture-9999.0-empty-to-avoid-conflict-with-guava.jar
[DEBUG]  /Users/rafal/.m2/repository/com/google/j2objc/j2objc-annotations/3.0.0/j2objc-annotations-3.0.0.jar
[DEBUG]  /Users/rafal/.m2/repository/com/sun/mail/javax.mail/1.6.2/javax.mail-1.6.2.jar
[DEBUG]  /Users/rafal/.m2/repository/software/amazon/awssdk/s3/2.31.50/s3-2.31.50.jar
[DEBUG]  /Users/rafal/.m2/repository/software/amazon/awssdk/aws-xml-protocol/2.31.50/aws-xml-protocol-2.31.50.jar
[DEBUG]  /Users/rafal/.m2/repository/software/amazon/awssdk/aws-query-protocol/2.31.50/aws-query-protocol-2.31.50.jar
[DEBUG]  /Users/rafal/.m2/repository/software/amazon/awssdk/protocol-core/2.31.50/protocol-core-2.31.50.jar
[DEBUG]  /Users/rafal/.m2/repository/software/amazon/awssdk/arns/2.31.50/arns-2.31.50.jar
[DEBUG]  /Users/rafal/.m2/repository/software/amazon/awssdk/profiles/2.31.50/profiles-2.31.50.jar
[DEBUG]  /Users/rafal/.m2/repository/software/amazon/awssdk/crt-core/2.31.50/crt-core-2.31.50.jar
[DEBUG]  /Users/rafal/.m2/repository/software/amazon/awssdk/http-auth/2.31.50/http-auth-2.31.50.jar
[DEBUG]  /Users/rafal/.m2/repository/software/amazon/awssdk/identity-spi/2.31.50/identity-spi-2.31.50.jar
[DEBUG]  /Users/rafal/.m2/repository/software/amazon/awssdk/http-auth-spi/2.31.50/http-auth-spi-2.31.50.jar
[DEBUG]  /Users/rafal/.m2/repository/org/reactivestreams/reactive-streams/1.0.4/reactive-streams-1.0.4.jar
[DEBUG]  /Users/rafal/.m2/repository/software/amazon/awssdk/http-auth-aws/2.31.50/http-auth-aws-2.31.50.jar
[DEBUG]  /Users/rafal/.m2/repository/software/amazon/awssdk/checksums/2.31.50/checksums-2.31.50.jar
[DEBUG]  /Users/rafal/.m2/repository/software/amazon/awssdk/checksums-spi/2.31.50/checksums-spi-2.31.50.jar
[DEBUG]  /Users/rafal/.m2/repository/software/amazon/awssdk/retries-spi/2.31.50/retries-spi-2.31.50.jar
[DEBUG]  /Users/rafal/.m2/repository/software/amazon/awssdk/sdk-core/2.31.50/sdk-core-2.31.50.jar
[DEBUG]  /Users/rafal/.m2/repository/software/amazon/awssdk/retries/2.31.50/retries-2.31.50.jar
[DEBUG]  /Users/rafal/.m2/repository/software/amazon/awssdk/auth/2.31.50/auth-2.31.50.jar
[DEBUG]  /Users/rafal/.m2/repository/software/amazon/awssdk/http-auth-aws-eventstream/2.31.50/http-auth-aws-eventstream-2.31.50.jar
[DEBUG]  /Users/rafal/.m2/repository/software/amazon/eventstream/eventstream/1.0.1/eventstream-1.0.1.jar
[DEBUG]  /Users/rafal/.m2/repository/software/amazon/awssdk/http-client-spi/2.31.50/http-client-spi-2.31.50.jar
[DEBUG]  /Users/rafal/.m2/repository/software/amazon/awssdk/regions/2.31.50/regions-2.31.50.jar
[DEBUG]  /Users/rafal/.m2/repository/software/amazon/awssdk/annotations/2.31.50/annotations-2.31.50.jar
[DEBUG]  /Users/rafal/.m2/repository/software/amazon/awssdk/utils/2.31.50/utils-2.31.50.jar
[DEBUG]  /Users/rafal/.m2/repository/software/amazon/awssdk/aws-core/2.31.50/aws-core-2.31.50.jar
[DEBUG]  /Users/rafal/.m2/repository/software/amazon/awssdk/metrics-spi/2.31.50/metrics-spi-2.31.50.jar
[DEBUG]  /Users/rafal/.m2/repository/software/amazon/awssdk/json-utils/2.31.50/json-utils-2.31.50.jar
[DEBUG]  /Users/rafal/.m2/repository/software/amazon/awssdk/third-party-jackson-core/2.31.50/third-party-jackson-core-2.31.50.jar
[DEBUG]  /Users/rafal/.m2/repository/software/amazon/awssdk/endpoints-spi/2.31.50/endpoints-spi-2.31.50.jar
[DEBUG]  /Users/rafal/.m2/repository/software/amazon/awssdk/apache-client/2.31.50/apache-client-2.31.50.jar
[DEBUG]  /Users/rafal/.m2/repository/software/amazon/awssdk/netty-nio-client/2.31.50/netty-nio-client-2.31.50.jar
[DEBUG]  /Users/rafal/.m2/repository/io/netty/netty-codec-http2/4.1.118.Final/netty-codec-http2-4.1.118.Final.jar
[DEBUG]  /Users/rafal/.m2/repository/org/graalvm/js/js/20.3.17/js-20.3.17.jar
[DEBUG]  /Users/rafal/.m2/repository/org/graalvm/regex/regex/20.3.17/regex-20.3.17.jar
[DEBUG]  /Users/rafal/.m2/repository/org/graalvm/truffle/truffle-api/20.3.17/truffle-api-20.3.17.jar
[DEBUG]  /Users/rafal/.m2/repository/org/graalvm/sdk/graal-sdk/20.3.17/graal-sdk-20.3.17.jar
[DEBUG]  /Users/rafal/.m2/repository/com/ibm/icu/icu4j/71.1/icu4j-71.1.jar
[DEBUG]  /Users/rafal/.m2/repository/org/graalvm/js/js-scriptengine/20.3.17/js-scriptengine-20.3.17.jar
[DEBUG]  /Users/rafal/.m2/repository/net/javacrumbs/shedlock/shedlock-spring/4.48.0/shedlock-spring-4.48.0.jar
[DEBUG]  /Users/rafal/.m2/repository/net/javacrumbs/shedlock/shedlock-core/4.48.0/shedlock-core-4.48.0.jar
[DEBUG]  /Users/rafal/.m2/repository/net/javacrumbs/shedlock/shedlock-provider-jdbc-template/4.48.0/shedlock-provider-jdbc-template-4.48.0.jar
[DEBUG]  /Users/rafal/.m2/repository/org/jobrunr/jobrunr/6.3.5/jobrunr-6.3.5.jar
[DEBUG]  /Users/rafal/.m2/repository/org/ow2/asm/asm/9.5/asm-9.5.jar
[DEBUG]  /Users/rafal/.m2/repository/org/openmrs/api/openmrs-api/2.9.0-SNAPSHOT/openmrs-api-2.9.0-SNAPSHOT-tests.jar
[DEBUG]  /Users/rafal/.m2/repository/org/springframework/spring-test/5.3.30/spring-test-5.3.30.jar
[DEBUG]  /Users/rafal/.m2/repository/com/h2database/h2/1.4.200/h2-1.4.200.jar
[DEBUG]  /Users/rafal/.m2/repository/junit/junit/4.13.2/junit-4.13.2.jar
[DEBUG]  /Users/rafal/.m2/repository/org/junit/jupiter/junit-jupiter-api/5.11.4/junit-jupiter-api-5.11.4.jar
[DEBUG]  /Users/rafal/.m2/repository/org/opentest4j/opentest4j/1.3.0/opentest4j-1.3.0.jar
[DEBUG]  /Users/rafal/.m2/repository/org/junit/platform/junit-platform-commons/1.11.4/junit-platform-commons-1.11.4.jar
[DEBUG]  /Users/rafal/.m2/repository/org/apiguardian/apiguardian-api/1.1.2/apiguardian-api-1.1.2.jar
[DEBUG]  /Users/rafal/.m2/repository/org/junit/jupiter/junit-jupiter-engine/5.11.4/junit-jupiter-engine-5.11.4.jar
[DEBUG]  /Users/rafal/.m2/repository/org/junit/platform/junit-platform-engine/1.11.4/junit-platform-engine-1.11.4.jar
[DEBUG]  /Users/rafal/.m2/repository/org/junit/vintage/junit-vintage-engine/5.11.4/junit-vintage-engine-5.11.4.jar
[DEBUG]  /Users/rafal/.m2/repository/org/junit/jupiter/junit-jupiter-params/5.11.4/junit-jupiter-params-5.11.4.jar
[DEBUG]  /Users/rafal/.m2/repository/org/dbunit/dbunit/3.0.0/dbunit-3.0.0.jar
[DEBUG]  /Users/rafal/.m2/repository/org/junit/platform/junit-platform-suite-engine/1.10.1/junit-platform-suite-engine-1.10.1.jar
[DEBUG]  /Users/rafal/.m2/repository/org/junit/platform/junit-platform-suite-api/1.10.1/junit-platform-suite-api-1.10.1.jar
[DEBUG]  /Users/rafal/.m2/repository/org/junit/platform/junit-platform-suite-commons/1.10.1/junit-platform-suite-commons-1.10.1.jar
[DEBUG]  /Users/rafal/.m2/repository/org/junit/platform/junit-platform-launcher/1.10.1/junit-platform-launcher-1.10.1.jar
[DEBUG]  /Users/rafal/.m2/repository/org/mockito/mockito-core/5.6.0/mockito-core-5.6.0.jar
[DEBUG]  /Users/rafal/.m2/repository/org/objenesis/objenesis/3.3/objenesis-3.3.jar
[DEBUG]  /Users/rafal/.m2/repository/org/mockito/mockito-junit-jupiter/5.6.0/mockito-junit-jupiter-5.6.0.jar
[DEBUG]  /Users/rafal/.m2/repository/org/hamcrest/hamcrest-core/3.0/hamcrest-core-3.0.jar
[DEBUG]  /Users/rafal/.m2/repository/org/hamcrest/hamcrest/3.0/hamcrest-3.0.jar
[DEBUG]  /Users/rafal/.m2/repository/org/testcontainers/testcontainers/2.0.3/testcontainers-2.0.3.jar
[DEBUG]  /Users/rafal/.m2/repository/org/apache/commons/commons-compress/1.28.0/commons-compress-1.28.0.jar
[DEBUG]  /Users/rafal/.m2/repository/org/rnorth/duct-tape/duct-tape/1.0.8/duct-tape-1.0.8.jar
[DEBUG]  /Users/rafal/.m2/repository/org/jetbrains/annotations/17.0.0/annotations-17.0.0.jar
[DEBUG]  /Users/rafal/.m2/repository/com/github/docker-java/docker-java-api/3.7.0/docker-java-api-3.7.0.jar
[DEBUG]  /Users/rafal/.m2/repository/com/github/docker-java/docker-java-transport-zerodep/3.7.0/docker-java-transport-zerodep-3.7.0.jar
[DEBUG]  /Users/rafal/.m2/repository/com/github/docker-java/docker-java-transport/3.7.0/docker-java-transport-3.7.0.jar
[DEBUG]  /Users/rafal/.m2/repository/net/java/dev/jna/jna/5.18.1/jna-5.18.1.jar
[DEBUG]  /Users/rafal/.m2/repository/org/testcontainers/postgresql/1.21.3/postgresql-1.21.3.jar
[DEBUG]  /Users/rafal/.m2/repository/org/testcontainers/jdbc/1.21.3/jdbc-1.21.3.jar
[DEBUG]  /Users/rafal/.m2/repository/org/testcontainers/database-commons/1.21.3/database-commons-1.21.3.jar
[DEBUG]  /Users/rafal/.m2/repository/org/testcontainers/mysql/1.21.3/mysql-1.21.3.jar
[DEBUG]  /Users/rafal/.m2/repository/org/testcontainers/mariadb/1.21.3/mariadb-1.21.3.jar
[DEBUG]  /Users/rafal/.m2/repository/org/testcontainers/junit-jupiter/1.21.3/junit-jupiter-1.21.3.jar
[DEBUG]  /Users/rafal/.m2/repository/com/adobe/testing/s3mock-testcontainers/2.17.0/s3mock-testcontainers-2.17.0.jar
[DEBUG] Source roots:
[DEBUG]  /Users/rafal/workspace/openmrs-module-artemis/api/src/test/java
[DEBUG]  /Users/rafal/workspace/openmrs-module-artemis/api/target/generated-test-sources/test-annotations
[DEBUG] Command line options:
[DEBUG] -d /Users/rafal/workspace/openmrs-module-artemis/api/target/test-classes -classpath /Users/rafal/workspace/openmrs-module-artemis/api/target/test-classes:/Users/rafal/workspace/openmrs-module-artemis/api/target/classes:/Users/rafal/.m2/repository/org/apache/artemis/artemis-server/2.54.0/artemis-server-2.54.0.jar:/Users/rafal/.m2/repository/org/slf4j/slf4j-api/1.7.30/slf4j-api-1.7.30.jar:/Users/rafal/.m2/repository/org/apache/artemis/artemis-commons/2.54.0/artemis-commons-2.54.0.jar:/Users/rafal/.m2/repository/org/apache/artemis/artemis-selector/2.54.0/artemis-selector-2.54.0.jar:/Users/rafal/.m2/repository/org/apache/artemis/artemis-journal/2.54.0/artemis-journal-2.54.0.jar:/Users/rafal/.m2/repository/org/apache/activemq/activemq-artemis-native/2.0.0/activemq-artemis-native-2.0.0.jar:/Users/rafal/.m2/repository/org/apache/artemis/artemis-jdbc-store/2.54.0/artemis-jdbc-store-2.54.0.jar:/Users/rafal/.m2/repository/org/apache/commons/commons-dbcp2/2.14.0/commons-dbcp2-2.14.0.jar:/Users/rafal/.m2/repository/org/apache/commons/commons-pool2/2.13.0/commons-pool2-2.13.0.jar:/Users/rafal/.m2/repository/jakarta/transaction/jakarta.transaction-api/1.3.3/jakarta.transaction-api-1.3.3.jar:/Users/rafal/.m2/repository/org/apache/artemis/artemis-core-client/2.54.0/artemis-core-client-2.54.0.jar:/Users/rafal/.m2/repository/org/jgroups/jgroups/5.3.13.Final/jgroups-5.3.13.Final.jar:/Users/rafal/.m2/repository/io/netty/netty-handler-proxy/4.1.132.Final/netty-handler-proxy-4.1.132.Final.jar:/Users/rafal/.m2/repository/io/netty/netty-codec-socks/4.1.132.Final/netty-codec-socks-4.1.132.Final.jar:/Users/rafal/.m2/repository/io/netty/netty-resolver/4.1.132.Final/netty-resolver-4.1.132.Final.jar:/Users/rafal/.m2/repository/de/dentrassi/crypto/pem-keystore/3.0.0/pem-keystore-3.0.0.jar:/Users/rafal/.m2/repository/com/hierynomus/asn-one/0.6.0/asn-one-0.6.0.jar:/Users/rafal/.m2/repository/org/apache/artemis/artemis-lockmanager-api/2.54.0/artemis-lockmanager-api-2.54.0.jar:/Users/rafal/.m2/repository/org/jctools/jctools-core/4.0.6/jctools-core-4.0.6.jar:/Users/rafal/.m2/repository/io/netty/netty-buffer/4.1.132.Final/netty-buffer-4.1.132.Final.jar:/Users/rafal/.m2/repository/io/netty/netty-transport/4.1.132.Final/netty-transport-4.1.132.Final.jar:/Users/rafal/.m2/repository/io/netty/netty-codec-http/4.1.132.Final/netty-codec-http-4.1.132.Final.jar:/Users/rafal/.m2/repository/io/netty/netty-codec-haproxy/4.1.132.Final/netty-codec-haproxy-4.1.132.Final.jar:/Users/rafal/.m2/repository/io/netty/netty-common/4.1.132.Final/netty-common-4.1.132.Final.jar:/Users/rafal/.m2/repository/io/netty/netty-handler/4.1.132.Final/netty-handler-4.1.132.Final.jar:/Users/rafal/.m2/repository/io/netty/netty-transport-native-unix-common/4.1.132.Final/netty-transport-native-unix-common-4.1.132.Final.jar:/Users/rafal/.m2/repository/io/netty/netty-transport-native-epoll/4.1.132.Final/netty-transport-native-epoll-4.1.132.Final-linux-x86_64.jar:/Users/rafal/.m2/repository/io/netty/netty-transport-classes-epoll/4.1.132.Final/netty-transport-classes-epoll-4.1.132.Final.jar:/Users/rafal/.m2/repository/io/netty/netty-transport-native-kqueue/4.1.132.Final/netty-transport-native-kqueue-4.1.132.Final-osx-x86_64.jar:/Users/rafal/.m2/repository/io/netty/netty-transport-classes-kqueue/4.1.132.Final/netty-transport-classes-kqueue-4.1.132.Final.jar:/Users/rafal/.m2/repository/io/netty/netty-codec/4.1.132.Final/netty-codec-4.1.132.Final.jar:/Users/rafal/.m2/repository/commons-beanutils/commons-beanutils/1.9.4/commons-beanutils-1.9.4.jar:/Users/rafal/.m2/repository/commons-logging/commons-logging/1.2/commons-logging-1.2.jar:/Users/rafal/.m2/repository/org/apache/commons/commons-lang3/3.12.0/commons-lang3-3.12.0.jar:/Users/rafal/.m2/repository/org/apache/commons/commons-configuration2/2.14.0/commons-configuration2-2.14.0.jar:/Users/rafal/.m2/repository/org/apache/commons/commons-text/1.15.0/commons-text-1.15.0.jar:/Users/rafal/.m2/repository/commons-collections/commons-collections/3.2.2/commons-collections-3.2.2.jar:/Users/rafal/.m2/repository/io/micrometer/micrometer-core/1.16.5/micrometer-core-1.16.5.jar:/Users/rafal/.m2/repository/org/jspecify/jspecify/1.0.0/jspecify-1.0.0.jar:/Users/rafal/.m2/repository/io/micrometer/micrometer-commons/1.16.5/micrometer-commons-1.16.5.jar:/Users/rafal/.m2/repository/io/micrometer/micrometer-observation/1.16.5/micrometer-observation-1.16.5.jar:/Users/rafal/.m2/repository/com/nimbusds/nimbus-jose-jwt/10.9/nimbus-jose-jwt-10.9.jar:/Users/rafal/.m2/repository/org/apache/artemis/artemis-jms-client/2.54.0/artemis-jms-client-2.54.0.jar:/Users/rafal/.m2/repository/jakarta/jms/jakarta.jms-api/2.0.3/jakarta.jms-api-2.0.3.jar:/Users/rafal/.m2/repository/org/apache/artemis/artemis-web/2.54.0/artemis-web-2.54.0.jar:/Users/rafal/.m2/repository/org/apache/artemis/artemis-dto/2.54.0/artemis-dto-2.54.0.jar:/Users/rafal/.m2/repository/com/sun/xml/bind/jaxb-impl/2.3.9/jaxb-impl-2.3.9.jar:/Users/rafal/.m2/repository/jakarta/activation/jakarta.activation-api/1.2.2/jakarta.activation-api-1.2.2.jar:/Users/rafal/.m2/repository/org/apache/artemis/artemis-cli/2.54.0/artemis-cli-2.54.0.jar:/Users/rafal/.m2/repository/org/apache/artemis/artemis-jms-server/2.54.0/artemis-jms-server-2.54.0.jar:/Users/rafal/.m2/repository/org/apache/artemis/artemis-service-extensions/2.54.0/artemis-service-extensions-2.54.0.jar:/Users/rafal/.m2/repository/jakarta/inject/jakarta.inject-api/1.0.5/jakarta.inject-api-1.0.5.jar:/Users/rafal/.m2/repository/org/apache/qpid/qpid-jms-client/1.16.0/qpid-jms-client-1.16.0.jar:/Users/rafal/.m2/repository/org/apache/qpid/proton-j/0.34.1/proton-j-0.34.1.jar:/Users/rafal/.m2/repository/info/picocli/picocli/4.7.7/picocli-4.7.7.jar:/Users/rafal/.m2/repository/info/picocli/picocli-shell-jline3/4.7.7/picocli-shell-jline3-4.7.7.jar:/Users/rafal/.m2/repository/org/jline/jline-console/4.1.0/jline-console-4.1.0.jar:/Users/rafal/.m2/repository/org/jline/jline-shell/4.1.0/jline-shell-4.1.0.jar:/Users/rafal/.m2/repository/org/jline/jline-builtins/4.1.0/jline-builtins-4.1.0.jar:/Users/rafal/.m2/repository/org/jline/jline-style/4.1.0/jline-style-4.1.0.jar:/Users/rafal/.m2/repository/org/jline/jline-console-ui/4.1.0/jline-console-ui-4.1.0.jar:/Users/rafal/.m2/repository/org/jline/jline-reader/4.1.0/jline-reader-4.1.0.jar:/Users/rafal/.m2/repository/org/jline/jline-terminal/4.1.0/jline-terminal-4.1.0.jar:/Users/rafal/.m2/repository/org/hdrhistogram/HdrHistogram/2.2.2/HdrHistogram-2.2.2.jar:/Users/rafal/.m2/repository/org/eclipse/jetty/toolchain/jetty-jakarta-servlet-api/5.0.2/jetty-jakarta-servlet-api-5.0.2.jar:/Users/rafal/.m2/repository/org/eclipse/jetty/jetty-server/12.1.9/jetty-server-12.1.9.jar:/Users/rafal/.m2/repository/org/eclipse/jetty/jetty-io/12.1.9/jetty-io-12.1.9.jar:/Users/rafal/.m2/repository/org/eclipse/jetty/ee9/jetty-ee9-servlet/12.1.9/jetty-ee9-servlet-12.1.9.jar:/Users/rafal/.m2/repository/org/eclipse/jetty/ee9/jetty-ee9-webapp/12.1.9/jetty-ee9-webapp-12.1.9.jar:/Users/rafal/.m2/repository/org/eclipse/jetty/jetty-xml/12.1.9/jetty-xml-12.1.9.jar:/Users/rafal/.m2/repository/org/eclipse/jetty/ee/jetty-ee-webapp/12.1.9/jetty-ee-webapp-12.1.9.jar:/Users/rafal/.m2/repository/org/eclipse/jetty/ee9/jetty-ee9-nested/12.1.9/jetty-ee9-nested-12.1.9.jar:/Users/rafal/.m2/repository/org/eclipse/jetty/jetty-security/12.1.9/jetty-security-12.1.9.jar:/Users/rafal/.m2/repository/org/eclipse/jetty/jetty-session/12.1.9/jetty-session-12.1.9.jar:/Users/rafal/.m2/repository/org/eclipse/jetty/ee9/jetty-ee9-security/12.1.9/jetty-ee9-security-12.1.9.jar:/Users/rafal/.m2/repository/org/eclipse/jetty/jetty-util/12.1.9/jetty-util-12.1.9.jar:/Users/rafal/.m2/repository/org/eclipse/jetty/jetty-http/12.1.9/jetty-http-12.1.9.jar:/Users/rafal/.m2/repository/org/eclipse/jetty/http2/jetty-http2-server/12.1.9/jetty-http2-server-12.1.9.jar:/Users/rafal/.m2/repository/org/eclipse/jetty/http2/jetty-http2-common/12.1.9/jetty-http2-common-12.1.9.jar:/Users/rafal/.m2/repository/org/eclipse/jetty/http2/jetty-http2-hpack/12.1.9/jetty-http2-hpack-12.1.9.jar:/Users/rafal/.m2/repository/org/eclipse/jetty/jetty-alpn-server/12.1.9/jetty-alpn-server-12.1.9.jar:/Users/rafal/.m2/repository/org/eclipse/jetty/jetty-alpn-java-server/12.1.9/jetty-alpn-java-server-12.1.9.jar:/Users/rafal/.m2/repository/org/eclipse/jetty/compression/jetty-compression-server/12.1.9/jetty-compression-server-12.1.9.jar:/Users/rafal/.m2/repository/org/eclipse/jetty/compression/jetty-compression-common/12.1.9/jetty-compression-common-12.1.9.jar:/Users/rafal/.m2/repository/org/eclipse/jetty/compression/jetty-compression-gzip/12.1.9/jetty-compression-gzip-12.1.9.jar:/Users/rafal/.m2/repository/com/github/ben-manes/caffeine/caffeine/2.9.3/caffeine-2.9.3.jar:/Users/rafal/.m2/repository/org/checkerframework/checker-qual/3.19.0/checker-qual-3.19.0.jar:/Users/rafal/.m2/repository/com/google/errorprone/error_prone_annotations/2.10.0/error_prone_annotations-2.10.0.jar:/Users/rafal/.m2/repository/org/openmrs/api/openmrs-api/2.9.0-SNAPSHOT/openmrs-api-2.9.0-SNAPSHOT.jar:/Users/rafal/.m2/repository/commons-validator/commons-validator/1.10.0/commons-validator-1.10.0.jar:/Users/rafal/.m2/repository/commons-digester/commons-digester/2.1/commons-digester-2.1.jar:/Users/rafal/.m2/repository/commons-io/commons-io/2.19.0/commons-io-2.19.0.jar:/Users/rafal/.m2/repository/org/apache/velocity/velocity/1.7/velocity-1.7.jar:/Users/rafal/.m2/repository/commons-lang/commons-lang/2.4/commons-lang-2.4.jar:/Users/rafal/.m2/repository/org/springframework/spring-core/5.3.30/spring-core-5.3.30.jar:/Users/rafal/.m2/repository/org/springframework/spring-jcl/5.3.30/spring-jcl-5.3.30.jar:/Users/rafal/.m2/repository/org/springframework/spring-beans/5.3.30/spring-beans-5.3.30.jar:/Users/rafal/.m2/repository/org/springframework/spring-context/5.3.30/spring-context-5.3.30.jar:/Users/rafal/.m2/repository/org/springframework/spring-expression/5.3.30/spring-expression-5.3.30.jar:/Users/rafal/.m2/repository/org/springframework/spring-aop/5.3.30/spring-aop-5.3.30.jar:/Users/rafal/.m2/repository/org/springframework/spring-orm/5.3.30/spring-orm-5.3.30.jar:/Users/rafal/.m2/repository/org/springframework/spring-tx/5.3.30/spring-tx-5.3.30.jar:/Users/rafal/.m2/repository/org/springframework/spring-jdbc/5.3.30/spring-jdbc-5.3.30.jar:/Users/rafal/.m2/repository/org/springframework/spring-context-support/5.3.30/spring-context-support-5.3.30.jar:/Users/rafal/.m2/repository/org/springframework/spring-jms/5.3.30/spring-jms-5.3.30.jar:/Users/rafal/.m2/repository/org/springframework/spring-messaging/5.3.30/spring-messaging-5.3.30.jar:/Users/rafal/.m2/repository/javax/jms/javax.jms-api/2.0.1/javax.jms-api-2.0.1.jar:/Users/rafal/.m2/repository/org/infinispan/infinispan-spring5-embedded/13.0.22.Final/infinispan-spring5-embedded-13.0.22.Final.jar:/Users/rafal/.m2/repository/org/infinispan/infinispan-core/13.0.22.Final/infinispan-core-13.0.22.Final.jar:/Users/rafal/.m2/repository/org/infinispan/infinispan-commons/13.0.22.Final/infinispan-commons-13.0.22.Final.jar:/Users/rafal/.m2/repository/io/reactivex/rxjava3/rxjava/3.0.4/rxjava-3.0.4.jar:/Users/rafal/.m2/repository/org/infinispan/protostream/protostream/4.4.4.Final/protostream-4.4.4.Final.jar:/Users/rafal/.m2/repository/org/infinispan/protostream/protostream-types/4.4.4.Final/protostream-types-4.4.4.Final.jar:/Users/rafal/.m2/repository/org/jboss/threads/jboss-threads/2.3.3.Final/jboss-threads-2.3.3.Final.jar:/Users/rafal/.m2/repository/org/wildfly/common/wildfly-common/1.3.0.Final/wildfly-common-1.3.0.Final.jar:/Users/rafal/.m2/repository/org/infinispan/infinispan-spring5-common/13.0.22.Final/infinispan-spring5-common-13.0.22.Final.jar:/Users/rafal/.m2/repository/ca/uhn/hapi/hapi-base/2.1/hapi-base-2.1.jar:/Users/rafal/.m2/repository/ca/uhn/hapi/hapi-structures-v23/2.1/hapi-structures-v23-2.1.jar:/Users/rafal/.m2/repository/ca/uhn/hapi/hapi-structures-v24/2.1/hapi-structures-v24-2.1.jar:/Users/rafal/.m2/repository/ca/uhn/hapi/hapi-structures-v25/2.1/hapi-structures-v25-2.1.jar:/Users/rafal/.m2/repository/ca/uhn/hapi/hapi-structures-v26/2.1/hapi-structures-v26-2.1.jar:/Users/rafal/.m2/repository/org/javassist/javassist/3.30.2-GA/javassist-3.30.2-GA.jar:/Users/rafal/.m2/repository/net/bytebuddy/byte-buddy/1.17.6/byte-buddy-1.17.6.jar:/Users/rafal/.m2/repository/net/bytebuddy/byte-buddy-agent/1.17.6/byte-buddy-agent-1.17.6.jar:/Users/rafal/.m2/repository/org/hibernate/hibernate-core/5.6.15.Final/hibernate-core-5.6.15.Final.jar:/Users/rafal/.m2/repository/org/jboss/logging/jboss-logging/3.4.3.Final/jboss-logging-3.4.3.Final.jar:/Users/rafal/.m2/repository/javax/persistence/javax.persistence-api/2.2/javax.persistence-api-2.2.jar:/Users/rafal/.m2/repository/antlr/antlr/2.7.7/antlr-2.7.7.jar:/Users/rafal/.m2/repository/org/jboss/spec/javax/transaction/jboss-transaction-api_1.2_spec/1.1.1.Final/jboss-transaction-api_1.2_spec-1.1.1.Final.jar:/Users/rafal/.m2/repository/org/jboss/jandex/2.4.2.Final/jandex-2.4.2.Final.jar:/Users/rafal/.m2/repository/com/fasterxml/classmate/1.5.1/classmate-1.5.1.jar:/Users/rafal/.m2/repository/javax/activation/javax.activation-api/1.2.0/javax.activation-api-1.2.0.jar:/Users/rafal/.m2/repository/org/hibernate/common/hibernate-commons-annotations/5.1.2.Final/hibernate-commons-annotations-5.1.2.Final.jar:/Users/rafal/.m2/repository/javax/xml/bind/jaxb-api/2.3.1/jaxb-api-2.3.1.jar:/Users/rafal/.m2/repository/org/glassfish/jaxb/jaxb-runtime/2.3.1/jaxb-runtime-2.3.1.jar:/Users/rafal/.m2/repository/org/glassfish/jaxb/txw2/2.3.1/txw2-2.3.1.jar:/Users/rafal/.m2/repository/com/sun/istack/istack-commons-runtime/3.0.7/istack-commons-runtime-3.0.7.jar:/Users/rafal/.m2/repository/org/jvnet/staxex/stax-ex/1.8/stax-ex-1.8.jar:/Users/rafal/.m2/repository/com/sun/xml/fastinfoset/FastInfoset/1.2.15/FastInfoset-1.2.15.jar:/Users/rafal/.m2/repository/org/hibernate/hibernate-c3p0/5.6.15.Final/hibernate-c3p0-5.6.15.Final.jar:/Users/rafal/.m2/repository/com/mchange/c3p0/0.9.5.5/c3p0-0.9.5.5.jar:/Users/rafal/.m2/repository/com/mchange/mchange-commons-java/0.2.19/mchange-commons-java-0.2.19.jar:/Users/rafal/.m2/repository/org/infinispan/infinispan-hibernate-cache-v53/13.0.22.Final/infinispan-hibernate-cache-v53-13.0.22.Final.jar:/Users/rafal/.m2/repository/org/infinispan/infinispan-hibernate-cache-commons/13.0.22.Final/infinispan-hibernate-cache-commons-13.0.22.Final.jar:/Users/rafal/.m2/repository/org/infinispan/infinispan-hibernate-cache-spi/13.0.22.Final/infinispan-hibernate-cache-spi-13.0.22.Final.jar:/Users/rafal/.m2/repository/org/infinispan/infinispan-jboss-marshalling/13.0.22.Final/infinispan-jboss-marshalling-13.0.22.Final.jar:/Users/rafal/.m2/repository/org/jboss/marshalling/jboss-marshalling-osgi/2.0.12.Final/jboss-marshalling-osgi-2.0.12.Final.jar:/Users/rafal/.m2/repository/org/hibernate/search/hibernate-search-mapper-orm/6.2.4.Final/hibernate-search-mapper-orm-6.2.4.Final.jar:/Users/rafal/.m2/repository/org/hibernate/search/hibernate-search-engine/6.2.4.Final/hibernate-search-engine-6.2.4.Final.jar:/Users/rafal/.m2/repository/org/hibernate/search/hibernate-search-mapper-pojo-base/6.2.4.Final/hibernate-search-mapper-pojo-base-6.2.4.Final.jar:/Users/rafal/.m2/repository/org/hibernate/search/hibernate-search-util-common/6.2.4.Final/hibernate-search-util-common-6.2.4.Final.jar:/Users/rafal/.m2/repository/org/hibernate/search/hibernate-search-backend-lucene/6.2.4.Final/hibernate-search-backend-lucene-6.2.4.Final.jar:/Users/rafal/.m2/repository/org/apache/lucene/lucene-core/8.11.2/lucene-core-8.11.2.jar:/Users/rafal/.m2/repository/org/apache/lucene/lucene-analyzers-common/8.11.2/lucene-analyzers-common-8.11.2.jar:/Users/rafal/.m2/repository/org/apache/lucene/lucene-queryparser/8.11.2/lucene-queryparser-8.11.2.jar:/Users/rafal/.m2/repository/org/apache/lucene/lucene-queries/8.11.2/lucene-queries-8.11.2.jar:/Users/rafal/.m2/repository/org/apache/lucene/lucene-join/8.11.2/lucene-join-8.11.2.jar:/Users/rafal/.m2/repository/org/apache/lucene/lucene-facet/8.11.2/lucene-facet-8.11.2.jar:/Users/rafal/.m2/repository/com/carrotsearch/hppc/0.8.1/hppc-0.8.1.jar:/Users/rafal/.m2/repository/org/apache/lucene/lucene-highlighter/8.11.2/lucene-highlighter-8.11.2.jar:/Users/rafal/.m2/repository/org/apache/lucene/lucene-memory/8.11.2/lucene-memory-8.11.2.jar:/Users/rafal/.m2/repository/org/hibernate/search/hibernate-search-backend-elasticsearch/6.2.4.Final/hibernate-search-backend-elasticsearch-6.2.4.Final.jar:/Users/rafal/.m2/repository/org/elasticsearch/client/elasticsearch-rest-client/8.10.4/elasticsearch-rest-client-8.10.4.jar:/Users/rafal/.m2/repository/org/apache/httpcomponents/httpclient/4.5.13/httpclient-4.5.13.jar:/Users/rafal/.m2/repository/org/apache/httpcomponents/httpcore/4.4.13/httpcore-4.4.13.jar:/Users/rafal/.m2/repository/org/apache/httpcomponents/httpasyncclient/4.1.5/httpasyncclient-4.1.5.jar:/Users/rafal/.m2/repository/org/apache/httpcomponents/httpcore-nio/4.4.13/httpcore-nio-4.4.13.jar:/Users/rafal/.m2/repository/org/elasticsearch/client/elasticsearch-rest-client-sniffer/8.10.4/elasticsearch-rest-client-sniffer-8.10.4.jar:/Users/rafal/.m2/repository/com/google/code/gson/gson/2.9.1/gson-2.9.1.jar:/Users/rafal/.m2/repository/org/apache/lucene/lucene-analyzers-phonetic/8.11.2/lucene-analyzers-phonetic-8.11.2.jar:/Users/rafal/.m2/repository/commons-codec/commons-codec/1.13/commons-codec-1.13.jar:/Users/rafal/.m2/repository/org/hibernate/hibernate-envers/5.6.15.Final/hibernate-envers-5.6.15.Final.jar:/Users/rafal/.m2/repository/org/dom4j/dom4j/2.1.3/dom4j-2.1.3.jar:/Users/rafal/.m2/repository/org/apache/logging/log4j/log4j-core/2.22.1/log4j-core-2.22.1.jar:/Users/rafal/.m2/repository/org/apache/logging/log4j/log4j-api/2.22.1/log4j-api-2.22.1.jar:/Users/rafal/.m2/repository/org/apache/logging/log4j/log4j-slf4j-impl/2.22.1/log4j-slf4j-impl-2.22.1.jar:/Users/rafal/.m2/repository/org/apache/logging/log4j/log4j-1.2-api/2.22.1/log4j-1.2-api-2.22.1.jar:/Users/rafal/.m2/repository/com/thoughtworks/xstream/xstream/1.4.21/xstream-1.4.21.jar:/Users/rafal/.m2/repository/io/github/x-stream/mxparser/1.2.2/mxparser-1.2.2.jar:/Users/rafal/.m2/repository/xmlpull/xmlpull/1.1.3.1/xmlpull-1.1.3.1.jar:/Users/rafal/.m2/repository/org/liquibase/liquibase-core/4.32.0/liquibase-core-4.32.0.jar:/Users/rafal/.m2/repository/com/opencsv/opencsv/5.11/opencsv-5.11.jar:/Users/rafal/.m2/repository/org/yaml/snakeyaml/2.4/snakeyaml-2.4.jar:/Users/rafal/.m2/repository/org/apache/commons/commons-collections4/4.5.0/commons-collections4-4.5.0.jar:/Users/rafal/.m2/repository/xerces/xercesImpl/2.12.2/xercesImpl-2.12.2.jar:/Users/rafal/.m2/repository/xml-apis/xml-apis/1.4.01/xml-apis-1.4.01.jar:/Users/rafal/.m2/repository/javax/validation/validation-api/2.0.1.Final/validation-api-2.0.1.Final.jar:/Users/rafal/.m2/repository/org/hibernate/validator/hibernate-validator/6.2.0.Final/hibernate-validator-6.2.0.Final.jar:/Users/rafal/.m2/repository/jakarta/validation/jakarta.validation-api/2.0.2/jakarta.validation-api-2.0.2.jar:/Users/rafal/.m2/repository/mysql/mysql-connector-java/8.0.30/mysql-connector-java-8.0.30.jar:/Users/rafal/.m2/repository/com/google/protobuf/protobuf-java/3.19.4/protobuf-java-3.19.4.jar:/Users/rafal/.m2/repository/org/mariadb/jdbc/mariadb-java-client/3.5.4/mariadb-java-client-3.5.4.jar:/Users/rafal/.m2/repository/org/postgresql/postgresql/42.7.7/postgresql-42.7.7.jar:/Users/rafal/.m2/repository/org/codehaus/jackson/jackson-core-asl/1.9.14-MULE-002/jackson-core-asl-1.9.14-MULE-002.jar:/Users/rafal/.m2/repository/org/codehaus/jackson/jackson-mapper-asl/1.9.14-MULE-002/jackson-mapper-asl-1.9.14-MULE-002.jar:/Users/rafal/.m2/repository/com/fasterxml/jackson/core/jackson-core/2.19.1/jackson-core-2.19.1.jar:/Users/rafal/.m2/repository/com/fasterxml/jackson/core/jackson-annotations/2.19.1/jackson-annotations-2.19.1.jar:/Users/rafal/.m2/repository/com/fasterxml/jackson/core/jackson-databind/2.19.1/jackson-databind-2.19.1.jar:/Users/rafal/.m2/repository/com/fasterxml/jackson/datatype/jackson-datatype-jsr310/2.19.1/jackson-datatype-jsr310-2.19.1.jar:/Users/rafal/.m2/repository/com/fasterxml/jackson/datatype/jackson-datatype-hibernate5/2.19.1/jackson-datatype-hibernate5-2.19.1.jar:/Users/rafal/.m2/repository/javax/transaction/javax.transaction-api/1.3/javax.transaction-api-1.3.jar:/Users/rafal/.m2/repository/org/codehaus/groovy/groovy-all/2.4.21/groovy-all-2.4.21.jar:/Users/rafal/.m2/repository/org/aspectj/aspectjrt/1.9.24/aspectjrt-1.9.24.jar:/Users/rafal/.m2/repository/org/aspectj/aspectjweaver/1.9.24/aspectjweaver-1.9.24.jar:/Users/rafal/.m2/repository/joda-time/joda-time/2.14.0/joda-time-2.14.0.jar:/Users/rafal/.m2/repository/javax/annotation/javax.annotation-api/1.3.2/javax.annotation-api-1.3.2.jar:/Users/rafal/.m2/repository/com/sun/activation/javax.activation/1.2.0/javax.activation-1.2.0.jar:/Users/rafal/.m2/repository/jakarta/xml/bind/jakarta.xml.bind-api/4.0.2/jakarta.xml.bind-api-4.0.2.jar:/Users/rafal/.m2/repository/com/google/guava/guava/33.4.8-jre/guava-33.4.8-jre.jar:/Users/rafal/.m2/repository/com/google/guava/failureaccess/1.0.3/failureaccess-1.0.3.jar:/Users/rafal/.m2/repository/com/google/guava/listenablefuture/9999.0-empty-to-avoid-conflict-with-guava/listenablefuture-9999.0-empty-to-avoid-conflict-with-guava.jar:/Users/rafal/.m2/repository/com/google/j2objc/j2objc-annotations/3.0.0/j2objc-annotations-3.0.0.jar:/Users/rafal/.m2/repository/com/sun/mail/javax.mail/1.6.2/javax.mail-1.6.2.jar:/Users/rafal/.m2/repository/software/amazon/awssdk/s3/2.31.50/s3-2.31.50.jar:/Users/rafal/.m2/repository/software/amazon/awssdk/aws-xml-protocol/2.31.50/aws-xml-protocol-2.31.50.jar:/Users/rafal/.m2/repository/software/amazon/awssdk/aws-query-protocol/2.31.50/aws-query-protocol-2.31.50.jar:/Users/rafal/.m2/repository/software/amazon/awssdk/protocol-core/2.31.50/protocol-core-2.31.50.jar:/Users/rafal/.m2/repository/software/amazon/awssdk/arns/2.31.50/arns-2.31.50.jar:/Users/rafal/.m2/repository/software/amazon/awssdk/profiles/2.31.50/profiles-2.31.50.jar:/Users/rafal/.m2/repository/software/amazon/awssdk/crt-core/2.31.50/crt-core-2.31.50.jar:/Users/rafal/.m2/repository/software/amazon/awssdk/http-auth/2.31.50/http-auth-2.31.50.jar:/Users/rafal/.m2/repository/software/amazon/awssdk/identity-spi/2.31.50/identity-spi-2.31.50.jar:/Users/rafal/.m2/repository/software/amazon/awssdk/http-auth-spi/2.31.50/http-auth-spi-2.31.50.jar:/Users/rafal/.m2/repository/org/reactivestreams/reactive-streams/1.0.4/reactive-streams-1.0.4.jar:/Users/rafal/.m2/repository/software/amazon/awssdk/http-auth-aws/2.31.50/http-auth-aws-2.31.50.jar:/Users/rafal/.m2/repository/software/amazon/awssdk/checksums/2.31.50/checksums-2.31.50.jar:/Users/rafal/.m2/repository/software/amazon/awssdk/checksums-spi/2.31.50/checksums-spi-2.31.50.jar:/Users/rafal/.m2/repository/software/amazon/awssdk/retries-spi/2.31.50/retries-spi-2.31.50.jar:/Users/rafal/.m2/repository/software/amazon/awssdk/sdk-core/2.31.50/sdk-core-2.31.50.jar:/Users/rafal/.m2/repository/software/amazon/awssdk/retries/2.31.50/retries-2.31.50.jar:/Users/rafal/.m2/repository/software/amazon/awssdk/auth/2.31.50/auth-2.31.50.jar:/Users/rafal/.m2/repository/software/amazon/awssdk/http-auth-aws-eventstream/2.31.50/http-auth-aws-eventstream-2.31.50.jar:/Users/rafal/.m2/repository/software/amazon/eventstream/eventstream/1.0.1/eventstream-1.0.1.jar:/Users/rafal/.m2/repository/software/amazon/awssdk/http-client-spi/2.31.50/http-client-spi-2.31.50.jar:/Users/rafal/.m2/repository/software/amazon/awssdk/regions/2.31.50/regions-2.31.50.jar:/Users/rafal/.m2/repository/software/amazon/awssdk/annotations/2.31.50/annotations-2.31.50.jar:/Users/rafal/.m2/repository/software/amazon/awssdk/utils/2.31.50/utils-2.31.50.jar:/Users/rafal/.m2/repository/software/amazon/awssdk/aws-core/2.31.50/aws-core-2.31.50.jar:/Users/rafal/.m2/repository/software/amazon/awssdk/metrics-spi/2.31.50/metrics-spi-2.31.50.jar:/Users/rafal/.m2/repository/software/amazon/awssdk/json-utils/2.31.50/json-utils-2.31.50.jar:/Users/rafal/.m2/repository/software/amazon/awssdk/third-party-jackson-core/2.31.50/third-party-jackson-core-2.31.50.jar:/Users/rafal/.m2/repository/software/amazon/awssdk/endpoints-spi/2.31.50/endpoints-spi-2.31.50.jar:/Users/rafal/.m2/repository/software/amazon/awssdk/apache-client/2.31.50/apache-client-2.31.50.jar:/Users/rafal/.m2/repository/software/amazon/awssdk/netty-nio-client/2.31.50/netty-nio-client-2.31.50.jar:/Users/rafal/.m2/repository/io/netty/netty-codec-http2/4.1.118.Final/netty-codec-http2-4.1.118.Final.jar:/Users/rafal/.m2/repository/org/graalvm/js/js/20.3.17/js-20.3.17.jar:/Users/rafal/.m2/repository/org/graalvm/regex/regex/20.3.17/regex-20.3.17.jar:/Users/rafal/.m2/repository/org/graalvm/truffle/truffle-api/20.3.17/truffle-api-20.3.17.jar:/Users/rafal/.m2/repository/org/graalvm/sdk/graal-sdk/20.3.17/graal-sdk-20.3.17.jar:/Users/rafal/.m2/repository/com/ibm/icu/icu4j/71.1/icu4j-71.1.jar:/Users/rafal/.m2/repository/org/graalvm/js/js-scriptengine/20.3.17/js-scriptengine-20.3.17.jar:/Users/rafal/.m2/repository/net/javacrumbs/shedlock/shedlock-spring/4.48.0/shedlock-spring-4.48.0.jar:/Users/rafal/.m2/repository/net/javacrumbs/shedlock/shedlock-core/4.48.0/shedlock-core-4.48.0.jar:/Users/rafal/.m2/repository/net/javacrumbs/shedlock/shedlock-provider-jdbc-template/4.48.0/shedlock-provider-jdbc-template-4.48.0.jar:/Users/rafal/.m2/repository/org/jobrunr/jobrunr/6.3.5/jobrunr-6.3.5.jar:/Users/rafal/.m2/repository/org/ow2/asm/asm/9.5/asm-9.5.jar:/Users/rafal/.m2/repository/org/openmrs/api/openmrs-api/2.9.0-SNAPSHOT/openmrs-api-2.9.0-SNAPSHOT-tests.jar:/Users/rafal/.m2/repository/org/springframework/spring-test/5.3.30/spring-test-5.3.30.jar:/Users/rafal/.m2/repository/com/h2database/h2/1.4.200/h2-1.4.200.jar:/Users/rafal/.m2/repository/junit/junit/4.13.2/junit-4.13.2.jar:/Users/rafal/.m2/repository/org/junit/jupiter/junit-jupiter-api/5.11.4/junit-jupiter-api-5.11.4.jar:/Users/rafal/.m2/repository/org/opentest4j/opentest4j/1.3.0/opentest4j-1.3.0.jar:/Users/rafal/.m2/repository/org/junit/platform/junit-platform-commons/1.11.4/junit-platform-commons-1.11.4.jar:/Users/rafal/.m2/repository/org/apiguardian/apiguardian-api/1.1.2/apiguardian-api-1.1.2.jar:/Users/rafal/.m2/repository/org/junit/jupiter/junit-jupiter-engine/5.11.4/junit-jupiter-engine-5.11.4.jar:/Users/rafal/.m2/repository/org/junit/platform/junit-platform-engine/1.11.4/junit-platform-engine-1.11.4.jar:/Users/rafal/.m2/repository/org/junit/vintage/junit-vintage-engine/5.11.4/junit-vintage-engine-5.11.4.jar:/Users/rafal/.m2/repository/org/junit/jupiter/junit-jupiter-params/5.11.4/junit-jupiter-params-5.11.4.jar:/Users/rafal/.m2/repository/org/dbunit/dbunit/3.0.0/dbunit-3.0.0.jar:/Users/rafal/.m2/repository/org/junit/platform/junit-platform-suite-engine/1.10.1/junit-platform-suite-engine-1.10.1.jar:/Users/rafal/.m2/repository/org/junit/platform/junit-platform-suite-api/1.10.1/junit-platform-suite-api-1.10.1.jar:/Users/rafal/.m2/repository/org/junit/platform/junit-platform-suite-commons/1.10.1/junit-platform-suite-commons-1.10.1.jar:/Users/rafal/.m2/repository/org/junit/platform/junit-platform-launcher/1.10.1/junit-platform-launcher-1.10.1.jar:/Users/rafal/.m2/repository/org/mockito/mockito-core/5.6.0/mockito-core-5.6.0.jar:/Users/rafal/.m2/repository/org/objenesis/objenesis/3.3/objenesis-3.3.jar:/Users/rafal/.m2/repository/org/mockito/mockito-junit-jupiter/5.6.0/mockito-junit-jupiter-5.6.0.jar:/Users/rafal/.m2/repository/org/hamcrest/hamcrest-core/3.0/hamcrest-core-3.0.jar:/Users/rafal/.m2/repository/org/hamcrest/hamcrest/3.0/hamcrest-3.0.jar:/Users/rafal/.m2/repository/org/testcontainers/testcontainers/2.0.3/testcontainers-2.0.3.jar:/Users/rafal/.m2/repository/org/apache/commons/commons-compress/1.28.0/commons-compress-1.28.0.jar:/Users/rafal/.m2/repository/org/rnorth/duct-tape/duct-tape/1.0.8/duct-tape-1.0.8.jar:/Users/rafal/.m2/repository/org/jetbrains/annotations/17.0.0/annotations-17.0.0.jar:/Users/rafal/.m2/repository/com/github/docker-java/docker-java-api/3.7.0/docker-java-api-3.7.0.jar:/Users/rafal/.m2/repository/com/github/docker-java/docker-java-transport-zerodep/3.7.0/docker-java-transport-zerodep-3.7.0.jar:/Users/rafal/.m2/repository/com/github/docker-java/docker-java-transport/3.7.0/docker-java-transport-3.7.0.jar:/Users/rafal/.m2/repository/net/java/dev/jna/jna/5.18.1/jna-5.18.1.jar:/Users/rafal/.m2/repository/org/testcontainers/postgresql/1.21.3/postgresql-1.21.3.jar:/Users/rafal/.m2/repository/org/testcontainers/jdbc/1.21.3/jdbc-1.21.3.jar:/Users/rafal/.m2/repository/org/testcontainers/database-commons/1.21.3/database-commons-1.21.3.jar:/Users/rafal/.m2/repository/org/testcontainers/mysql/1.21.3/mysql-1.21.3.jar:/Users/rafal/.m2/repository/org/testcontainers/mariadb/1.21.3/mariadb-1.21.3.jar:/Users/rafal/.m2/repository/org/testcontainers/junit-jupiter/1.21.3/junit-jupiter-1.21.3.jar:/Users/rafal/.m2/repository/com/adobe/testing/s3mock-testcontainers/2.17.0/s3mock-testcontainers-2.17.0.jar: -sourcepath /Users/rafal/workspace/openmrs-module-artemis/api/src/test/java:/Users/rafal/workspace/openmrs-module-artemis/api/target/generated-test-sources/test-annotations: -s /Users/rafal/workspace/openmrs-module-artemis/api/target/generated-test-sources/test-annotations -g -target 17 -source 17 -encoding UTF-8 -XDuseUnsharedTable=true
[DEBUG] incrementalBuildHelper#beforeRebuildExecution
[INFO] Compiling 2 source files with javac [debug target 17] to target/test-classes
[DEBUG] incrementalBuildHelper#afterRebuildExecution
[WARNING] system modules path not set in conjunction with -source 17
[INFO] Annotation processing is enabled because one or more processors were found
  on the class path. A future release of javac may disable annotation processing
  unless at least one processor is specified by name (-processor), or a search
  path is specified (--processor-path, --processor-module-path), or annotation
  processing is enabled explicitly (-proc:only, -proc:full).
  Use -Xlint:-options to suppress this message.
  Use -proc:none to disable annotation processing.
[INFO] 
[INFO] --- surefire:3.2.5:test (default-test) @ artemis-api ---
[DEBUG] Using mirror maven-default-http-blocker (http://0.0.0.0/) for jboss-public-repository-group (http://repository.jboss.org/nexus/content/groups/public).
[DEBUG] Dependency collection stats {ConflictMarker.analyzeTime=53333, ConflictMarker.markTime=26334, ConflictMarker.nodeCount=78, ConflictIdSorter.graphTime=20625, ConflictIdSorter.topsortTime=16625, ConflictIdSorter.conflictIdCount=39, ConflictIdSorter.conflictIdCycleCount=0, ConflictResolver.totalTime=213709, ConflictResolver.conflictItemCount=76, DfDependencyCollector.collectTime=23006166, DfDependencyCollector.transformTime=340875}
[DEBUG] org.apache.maven.plugins:maven-surefire-plugin:jar:3.2.5
[DEBUG]    org.apache.maven.surefire:maven-surefire-common:jar:3.2.5:compile
[DEBUG]       org.apache.maven.surefire:surefire-api:jar:3.2.5:compile
[DEBUG]          org.apache.maven.surefire:surefire-logger-api:jar:3.2.5:compile
[DEBUG]       org.apache.maven.surefire:surefire-extensions-api:jar:3.2.5:compile
[DEBUG]       org.apache.maven.surefire:surefire-booter:jar:3.2.5:compile
[DEBUG]          org.apache.maven.surefire:surefire-extensions-spi:jar:3.2.5:compile
[DEBUG]       org.eclipse.aether:aether-util:jar:1.0.0.v20140518:compile
[DEBUG]          org.eclipse.aether:aether-api:jar:1.0.0.v20140518:compile
[DEBUG]       org.apache.maven.shared:maven-common-artifact-filters:jar:3.1.1:compile (version managed from default) (exclusions managed from default)
[DEBUG]          org.apache.maven:maven-artifact:jar:3.2.5:provided (scope managed from default) (version managed from default)
[DEBUG]             org.codehaus.plexus:plexus-utils:jar:4.0.0:provided (version managed from default)
[DEBUG]          org.apache.maven:maven-core:jar:3.2.5:provided (scope managed from default) (version managed from default)
[DEBUG]             org.apache.maven:maven-settings:jar:3.2.5:provided (version managed from default)
[DEBUG]             org.apache.maven:maven-settings-builder:jar:3.2.5:provided
[DEBUG]             org.apache.maven:maven-repository-metadata:jar:3.2.5:provided
[DEBUG]             org.apache.maven:maven-model-builder:jar:3.2.5:provided
[DEBUG]             org.apache.maven:maven-aether-provider:jar:3.2.5:provided
[DEBUG]                org.eclipse.aether:aether-spi:jar:1.0.0.v20140518:provided
[DEBUG]             org.eclipse.aether:aether-impl:jar:1.0.0.v20140518:provided
[DEBUG]             org.eclipse.sisu:org.eclipse.sisu.plexus:jar:0.9.0.M2:provided (version managed from default)
[DEBUG]                javax.annotation:javax.annotation-api:jar:1.2:provided
[DEBUG]                javax.enterprise:cdi-api:jar:1.2:provided
[DEBUG]                org.eclipse.sisu:org.eclipse.sisu.inject:jar:0.9.0.M2:provided (version managed from default)
[DEBUG]             org.sonatype.sisu:sisu-guice:jar:no_aop:3.2.3:provided
[DEBUG]                javax.inject:javax.inject:jar:1:provided
[DEBUG]                aopalliance:aopalliance:jar:1.0:provided
[DEBUG]                com.google.guava:guava:jar:16.0.1:provided
[DEBUG]             org.codehaus.plexus:plexus-interpolation:jar:1.21:provided
[DEBUG]             org.codehaus.plexus:plexus-classworlds:jar:2.5.2:provided
[DEBUG]             org.codehaus.plexus:plexus-component-annotations:jar:1.5.5:provided
[DEBUG]             org.sonatype.plexus:plexus-sec-dispatcher:jar:1.3:provided
[DEBUG]                org.sonatype.plexus:plexus-cipher:jar:1.4:provided
[DEBUG]          org.apache.maven:maven-plugin-api:jar:3.2.5:provided (scope managed from default) (version managed from default)
[DEBUG]          commons-io:commons-io:jar:2.15.1:compile (version managed from default)
[DEBUG]       org.codehaus.plexus:plexus-java:jar:1.2.0:compile (version managed from default)
[DEBUG]          org.ow2.asm:asm:jar:9.6:compile
[DEBUG]          com.thoughtworks.qdox:qdox:jar:2.0.3:compile
[DEBUG]       org.apache.maven.surefire:surefire-shared-utils:jar:3.2.5:compile
[DEBUG] Created new class realm plugin>org.apache.maven.plugins:maven-surefire-plugin:3.2.5
[DEBUG] Importing foreign packages into class realm plugin>org.apache.maven.plugins:maven-surefire-plugin:3.2.5
[DEBUG]   Imported:  < maven.api
[DEBUG] Populating class realm plugin>org.apache.maven.plugins:maven-surefire-plugin:3.2.5
[DEBUG]   Included: org.apache.maven.plugins:maven-surefire-plugin:jar:3.2.5
[DEBUG]   Included: org.apache.maven.surefire:maven-surefire-common:jar:3.2.5
[DEBUG]   Included: org.apache.maven.surefire:surefire-api:jar:3.2.5
[DEBUG]   Included: org.apache.maven.surefire:surefire-logger-api:jar:3.2.5
[DEBUG]   Included: org.apache.maven.surefire:surefire-extensions-api:jar:3.2.5
[DEBUG]   Included: org.apache.maven.surefire:surefire-booter:jar:3.2.5
[DEBUG]   Included: org.apache.maven.surefire:surefire-extensions-spi:jar:3.2.5
[DEBUG]   Included: org.apache.maven.shared:maven-common-artifact-filters:jar:3.1.1
[DEBUG]   Included: commons-io:commons-io:jar:2.15.1
[DEBUG]   Included: org.codehaus.plexus:plexus-java:jar:1.2.0
[DEBUG]   Included: org.ow2.asm:asm:jar:9.6
[DEBUG]   Included: com.thoughtworks.qdox:qdox:jar:2.0.3
[DEBUG]   Included: org.apache.maven.surefire:surefire-shared-utils:jar:3.2.5
[DEBUG] Loading mojo org.apache.maven.plugins:maven-surefire-plugin:3.2.5:test from plugin realm ClassRealm[plugin>org.apache.maven.plugins:maven-surefire-plugin:3.2.5, parent: jdk.internal.loader.ClassLoaders$AppClassLoader@2c854dc5]
[DEBUG] Configuring mojo execution 'org.apache.maven.plugins:maven-surefire-plugin:3.2.5:test:default-test' with basic configurator -->
[DEBUG]   (f) additionalClasspathDependencies = []
[DEBUG]   (s) additionalClasspathElements = []
[DEBUG]   (s) basedir = /Users/rafal/workspace/openmrs-module-artemis/api
[DEBUG]   (s) childDelegation = false
[DEBUG]   (f) classesDirectory = /Users/rafal/workspace/openmrs-module-artemis/api/target/classes
[DEBUG]   (s) classpathDependencyExcludes = []
[DEBUG]   (s) dependenciesToScan = []
[DEBUG]   (s) disableXmlReport = false
[DEBUG]   (s) enableAssertions = true
[DEBUG]   (s) excludeJUnit5Engines = []
[DEBUG]   (f) excludedEnvironmentVariables = []
[DEBUG]   (s) excludes = []
[DEBUG]   (s) failIfNoSpecifiedTests = true
[DEBUG]   (s) failIfNoTests = false
[DEBUG]   (s) failOnFlakeCount = 0
[DEBUG]   (f) forkCount = 1
[DEBUG]   (s) forkedProcessExitTimeoutInSeconds = 30
[DEBUG]   (s) includeJUnit5Engines = []
[DEBUG]   (s) includes = []
[DEBUG]   (s) junitArtifactName = junit:junit
[DEBUG]   (f) parallelMavenExecution = false
[DEBUG]   (s) parallelOptimized = true
[DEBUG]   (s) perCoreThreadCount = true
[DEBUG]   (s) pluginArtifactMap = {org.apache.maven.plugins:maven-surefire-plugin=org.apache.maven.plugins:maven-surefire-plugin:maven-plugin:3.2.5:, org.apache.maven.surefire:maven-surefire-common=org.apache.maven.surefire:maven-surefire-common:jar:3.2.5:compile, org.apache.maven.surefire:surefire-api=org.apache.maven.surefire:surefire-api:jar:3.2.5:compile, org.apache.maven.surefire:surefire-logger-api=org.apache.maven.surefire:surefire-logger-api:jar:3.2.5:compile, org.apache.maven.surefire:surefire-extensions-api=org.apache.maven.surefire:surefire-extensions-api:jar:3.2.5:compile, org.apache.maven.surefire:surefire-booter=org.apache.maven.surefire:surefire-booter:jar:3.2.5:compile, org.apache.maven.surefire:surefire-extensions-spi=org.apache.maven.surefire:surefire-extensions-spi:jar:3.2.5:compile, org.eclipse.aether:aether-util=org.eclipse.aether:aether-util:jar:1.0.0.v20140518:compile, org.eclipse.aether:aether-api=org.eclipse.aether:aether-api:jar:1.0.0.v20140518:compile, org.apache.maven.shared:maven-common-artifact-filters=org.apache.maven.shared:maven-common-artifact-filters:jar:3.1.1:compile, commons-io:commons-io=commons-io:commons-io:jar:2.15.1:compile, org.codehaus.plexus:plexus-java=org.codehaus.plexus:plexus-java:jar:1.2.0:compile, org.ow2.asm:asm=org.ow2.asm:asm:jar:9.6:compile, com.thoughtworks.qdox:qdox=com.thoughtworks.qdox:qdox:jar:2.0.3:compile, org.apache.maven.surefire:surefire-shared-utils=org.apache.maven.surefire:surefire-shared-utils:jar:3.2.5:compile}
[DEBUG]   (f) pluginDescriptor = Component Descriptor: role: 'org.apache.maven.plugin.Mojo', implementation: 'org.apache.maven.plugins.maven_surefire_plugin.HelpMojo', role hint: 'org.apache.maven.plugins:maven-surefire-plugin:3.2.5:help'
role: 'org.apache.maven.plugin.Mojo', implementation: 'org.apache.maven.plugin.surefire.SurefirePlugin', role hint: 'org.apache.maven.plugins:maven-surefire-plugin:3.2.5:test'
---
[DEBUG]   (s) printSummary = true
[DEBUG]   (s) project = MavenProject: org.openmrs.module:artemis-api:1.0.0-SNAPSHOT @ /Users/rafal/workspace/openmrs-module-artemis/api/pom.xml
[DEBUG]   (s) projectArtifactMap = {org.apache.artemis:artemis-server=org.apache.artemis:artemis-server:jar:2.54.0:compile, org.slf4j:slf4j-api=org.slf4j:slf4j-api:jar:1.7.30:provided, org.apache.artemis:artemis-commons=org.apache.artemis:artemis-commons:jar:2.54.0:compile, org.apache.artemis:artemis-selector=org.apache.artemis:artemis-selector:jar:2.54.0:compile, org.apache.artemis:artemis-journal=org.apache.artemis:artemis-journal:jar:2.54.0:compile, org.apache.activemq:activemq-artemis-native=org.apache.activemq:activemq-artemis-native:jar:2.0.0:compile, org.apache.artemis:artemis-jdbc-store=org.apache.artemis:artemis-jdbc-store:jar:2.54.0:compile, org.apache.commons:commons-dbcp2=org.apache.commons:commons-dbcp2:jar:2.14.0:compile, org.apache.commons:commons-pool2=org.apache.commons:commons-pool2:jar:2.13.0:compile, jakarta.transaction:jakarta.transaction-api=jakarta.transaction:jakarta.transaction-api:jar:1.3.3:compile, org.apache.artemis:artemis-core-client=org.apache.artemis:artemis-core-client:jar:2.54.0:compile, org.jgroups:jgroups=org.jgroups:jgroups:jar:5.3.13.Final:compile, io.netty:netty-handler-proxy=io.netty:netty-handler-proxy:jar:4.1.132.Final:compile, io.netty:netty-codec-socks=io.netty:netty-codec-socks:jar:4.1.132.Final:compile, io.netty:netty-resolver=io.netty:netty-resolver:jar:4.1.132.Final:compile, de.dentrassi.crypto:pem-keystore=de.dentrassi.crypto:pem-keystore:jar:3.0.0:compile, com.hierynomus:asn-one=com.hierynomus:asn-one:jar:0.6.0:compile, org.apache.artemis:artemis-lockmanager-api=org.apache.artemis:artemis-lockmanager-api:jar:2.54.0:compile, org.jctools:jctools-core=org.jctools:jctools-core:jar:4.0.6:compile, io.netty:netty-buffer=io.netty:netty-buffer:jar:4.1.132.Final:compile, io.netty:netty-transport=io.netty:netty-transport:jar:4.1.132.Final:compile, io.netty:netty-codec-http=io.netty:netty-codec-http:jar:4.1.132.Final:compile, io.netty:netty-codec-haproxy=io.netty:netty-codec-haproxy:jar:4.1.132.Final:compile, io.netty:netty-common=io.netty:netty-common:jar:4.1.132.Final:compile, io.netty:netty-handler=io.netty:netty-handler:jar:4.1.132.Final:compile, io.netty:netty-transport-native-unix-common=io.netty:netty-transport-native-unix-common:jar:4.1.132.Final:compile, io.netty:netty-transport-native-epoll=io.netty:netty-transport-native-epoll:jar:linux-x86_64:4.1.132.Final:compile, io.netty:netty-transport-classes-epoll=io.netty:netty-transport-classes-epoll:jar:4.1.132.Final:compile, io.netty:netty-transport-native-kqueue=io.netty:netty-transport-native-kqueue:jar:osx-x86_64:4.1.132.Final:compile, io.netty:netty-transport-classes-kqueue=io.netty:netty-transport-classes-kqueue:jar:4.1.132.Final:compile, io.netty:netty-codec=io.netty:netty-codec:jar:4.1.132.Final:compile, commons-beanutils:commons-beanutils=commons-beanutils:commons-beanutils:jar:1.9.4:provided, commons-logging:commons-logging=commons-logging:commons-logging:jar:1.2:provided, org.apache.commons:commons-lang3=org.apache.commons:commons-lang3:jar:3.12.0:provided, org.apache.commons:commons-configuration2=org.apache.commons:commons-configuration2:jar:2.14.0:compile, org.apache.commons:commons-text=org.apache.commons:commons-text:jar:1.15.0:compile, commons-collections:commons-collections=commons-collections:commons-collections:jar:3.2.2:provided, io.micrometer:micrometer-core=io.micrometer:micrometer-core:jar:1.16.5:compile, org.jspecify:jspecify=org.jspecify:jspecify:jar:1.0.0:compile, io.micrometer:micrometer-commons=io.micrometer:micrometer-commons:jar:1.16.5:compile, io.micrometer:micrometer-observation=io.micrometer:micrometer-observation:jar:1.16.5:compile, com.nimbusds:nimbus-jose-jwt=com.nimbusds:nimbus-jose-jwt:jar:10.9:compile, org.apache.artemis:artemis-jms-client=org.apache.artemis:artemis-jms-client:jar:2.54.0:compile, jakarta.jms:jakarta.jms-api=jakarta.jms:jakarta.jms-api:jar:2.0.3:provided, org.apache.artemis:artemis-web=org.apache.artemis:artemis-web:jar:2.54.0:compile, org.apache.artemis:artemis-dto=org.apache.artemis:artemis-dto:jar:2.54.0:compile, com.sun.xml.bind:jaxb-impl=com.sun.xml.bind:jaxb-impl:jar:2.3.9:compile, jakarta.activation:jakarta.activation-api=jakarta.activation:jakarta.activation-api:jar:1.2.2:compile, org.apache.artemis:artemis-cli=org.apache.artemis:artemis-cli:jar:2.54.0:compile, org.apache.artemis:artemis-jms-server=org.apache.artemis:artemis-jms-server:jar:2.54.0:compile, org.apache.artemis:artemis-service-extensions=org.apache.artemis:artemis-service-extensions:jar:2.54.0:compile, jakarta.inject:jakarta.inject-api=jakarta.inject:jakarta.inject-api:jar:1.0.5:compile, org.apache.qpid:qpid-jms-client=org.apache.qpid:qpid-jms-client:jar:1.16.0:compile, org.apache.qpid:proton-j=org.apache.qpid:proton-j:jar:0.34.1:compile, info.picocli:picocli=info.picocli:picocli:jar:4.7.7:compile, info.picocli:picocli-shell-jline3=info.picocli:picocli-shell-jline3:jar:4.7.7:compile, org.jline:jline-console=org.jline:jline-console:jar:4.1.0:compile, org.jline:jline-shell=org.jline:jline-shell:jar:4.1.0:compile, org.jline:jline-builtins=org.jline:jline-builtins:jar:4.1.0:compile, org.jline:jline-style=org.jline:jline-style:jar:4.1.0:compile, org.jline:jline-console-ui=org.jline:jline-console-ui:jar:4.1.0:compile, org.jline:jline-reader=org.jline:jline-reader:jar:4.1.0:compile, org.jline:jline-terminal=org.jline:jline-terminal:jar:4.1.0:compile, org.hdrhistogram:HdrHistogram=org.hdrhistogram:HdrHistogram:jar:2.2.2:compile, org.eclipse.jetty.toolchain:jetty-jakarta-servlet-api=org.eclipse.jetty.toolchain:jetty-jakarta-servlet-api:jar:5.0.2:compile, org.eclipse.jetty:jetty-server=org.eclipse.jetty:jetty-server:jar:12.1.9:compile, org.eclipse.jetty:jetty-io=org.eclipse.jetty:jetty-io:jar:12.1.9:compile, org.eclipse.jetty.ee9:jetty-ee9-servlet=org.eclipse.jetty.ee9:jetty-ee9-servlet:jar:12.1.9:compile, org.eclipse.jetty.ee9:jetty-ee9-webapp=org.eclipse.jetty.ee9:jetty-ee9-webapp:jar:12.1.9:compile, org.eclipse.jetty:jetty-xml=org.eclipse.jetty:jetty-xml:jar:12.1.9:compile, org.eclipse.jetty.ee:jetty-ee-webapp=org.eclipse.jetty.ee:jetty-ee-webapp:jar:12.1.9:compile, org.eclipse.jetty.ee9:jetty-ee9-nested=org.eclipse.jetty.ee9:jetty-ee9-nested:jar:12.1.9:compile, org.eclipse.jetty:jetty-security=org.eclipse.jetty:jetty-security:jar:12.1.9:compile, org.eclipse.jetty:jetty-session=org.eclipse.jetty:jetty-session:jar:12.1.9:compile, org.eclipse.jetty.ee9:jetty-ee9-security=org.eclipse.jetty.ee9:jetty-ee9-security:jar:12.1.9:compile, org.eclipse.jetty:jetty-util=org.eclipse.jetty:jetty-util:jar:12.1.9:compile, org.eclipse.jetty:jetty-http=org.eclipse.jetty:jetty-http:jar:12.1.9:compile, org.eclipse.jetty.http2:jetty-http2-server=org.eclipse.jetty.http2:jetty-http2-server:jar:12.1.9:compile, org.eclipse.jetty.http2:jetty-http2-common=org.eclipse.jetty.http2:jetty-http2-common:jar:12.1.9:compile, org.eclipse.jetty.http2:jetty-http2-hpack=org.eclipse.jetty.http2:jetty-http2-hpack:jar:12.1.9:compile, org.eclipse.jetty:jetty-alpn-server=org.eclipse.jetty:jetty-alpn-server:jar:12.1.9:compile, org.eclipse.jetty:jetty-alpn-java-server=org.eclipse.jetty:jetty-alpn-java-server:jar:12.1.9:compile, org.eclipse.jetty.compression:jetty-compression-server=org.eclipse.jetty.compression:jetty-compression-server:jar:12.1.9:compile, org.eclipse.jetty.compression:jetty-compression-common=org.eclipse.jetty.compression:jetty-compression-common:jar:12.1.9:compile, org.eclipse.jetty.compression:jetty-compression-gzip=org.eclipse.jetty.compression:jetty-compression-gzip:jar:12.1.9:compile, com.github.ben-manes.caffeine:caffeine=com.github.ben-manes.caffeine:caffeine:jar:2.9.3:test, org.checkerframework:checker-qual=org.checkerframework:checker-qual:jar:3.19.0:provided, com.google.errorprone:error_prone_annotations=com.google.errorprone:error_prone_annotations:jar:2.10.0:provided, org.openmrs.api:openmrs-api=org.openmrs.api:openmrs-api:jar:tests:2.9.0-SNAPSHOT:test, commons-validator:commons-validator=commons-validator:commons-validator:jar:1.10.0:provided, commons-digester:commons-digester=commons-digester:commons-digester:jar:2.1:provided, commons-io:commons-io=commons-io:commons-io:jar:2.19.0:provided, org.apache.velocity:velocity=org.apache.velocity:velocity:jar:1.7:provided, commons-lang:commons-lang=commons-lang:commons-lang:jar:2.4:provided, org.springframework:spring-core=org.springframework:spring-core:jar:5.3.30:provided, org.springframework:spring-jcl=org.springframework:spring-jcl:jar:5.3.30:provided, org.springframework:spring-beans=org.springframework:spring-beans:jar:5.3.30:provided, org.springframework:spring-context=org.springframework:spring-context:jar:5.3.30:provided, org.springframework:spring-expression=org.springframework:spring-expression:jar:5.3.30:provided, org.springframework:spring-aop=org.springframework:spring-aop:jar:5.3.30:provided, org.springframework:spring-orm=org.springframework:spring-orm:jar:5.3.30:provided, org.springframework:spring-tx=org.springframework:spring-tx:jar:5.3.30:provided, org.springframework:spring-jdbc=org.springframework:spring-jdbc:jar:5.3.30:provided, org.springframework:spring-context-support=org.springframework:spring-context-support:jar:5.3.30:provided, org.springframework:spring-jms=org.springframework:spring-jms:jar:5.3.30:provided, org.springframework:spring-messaging=org.springframework:spring-messaging:jar:5.3.30:provided, javax.jms:javax.jms-api=javax.jms:javax.jms-api:jar:2.0.1:provided, org.infinispan:infinispan-spring5-embedded=org.infinispan:infinispan-spring5-embedded:jar:13.0.22.Final:provided, org.infinispan:infinispan-core=org.infinispan:infinispan-core:jar:13.0.22.Final:provided, org.infinispan:infinispan-commons=org.infinispan:infinispan-commons:jar:13.0.22.Final:provided, io.reactivex.rxjava3:rxjava=io.reactivex.rxjava3:rxjava:jar:3.0.4:provided, org.infinispan.protostream:protostream=org.infinispan.protostream:protostream:jar:4.4.4.Final:provided, org.infinispan.protostream:protostream-types=org.infinispan.protostream:protostream-types:jar:4.4.4.Final:provided, org.jboss.threads:jboss-threads=org.jboss.threads:jboss-threads:jar:2.3.3.Final:provided, org.wildfly.common:wildfly-common=org.wildfly.common:wildfly-common:jar:1.3.0.Final:provided, org.infinispan:infinispan-spring5-common=org.infinispan:infinispan-spring5-common:jar:13.0.22.Final:provided, ca.uhn.hapi:hapi-base=ca.uhn.hapi:hapi-base:jar:2.1:provided, ca.uhn.hapi:hapi-structures-v23=ca.uhn.hapi:hapi-structures-v23:jar:2.1:provided, ca.uhn.hapi:hapi-structures-v24=ca.uhn.hapi:hapi-structures-v24:jar:2.1:provided, ca.uhn.hapi:hapi-structures-v25=ca.uhn.hapi:hapi-structures-v25:jar:2.1:provided, ca.uhn.hapi:hapi-structures-v26=ca.uhn.hapi:hapi-structures-v26:jar:2.1:provided, org.javassist:javassist=org.javassist:javassist:jar:3.30.2-GA:provided, net.bytebuddy:byte-buddy=net.bytebuddy:byte-buddy:jar:1.17.6:provided, net.bytebuddy:byte-buddy-agent=net.bytebuddy:byte-buddy-agent:jar:1.17.6:provided, org.hibernate:hibernate-core=org.hibernate:hibernate-core:jar:5.6.15.Final:provided, org.jboss.logging:jboss-logging=org.jboss.logging:jboss-logging:jar:3.4.3.Final:provided, javax.persistence:javax.persistence-api=javax.persistence:javax.persistence-api:jar:2.2:provided, antlr:antlr=antlr:antlr:jar:2.7.7:provided, org.jboss.spec.javax.transaction:jboss-transaction-api_1.2_spec=org.jboss.spec.javax.transaction:jboss-transaction-api_1.2_spec:jar:1.1.1.Final:provided, org.jboss:jandex=org.jboss:jandex:jar:2.4.2.Final:provided, com.fasterxml:classmate=com.fasterxml:classmate:jar:1.5.1:provided, javax.activation:javax.activation-api=javax.activation:javax.activation-api:jar:1.2.0:provided, org.hibernate.common:hibernate-commons-annotations=org.hibernate.common:hibernate-commons-annotations:jar:5.1.2.Final:provided, javax.xml.bind:jaxb-api=javax.xml.bind:jaxb-api:jar:2.3.1:provided, org.glassfish.jaxb:jaxb-runtime=org.glassfish.jaxb:jaxb-runtime:jar:2.3.1:provided, org.glassfish.jaxb:txw2=org.glassfish.jaxb:txw2:jar:2.3.1:provided, com.sun.istack:istack-commons-runtime=com.sun.istack:istack-commons-runtime:jar:3.0.7:provided, org.jvnet.staxex:stax-ex=org.jvnet.staxex:stax-ex:jar:1.8:provided, com.sun.xml.fastinfoset:FastInfoset=com.sun.xml.fastinfoset:FastInfoset:jar:1.2.15:provided, org.hibernate:hibernate-c3p0=org.hibernate:hibernate-c3p0:jar:5.6.15.Final:provided, com.mchange:c3p0=com.mchange:c3p0:jar:0.9.5.5:provided, com.mchange:mchange-commons-java=com.mchange:mchange-commons-java:jar:0.2.19:provided, org.infinispan:infinispan-hibernate-cache-v53=org.infinispan:infinispan-hibernate-cache-v53:jar:13.0.22.Final:provided, org.infinispan:infinispan-hibernate-cache-commons=org.infinispan:infinispan-hibernate-cache-commons:jar:13.0.22.Final:provided, org.infinispan:infinispan-hibernate-cache-spi=org.infinispan:infinispan-hibernate-cache-spi:jar:13.0.22.Final:provided, org.infinispan:infinispan-jboss-marshalling=org.infinispan:infinispan-jboss-marshalling:jar:13.0.22.Final:provided, org.jboss.marshalling:jboss-marshalling-osgi=org.jboss.marshalling:jboss-marshalling-osgi:jar:2.0.12.Final:provided, org.hibernate.search:hibernate-search-mapper-orm=org.hibernate.search:hibernate-search-mapper-orm:jar:6.2.4.Final:provided, org.hibernate.search:hibernate-search-engine=org.hibernate.search:hibernate-search-engine:jar:6.2.4.Final:provided, org.hibernate.search:hibernate-search-mapper-pojo-base=org.hibernate.search:hibernate-search-mapper-pojo-base:jar:6.2.4.Final:provided, org.hibernate.search:hibernate-search-util-common=org.hibernate.search:hibernate-search-util-common:jar:6.2.4.Final:provided, org.hibernate.search:hibernate-search-backend-lucene=org.hibernate.search:hibernate-search-backend-lucene:jar:6.2.4.Final:provided, org.apache.lucene:lucene-core=org.apache.lucene:lucene-core:jar:8.11.2:provided, org.apache.lucene:lucene-analyzers-common=org.apache.lucene:lucene-analyzers-common:jar:8.11.2:provided, org.apache.lucene:lucene-queryparser=org.apache.lucene:lucene-queryparser:jar:8.11.2:provided, org.apache.lucene:lucene-queries=org.apache.lucene:lucene-queries:jar:8.11.2:provided, org.apache.lucene:lucene-join=org.apache.lucene:lucene-join:jar:8.11.2:provided, org.apache.lucene:lucene-facet=org.apache.lucene:lucene-facet:jar:8.11.2:provided, com.carrotsearch:hppc=com.carrotsearch:hppc:jar:0.8.1:provided, org.apache.lucene:lucene-highlighter=org.apache.lucene:lucene-highlighter:jar:8.11.2:provided, org.apache.lucene:lucene-memory=org.apache.lucene:lucene-memory:jar:8.11.2:provided, org.hibernate.search:hibernate-search-backend-elasticsearch=org.hibernate.search:hibernate-search-backend-elasticsearch:jar:6.2.4.Final:provided, org.elasticsearch.client:elasticsearch-rest-client=org.elasticsearch.client:elasticsearch-rest-client:jar:8.10.4:provided, org.apache.httpcomponents:httpclient=org.apache.httpcomponents:httpclient:jar:4.5.13:provided, org.apache.httpcomponents:httpcore=org.apache.httpcomponents:httpcore:jar:4.4.13:provided, org.apache.httpcomponents:httpasyncclient=org.apache.httpcomponents:httpasyncclient:jar:4.1.5:provided, org.apache.httpcomponents:httpcore-nio=org.apache.httpcomponents:httpcore-nio:jar:4.4.13:provided, org.elasticsearch.client:elasticsearch-rest-client-sniffer=org.elasticsearch.client:elasticsearch-rest-client-sniffer:jar:8.10.4:provided, com.google.code.gson:gson=com.google.code.gson:gson:jar:2.9.1:provided, org.apache.lucene:lucene-analyzers-phonetic=org.apache.lucene:lucene-analyzers-phonetic:jar:8.11.2:provided, commons-codec:commons-codec=commons-codec:commons-codec:jar:1.13:provided, org.hibernate:hibernate-envers=org.hibernate:hibernate-envers:jar:5.6.15.Final:provided, org.dom4j:dom4j=org.dom4j:dom4j:jar:2.1.3:provided, org.apache.logging.log4j:log4j-core=org.apache.logging.log4j:log4j-core:jar:2.22.1:provided, org.apache.logging.log4j:log4j-api=org.apache.logging.log4j:log4j-api:jar:2.22.1:provided, org.apache.logging.log4j:log4j-slf4j-impl=org.apache.logging.log4j:log4j-slf4j-impl:jar:2.22.1:provided, org.apache.logging.log4j:log4j-1.2-api=org.apache.logging.log4j:log4j-1.2-api:jar:2.22.1:provided, com.thoughtworks.xstream:xstream=com.thoughtworks.xstream:xstream:jar:1.4.21:provided, io.github.x-stream:mxparser=io.github.x-stream:mxparser:jar:1.2.2:provided, xmlpull:xmlpull=xmlpull:xmlpull:jar:1.1.3.1:provided, org.liquibase:liquibase-core=org.liquibase:liquibase-core:jar:4.32.0:provided, com.opencsv:opencsv=com.opencsv:opencsv:jar:5.11:provided, org.yaml:snakeyaml=org.yaml:snakeyaml:jar:2.4:provided, org.apache.commons:commons-collections4=org.apache.commons:commons-collections4:jar:4.5.0:provided, xerces:xercesImpl=xerces:xercesImpl:jar:2.12.2:provided, xml-apis:xml-apis=xml-apis:xml-apis:jar:1.4.01:provided, javax.validation:validation-api=javax.validation:validation-api:jar:2.0.1.Final:provided, org.hibernate.validator:hibernate-validator=org.hibernate.validator:hibernate-validator:jar:6.2.0.Final:provided, jakarta.validation:jakarta.validation-api=jakarta.validation:jakarta.validation-api:jar:2.0.2:provided, mysql:mysql-connector-java=mysql:mysql-connector-java:jar:8.0.30:provided, com.google.protobuf:protobuf-java=com.google.protobuf:protobuf-java:jar:3.19.4:provided, org.mariadb.jdbc:mariadb-java-client=org.mariadb.jdbc:mariadb-java-client:jar:3.5.4:provided, org.postgresql:postgresql=org.postgresql:postgresql:jar:42.7.7:provided, org.codehaus.jackson:jackson-core-asl=org.codehaus.jackson:jackson-core-asl:jar:1.9.14-MULE-002:provided, org.codehaus.jackson:jackson-mapper-asl=org.codehaus.jackson:jackson-mapper-asl:jar:1.9.14-MULE-002:provided, com.fasterxml.jackson.core:jackson-core=com.fasterxml.jackson.core:jackson-core:jar:2.19.1:provided, com.fasterxml.jackson.core:jackson-annotations=com.fasterxml.jackson.core:jackson-annotations:jar:2.19.1:provided, com.fasterxml.jackson.core:jackson-databind=com.fasterxml.jackson.core:jackson-databind:jar:2.19.1:provided, com.fasterxml.jackson.datatype:jackson-datatype-jsr310=com.fasterxml.jackson.datatype:jackson-datatype-jsr310:jar:2.19.1:provided, com.fasterxml.jackson.datatype:jackson-datatype-hibernate5=com.fasterxml.jackson.datatype:jackson-datatype-hibernate5:jar:2.19.1:provided, javax.transaction:javax.transaction-api=javax.transaction:javax.transaction-api:jar:1.3:provided, org.codehaus.groovy:groovy-all=org.codehaus.groovy:groovy-all:jar:2.4.21:provided, org.aspectj:aspectjrt=org.aspectj:aspectjrt:jar:1.9.24:provided, org.aspectj:aspectjweaver=org.aspectj:aspectjweaver:jar:1.9.24:provided, joda-time:joda-time=joda-time:joda-time:jar:2.14.0:provided, javax.annotation:javax.annotation-api=javax.annotation:javax.annotation-api:jar:1.3.2:provided, com.sun.activation:javax.activation=com.sun.activation:javax.activation:jar:1.2.0:provided, jakarta.xml.bind:jakarta.xml.bind-api=jakarta.xml.bind:jakarta.xml.bind-api:jar:4.0.2:compile, com.google.guava:guava=com.google.guava:guava:jar:33.4.8-jre:provided, com.google.guava:failureaccess=com.google.guava:failureaccess:jar:1.0.3:provided, com.google.guava:listenablefuture=com.google.guava:listenablefuture:jar:9999.0-empty-to-avoid-conflict-with-guava:provided, com.google.j2objc:j2objc-annotations=com.google.j2objc:j2objc-annotations:jar:3.0.0:provided, com.sun.mail:javax.mail=com.sun.mail:javax.mail:jar:1.6.2:provided, software.amazon.awssdk:s3=software.amazon.awssdk:s3:jar:2.31.50:provided, software.amazon.awssdk:aws-xml-protocol=software.amazon.awssdk:aws-xml-protocol:jar:2.31.50:provided, software.amazon.awssdk:aws-query-protocol=software.amazon.awssdk:aws-query-protocol:jar:2.31.50:provided, software.amazon.awssdk:protocol-core=software.amazon.awssdk:protocol-core:jar:2.31.50:provided, software.amazon.awssdk:arns=software.amazon.awssdk:arns:jar:2.31.50:provided, software.amazon.awssdk:profiles=software.amazon.awssdk:profiles:jar:2.31.50:provided, software.amazon.awssdk:crt-core=software.amazon.awssdk:crt-core:jar:2.31.50:provided, software.amazon.awssdk:http-auth=software.amazon.awssdk:http-auth:jar:2.31.50:provided, software.amazon.awssdk:identity-spi=software.amazon.awssdk:identity-spi:jar:2.31.50:provided, software.amazon.awssdk:http-auth-spi=software.amazon.awssdk:http-auth-spi:jar:2.31.50:provided, org.reactivestreams:reactive-streams=org.reactivestreams:reactive-streams:jar:1.0.4:provided, software.amazon.awssdk:http-auth-aws=software.amazon.awssdk:http-auth-aws:jar:2.31.50:provided, software.amazon.awssdk:checksums=software.amazon.awssdk:checksums:jar:2.31.50:provided, software.amazon.awssdk:checksums-spi=software.amazon.awssdk:checksums-spi:jar:2.31.50:provided, software.amazon.awssdk:retries-spi=software.amazon.awssdk:retries-spi:jar:2.31.50:provided, software.amazon.awssdk:sdk-core=software.amazon.awssdk:sdk-core:jar:2.31.50:provided, software.amazon.awssdk:retries=software.amazon.awssdk:retries:jar:2.31.50:provided, software.amazon.awssdk:auth=software.amazon.awssdk:auth:jar:2.31.50:provided, software.amazon.awssdk:http-auth-aws-eventstream=software.amazon.awssdk:http-auth-aws-eventstream:jar:2.31.50:provided, software.amazon.eventstream:eventstream=software.amazon.eventstream:eventstream:jar:1.0.1:provided, software.amazon.awssdk:http-client-spi=software.amazon.awssdk:http-client-spi:jar:2.31.50:provided, software.amazon.awssdk:regions=software.amazon.awssdk:regions:jar:2.31.50:provided, software.amazon.awssdk:annotations=software.amazon.awssdk:annotations:jar:2.31.50:provided, software.amazon.awssdk:utils=software.amazon.awssdk:utils:jar:2.31.50:provided, software.amazon.awssdk:aws-core=software.amazon.awssdk:aws-core:jar:2.31.50:provided, software.amazon.awssdk:metrics-spi=software.amazon.awssdk:metrics-spi:jar:2.31.50:provided, software.amazon.awssdk:json-utils=software.amazon.awssdk:json-utils:jar:2.31.50:provided, software.amazon.awssdk:third-party-jackson-core=software.amazon.awssdk:third-party-jackson-core:jar:2.31.50:provided, software.amazon.awssdk:endpoints-spi=software.amazon.awssdk:endpoints-spi:jar:2.31.50:provided, software.amazon.awssdk:apache-client=software.amazon.awssdk:apache-client:jar:2.31.50:provided, software.amazon.awssdk:netty-nio-client=software.amazon.awssdk:netty-nio-client:jar:2.31.50:provided, io.netty:netty-codec-http2=io.netty:netty-codec-http2:jar:4.1.118.Final:provided, org.graalvm.js:js=org.graalvm.js:js:jar:20.3.17:provided, org.graalvm.regex:regex=org.graalvm.regex:regex:jar:20.3.17:provided, org.graalvm.truffle:truffle-api=org.graalvm.truffle:truffle-api:jar:20.3.17:provided, org.graalvm.sdk:graal-sdk=org.graalvm.sdk:graal-sdk:jar:20.3.17:provided, com.ibm.icu:icu4j=com.ibm.icu:icu4j:jar:71.1:provided, org.graalvm.js:js-scriptengine=org.graalvm.js:js-scriptengine:jar:20.3.17:provided, net.javacrumbs.shedlock:shedlock-spring=net.javacrumbs.shedlock:shedlock-spring:jar:4.48.0:provided, net.javacrumbs.shedlock:shedlock-core=net.javacrumbs.shedlock:shedlock-core:jar:4.48.0:provided, net.javacrumbs.shedlock:shedlock-provider-jdbc-template=net.javacrumbs.shedlock:shedlock-provider-jdbc-template:jar:4.48.0:provided, org.jobrunr:jobrunr=org.jobrunr:jobrunr:jar:6.3.5:provided, org.ow2.asm:asm=org.ow2.asm:asm:jar:9.5:provided, org.openmrs.test:openmrs-test=org.openmrs.test:openmrs-test:pom:2.9.0-SNAPSHOT:test, org.springframework:spring-test=org.springframework:spring-test:jar:5.3.30:test, com.h2database:h2=com.h2database:h2:jar:1.4.200:test, junit:junit=junit:junit:jar:4.13.2:test, org.junit.jupiter:junit-jupiter-api=org.junit.jupiter:junit-jupiter-api:jar:5.11.4:test, org.opentest4j:opentest4j=org.opentest4j:opentest4j:jar:1.3.0:test, org.junit.platform:junit-platform-commons=org.junit.platform:junit-platform-commons:jar:1.11.4:test, org.apiguardian:apiguardian-api=org.apiguardian:apiguardian-api:jar:1.1.2:test, org.junit.jupiter:junit-jupiter-engine=org.junit.jupiter:junit-jupiter-engine:jar:5.11.4:test, org.junit.platform:junit-platform-engine=org.junit.platform:junit-platform-engine:jar:1.11.4:test, org.junit.vintage:junit-vintage-engine=org.junit.vintage:junit-vintage-engine:jar:5.11.4:test, org.junit.jupiter:junit-jupiter-params=org.junit.jupiter:junit-jupiter-params:jar:5.11.4:test, org.dbunit:dbunit=org.dbunit:dbunit:jar:3.0.0:test, org.junit.platform:junit-platform-suite-engine=org.junit.platform:junit-platform-suite-engine:jar:1.10.1:test, org.junit.platform:junit-platform-suite-api=org.junit.platform:junit-platform-suite-api:jar:1.10.1:test, org.junit.platform:junit-platform-suite-commons=org.junit.platform:junit-platform-suite-commons:jar:1.10.1:test, org.junit.platform:junit-platform-launcher=org.junit.platform:junit-platform-launcher:jar:1.10.1:test, org.mockito:mockito-core=org.mockito:mockito-core:jar:5.6.0:test, org.objenesis:objenesis=org.objenesis:objenesis:jar:3.3:test, org.mockito:mockito-junit-jupiter=org.mockito:mockito-junit-jupiter:jar:5.6.0:test, org.hamcrest:hamcrest-core=org.hamcrest:hamcrest-core:jar:3.0:test, org.hamcrest:hamcrest=org.hamcrest:hamcrest:jar:3.0:test, org.testcontainers:testcontainers=org.testcontainers:testcontainers:jar:2.0.3:test, org.apache.commons:commons-compress=org.apache.commons:commons-compress:jar:1.28.0:test, org.rnorth.duct-tape:duct-tape=org.rnorth.duct-tape:duct-tape:jar:1.0.8:test, org.jetbrains:annotations=org.jetbrains:annotations:jar:17.0.0:test, com.github.docker-java:docker-java-api=com.github.docker-java:docker-java-api:jar:3.7.0:test, com.github.docker-java:docker-java-transport-zerodep=com.github.docker-java:docker-java-transport-zerodep:jar:3.7.0:test, com.github.docker-java:docker-java-transport=com.github.docker-java:docker-java-transport:jar:3.7.0:test, net.java.dev.jna:jna=net.java.dev.jna:jna:jar:5.18.1:test, org.testcontainers:postgresql=org.testcontainers:postgresql:jar:1.21.3:test, org.testcontainers:jdbc=org.testcontainers:jdbc:jar:1.21.3:test, org.testcontainers:database-commons=org.testcontainers:database-commons:jar:1.21.3:test, org.testcontainers:mysql=org.testcontainers:mysql:jar:1.21.3:test, org.testcontainers:mariadb=org.testcontainers:mariadb:jar:1.21.3:test, org.testcontainers:junit-jupiter=org.testcontainers:junit-jupiter:jar:1.21.3:test, com.adobe.testing:s3mock-testcontainers=com.adobe.testing:s3mock-testcontainers:jar:2.17.0:test, com.adobe.testing:s3mock-docker=com.adobe.testing:s3mock-docker:pom:2.17.0:test}
[DEBUG]   (s) projectBuildDirectory = /Users/rafal/workspace/openmrs-module-artemis/api/target
[DEBUG]   (s) redirectTestOutputToFile = false
[DEBUG]   (s) reportFormat = brief
[DEBUG]   (s) reportsDirectory = /Users/rafal/workspace/openmrs-module-artemis/api/target/surefire-reports
[DEBUG]   (f) rerunFailingTestsCount = 0
[DEBUG]   (f) reuseForks = true
[DEBUG]   (s) runOrder = filesystem
[DEBUG]   (s) session = org.apache.maven.execution.MavenSession@63b3ee82
[DEBUG]   (f) shutdown = exit
[DEBUG]   (s) skip = false
[DEBUG]   (f) skipAfterFailureCount = 0
[DEBUG]   (s) skipTests = false
[DEBUG]   (s) suiteXmlFiles = []
[DEBUG]   (s) tempDir = surefire
[DEBUG]   (s) testClassesDirectory = /Users/rafal/workspace/openmrs-module-artemis/api/target/test-classes
[DEBUG]   (s) testFailureIgnore = false
[DEBUG]   (s) testNGArtifactName = org.testng:testng
[DEBUG]   (s) testSourceDirectory = /Users/rafal/workspace/openmrs-module-artemis/api/src/test/java
[DEBUG]   (s) threadCountClasses = 0
[DEBUG]   (s) threadCountMethods = 0
[DEBUG]   (s) threadCountSuites = 0
[DEBUG]   (s) trimStackTrace = false
[DEBUG]   (s) useFile = true
[DEBUG]   (s) useManifestOnlyJar = true
[DEBUG]   (f) useModulePath = true
[DEBUG]   (s) useSystemClassLoader = true
[DEBUG]   (s) useUnlimitedThreads = false
[DEBUG]   (s) workingDirectory = /Users/rafal/workspace/openmrs-module-artemis/api
[DEBUG] -- end configuration --
[DEBUG] Using JVM: /Library/Java/JavaVirtualMachines/temurin-21.jdk/Contents/Home/bin/java with Java version 21.0
[DEBUG] Resolved included and excluded patterns: **/Test*.java, **/*Test.java, **/*Tests.java, **/*TestCase.java, !**/*$*
[DEBUG] Surefire report directory: /Users/rafal/workspace/openmrs-module-artemis/api/target/surefire-reports
[INFO] Using auto detected provider org.apache.maven.surefire.junitplatform.JUnitPlatformProvider
[DEBUG] Using the provider org.apache.maven.surefire.junitplatform.JUnitPlatformProvider
[DEBUG] Setting system property [basedir]=[/Users/rafal/workspace/openmrs-module-artemis/api]
[DEBUG] Setting system property [localRepository]=[/Users/rafal/.m2/repository]
[DEBUG] Dependency collection stats {ConflictMarker.analyzeTime=13917, ConflictMarker.markTime=11500, ConflictMarker.nodeCount=7, ConflictIdSorter.graphTime=4333, ConflictIdSorter.topsortTime=6000, ConflictIdSorter.conflictIdCount=5, ConflictIdSorter.conflictIdCycleCount=0, ConflictResolver.totalTime=35375, ConflictResolver.conflictItemCount=6, DfDependencyCollector.collectTime=1313208, DfDependencyCollector.transformTime=78833}
[DEBUG] Found implementation of fork node factory: org.apache.maven.plugin.surefire.extensions.LegacyForkNodeFactory
[DEBUG] Using fork starter with configuration implementation org.apache.maven.plugin.surefire.booterclient.JarManifestForkConfiguration
[DEBUG] Dependency collection stats {ConflictMarker.analyzeTime=8584, ConflictMarker.markTime=12916, ConflictMarker.nodeCount=15, ConflictIdSorter.graphTime=5833, ConflictIdSorter.topsortTime=7083, ConflictIdSorter.conflictIdCount=10, ConflictIdSorter.conflictIdCycleCount=0, ConflictResolver.totalTime=49833, ConflictResolver.conflictItemCount=14, DfDependencyCollector.collectTime=3973875, DfDependencyCollector.transformTime=92250}
[DEBUG] Resolving artifact org.junit.platform:junit-platform-launcher:1.11.4
[DEBUG] Dependency collection stats {ConflictMarker.analyzeTime=4750, ConflictMarker.markTime=10917, ConflictMarker.nodeCount=8, ConflictIdSorter.graphTime=2042, ConflictIdSorter.topsortTime=4125, ConflictIdSorter.conflictIdCount=5, ConflictIdSorter.conflictIdCycleCount=0, ConflictResolver.totalTime=50500, ConflictResolver.conflictItemCount=7, DfDependencyCollector.collectTime=339583, DfDependencyCollector.transformTime=77583}
[DEBUG] Resolved artifact org.junit.platform:junit-platform-launcher:1.11.4 to [org.junit.platform:junit-platform-launcher:jar:1.11.4, org.junit.platform:junit-platform-engine:jar:1.11.4, org.opentest4j:opentest4j:jar:1.3.0, org.junit.platform:junit-platform-commons:jar:1.11.4, org.apiguardian:apiguardian-api:jar:1.1.2]
[DEBUG] test classpath:  /Users/rafal/workspace/openmrs-module-artemis/api/target/test-classes  /Users/rafal/workspace/openmrs-module-artemis/api/target/classes  /Users/rafal/.m2/repository/org/apache/artemis/artemis-server/2.54.0/artemis-server-2.54.0.jar  /Users/rafal/.m2/repository/org/slf4j/slf4j-api/1.7.30/slf4j-api-1.7.30.jar  /Users/rafal/.m2/repository/org/apache/artemis/artemis-commons/2.54.0/artemis-commons-2.54.0.jar  /Users/rafal/.m2/repository/org/apache/artemis/artemis-selector/2.54.0/artemis-selector-2.54.0.jar  /Users/rafal/.m2/repository/org/apache/artemis/artemis-journal/2.54.0/artemis-journal-2.54.0.jar  /Users/rafal/.m2/repository/org/apache/activemq/activemq-artemis-native/2.0.0/activemq-artemis-native-2.0.0.jar  /Users/rafal/.m2/repository/org/apache/artemis/artemis-jdbc-store/2.54.0/artemis-jdbc-store-2.54.0.jar  /Users/rafal/.m2/repository/org/apache/commons/commons-dbcp2/2.14.0/commons-dbcp2-2.14.0.jar  /Users/rafal/.m2/repository/org/apache/commons/commons-pool2/2.13.0/commons-pool2-2.13.0.jar  /Users/rafal/.m2/repository/jakarta/transaction/jakarta.transaction-api/1.3.3/jakarta.transaction-api-1.3.3.jar  /Users/rafal/.m2/repository/org/apache/artemis/artemis-core-client/2.54.0/artemis-core-client-2.54.0.jar  /Users/rafal/.m2/repository/org/jgroups/jgroups/5.3.13.Final/jgroups-5.3.13.Final.jar  /Users/rafal/.m2/repository/io/netty/netty-handler-proxy/4.1.132.Final/netty-handler-proxy-4.1.132.Final.jar  /Users/rafal/.m2/repository/io/netty/netty-codec-socks/4.1.132.Final/netty-codec-socks-4.1.132.Final.jar  /Users/rafal/.m2/repository/io/netty/netty-resolver/4.1.132.Final/netty-resolver-4.1.132.Final.jar  /Users/rafal/.m2/repository/de/dentrassi/crypto/pem-keystore/3.0.0/pem-keystore-3.0.0.jar  /Users/rafal/.m2/repository/com/hierynomus/asn-one/0.6.0/asn-one-0.6.0.jar  /Users/rafal/.m2/repository/org/apache/artemis/artemis-lockmanager-api/2.54.0/artemis-lockmanager-api-2.54.0.jar  /Users/rafal/.m2/repository/org/jctools/jctools-core/4.0.6/jctools-core-4.0.6.jar  /Users/rafal/.m2/repository/io/netty/netty-buffer/4.1.132.Final/netty-buffer-4.1.132.Final.jar  /Users/rafal/.m2/repository/io/netty/netty-transport/4.1.132.Final/netty-transport-4.1.132.Final.jar  /Users/rafal/.m2/repository/io/netty/netty-codec-http/4.1.132.Final/netty-codec-http-4.1.132.Final.jar  /Users/rafal/.m2/repository/io/netty/netty-codec-haproxy/4.1.132.Final/netty-codec-haproxy-4.1.132.Final.jar  /Users/rafal/.m2/repository/io/netty/netty-common/4.1.132.Final/netty-common-4.1.132.Final.jar  /Users/rafal/.m2/repository/io/netty/netty-handler/4.1.132.Final/netty-handler-4.1.132.Final.jar  /Users/rafal/.m2/repository/io/netty/netty-transport-native-unix-common/4.1.132.Final/netty-transport-native-unix-common-4.1.132.Final.jar  /Users/rafal/.m2/repository/io/netty/netty-transport-native-epoll/4.1.132.Final/netty-transport-native-epoll-4.1.132.Final-linux-x86_64.jar  /Users/rafal/.m2/repository/io/netty/netty-transport-classes-epoll/4.1.132.Final/netty-transport-classes-epoll-4.1.132.Final.jar  /Users/rafal/.m2/repository/io/netty/netty-transport-native-kqueue/4.1.132.Final/netty-transport-native-kqueue-4.1.132.Final-osx-x86_64.jar  /Users/rafal/.m2/repository/io/netty/netty-transport-classes-kqueue/4.1.132.Final/netty-transport-classes-kqueue-4.1.132.Final.jar  /Users/rafal/.m2/repository/io/netty/netty-codec/4.1.132.Final/netty-codec-4.1.132.Final.jar  /Users/rafal/.m2/repository/commons-beanutils/commons-beanutils/1.9.4/commons-beanutils-1.9.4.jar  /Users/rafal/.m2/repository/commons-logging/commons-logging/1.2/commons-logging-1.2.jar  /Users/rafal/.m2/repository/org/apache/commons/commons-lang3/3.12.0/commons-lang3-3.12.0.jar  /Users/rafal/.m2/repository/org/apache/commons/commons-configuration2/2.14.0/commons-configuration2-2.14.0.jar  /Users/rafal/.m2/repository/org/apache/commons/commons-text/1.15.0/commons-text-1.15.0.jar  /Users/rafal/.m2/repository/commons-collections/commons-collections/3.2.2/commons-collections-3.2.2.jar  /Users/rafal/.m2/repository/io/micrometer/micrometer-core/1.16.5/micrometer-core-1.16.5.jar  /Users/rafal/.m2/repository/org/jspecify/jspecify/1.0.0/jspecify-1.0.0.jar  /Users/rafal/.m2/repository/io/micrometer/micrometer-commons/1.16.5/micrometer-commons-1.16.5.jar  /Users/rafal/.m2/repository/io/micrometer/micrometer-observation/1.16.5/micrometer-observation-1.16.5.jar  /Users/rafal/.m2/repository/com/nimbusds/nimbus-jose-jwt/10.9/nimbus-jose-jwt-10.9.jar  /Users/rafal/.m2/repository/org/apache/artemis/artemis-jms-client/2.54.0/artemis-jms-client-2.54.0.jar  /Users/rafal/.m2/repository/jakarta/jms/jakarta.jms-api/2.0.3/jakarta.jms-api-2.0.3.jar  /Users/rafal/.m2/repository/org/apache/artemis/artemis-web/2.54.0/artemis-web-2.54.0.jar  /Users/rafal/.m2/repository/org/apache/artemis/artemis-dto/2.54.0/artemis-dto-2.54.0.jar  /Users/rafal/.m2/repository/com/sun/xml/bind/jaxb-impl/2.3.9/jaxb-impl-2.3.9.jar  /Users/rafal/.m2/repository/jakarta/activation/jakarta.activation-api/1.2.2/jakarta.activation-api-1.2.2.jar  /Users/rafal/.m2/repository/org/apache/artemis/artemis-cli/2.54.0/artemis-cli-2.54.0.jar  /Users/rafal/.m2/repository/org/apache/artemis/artemis-jms-server/2.54.0/artemis-jms-server-2.54.0.jar  /Users/rafal/.m2/repository/org/apache/artemis/artemis-service-extensions/2.54.0/artemis-service-extensions-2.54.0.jar  /Users/rafal/.m2/repository/jakarta/inject/jakarta.inject-api/1.0.5/jakarta.inject-api-1.0.5.jar  /Users/rafal/.m2/repository/org/apache/qpid/qpid-jms-client/1.16.0/qpid-jms-client-1.16.0.jar  /Users/rafal/.m2/repository/org/apache/qpid/proton-j/0.34.1/proton-j-0.34.1.jar  /Users/rafal/.m2/repository/info/picocli/picocli/4.7.7/picocli-4.7.7.jar  /Users/rafal/.m2/repository/info/picocli/picocli-shell-jline3/4.7.7/picocli-shell-jline3-4.7.7.jar  /Users/rafal/.m2/repository/org/jline/jline-console/4.1.0/jline-console-4.1.0.jar  /Users/rafal/.m2/repository/org/jline/jline-shell/4.1.0/jline-shell-4.1.0.jar  /Users/rafal/.m2/repository/org/jline/jline-builtins/4.1.0/jline-builtins-4.1.0.jar  /Users/rafal/.m2/repository/org/jline/jline-style/4.1.0/jline-style-4.1.0.jar  /Users/rafal/.m2/repository/org/jline/jline-console-ui/4.1.0/jline-console-ui-4.1.0.jar  /Users/rafal/.m2/repository/org/jline/jline-reader/4.1.0/jline-reader-4.1.0.jar  /Users/rafal/.m2/repository/org/jline/jline-terminal/4.1.0/jline-terminal-4.1.0.jar  /Users/rafal/.m2/repository/org/hdrhistogram/HdrHistogram/2.2.2/HdrHistogram-2.2.2.jar  /Users/rafal/.m2/repository/org/eclipse/jetty/toolchain/jetty-jakarta-servlet-api/5.0.2/jetty-jakarta-servlet-api-5.0.2.jar  /Users/rafal/.m2/repository/org/eclipse/jetty/jetty-server/12.1.9/jetty-server-12.1.9.jar  /Users/rafal/.m2/repository/org/eclipse/jetty/jetty-io/12.1.9/jetty-io-12.1.9.jar  /Users/rafal/.m2/repository/org/eclipse/jetty/ee9/jetty-ee9-servlet/12.1.9/jetty-ee9-servlet-12.1.9.jar  /Users/rafal/.m2/repository/org/eclipse/jetty/ee9/jetty-ee9-webapp/12.1.9/jetty-ee9-webapp-12.1.9.jar  /Users/rafal/.m2/repository/org/eclipse/jetty/jetty-xml/12.1.9/jetty-xml-12.1.9.jar  /Users/rafal/.m2/repository/org/eclipse/jetty/ee/jetty-ee-webapp/12.1.9/jetty-ee-webapp-12.1.9.jar  /Users/rafal/.m2/repository/org/eclipse/jetty/ee9/jetty-ee9-nested/12.1.9/jetty-ee9-nested-12.1.9.jar  /Users/rafal/.m2/repository/org/eclipse/jetty/jetty-security/12.1.9/jetty-security-12.1.9.jar  /Users/rafal/.m2/repository/org/eclipse/jetty/jetty-session/12.1.9/jetty-session-12.1.9.jar  /Users/rafal/.m2/repository/org/eclipse/jetty/ee9/jetty-ee9-security/12.1.9/jetty-ee9-security-12.1.9.jar  /Users/rafal/.m2/repository/org/eclipse/jetty/jetty-util/12.1.9/jetty-util-12.1.9.jar  /Users/rafal/.m2/repository/org/eclipse/jetty/jetty-http/12.1.9/jetty-http-12.1.9.jar  /Users/rafal/.m2/repository/org/eclipse/jetty/http2/jetty-http2-server/12.1.9/jetty-http2-server-12.1.9.jar  /Users/rafal/.m2/repository/org/eclipse/jetty/http2/jetty-http2-common/12.1.9/jetty-http2-common-12.1.9.jar  /Users/rafal/.m2/repository/org/eclipse/jetty/http2/jetty-http2-hpack/12.1.9/jetty-http2-hpack-12.1.9.jar  /Users/rafal/.m2/repository/org/eclipse/jetty/jetty-alpn-server/12.1.9/jetty-alpn-server-12.1.9.jar  /Users/rafal/.m2/repository/org/eclipse/jetty/jetty-alpn-java-server/12.1.9/jetty-alpn-java-server-12.1.9.jar  /Users/rafal/.m2/repository/org/eclipse/jetty/compression/jetty-compression-server/12.1.9/jetty-compression-server-12.1.9.jar  /Users/rafal/.m2/repository/org/eclipse/jetty/compression/jetty-compression-common/12.1.9/jetty-compression-common-12.1.9.jar  /Users/rafal/.m2/repository/org/eclipse/jetty/compression/jetty-compression-gzip/12.1.9/jetty-compression-gzip-12.1.9.jar  /Users/rafal/.m2/repository/com/github/ben-manes/caffeine/caffeine/2.9.3/caffeine-2.9.3.jar  /Users/rafal/.m2/repository/org/checkerframework/checker-qual/3.19.0/checker-qual-3.19.0.jar  /Users/rafal/.m2/repository/com/google/errorprone/error_prone_annotations/2.10.0/error_prone_annotations-2.10.0.jar  /Users/rafal/.m2/repository/org/openmrs/api/openmrs-api/2.9.0-SNAPSHOT/openmrs-api-2.9.0-SNAPSHOT.jar  /Users/rafal/.m2/repository/commons-validator/commons-validator/1.10.0/commons-validator-1.10.0.jar  /Users/rafal/.m2/repository/commons-digester/commons-digester/2.1/commons-digester-2.1.jar  /Users/rafal/.m2/repository/commons-io/commons-io/2.19.0/commons-io-2.19.0.jar  /Users/rafal/.m2/repository/org/apache/velocity/velocity/1.7/velocity-1.7.jar  /Users/rafal/.m2/repository/commons-lang/commons-lang/2.4/commons-lang-2.4.jar  /Users/rafal/.m2/repository/org/springframework/spring-core/5.3.30/spring-core-5.3.30.jar  /Users/rafal/.m2/repository/org/springframework/spring-jcl/5.3.30/spring-jcl-5.3.30.jar  /Users/rafal/.m2/repository/org/springframework/spring-beans/5.3.30/spring-beans-5.3.30.jar  /Users/rafal/.m2/repository/org/springframework/spring-context/5.3.30/spring-context-5.3.30.jar  /Users/rafal/.m2/repository/org/springframework/spring-expression/5.3.30/spring-expression-5.3.30.jar  /Users/rafal/.m2/repository/org/springframework/spring-aop/5.3.30/spring-aop-5.3.30.jar  /Users/rafal/.m2/repository/org/springframework/spring-orm/5.3.30/spring-orm-5.3.30.jar  /Users/rafal/.m2/repository/org/springframework/spring-tx/5.3.30/spring-tx-5.3.30.jar  /Users/rafal/.m2/repository/org/springframework/spring-jdbc/5.3.30/spring-jdbc-5.3.30.jar  /Users/rafal/.m2/repository/org/springframework/spring-context-support/5.3.30/spring-context-support-5.3.30.jar  /Users/rafal/.m2/repository/org/springframework/spring-jms/5.3.30/spring-jms-5.3.30.jar  /Users/rafal/.m2/repository/org/springframework/spring-messaging/5.3.30/spring-messaging-5.3.30.jar  /Users/rafal/.m2/repository/javax/jms/javax.jms-api/2.0.1/javax.jms-api-2.0.1.jar  /Users/rafal/.m2/repository/org/infinispan/infinispan-spring5-embedded/13.0.22.Final/infinispan-spring5-embedded-13.0.22.Final.jar  /Users/rafal/.m2/repository/org/infinispan/infinispan-core/13.0.22.Final/infinispan-core-13.0.22.Final.jar  /Users/rafal/.m2/repository/org/infinispan/infinispan-commons/13.0.22.Final/infinispan-commons-13.0.22.Final.jar  /Users/rafal/.m2/repository/io/reactivex/rxjava3/rxjava/3.0.4/rxjava-3.0.4.jar  /Users/rafal/.m2/repository/org/infinispan/protostream/protostream/4.4.4.Final/protostream-4.4.4.Final.jar  /Users/rafal/.m2/repository/org/infinispan/protostream/protostream-types/4.4.4.Final/protostream-types-4.4.4.Final.jar  /Users/rafal/.m2/repository/org/jboss/threads/jboss-threads/2.3.3.Final/jboss-threads-2.3.3.Final.jar  /Users/rafal/.m2/repository/org/wildfly/common/wildfly-common/1.3.0.Final/wildfly-common-1.3.0.Final.jar  /Users/rafal/.m2/repository/org/infinispan/infinispan-spring5-common/13.0.22.Final/infinispan-spring5-common-13.0.22.Final.jar  /Users/rafal/.m2/repository/ca/uhn/hapi/hapi-base/2.1/hapi-base-2.1.jar  /Users/rafal/.m2/repository/ca/uhn/hapi/hapi-structures-v23/2.1/hapi-structures-v23-2.1.jar  /Users/rafal/.m2/repository/ca/uhn/hapi/hapi-structures-v24/2.1/hapi-structures-v24-2.1.jar  /Users/rafal/.m2/repository/ca/uhn/hapi/hapi-structures-v25/2.1/hapi-structures-v25-2.1.jar  /Users/rafal/.m2/repository/ca/uhn/hapi/hapi-structures-v26/2.1/hapi-structures-v26-2.1.jar  /Users/rafal/.m2/repository/org/javassist/javassist/3.30.2-GA/javassist-3.30.2-GA.jar  /Users/rafal/.m2/repository/net/bytebuddy/byte-buddy/1.17.6/byte-buddy-1.17.6.jar  /Users/rafal/.m2/repository/net/bytebuddy/byte-buddy-agent/1.17.6/byte-buddy-agent-1.17.6.jar  /Users/rafal/.m2/repository/org/hibernate/hibernate-core/5.6.15.Final/hibernate-core-5.6.15.Final.jar  /Users/rafal/.m2/repository/org/jboss/logging/jboss-logging/3.4.3.Final/jboss-logging-3.4.3.Final.jar  /Users/rafal/.m2/repository/javax/persistence/javax.persistence-api/2.2/javax.persistence-api-2.2.jar  /Users/rafal/.m2/repository/antlr/antlr/2.7.7/antlr-2.7.7.jar  /Users/rafal/.m2/repository/org/jboss/spec/javax/transaction/jboss-transaction-api_1.2_spec/1.1.1.Final/jboss-transaction-api_1.2_spec-1.1.1.Final.jar  /Users/rafal/.m2/repository/org/jboss/jandex/2.4.2.Final/jandex-2.4.2.Final.jar  /Users/rafal/.m2/repository/com/fasterxml/classmate/1.5.1/classmate-1.5.1.jar  /Users/rafal/.m2/repository/javax/activation/javax.activation-api/1.2.0/javax.activation-api-1.2.0.jar  /Users/rafal/.m2/repository/org/hibernate/common/hibernate-commons-annotations/5.1.2.Final/hibernate-commons-annotations-5.1.2.Final.jar  /Users/rafal/.m2/repository/javax/xml/bind/jaxb-api/2.3.1/jaxb-api-2.3.1.jar  /Users/rafal/.m2/repository/org/glassfish/jaxb/jaxb-runtime/2.3.1/jaxb-runtime-2.3.1.jar  /Users/rafal/.m2/repository/org/glassfish/jaxb/txw2/2.3.1/txw2-2.3.1.jar  /Users/rafal/.m2/repository/com/sun/istack/istack-commons-runtime/3.0.7/istack-commons-runtime-3.0.7.jar  /Users/rafal/.m2/repository/org/jvnet/staxex/stax-ex/1.8/stax-ex-1.8.jar  /Users/rafal/.m2/repository/com/sun/xml/fastinfoset/FastInfoset/1.2.15/FastInfoset-1.2.15.jar  /Users/rafal/.m2/repository/org/hibernate/hibernate-c3p0/5.6.15.Final/hibernate-c3p0-5.6.15.Final.jar  /Users/rafal/.m2/repository/com/mchange/c3p0/0.9.5.5/c3p0-0.9.5.5.jar  /Users/rafal/.m2/repository/com/mchange/mchange-commons-java/0.2.19/mchange-commons-java-0.2.19.jar  /Users/rafal/.m2/repository/org/infinispan/infinispan-hibernate-cache-v53/13.0.22.Final/infinispan-hibernate-cache-v53-13.0.22.Final.jar  /Users/rafal/.m2/repository/org/infinispan/infinispan-hibernate-cache-commons/13.0.22.Final/infinispan-hibernate-cache-commons-13.0.22.Final.jar  /Users/rafal/.m2/repository/org/infinispan/infinispan-hibernate-cache-spi/13.0.22.Final/infinispan-hibernate-cache-spi-13.0.22.Final.jar  /Users/rafal/.m2/repository/org/infinispan/infinispan-jboss-marshalling/13.0.22.Final/infinispan-jboss-marshalling-13.0.22.Final.jar  /Users/rafal/.m2/repository/org/jboss/marshalling/jboss-marshalling-osgi/2.0.12.Final/jboss-marshalling-osgi-2.0.12.Final.jar  /Users/rafal/.m2/repository/org/hibernate/search/hibernate-search-mapper-orm/6.2.4.Final/hibernate-search-mapper-orm-6.2.4.Final.jar  /Users/rafal/.m2/repository/org/hibernate/search/hibernate-search-engine/6.2.4.Final/hibernate-search-engine-6.2.4.Final.jar  /Users/rafal/.m2/repository/org/hibernate/search/hibernate-search-mapper-pojo-base/6.2.4.Final/hibernate-search-mapper-pojo-base-6.2.4.Final.jar  /Users/rafal/.m2/repository/org/hibernate/search/hibernate-search-util-common/6.2.4.Final/hibernate-search-util-common-6.2.4.Final.jar  /Users/rafal/.m2/repository/org/hibernate/search/hibernate-search-backend-lucene/6.2.4.Final/hibernate-search-backend-lucene-6.2.4.Final.jar  /Users/rafal/.m2/repository/org/apache/lucene/lucene-core/8.11.2/lucene-core-8.11.2.jar  /Users/rafal/.m2/repository/org/apache/lucene/lucene-analyzers-common/8.11.2/lucene-analyzers-common-8.11.2.jar  /Users/rafal/.m2/repository/org/apache/lucene/lucene-queryparser/8.11.2/lucene-queryparser-8.11.2.jar  /Users/rafal/.m2/repository/org/apache/lucene/lucene-queries/8.11.2/lucene-queries-8.11.2.jar  /Users/rafal/.m2/repository/org/apache/lucene/lucene-join/8.11.2/lucene-join-8.11.2.jar  /Users/rafal/.m2/repository/org/apache/lucene/lucene-facet/8.11.2/lucene-facet-8.11.2.jar  /Users/rafal/.m2/repository/com/carrotsearch/hppc/0.8.1/hppc-0.8.1.jar  /Users/rafal/.m2/repository/org/apache/lucene/lucene-highlighter/8.11.2/lucene-highlighter-8.11.2.jar  /Users/rafal/.m2/repository/org/apache/lucene/lucene-memory/8.11.2/lucene-memory-8.11.2.jar  /Users/rafal/.m2/repository/org/hibernate/search/hibernate-search-backend-elasticsearch/6.2.4.Final/hibernate-search-backend-elasticsearch-6.2.4.Final.jar  /Users/rafal/.m2/repository/org/elasticsearch/client/elasticsearch-rest-client/8.10.4/elasticsearch-rest-client-8.10.4.jar  /Users/rafal/.m2/repository/org/apache/httpcomponents/httpclient/4.5.13/httpclient-4.5.13.jar  /Users/rafal/.m2/repository/org/apache/httpcomponents/httpcore/4.4.13/httpcore-4.4.13.jar  /Users/rafal/.m2/repository/org/apache/httpcomponents/httpasyncclient/4.1.5/httpasyncclient-4.1.5.jar  /Users/rafal/.m2/repository/org/apache/httpcomponents/httpcore-nio/4.4.13/httpcore-nio-4.4.13.jar  /Users/rafal/.m2/repository/org/elasticsearch/client/elasticsearch-rest-client-sniffer/8.10.4/elasticsearch-rest-client-sniffer-8.10.4.jar  /Users/rafal/.m2/repository/com/google/code/gson/gson/2.9.1/gson-2.9.1.jar  /Users/rafal/.m2/repository/org/apache/lucene/lucene-analyzers-phonetic/8.11.2/lucene-analyzers-phonetic-8.11.2.jar  /Users/rafal/.m2/repository/commons-codec/commons-codec/1.13/commons-codec-1.13.jar  /Users/rafal/.m2/repository/org/hibernate/hibernate-envers/5.6.15.Final/hibernate-envers-5.6.15.Final.jar  /Users/rafal/.m2/repository/org/dom4j/dom4j/2.1.3/dom4j-2.1.3.jar  /Users/rafal/.m2/repository/org/apache/logging/log4j/log4j-core/2.22.1/log4j-core-2.22.1.jar  /Users/rafal/.m2/repository/org/apache/logging/log4j/log4j-api/2.22.1/log4j-api-2.22.1.jar  /Users/rafal/.m2/repository/org/apache/logging/log4j/log4j-slf4j-impl/2.22.1/log4j-slf4j-impl-2.22.1.jar  /Users/rafal/.m2/repository/org/apache/logging/log4j/log4j-1.2-api/2.22.1/log4j-1.2-api-2.22.1.jar  /Users/rafal/.m2/repository/com/thoughtworks/xstream/xstream/1.4.21/xstream-1.4.21.jar  /Users/rafal/.m2/repository/io/github/x-stream/mxparser/1.2.2/mxparser-1.2.2.jar  /Users/rafal/.m2/repository/xmlpull/xmlpull/1.1.3.1/xmlpull-1.1.3.1.jar  /Users/rafal/.m2/repository/org/liquibase/liquibase-core/4.32.0/liquibase-core-4.32.0.jar  /Users/rafal/.m2/repository/com/opencsv/opencsv/5.11/opencsv-5.11.jar  /Users/rafal/.m2/repository/org/yaml/snakeyaml/2.4/snakeyaml-2.4.jar  /Users/rafal/.m2/repository/org/apache/commons/commons-collections4/4.5.0/commons-collections4-4.5.0.jar  /Users/rafal/.m2/repository/xerces/xercesImpl/2.12.2/xercesImpl-2.12.2.jar  /Users/rafal/.m2/repository/xml-apis/xml-apis/1.4.01/xml-apis-1.4.01.jar  /Users/rafal/.m2/repository/javax/validation/validation-api/2.0.1.Final/validation-api-2.0.1.Final.jar  /Users/rafal/.m2/repository/org/hibernate/validator/hibernate-validator/6.2.0.Final/hibernate-validator-6.2.0.Final.jar  /Users/rafal/.m2/repository/jakarta/validation/jakarta.validation-api/2.0.2/jakarta.validation-api-2.0.2.jar  /Users/rafal/.m2/repository/mysql/mysql-connector-java/8.0.30/mysql-connector-java-8.0.30.jar  /Users/rafal/.m2/repository/com/google/protobuf/protobuf-java/3.19.4/protobuf-java-3.19.4.jar  /Users/rafal/.m2/repository/org/mariadb/jdbc/mariadb-java-client/3.5.4/mariadb-java-client-3.5.4.jar  /Users/rafal/.m2/repository/org/postgresql/postgresql/42.7.7/postgresql-42.7.7.jar  /Users/rafal/.m2/repository/org/codehaus/jackson/jackson-core-asl/1.9.14-MULE-002/jackson-core-asl-1.9.14-MULE-002.jar  /Users/rafal/.m2/repository/org/codehaus/jackson/jackson-mapper-asl/1.9.14-MULE-002/jackson-mapper-asl-1.9.14-MULE-002.jar  /Users/rafal/.m2/repository/com/fasterxml/jackson/core/jackson-core/2.19.1/jackson-core-2.19.1.jar  /Users/rafal/.m2/repository/com/fasterxml/jackson/core/jackson-annotations/2.19.1/jackson-annotations-2.19.1.jar  /Users/rafal/.m2/repository/com/fasterxml/jackson/core/jackson-databind/2.19.1/jackson-databind-2.19.1.jar  /Users/rafal/.m2/repository/com/fasterxml/jackson/datatype/jackson-datatype-jsr310/2.19.1/jackson-datatype-jsr310-2.19.1.jar  /Users/rafal/.m2/repository/com/fasterxml/jackson/datatype/jackson-datatype-hibernate5/2.19.1/jackson-datatype-hibernate5-2.19.1.jar  /Users/rafal/.m2/repository/javax/transaction/javax.transaction-api/1.3/javax.transaction-api-1.3.jar  /Users/rafal/.m2/repository/org/codehaus/groovy/groovy-all/2.4.21/groovy-all-2.4.21.jar  /Users/rafal/.m2/repository/org/aspectj/aspectjrt/1.9.24/aspectjrt-1.9.24.jar  /Users/rafal/.m2/repository/org/aspectj/aspectjweaver/1.9.24/aspectjweaver-1.9.24.jar  /Users/rafal/.m2/repository/joda-time/joda-time/2.14.0/joda-time-2.14.0.jar  /Users/rafal/.m2/repository/javax/annotation/javax.annotation-api/1.3.2/javax.annotation-api-1.3.2.jar  /Users/rafal/.m2/repository/com/sun/activation/javax.activation/1.2.0/javax.activation-1.2.0.jar  /Users/rafal/.m2/repository/jakarta/xml/bind/jakarta.xml.bind-api/4.0.2/jakarta.xml.bind-api-4.0.2.jar  /Users/rafal/.m2/repository/com/google/guava/guava/33.4.8-jre/guava-33.4.8-jre.jar  /Users/rafal/.m2/repository/com/google/guava/failureaccess/1.0.3/failureaccess-1.0.3.jar  /Users/rafal/.m2/repository/com/google/guava/listenablefuture/9999.0-empty-to-avoid-conflict-with-guava/listenablefuture-9999.0-empty-to-avoid-conflict-with-guava.jar  /Users/rafal/.m2/repository/com/google/j2objc/j2objc-annotations/3.0.0/j2objc-annotations-3.0.0.jar  /Users/rafal/.m2/repository/com/sun/mail/javax.mail/1.6.2/javax.mail-1.6.2.jar  /Users/rafal/.m2/repository/software/amazon/awssdk/s3/2.31.50/s3-2.31.50.jar  /Users/rafal/.m2/repository/software/amazon/awssdk/aws-xml-protocol/2.31.50/aws-xml-protocol-2.31.50.jar  /Users/rafal/.m2/repository/software/amazon/awssdk/aws-query-protocol/2.31.50/aws-query-protocol-2.31.50.jar  /Users/rafal/.m2/repository/software/amazon/awssdk/protocol-core/2.31.50/protocol-core-2.31.50.jar  /Users/rafal/.m2/repository/software/amazon/awssdk/arns/2.31.50/arns-2.31.50.jar  /Users/rafal/.m2/repository/software/amazon/awssdk/profiles/2.31.50/profiles-2.31.50.jar  /Users/rafal/.m2/repository/software/amazon/awssdk/crt-core/2.31.50/crt-core-2.31.50.jar  /Users/rafal/.m2/repository/software/amazon/awssdk/http-auth/2.31.50/http-auth-2.31.50.jar  /Users/rafal/.m2/repository/software/amazon/awssdk/identity-spi/2.31.50/identity-spi-2.31.50.jar  /Users/rafal/.m2/repository/software/amazon/awssdk/http-auth-spi/2.31.50/http-auth-spi-2.31.50.jar  /Users/rafal/.m2/repository/org/reactivestreams/reactive-streams/1.0.4/reactive-streams-1.0.4.jar  /Users/rafal/.m2/repository/software/amazon/awssdk/http-auth-aws/2.31.50/http-auth-aws-2.31.50.jar  /Users/rafal/.m2/repository/software/amazon/awssdk/checksums/2.31.50/checksums-2.31.50.jar  /Users/rafal/.m2/repository/software/amazon/awssdk/checksums-spi/2.31.50/checksums-spi-2.31.50.jar  /Users/rafal/.m2/repository/software/amazon/awssdk/retries-spi/2.31.50/retries-spi-2.31.50.jar  /Users/rafal/.m2/repository/software/amazon/awssdk/sdk-core/2.31.50/sdk-core-2.31.50.jar  /Users/rafal/.m2/repository/software/amazon/awssdk/retries/2.31.50/retries-2.31.50.jar  /Users/rafal/.m2/repository/software/amazon/awssdk/auth/2.31.50/auth-2.31.50.jar  /Users/rafal/.m2/repository/software/amazon/awssdk/http-auth-aws-eventstream/2.31.50/http-auth-aws-eventstream-2.31.50.jar  /Users/rafal/.m2/repository/software/amazon/eventstream/eventstream/1.0.1/eventstream-1.0.1.jar  /Users/rafal/.m2/repository/software/amazon/awssdk/http-client-spi/2.31.50/http-client-spi-2.31.50.jar  /Users/rafal/.m2/repository/software/amazon/awssdk/regions/2.31.50/regions-2.31.50.jar  /Users/rafal/.m2/repository/software/amazon/awssdk/annotations/2.31.50/annotations-2.31.50.jar  /Users/rafal/.m2/repository/software/amazon/awssdk/utils/2.31.50/utils-2.31.50.jar  /Users/rafal/.m2/repository/software/amazon/awssdk/aws-core/2.31.50/aws-core-2.31.50.jar  /Users/rafal/.m2/repository/software/amazon/awssdk/metrics-spi/2.31.50/metrics-spi-2.31.50.jar  /Users/rafal/.m2/repository/software/amazon/awssdk/json-utils/2.31.50/json-utils-2.31.50.jar  /Users/rafal/.m2/repository/software/amazon/awssdk/third-party-jackson-core/2.31.50/third-party-jackson-core-2.31.50.jar  /Users/rafal/.m2/repository/software/amazon/awssdk/endpoints-spi/2.31.50/endpoints-spi-2.31.50.jar  /Users/rafal/.m2/repository/software/amazon/awssdk/apache-client/2.31.50/apache-client-2.31.50.jar  /Users/rafal/.m2/repository/software/amazon/awssdk/netty-nio-client/2.31.50/netty-nio-client-2.31.50.jar  /Users/rafal/.m2/repository/io/netty/netty-codec-http2/4.1.118.Final/netty-codec-http2-4.1.118.Final.jar  /Users/rafal/.m2/repository/org/graalvm/js/js/20.3.17/js-20.3.17.jar  /Users/rafal/.m2/repository/org/graalvm/regex/regex/20.3.17/regex-20.3.17.jar  /Users/rafal/.m2/repository/org/graalvm/truffle/truffle-api/20.3.17/truffle-api-20.3.17.jar  /Users/rafal/.m2/repository/org/graalvm/sdk/graal-sdk/20.3.17/graal-sdk-20.3.17.jar  /Users/rafal/.m2/repository/com/ibm/icu/icu4j/71.1/icu4j-71.1.jar  /Users/rafal/.m2/repository/org/graalvm/js/js-scriptengine/20.3.17/js-scriptengine-20.3.17.jar  /Users/rafal/.m2/repository/net/javacrumbs/shedlock/shedlock-spring/4.48.0/shedlock-spring-4.48.0.jar  /Users/rafal/.m2/repository/net/javacrumbs/shedlock/shedlock-core/4.48.0/shedlock-core-4.48.0.jar  /Users/rafal/.m2/repository/net/javacrumbs/shedlock/shedlock-provider-jdbc-template/4.48.0/shedlock-provider-jdbc-template-4.48.0.jar  /Users/rafal/.m2/repository/org/jobrunr/jobrunr/6.3.5/jobrunr-6.3.5.jar  /Users/rafal/.m2/repository/org/ow2/asm/asm/9.5/asm-9.5.jar  /Users/rafal/.m2/repository/org/openmrs/api/openmrs-api/2.9.0-SNAPSHOT/openmrs-api-2.9.0-SNAPSHOT-tests.jar  /Users/rafal/.m2/repository/org/springframework/spring-test/5.3.30/spring-test-5.3.30.jar  /Users/rafal/.m2/repository/com/h2database/h2/1.4.200/h2-1.4.200.jar  /Users/rafal/.m2/repository/junit/junit/4.13.2/junit-4.13.2.jar  /Users/rafal/.m2/repository/org/junit/jupiter/junit-jupiter-api/5.11.4/junit-jupiter-api-5.11.4.jar  /Users/rafal/.m2/repository/org/opentest4j/opentest4j/1.3.0/opentest4j-1.3.0.jar  /Users/rafal/.m2/repository/org/junit/platform/junit-platform-commons/1.11.4/junit-platform-commons-1.11.4.jar  /Users/rafal/.m2/repository/org/apiguardian/apiguardian-api/1.1.2/apiguardian-api-1.1.2.jar  /Users/rafal/.m2/repository/org/junit/jupiter/junit-jupiter-engine/5.11.4/junit-jupiter-engine-5.11.4.jar  /Users/rafal/.m2/repository/org/junit/platform/junit-platform-engine/1.11.4/junit-platform-engine-1.11.4.jar  /Users/rafal/.m2/repository/org/junit/vintage/junit-vintage-engine/5.11.4/junit-vintage-engine-5.11.4.jar  /Users/rafal/.m2/repository/org/junit/jupiter/junit-jupiter-params/5.11.4/junit-jupiter-params-5.11.4.jar  /Users/rafal/.m2/repository/org/dbunit/dbunit/3.0.0/dbunit-3.0.0.jar  /Users/rafal/.m2/repository/org/junit/platform/junit-platform-suite-engine/1.10.1/junit-platform-suite-engine-1.10.1.jar  /Users/rafal/.m2/repository/org/junit/platform/junit-platform-suite-api/1.10.1/junit-platform-suite-api-1.10.1.jar  /Users/rafal/.m2/repository/org/junit/platform/junit-platform-suite-commons/1.10.1/junit-platform-suite-commons-1.10.1.jar  /Users/rafal/.m2/repository/org/junit/platform/junit-platform-launcher/1.10.1/junit-platform-launcher-1.10.1.jar  /Users/rafal/.m2/repository/org/mockito/mockito-core/5.6.0/mockito-core-5.6.0.jar  /Users/rafal/.m2/repository/org/objenesis/objenesis/3.3/objenesis-3.3.jar  /Users/rafal/.m2/repository/org/mockito/mockito-junit-jupiter/5.6.0/mockito-junit-jupiter-5.6.0.jar  /Users/rafal/.m2/repository/org/hamcrest/hamcrest-core/3.0/hamcrest-core-3.0.jar  /Users/rafal/.m2/repository/org/hamcrest/hamcrest/3.0/hamcrest-3.0.jar  /Users/rafal/.m2/repository/org/testcontainers/testcontainers/2.0.3/testcontainers-2.0.3.jar  /Users/rafal/.m2/repository/org/apache/commons/commons-compress/1.28.0/commons-compress-1.28.0.jar  /Users/rafal/.m2/repository/org/rnorth/duct-tape/duct-tape/1.0.8/duct-tape-1.0.8.jar  /Users/rafal/.m2/repository/org/jetbrains/annotations/17.0.0/annotations-17.0.0.jar  /Users/rafal/.m2/repository/com/github/docker-java/docker-java-api/3.7.0/docker-java-api-3.7.0.jar  /Users/rafal/.m2/repository/com/github/docker-java/docker-java-transport-zerodep/3.7.0/docker-java-transport-zerodep-3.7.0.jar  /Users/rafal/.m2/repository/com/github/docker-java/docker-java-transport/3.7.0/docker-java-transport-3.7.0.jar  /Users/rafal/.m2/repository/net/java/dev/jna/jna/5.18.1/jna-5.18.1.jar  /Users/rafal/.m2/repository/org/testcontainers/postgresql/1.21.3/postgresql-1.21.3.jar  /Users/rafal/.m2/repository/org/testcontainers/jdbc/1.21.3/jdbc-1.21.3.jar  /Users/rafal/.m2/repository/org/testcontainers/database-commons/1.21.3/database-commons-1.21.3.jar  /Users/rafal/.m2/repository/org/testcontainers/mysql/1.21.3/mysql-1.21.3.jar  /Users/rafal/.m2/repository/org/testcontainers/mariadb/1.21.3/mariadb-1.21.3.jar  /Users/rafal/.m2/repository/org/testcontainers/junit-jupiter/1.21.3/junit-jupiter-1.21.3.jar  /Users/rafal/.m2/repository/com/adobe/testing/s3mock-testcontainers/2.17.0/s3mock-testcontainers-2.17.0.jar
[DEBUG] provider classpath:  /Users/rafal/.m2/repository/org/apache/maven/surefire/surefire-junit-platform/3.2.5/surefire-junit-platform-3.2.5.jar  /Users/rafal/.m2/repository/org/apache/maven/surefire/surefire-api/3.2.5/surefire-api-3.2.5.jar  /Users/rafal/.m2/repository/org/apache/maven/surefire/surefire-logger-api/3.2.5/surefire-logger-api-3.2.5.jar  /Users/rafal/.m2/repository/org/apache/maven/surefire/surefire-shared-utils/3.2.5/surefire-shared-utils-3.2.5.jar  /Users/rafal/.m2/repository/org/apache/maven/surefire/common-java5/3.2.5/common-java5-3.2.5.jar
[DEBUG] test(compact) classpath:  test-classes  classes  artemis-server-2.54.0.jar  slf4j-api-1.7.30.jar  artemis-commons-2.54.0.jar  artemis-selector-2.54.0.jar  artemis-journal-2.54.0.jar  activemq-artemis-native-2.0.0.jar  artemis-jdbc-store-2.54.0.jar  commons-dbcp2-2.14.0.jar  commons-pool2-2.13.0.jar  jakarta.transaction-api-1.3.3.jar  artemis-core-client-2.54.0.jar  jgroups-5.3.13.Final.jar  netty-handler-proxy-4.1.132.Final.jar  netty-codec-socks-4.1.132.Final.jar  netty-resolver-4.1.132.Final.jar  pem-keystore-3.0.0.jar  asn-one-0.6.0.jar  artemis-lockmanager-api-2.54.0.jar  jctools-core-4.0.6.jar  netty-buffer-4.1.132.Final.jar  netty-transport-4.1.132.Final.jar  netty-codec-http-4.1.132.Final.jar  netty-codec-haproxy-4.1.132.Final.jar  netty-common-4.1.132.Final.jar  netty-handler-4.1.132.Final.jar  netty-transport-native-unix-common-4.1.132.Final.jar  netty-transport-native-epoll-4.1.132.Final-linux-x86_64.jar  netty-transport-classes-epoll-4.1.132.Final.jar  netty-transport-native-kqueue-4.1.132.Final-osx-x86_64.jar  netty-transport-classes-kqueue-4.1.132.Final.jar  netty-codec-4.1.132.Final.jar  commons-beanutils-1.9.4.jar  commons-logging-1.2.jar  commons-lang3-3.12.0.jar  commons-configuration2-2.14.0.jar  commons-text-1.15.0.jar  commons-collections-3.2.2.jar  micrometer-core-1.16.5.jar  jspecify-1.0.0.jar  micrometer-commons-1.16.5.jar  micrometer-observation-1.16.5.jar  nimbus-jose-jwt-10.9.jar  artemis-jms-client-2.54.0.jar  jakarta.jms-api-2.0.3.jar  artemis-web-2.54.0.jar  artemis-dto-2.54.0.jar  jaxb-impl-2.3.9.jar  jakarta.activation-api-1.2.2.jar  artemis-cli-2.54.0.jar  artemis-jms-server-2.54.0.jar  artemis-service-extensions-2.54.0.jar  jakarta.inject-api-1.0.5.jar  qpid-jms-client-1.16.0.jar  proton-j-0.34.1.jar  picocli-4.7.7.jar  picocli-shell-jline3-4.7.7.jar  jline-console-4.1.0.jar  jline-shell-4.1.0.jar  jline-builtins-4.1.0.jar  jline-style-4.1.0.jar  jline-console-ui-4.1.0.jar  jline-reader-4.1.0.jar  jline-terminal-4.1.0.jar  HdrHistogram-2.2.2.jar  jetty-jakarta-servlet-api-5.0.2.jar  jetty-server-12.1.9.jar  jetty-io-12.1.9.jar  jetty-ee9-servlet-12.1.9.jar  jetty-ee9-webapp-12.1.9.jar  jetty-xml-12.1.9.jar  jetty-ee-webapp-12.1.9.jar  jetty-ee9-nested-12.1.9.jar  jetty-security-12.1.9.jar  jetty-session-12.1.9.jar  jetty-ee9-security-12.1.9.jar  jetty-util-12.1.9.jar  jetty-http-12.1.9.jar  jetty-http2-server-12.1.9.jar  jetty-http2-common-12.1.9.jar  jetty-http2-hpack-12.1.9.jar  jetty-alpn-server-12.1.9.jar  jetty-alpn-java-server-12.1.9.jar  jetty-compression-server-12.1.9.jar  jetty-compression-common-12.1.9.jar  jetty-compression-gzip-12.1.9.jar  caffeine-2.9.3.jar  checker-qual-3.19.0.jar  error_prone_annotations-2.10.0.jar  openmrs-api-2.9.0-SNAPSHOT.jar  commons-validator-1.10.0.jar  commons-digester-2.1.jar  commons-io-2.19.0.jar  velocity-1.7.jar  commons-lang-2.4.jar  spring-core-5.3.30.jar  spring-jcl-5.3.30.jar  spring-beans-5.3.30.jar  spring-context-5.3.30.jar  spring-expression-5.3.30.jar  spring-aop-5.3.30.jar  spring-orm-5.3.30.jar  spring-tx-5.3.30.jar  spring-jdbc-5.3.30.jar  spring-context-support-5.3.30.jar  spring-jms-5.3.30.jar  spring-messaging-5.3.30.jar  javax.jms-api-2.0.1.jar  infinispan-spring5-embedded-13.0.22.Final.jar  infinispan-core-13.0.22.Final.jar  infinispan-commons-13.0.22.Final.jar  rxjava-3.0.4.jar  protostream-4.4.4.Final.jar  protostream-types-4.4.4.Final.jar  jboss-threads-2.3.3.Final.jar  wildfly-common-1.3.0.Final.jar  infinispan-spring5-common-13.0.22.Final.jar  hapi-base-2.1.jar  hapi-structures-v23-2.1.jar  hapi-structures-v24-2.1.jar  hapi-structures-v25-2.1.jar  hapi-structures-v26-2.1.jar  javassist-3.30.2-GA.jar  byte-buddy-1.17.6.jar  byte-buddy-agent-1.17.6.jar  hibernate-core-5.6.15.Final.jar  jboss-logging-3.4.3.Final.jar  javax.persistence-api-2.2.jar  antlr-2.7.7.jar  jboss-transaction-api_1.2_spec-1.1.1.Final.jar  jandex-2.4.2.Final.jar  classmate-1.5.1.jar  javax.activation-api-1.2.0.jar  hibernate-commons-annotations-5.1.2.Final.jar  jaxb-api-2.3.1.jar  jaxb-runtime-2.3.1.jar  txw2-2.3.1.jar  istack-commons-runtime-3.0.7.jar  stax-ex-1.8.jar  FastInfoset-1.2.15.jar  hibernate-c3p0-5.6.15.Final.jar  c3p0-0.9.5.5.jar  mchange-commons-java-0.2.19.jar  infinispan-hibernate-cache-v53-13.0.22.Final.jar  infinispan-hibernate-cache-commons-13.0.22.Final.jar  infinispan-hibernate-cache-spi-13.0.22.Final.jar  infinispan-jboss-marshalling-13.0.22.Final.jar  jboss-marshalling-osgi-2.0.12.Final.jar  hibernate-search-mapper-orm-6.2.4.Final.jar  hibernate-search-engine-6.2.4.Final.jar  hibernate-search-mapper-pojo-base-6.2.4.Final.jar  hibernate-search-util-common-6.2.4.Final.jar  hibernate-search-backend-lucene-6.2.4.Final.jar  lucene-core-8.11.2.jar  lucene-analyzers-common-8.11.2.jar  lucene-queryparser-8.11.2.jar  lucene-queries-8.11.2.jar  lucene-join-8.11.2.jar  lucene-facet-8.11.2.jar  hppc-0.8.1.jar  lucene-highlighter-8.11.2.jar  lucene-memory-8.11.2.jar  hibernate-search-backend-elasticsearch-6.2.4.Final.jar  elasticsearch-rest-client-8.10.4.jar  httpclient-4.5.13.jar  httpcore-4.4.13.jar  httpasyncclient-4.1.5.jar  httpcore-nio-4.4.13.jar  elasticsearch-rest-client-sniffer-8.10.4.jar  gson-2.9.1.jar  lucene-analyzers-phonetic-8.11.2.jar  commons-codec-1.13.jar  hibernate-envers-5.6.15.Final.jar  dom4j-2.1.3.jar  log4j-core-2.22.1.jar  log4j-api-2.22.1.jar  log4j-slf4j-impl-2.22.1.jar  log4j-1.2-api-2.22.1.jar  xstream-1.4.21.jar  mxparser-1.2.2.jar  xmlpull-1.1.3.1.jar  liquibase-core-4.32.0.jar  opencsv-5.11.jar  snakeyaml-2.4.jar  commons-collections4-4.5.0.jar  xercesImpl-2.12.2.jar  xml-apis-1.4.01.jar  validation-api-2.0.1.Final.jar  hibernate-validator-6.2.0.Final.jar  jakarta.validation-api-2.0.2.jar  mysql-connector-java-8.0.30.jar  protobuf-java-3.19.4.jar  mariadb-java-client-3.5.4.jar  postgresql-42.7.7.jar  jackson-core-asl-1.9.14-MULE-002.jar  jackson-mapper-asl-1.9.14-MULE-002.jar  jackson-core-2.19.1.jar  jackson-annotations-2.19.1.jar  jackson-databind-2.19.1.jar  jackson-datatype-jsr310-2.19.1.jar  jackson-datatype-hibernate5-2.19.1.jar  javax.transaction-api-1.3.jar  groovy-all-2.4.21.jar  aspectjrt-1.9.24.jar  aspectjweaver-1.9.24.jar  joda-time-2.14.0.jar  javax.annotation-api-1.3.2.jar  javax.activation-1.2.0.jar  jakarta.xml.bind-api-4.0.2.jar  guava-33.4.8-jre.jar  failureaccess-1.0.3.jar  listenablefuture-9999.0-empty-to-avoid-conflict-with-guava.jar  j2objc-annotations-3.0.0.jar  javax.mail-1.6.2.jar  s3-2.31.50.jar  aws-xml-protocol-2.31.50.jar  aws-query-protocol-2.31.50.jar  protocol-core-2.31.50.jar  arns-2.31.50.jar  profiles-2.31.50.jar  crt-core-2.31.50.jar  http-auth-2.31.50.jar  identity-spi-2.31.50.jar  http-auth-spi-2.31.50.jar  reactive-streams-1.0.4.jar  http-auth-aws-2.31.50.jar  checksums-2.31.50.jar  checksums-spi-2.31.50.jar  retries-spi-2.31.50.jar  sdk-core-2.31.50.jar  retries-2.31.50.jar  auth-2.31.50.jar  http-auth-aws-eventstream-2.31.50.jar  eventstream-1.0.1.jar  http-client-spi-2.31.50.jar  regions-2.31.50.jar  annotations-2.31.50.jar  utils-2.31.50.jar  aws-core-2.31.50.jar  metrics-spi-2.31.50.jar  json-utils-2.31.50.jar  third-party-jackson-core-2.31.50.jar  endpoints-spi-2.31.50.jar  apache-client-2.31.50.jar  netty-nio-client-2.31.50.jar  netty-codec-http2-4.1.118.Final.jar  js-20.3.17.jar  regex-20.3.17.jar  truffle-api-20.3.17.jar  graal-sdk-20.3.17.jar  icu4j-71.1.jar  js-scriptengine-20.3.17.jar  shedlock-spring-4.48.0.jar  shedlock-core-4.48.0.jar  shedlock-provider-jdbc-template-4.48.0.jar  jobrunr-6.3.5.jar  asm-9.5.jar  openmrs-api-2.9.0-SNAPSHOT-tests.jar  spring-test-5.3.30.jar  h2-1.4.200.jar  junit-4.13.2.jar  junit-jupiter-api-5.11.4.jar  opentest4j-1.3.0.jar  junit-platform-commons-1.11.4.jar  apiguardian-api-1.1.2.jar  junit-jupiter-engine-5.11.4.jar  junit-platform-engine-1.11.4.jar  junit-vintage-engine-5.11.4.jar  junit-jupiter-params-5.11.4.jar  dbunit-3.0.0.jar  junit-platform-suite-engine-1.10.1.jar  junit-platform-suite-api-1.10.1.jar  junit-platform-suite-commons-1.10.1.jar  junit-platform-launcher-1.10.1.jar  mockito-core-5.6.0.jar  objenesis-3.3.jar  mockito-junit-jupiter-5.6.0.jar  hamcrest-core-3.0.jar  hamcrest-3.0.jar  testcontainers-2.0.3.jar  commons-compress-1.28.0.jar  duct-tape-1.0.8.jar  annotations-17.0.0.jar  docker-java-api-3.7.0.jar  docker-java-transport-zerodep-3.7.0.jar  docker-java-transport-3.7.0.jar  jna-5.18.1.jar  postgresql-1.21.3.jar  jdbc-1.21.3.jar  database-commons-1.21.3.jar  mysql-1.21.3.jar  mariadb-1.21.3.jar  junit-jupiter-1.21.3.jar  s3mock-testcontainers-2.17.0.jar
[DEBUG] provider(compact) classpath:  surefire-junit-platform-3.2.5.jar  surefire-api-3.2.5.jar  surefire-logger-api-3.2.5.jar  surefire-shared-utils-3.2.5.jar  common-java5-3.2.5.jar
[DEBUG] in-process classpath:  /Users/rafal/.m2/repository/org/apache/maven/surefire/surefire-junit-platform/3.2.5/surefire-junit-platform-3.2.5.jar  /Users/rafal/.m2/repository/org/apache/maven/surefire/surefire-api/3.2.5/surefire-api-3.2.5.jar  /Users/rafal/.m2/repository/org/apache/maven/surefire/surefire-logger-api/3.2.5/surefire-logger-api-3.2.5.jar  /Users/rafal/.m2/repository/org/apache/maven/surefire/surefire-shared-utils/3.2.5/surefire-shared-utils-3.2.5.jar  /Users/rafal/.m2/repository/org/apache/maven/surefire/common-java5/3.2.5/common-java5-3.2.5.jar  /Users/rafal/.m2/repository/org/apache/maven/surefire/maven-surefire-common/3.2.5/maven-surefire-common-3.2.5.jar  /Users/rafal/.m2/repository/org/apache/maven/surefire/surefire-booter/3.2.5/surefire-booter-3.2.5.jar  /Users/rafal/.m2/repository/org/apache/maven/surefire/surefire-extensions-api/3.2.5/surefire-extensions-api-3.2.5.jar  /Users/rafal/.m2/repository/org/apache/maven/surefire/surefire-extensions-spi/3.2.5/surefire-extensions-spi-3.2.5.jar
[DEBUG] in-process(compact) classpath:  surefire-junit-platform-3.2.5.jar  surefire-api-3.2.5.jar  surefire-logger-api-3.2.5.jar  surefire-shared-utils-3.2.5.jar  common-java5-3.2.5.jar  maven-surefire-common-3.2.5.jar  surefire-booter-3.2.5.jar  surefire-extensions-api-3.2.5.jar  surefire-extensions-spi-3.2.5.jar
[INFO] 
[INFO] -------------------------------------------------------
[INFO]  T E S T S
[INFO] -------------------------------------------------------
[DEBUG] Determined Maven Process ID 47258
[DEBUG] Fork Channel [1] connection string 'pipe://1' for the implementation class org.apache.maven.plugin.surefire.extensions.LegacyForkChannel
[DEBUG] boot classpath:  /Users/rafal/.m2/repository/org/apache/maven/surefire/surefire-booter/3.2.5/surefire-booter-3.2.5.jar  /Users/rafal/.m2/repository/org/apache/maven/surefire/surefire-api/3.2.5/surefire-api-3.2.5.jar  /Users/rafal/.m2/repository/org/apache/maven/surefire/surefire-logger-api/3.2.5/surefire-logger-api-3.2.5.jar  /Users/rafal/.m2/repository/org/apache/maven/surefire/surefire-shared-utils/3.2.5/surefire-shared-utils-3.2.5.jar  /Users/rafal/.m2/repository/org/apache/maven/surefire/surefire-extensions-spi/3.2.5/surefire-extensions-spi-3.2.5.jar  /Users/rafal/workspace/openmrs-module-artemis/api/target/test-classes  /Users/rafal/workspace/openmrs-module-artemis/api/target/classes  /Users/rafal/.m2/repository/org/apache/artemis/artemis-server/2.54.0/artemis-server-2.54.0.jar  /Users/rafal/.m2/repository/org/slf4j/slf4j-api/1.7.30/slf4j-api-1.7.30.jar  /Users/rafal/.m2/repository/org/apache/artemis/artemis-commons/2.54.0/artemis-commons-2.54.0.jar  /Users/rafal/.m2/repository/org/apache/artemis/artemis-selector/2.54.0/artemis-selector-2.54.0.jar  /Users/rafal/.m2/repository/org/apache/artemis/artemis-journal/2.54.0/artemis-journal-2.54.0.jar  /Users/rafal/.m2/repository/org/apache/activemq/activemq-artemis-native/2.0.0/activemq-artemis-native-2.0.0.jar  /Users/rafal/.m2/repository/org/apache/artemis/artemis-jdbc-store/2.54.0/artemis-jdbc-store-2.54.0.jar  /Users/rafal/.m2/repository/org/apache/commons/commons-dbcp2/2.14.0/commons-dbcp2-2.14.0.jar  /Users/rafal/.m2/repository/org/apache/commons/commons-pool2/2.13.0/commons-pool2-2.13.0.jar  /Users/rafal/.m2/repository/jakarta/transaction/jakarta.transaction-api/1.3.3/jakarta.transaction-api-1.3.3.jar  /Users/rafal/.m2/repository/org/apache/artemis/artemis-core-client/2.54.0/artemis-core-client-2.54.0.jar  /Users/rafal/.m2/repository/org/jgroups/jgroups/5.3.13.Final/jgroups-5.3.13.Final.jar  /Users/rafal/.m2/repository/io/netty/netty-handler-proxy/4.1.132.Final/netty-handler-proxy-4.1.132.Final.jar  /Users/rafal/.m2/repository/io/netty/netty-codec-socks/4.1.132.Final/netty-codec-socks-4.1.132.Final.jar  /Users/rafal/.m2/repository/io/netty/netty-resolver/4.1.132.Final/netty-resolver-4.1.132.Final.jar  /Users/rafal/.m2/repository/de/dentrassi/crypto/pem-keystore/3.0.0/pem-keystore-3.0.0.jar  /Users/rafal/.m2/repository/com/hierynomus/asn-one/0.6.0/asn-one-0.6.0.jar  /Users/rafal/.m2/repository/org/apache/artemis/artemis-lockmanager-api/2.54.0/artemis-lockmanager-api-2.54.0.jar  /Users/rafal/.m2/repository/org/jctools/jctools-core/4.0.6/jctools-core-4.0.6.jar  /Users/rafal/.m2/repository/io/netty/netty-buffer/4.1.132.Final/netty-buffer-4.1.132.Final.jar  /Users/rafal/.m2/repository/io/netty/netty-transport/4.1.132.Final/netty-transport-4.1.132.Final.jar  /Users/rafal/.m2/repository/io/netty/netty-codec-http/4.1.132.Final/netty-codec-http-4.1.132.Final.jar  /Users/rafal/.m2/repository/io/netty/netty-codec-haproxy/4.1.132.Final/netty-codec-haproxy-4.1.132.Final.jar  /Users/rafal/.m2/repository/io/netty/netty-common/4.1.132.Final/netty-common-4.1.132.Final.jar  /Users/rafal/.m2/repository/io/netty/netty-handler/4.1.132.Final/netty-handler-4.1.132.Final.jar  /Users/rafal/.m2/repository/io/netty/netty-transport-native-unix-common/4.1.132.Final/netty-transport-native-unix-common-4.1.132.Final.jar  /Users/rafal/.m2/repository/io/netty/netty-transport-native-epoll/4.1.132.Final/netty-transport-native-epoll-4.1.132.Final-linux-x86_64.jar  /Users/rafal/.m2/repository/io/netty/netty-transport-classes-epoll/4.1.132.Final/netty-transport-classes-epoll-4.1.132.Final.jar  /Users/rafal/.m2/repository/io/netty/netty-transport-native-kqueue/4.1.132.Final/netty-transport-native-kqueue-4.1.132.Final-osx-x86_64.jar  /Users/rafal/.m2/repository/io/netty/netty-transport-classes-kqueue/4.1.132.Final/netty-transport-classes-kqueue-4.1.132.Final.jar  /Users/rafal/.m2/repository/io/netty/netty-codec/4.1.132.Final/netty-codec-4.1.132.Final.jar  /Users/rafal/.m2/repository/commons-beanutils/commons-beanutils/1.9.4/commons-beanutils-1.9.4.jar  /Users/rafal/.m2/repository/commons-logging/commons-logging/1.2/commons-logging-1.2.jar  /Users/rafal/.m2/repository/org/apache/commons/commons-lang3/3.12.0/commons-lang3-3.12.0.jar  /Users/rafal/.m2/repository/org/apache/commons/commons-configuration2/2.14.0/commons-configuration2-2.14.0.jar  /Users/rafal/.m2/repository/org/apache/commons/commons-text/1.15.0/commons-text-1.15.0.jar  /Users/rafal/.m2/repository/commons-collections/commons-collections/3.2.2/commons-collections-3.2.2.jar  /Users/rafal/.m2/repository/io/micrometer/micrometer-core/1.16.5/micrometer-core-1.16.5.jar  /Users/rafal/.m2/repository/org/jspecify/jspecify/1.0.0/jspecify-1.0.0.jar  /Users/rafal/.m2/repository/io/micrometer/micrometer-commons/1.16.5/micrometer-commons-1.16.5.jar  /Users/rafal/.m2/repository/io/micrometer/micrometer-observation/1.16.5/micrometer-observation-1.16.5.jar  /Users/rafal/.m2/repository/com/nimbusds/nimbus-jose-jwt/10.9/nimbus-jose-jwt-10.9.jar  /Users/rafal/.m2/repository/org/apache/artemis/artemis-jms-client/2.54.0/artemis-jms-client-2.54.0.jar  /Users/rafal/.m2/repository/jakarta/jms/jakarta.jms-api/2.0.3/jakarta.jms-api-2.0.3.jar  /Users/rafal/.m2/repository/org/apache/artemis/artemis-web/2.54.0/artemis-web-2.54.0.jar  /Users/rafal/.m2/repository/org/apache/artemis/artemis-dto/2.54.0/artemis-dto-2.54.0.jar  /Users/rafal/.m2/repository/com/sun/xml/bind/jaxb-impl/2.3.9/jaxb-impl-2.3.9.jar  /Users/rafal/.m2/repository/jakarta/activation/jakarta.activation-api/1.2.2/jakarta.activation-api-1.2.2.jar  /Users/rafal/.m2/repository/org/apache/artemis/artemis-cli/2.54.0/artemis-cli-2.54.0.jar  /Users/rafal/.m2/repository/org/apache/artemis/artemis-jms-server/2.54.0/artemis-jms-server-2.54.0.jar  /Users/rafal/.m2/repository/org/apache/artemis/artemis-service-extensions/2.54.0/artemis-service-extensions-2.54.0.jar  /Users/rafal/.m2/repository/jakarta/inject/jakarta.inject-api/1.0.5/jakarta.inject-api-1.0.5.jar  /Users/rafal/.m2/repository/org/apache/qpid/qpid-jms-client/1.16.0/qpid-jms-client-1.16.0.jar  /Users/rafal/.m2/repository/org/apache/qpid/proton-j/0.34.1/proton-j-0.34.1.jar  /Users/rafal/.m2/repository/info/picocli/picocli/4.7.7/picocli-4.7.7.jar  /Users/rafal/.m2/repository/info/picocli/picocli-shell-jline3/4.7.7/picocli-shell-jline3-4.7.7.jar  /Users/rafal/.m2/repository/org/jline/jline-console/4.1.0/jline-console-4.1.0.jar  /Users/rafal/.m2/repository/org/jline/jline-shell/4.1.0/jline-shell-4.1.0.jar  /Users/rafal/.m2/repository/org/jline/jline-builtins/4.1.0/jline-builtins-4.1.0.jar  /Users/rafal/.m2/repository/org/jline/jline-style/4.1.0/jline-style-4.1.0.jar  /Users/rafal/.m2/repository/org/jline/jline-console-ui/4.1.0/jline-console-ui-4.1.0.jar  /Users/rafal/.m2/repository/org/jline/jline-reader/4.1.0/jline-reader-4.1.0.jar  /Users/rafal/.m2/repository/org/jline/jline-terminal/4.1.0/jline-terminal-4.1.0.jar  /Users/rafal/.m2/repository/org/hdrhistogram/HdrHistogram/2.2.2/HdrHistogram-2.2.2.jar  /Users/rafal/.m2/repository/org/eclipse/jetty/toolchain/jetty-jakarta-servlet-api/5.0.2/jetty-jakarta-servlet-api-5.0.2.jar  /Users/rafal/.m2/repository/org/eclipse/jetty/jetty-server/12.1.9/jetty-server-12.1.9.jar  /Users/rafal/.m2/repository/org/eclipse/jetty/jetty-io/12.1.9/jetty-io-12.1.9.jar  /Users/rafal/.m2/repository/org/eclipse/jetty/ee9/jetty-ee9-servlet/12.1.9/jetty-ee9-servlet-12.1.9.jar  /Users/rafal/.m2/repository/org/eclipse/jetty/ee9/jetty-ee9-webapp/12.1.9/jetty-ee9-webapp-12.1.9.jar  /Users/rafal/.m2/repository/org/eclipse/jetty/jetty-xml/12.1.9/jetty-xml-12.1.9.jar  /Users/rafal/.m2/repository/org/eclipse/jetty/ee/jetty-ee-webapp/12.1.9/jetty-ee-webapp-12.1.9.jar  /Users/rafal/.m2/repository/org/eclipse/jetty/ee9/jetty-ee9-nested/12.1.9/jetty-ee9-nested-12.1.9.jar  /Users/rafal/.m2/repository/org/eclipse/jetty/jetty-security/12.1.9/jetty-security-12.1.9.jar  /Users/rafal/.m2/repository/org/eclipse/jetty/jetty-session/12.1.9/jetty-session-12.1.9.jar  /Users/rafal/.m2/repository/org/eclipse/jetty/ee9/jetty-ee9-security/12.1.9/jetty-ee9-security-12.1.9.jar  /Users/rafal/.m2/repository/org/eclipse/jetty/jetty-util/12.1.9/jetty-util-12.1.9.jar  /Users/rafal/.m2/repository/org/eclipse/jetty/jetty-http/12.1.9/jetty-http-12.1.9.jar  /Users/rafal/.m2/repository/org/eclipse/jetty/http2/jetty-http2-server/12.1.9/jetty-http2-server-12.1.9.jar  /Users/rafal/.m2/repository/org/eclipse/jetty/http2/jetty-http2-common/12.1.9/jetty-http2-common-12.1.9.jar  /Users/rafal/.m2/repository/org/eclipse/jetty/http2/jetty-http2-hpack/12.1.9/jetty-http2-hpack-12.1.9.jar  /Users/rafal/.m2/repository/org/eclipse/jetty/jetty-alpn-server/12.1.9/jetty-alpn-server-12.1.9.jar  /Users/rafal/.m2/repository/org/eclipse/jetty/jetty-alpn-java-server/12.1.9/jetty-alpn-java-server-12.1.9.jar  /Users/rafal/.m2/repository/org/eclipse/jetty/compression/jetty-compression-server/12.1.9/jetty-compression-server-12.1.9.jar  /Users/rafal/.m2/repository/org/eclipse/jetty/compression/jetty-compression-common/12.1.9/jetty-compression-common-12.1.9.jar  /Users/rafal/.m2/repository/org/eclipse/jetty/compression/jetty-compression-gzip/12.1.9/jetty-compression-gzip-12.1.9.jar  /Users/rafal/.m2/repository/com/github/ben-manes/caffeine/caffeine/2.9.3/caffeine-2.9.3.jar  /Users/rafal/.m2/repository/org/checkerframework/checker-qual/3.19.0/checker-qual-3.19.0.jar  /Users/rafal/.m2/repository/com/google/errorprone/error_prone_annotations/2.10.0/error_prone_annotations-2.10.0.jar  /Users/rafal/.m2/repository/org/openmrs/api/openmrs-api/2.9.0-SNAPSHOT/openmrs-api-2.9.0-SNAPSHOT.jar  /Users/rafal/.m2/repository/commons-validator/commons-validator/1.10.0/commons-validator-1.10.0.jar  /Users/rafal/.m2/repository/commons-digester/commons-digester/2.1/commons-digester-2.1.jar  /Users/rafal/.m2/repository/commons-io/commons-io/2.19.0/commons-io-2.19.0.jar  /Users/rafal/.m2/repository/org/apache/velocity/velocity/1.7/velocity-1.7.jar  /Users/rafal/.m2/repository/commons-lang/commons-lang/2.4/commons-lang-2.4.jar  /Users/rafal/.m2/repository/org/springframework/spring-core/5.3.30/spring-core-5.3.30.jar  /Users/rafal/.m2/repository/org/springframework/spring-jcl/5.3.30/spring-jcl-5.3.30.jar  /Users/rafal/.m2/repository/org/springframework/spring-beans/5.3.30/spring-beans-5.3.30.jar  /Users/rafal/.m2/repository/org/springframework/spring-context/5.3.30/spring-context-5.3.30.jar  /Users/rafal/.m2/repository/org/springframework/spring-expression/5.3.30/spring-expression-5.3.30.jar  /Users/rafal/.m2/repository/org/springframework/spring-aop/5.3.30/spring-aop-5.3.30.jar  /Users/rafal/.m2/repository/org/springframework/spring-orm/5.3.30/spring-orm-5.3.30.jar  /Users/rafal/.m2/repository/org/springframework/spring-tx/5.3.30/spring-tx-5.3.30.jar  /Users/rafal/.m2/repository/org/springframework/spring-jdbc/5.3.30/spring-jdbc-5.3.30.jar  /Users/rafal/.m2/repository/org/springframework/spring-context-support/5.3.30/spring-context-support-5.3.30.jar  /Users/rafal/.m2/repository/org/springframework/spring-jms/5.3.30/spring-jms-5.3.30.jar  /Users/rafal/.m2/repository/org/springframework/spring-messaging/5.3.30/spring-messaging-5.3.30.jar  /Users/rafal/.m2/repository/javax/jms/javax.jms-api/2.0.1/javax.jms-api-2.0.1.jar  /Users/rafal/.m2/repository/org/infinispan/infinispan-spring5-embedded/13.0.22.Final/infinispan-spring5-embedded-13.0.22.Final.jar  /Users/rafal/.m2/repository/org/infinispan/infinispan-core/13.0.22.Final/infinispan-core-13.0.22.Final.jar  /Users/rafal/.m2/repository/org/infinispan/infinispan-commons/13.0.22.Final/infinispan-commons-13.0.22.Final.jar  /Users/rafal/.m2/repository/io/reactivex/rxjava3/rxjava/3.0.4/rxjava-3.0.4.jar  /Users/rafal/.m2/repository/org/infinispan/protostream/protostream/4.4.4.Final/protostream-4.4.4.Final.jar  /Users/rafal/.m2/repository/org/infinispan/protostream/protostream-types/4.4.4.Final/protostream-types-4.4.4.Final.jar  /Users/rafal/.m2/repository/org/jboss/threads/jboss-threads/2.3.3.Final/jboss-threads-2.3.3.Final.jar  /Users/rafal/.m2/repository/org/wildfly/common/wildfly-common/1.3.0.Final/wildfly-common-1.3.0.Final.jar  /Users/rafal/.m2/repository/org/infinispan/infinispan-spring5-common/13.0.22.Final/infinispan-spring5-common-13.0.22.Final.jar  /Users/rafal/.m2/repository/ca/uhn/hapi/hapi-base/2.1/hapi-base-2.1.jar  /Users/rafal/.m2/repository/ca/uhn/hapi/hapi-structures-v23/2.1/hapi-structures-v23-2.1.jar  /Users/rafal/.m2/repository/ca/uhn/hapi/hapi-structures-v24/2.1/hapi-structures-v24-2.1.jar  /Users/rafal/.m2/repository/ca/uhn/hapi/hapi-structures-v25/2.1/hapi-structures-v25-2.1.jar  /Users/rafal/.m2/repository/ca/uhn/hapi/hapi-structures-v26/2.1/hapi-structures-v26-2.1.jar  /Users/rafal/.m2/repository/org/javassist/javassist/3.30.2-GA/javassist-3.30.2-GA.jar  /Users/rafal/.m2/repository/net/bytebuddy/byte-buddy/1.17.6/byte-buddy-1.17.6.jar  /Users/rafal/.m2/repository/net/bytebuddy/byte-buddy-agent/1.17.6/byte-buddy-agent-1.17.6.jar  /Users/rafal/.m2/repository/org/hibernate/hibernate-core/5.6.15.Final/hibernate-core-5.6.15.Final.jar  /Users/rafal/.m2/repository/org/jboss/logging/jboss-logging/3.4.3.Final/jboss-logging-3.4.3.Final.jar  /Users/rafal/.m2/repository/javax/persistence/javax.persistence-api/2.2/javax.persistence-api-2.2.jar  /Users/rafal/.m2/repository/antlr/antlr/2.7.7/antlr-2.7.7.jar  /Users/rafal/.m2/repository/org/jboss/spec/javax/transaction/jboss-transaction-api_1.2_spec/1.1.1.Final/jboss-transaction-api_1.2_spec-1.1.1.Final.jar  /Users/rafal/.m2/repository/org/jboss/jandex/2.4.2.Final/jandex-2.4.2.Final.jar  /Users/rafal/.m2/repository/com/fasterxml/classmate/1.5.1/classmate-1.5.1.jar  /Users/rafal/.m2/repository/javax/activation/javax.activation-api/1.2.0/javax.activation-api-1.2.0.jar  /Users/rafal/.m2/repository/org/hibernate/common/hibernate-commons-annotations/5.1.2.Final/hibernate-commons-annotations-5.1.2.Final.jar  /Users/rafal/.m2/repository/javax/xml/bind/jaxb-api/2.3.1/jaxb-api-2.3.1.jar  /Users/rafal/.m2/repository/org/glassfish/jaxb/jaxb-runtime/2.3.1/jaxb-runtime-2.3.1.jar  /Users/rafal/.m2/repository/org/glassfish/jaxb/txw2/2.3.1/txw2-2.3.1.jar  /Users/rafal/.m2/repository/com/sun/istack/istack-commons-runtime/3.0.7/istack-commons-runtime-3.0.7.jar  /Users/rafal/.m2/repository/org/jvnet/staxex/stax-ex/1.8/stax-ex-1.8.jar  /Users/rafal/.m2/repository/com/sun/xml/fastinfoset/FastInfoset/1.2.15/FastInfoset-1.2.15.jar  /Users/rafal/.m2/repository/org/hibernate/hibernate-c3p0/5.6.15.Final/hibernate-c3p0-5.6.15.Final.jar  /Users/rafal/.m2/repository/com/mchange/c3p0/0.9.5.5/c3p0-0.9.5.5.jar  /Users/rafal/.m2/repository/com/mchange/mchange-commons-java/0.2.19/mchange-commons-java-0.2.19.jar  /Users/rafal/.m2/repository/org/infinispan/infinispan-hibernate-cache-v53/13.0.22.Final/infinispan-hibernate-cache-v53-13.0.22.Final.jar  /Users/rafal/.m2/repository/org/infinispan/infinispan-hibernate-cache-commons/13.0.22.Final/infinispan-hibernate-cache-commons-13.0.22.Final.jar  /Users/rafal/.m2/repository/org/infinispan/infinispan-hibernate-cache-spi/13.0.22.Final/infinispan-hibernate-cache-spi-13.0.22.Final.jar  /Users/rafal/.m2/repository/org/infinispan/infinispan-jboss-marshalling/13.0.22.Final/infinispan-jboss-marshalling-13.0.22.Final.jar  /Users/rafal/.m2/repository/org/jboss/marshalling/jboss-marshalling-osgi/2.0.12.Final/jboss-marshalling-osgi-2.0.12.Final.jar  /Users/rafal/.m2/repository/org/hibernate/search/hibernate-search-mapper-orm/6.2.4.Final/hibernate-search-mapper-orm-6.2.4.Final.jar  /Users/rafal/.m2/repository/org/hibernate/search/hibernate-search-engine/6.2.4.Final/hibernate-search-engine-6.2.4.Final.jar  /Users/rafal/.m2/repository/org/hibernate/search/hibernate-search-mapper-pojo-base/6.2.4.Final/hibernate-search-mapper-pojo-base-6.2.4.Final.jar  /Users/rafal/.m2/repository/org/hibernate/search/hibernate-search-util-common/6.2.4.Final/hibernate-search-util-common-6.2.4.Final.jar  /Users/rafal/.m2/repository/org/hibernate/search/hibernate-search-backend-lucene/6.2.4.Final/hibernate-search-backend-lucene-6.2.4.Final.jar  /Users/rafal/.m2/repository/org/apache/lucene/lucene-core/8.11.2/lucene-core-8.11.2.jar  /Users/rafal/.m2/repository/org/apache/lucene/lucene-analyzers-common/8.11.2/lucene-analyzers-common-8.11.2.jar  /Users/rafal/.m2/repository/org/apache/lucene/lucene-queryparser/8.11.2/lucene-queryparser-8.11.2.jar  /Users/rafal/.m2/repository/org/apache/lucene/lucene-queries/8.11.2/lucene-queries-8.11.2.jar  /Users/rafal/.m2/repository/org/apache/lucene/lucene-join/8.11.2/lucene-join-8.11.2.jar  /Users/rafal/.m2/repository/org/apache/lucene/lucene-facet/8.11.2/lucene-facet-8.11.2.jar  /Users/rafal/.m2/repository/com/carrotsearch/hppc/0.8.1/hppc-0.8.1.jar  /Users/rafal/.m2/repository/org/apache/lucene/lucene-highlighter/8.11.2/lucene-highlighter-8.11.2.jar  /Users/rafal/.m2/repository/org/apache/lucene/lucene-memory/8.11.2/lucene-memory-8.11.2.jar  /Users/rafal/.m2/repository/org/hibernate/search/hibernate-search-backend-elasticsearch/6.2.4.Final/hibernate-search-backend-elasticsearch-6.2.4.Final.jar  /Users/rafal/.m2/repository/org/elasticsearch/client/elasticsearch-rest-client/8.10.4/elasticsearch-rest-client-8.10.4.jar  /Users/rafal/.m2/repository/org/apache/httpcomponents/httpclient/4.5.13/httpclient-4.5.13.jar  /Users/rafal/.m2/repository/org/apache/httpcomponents/httpcore/4.4.13/httpcore-4.4.13.jar  /Users/rafal/.m2/repository/org/apache/httpcomponents/httpasyncclient/4.1.5/httpasyncclient-4.1.5.jar  /Users/rafal/.m2/repository/org/apache/httpcomponents/httpcore-nio/4.4.13/httpcore-nio-4.4.13.jar  /Users/rafal/.m2/repository/org/elasticsearch/client/elasticsearch-rest-client-sniffer/8.10.4/elasticsearch-rest-client-sniffer-8.10.4.jar  /Users/rafal/.m2/repository/com/google/code/gson/gson/2.9.1/gson-2.9.1.jar  /Users/rafal/.m2/repository/org/apache/lucene/lucene-analyzers-phonetic/8.11.2/lucene-analyzers-phonetic-8.11.2.jar  /Users/rafal/.m2/repository/commons-codec/commons-codec/1.13/commons-codec-1.13.jar  /Users/rafal/.m2/repository/org/hibernate/hibernate-envers/5.6.15.Final/hibernate-envers-5.6.15.Final.jar  /Users/rafal/.m2/repository/org/dom4j/dom4j/2.1.3/dom4j-2.1.3.jar  /Users/rafal/.m2/repository/org/apache/logging/log4j/log4j-core/2.22.1/log4j-core-2.22.1.jar  /Users/rafal/.m2/repository/org/apache/logging/log4j/log4j-api/2.22.1/log4j-api-2.22.1.jar  /Users/rafal/.m2/repository/org/apache/logging/log4j/log4j-slf4j-impl/2.22.1/log4j-slf4j-impl-2.22.1.jar  /Users/rafal/.m2/repository/org/apache/logging/log4j/log4j-1.2-api/2.22.1/log4j-1.2-api-2.22.1.jar  /Users/rafal/.m2/repository/com/thoughtworks/xstream/xstream/1.4.21/xstream-1.4.21.jar  /Users/rafal/.m2/repository/io/github/x-stream/mxparser/1.2.2/mxparser-1.2.2.jar  /Users/rafal/.m2/repository/xmlpull/xmlpull/1.1.3.1/xmlpull-1.1.3.1.jar  /Users/rafal/.m2/repository/org/liquibase/liquibase-core/4.32.0/liquibase-core-4.32.0.jar  /Users/rafal/.m2/repository/com/opencsv/opencsv/5.11/opencsv-5.11.jar  /Users/rafal/.m2/repository/org/yaml/snakeyaml/2.4/snakeyaml-2.4.jar  /Users/rafal/.m2/repository/org/apache/commons/commons-collections4/4.5.0/commons-collections4-4.5.0.jar  /Users/rafal/.m2/repository/xerces/xercesImpl/2.12.2/xercesImpl-2.12.2.jar  /Users/rafal/.m2/repository/xml-apis/xml-apis/1.4.01/xml-apis-1.4.01.jar  /Users/rafal/.m2/repository/javax/validation/validation-api/2.0.1.Final/validation-api-2.0.1.Final.jar  /Users/rafal/.m2/repository/org/hibernate/validator/hibernate-validator/6.2.0.Final/hibernate-validator-6.2.0.Final.jar  /Users/rafal/.m2/repository/jakarta/validation/jakarta.validation-api/2.0.2/jakarta.validation-api-2.0.2.jar  /Users/rafal/.m2/repository/mysql/mysql-connector-java/8.0.30/mysql-connector-java-8.0.30.jar  /Users/rafal/.m2/repository/com/google/protobuf/protobuf-java/3.19.4/protobuf-java-3.19.4.jar  /Users/rafal/.m2/repository/org/mariadb/jdbc/mariadb-java-client/3.5.4/mariadb-java-client-3.5.4.jar  /Users/rafal/.m2/repository/org/postgresql/postgresql/42.7.7/postgresql-42.7.7.jar  /Users/rafal/.m2/repository/org/codehaus/jackson/jackson-core-asl/1.9.14-MULE-002/jackson-core-asl-1.9.14-MULE-002.jar  /Users/rafal/.m2/repository/org/codehaus/jackson/jackson-mapper-asl/1.9.14-MULE-002/jackson-mapper-asl-1.9.14-MULE-002.jar  /Users/rafal/.m2/repository/com/fasterxml/jackson/core/jackson-core/2.19.1/jackson-core-2.19.1.jar  /Users/rafal/.m2/repository/com/fasterxml/jackson/core/jackson-annotations/2.19.1/jackson-annotations-2.19.1.jar  /Users/rafal/.m2/repository/com/fasterxml/jackson/core/jackson-databind/2.19.1/jackson-databind-2.19.1.jar  /Users/rafal/.m2/repository/com/fasterxml/jackson/datatype/jackson-datatype-jsr310/2.19.1/jackson-datatype-jsr310-2.19.1.jar  /Users/rafal/.m2/repository/com/fasterxml/jackson/datatype/jackson-datatype-hibernate5/2.19.1/jackson-datatype-hibernate5-2.19.1.jar  /Users/rafal/.m2/repository/javax/transaction/javax.transaction-api/1.3/javax.transaction-api-1.3.jar  /Users/rafal/.m2/repository/org/codehaus/groovy/groovy-all/2.4.21/groovy-all-2.4.21.jar  /Users/rafal/.m2/repository/org/aspectj/aspectjrt/1.9.24/aspectjrt-1.9.24.jar  /Users/rafal/.m2/repository/org/aspectj/aspectjweaver/1.9.24/aspectjweaver-1.9.24.jar  /Users/rafal/.m2/repository/joda-time/joda-time/2.14.0/joda-time-2.14.0.jar  /Users/rafal/.m2/repository/javax/annotation/javax.annotation-api/1.3.2/javax.annotation-api-1.3.2.jar  /Users/rafal/.m2/repository/com/sun/activation/javax.activation/1.2.0/javax.activation-1.2.0.jar  /Users/rafal/.m2/repository/jakarta/xml/bind/jakarta.xml.bind-api/4.0.2/jakarta.xml.bind-api-4.0.2.jar  /Users/rafal/.m2/repository/com/google/guava/guava/33.4.8-jre/guava-33.4.8-jre.jar  /Users/rafal/.m2/repository/com/google/guava/failureaccess/1.0.3/failureaccess-1.0.3.jar  /Users/rafal/.m2/repository/com/google/guava/listenablefuture/9999.0-empty-to-avoid-conflict-with-guava/listenablefuture-9999.0-empty-to-avoid-conflict-with-guava.jar  /Users/rafal/.m2/repository/com/google/j2objc/j2objc-annotations/3.0.0/j2objc-annotations-3.0.0.jar  /Users/rafal/.m2/repository/com/sun/mail/javax.mail/1.6.2/javax.mail-1.6.2.jar  /Users/rafal/.m2/repository/software/amazon/awssdk/s3/2.31.50/s3-2.31.50.jar  /Users/rafal/.m2/repository/software/amazon/awssdk/aws-xml-protocol/2.31.50/aws-xml-protocol-2.31.50.jar  /Users/rafal/.m2/repository/software/amazon/awssdk/aws-query-protocol/2.31.50/aws-query-protocol-2.31.50.jar  /Users/rafal/.m2/repository/software/amazon/awssdk/protocol-core/2.31.50/protocol-core-2.31.50.jar  /Users/rafal/.m2/repository/software/amazon/awssdk/arns/2.31.50/arns-2.31.50.jar  /Users/rafal/.m2/repository/software/amazon/awssdk/profiles/2.31.50/profiles-2.31.50.jar  /Users/rafal/.m2/repository/software/amazon/awssdk/crt-core/2.31.50/crt-core-2.31.50.jar  /Users/rafal/.m2/repository/software/amazon/awssdk/http-auth/2.31.50/http-auth-2.31.50.jar  /Users/rafal/.m2/repository/software/amazon/awssdk/identity-spi/2.31.50/identity-spi-2.31.50.jar  /Users/rafal/.m2/repository/software/amazon/awssdk/http-auth-spi/2.31.50/http-auth-spi-2.31.50.jar  /Users/rafal/.m2/repository/org/reactivestreams/reactive-streams/1.0.4/reactive-streams-1.0.4.jar  /Users/rafal/.m2/repository/software/amazon/awssdk/http-auth-aws/2.31.50/http-auth-aws-2.31.50.jar  /Users/rafal/.m2/repository/software/amazon/awssdk/checksums/2.31.50/checksums-2.31.50.jar  /Users/rafal/.m2/repository/software/amazon/awssdk/checksums-spi/2.31.50/checksums-spi-2.31.50.jar  /Users/rafal/.m2/repository/software/amazon/awssdk/retries-spi/2.31.50/retries-spi-2.31.50.jar  /Users/rafal/.m2/repository/software/amazon/awssdk/sdk-core/2.31.50/sdk-core-2.31.50.jar  /Users/rafal/.m2/repository/software/amazon/awssdk/retries/2.31.50/retries-2.31.50.jar  /Users/rafal/.m2/repository/software/amazon/awssdk/auth/2.31.50/auth-2.31.50.jar  /Users/rafal/.m2/repository/software/amazon/awssdk/http-auth-aws-eventstream/2.31.50/http-auth-aws-eventstream-2.31.50.jar  /Users/rafal/.m2/repository/software/amazon/eventstream/eventstream/1.0.1/eventstream-1.0.1.jar  /Users/rafal/.m2/repository/software/amazon/awssdk/http-client-spi/2.31.50/http-client-spi-2.31.50.jar  /Users/rafal/.m2/repository/software/amazon/awssdk/regions/2.31.50/regions-2.31.50.jar  /Users/rafal/.m2/repository/software/amazon/awssdk/annotations/2.31.50/annotations-2.31.50.jar  /Users/rafal/.m2/repository/software/amazon/awssdk/utils/2.31.50/utils-2.31.50.jar  /Users/rafal/.m2/repository/software/amazon/awssdk/aws-core/2.31.50/aws-core-2.31.50.jar  /Users/rafal/.m2/repository/software/amazon/awssdk/metrics-spi/2.31.50/metrics-spi-2.31.50.jar  /Users/rafal/.m2/repository/software/amazon/awssdk/json-utils/2.31.50/json-utils-2.31.50.jar  /Users/rafal/.m2/repository/software/amazon/awssdk/third-party-jackson-core/2.31.50/third-party-jackson-core-2.31.50.jar  /Users/rafal/.m2/repository/software/amazon/awssdk/endpoints-spi/2.31.50/endpoints-spi-2.31.50.jar  /Users/rafal/.m2/repository/software/amazon/awssdk/apache-client/2.31.50/apache-client-2.31.50.jar  /Users/rafal/.m2/repository/software/amazon/awssdk/netty-nio-client/2.31.50/netty-nio-client-2.31.50.jar  /Users/rafal/.m2/repository/io/netty/netty-codec-http2/4.1.118.Final/netty-codec-http2-4.1.118.Final.jar  /Users/rafal/.m2/repository/org/graalvm/js/js/20.3.17/js-20.3.17.jar  /Users/rafal/.m2/repository/org/graalvm/regex/regex/20.3.17/regex-20.3.17.jar  /Users/rafal/.m2/repository/org/graalvm/truffle/truffle-api/20.3.17/truffle-api-20.3.17.jar  /Users/rafal/.m2/repository/org/graalvm/sdk/graal-sdk/20.3.17/graal-sdk-20.3.17.jar  /Users/rafal/.m2/repository/com/ibm/icu/icu4j/71.1/icu4j-71.1.jar  /Users/rafal/.m2/repository/org/graalvm/js/js-scriptengine/20.3.17/js-scriptengine-20.3.17.jar  /Users/rafal/.m2/repository/net/javacrumbs/shedlock/shedlock-spring/4.48.0/shedlock-spring-4.48.0.jar  /Users/rafal/.m2/repository/net/javacrumbs/shedlock/shedlock-core/4.48.0/shedlock-core-4.48.0.jar  /Users/rafal/.m2/repository/net/javacrumbs/shedlock/shedlock-provider-jdbc-template/4.48.0/shedlock-provider-jdbc-template-4.48.0.jar  /Users/rafal/.m2/repository/org/jobrunr/jobrunr/6.3.5/jobrunr-6.3.5.jar  /Users/rafal/.m2/repository/org/ow2/asm/asm/9.5/asm-9.5.jar  /Users/rafal/.m2/repository/org/openmrs/api/openmrs-api/2.9.0-SNAPSHOT/openmrs-api-2.9.0-SNAPSHOT-tests.jar  /Users/rafal/.m2/repository/org/springframework/spring-test/5.3.30/spring-test-5.3.30.jar  /Users/rafal/.m2/repository/com/h2database/h2/1.4.200/h2-1.4.200.jar  /Users/rafal/.m2/repository/junit/junit/4.13.2/junit-4.13.2.jar  /Users/rafal/.m2/repository/org/junit/jupiter/junit-jupiter-api/5.11.4/junit-jupiter-api-5.11.4.jar  /Users/rafal/.m2/repository/org/opentest4j/opentest4j/1.3.0/opentest4j-1.3.0.jar  /Users/rafal/.m2/repository/org/junit/platform/junit-platform-commons/1.11.4/junit-platform-commons-1.11.4.jar  /Users/rafal/.m2/repository/org/apiguardian/apiguardian-api/1.1.2/apiguardian-api-1.1.2.jar  /Users/rafal/.m2/repository/org/junit/jupiter/junit-jupiter-engine/5.11.4/junit-jupiter-engine-5.11.4.jar  /Users/rafal/.m2/repository/org/junit/platform/junit-platform-engine/1.11.4/junit-platform-engine-1.11.4.jar  /Users/rafal/.m2/repository/org/junit/vintage/junit-vintage-engine/5.11.4/junit-vintage-engine-5.11.4.jar  /Users/rafal/.m2/repository/org/junit/jupiter/junit-jupiter-params/5.11.4/junit-jupiter-params-5.11.4.jar  /Users/rafal/.m2/repository/org/dbunit/dbunit/3.0.0/dbunit-3.0.0.jar  /Users/rafal/.m2/repository/org/junit/platform/junit-platform-suite-engine/1.10.1/junit-platform-suite-engine-1.10.1.jar  /Users/rafal/.m2/repository/org/junit/platform/junit-platform-suite-api/1.10.1/junit-platform-suite-api-1.10.1.jar  /Users/rafal/.m2/repository/org/junit/platform/junit-platform-suite-commons/1.10.1/junit-platform-suite-commons-1.10.1.jar  /Users/rafal/.m2/repository/org/junit/platform/junit-platform-launcher/1.10.1/junit-platform-launcher-1.10.1.jar  /Users/rafal/.m2/repository/org/mockito/mockito-core/5.6.0/mockito-core-5.6.0.jar  /Users/rafal/.m2/repository/org/objenesis/objenesis/3.3/objenesis-3.3.jar  /Users/rafal/.m2/repository/org/mockito/mockito-junit-jupiter/5.6.0/mockito-junit-jupiter-5.6.0.jar  /Users/rafal/.m2/repository/org/hamcrest/hamcrest-core/3.0/hamcrest-core-3.0.jar  /Users/rafal/.m2/repository/org/hamcrest/hamcrest/3.0/hamcrest-3.0.jar  /Users/rafal/.m2/repository/org/testcontainers/testcontainers/2.0.3/testcontainers-2.0.3.jar  /Users/rafal/.m2/repository/org/apache/commons/commons-compress/1.28.0/commons-compress-1.28.0.jar  /Users/rafal/.m2/repository/org/rnorth/duct-tape/duct-tape/1.0.8/duct-tape-1.0.8.jar  /Users/rafal/.m2/repository/org/jetbrains/annotations/17.0.0/annotations-17.0.0.jar  /Users/rafal/.m2/repository/com/github/docker-java/docker-java-api/3.7.0/docker-java-api-3.7.0.jar  /Users/rafal/.m2/repository/com/github/docker-java/docker-java-transport-zerodep/3.7.0/docker-java-transport-zerodep-3.7.0.jar  /Users/rafal/.m2/repository/com/github/docker-java/docker-java-transport/3.7.0/docker-java-transport-3.7.0.jar  /Users/rafal/.m2/repository/net/java/dev/jna/jna/5.18.1/jna-5.18.1.jar  /Users/rafal/.m2/repository/org/testcontainers/postgresql/1.21.3/postgresql-1.21.3.jar  /Users/rafal/.m2/repository/org/testcontainers/jdbc/1.21.3/jdbc-1.21.3.jar  /Users/rafal/.m2/repository/org/testcontainers/database-commons/1.21.3/database-commons-1.21.3.jar  /Users/rafal/.m2/repository/org/testcontainers/mysql/1.21.3/mysql-1.21.3.jar  /Users/rafal/.m2/repository/org/testcontainers/mariadb/1.21.3/mariadb-1.21.3.jar  /Users/rafal/.m2/repository/org/testcontainers/junit-jupiter/1.21.3/junit-jupiter-1.21.3.jar  /Users/rafal/.m2/repository/com/adobe/testing/s3mock-testcontainers/2.17.0/s3mock-testcontainers-2.17.0.jar  /Users/rafal/.m2/repository/org/apache/maven/surefire/surefire-junit-platform/3.2.5/surefire-junit-platform-3.2.5.jar  /Users/rafal/.m2/repository/org/apache/maven/surefire/common-java5/3.2.5/common-java5-3.2.5.jar
[DEBUG] boot(compact) classpath:  surefire-booter-3.2.5.jar  surefire-api-3.2.5.jar  surefire-logger-api-3.2.5.jar  surefire-shared-utils-3.2.5.jar  surefire-extensions-spi-3.2.5.jar  test-classes  classes  artemis-server-2.54.0.jar  slf4j-api-1.7.30.jar  artemis-commons-2.54.0.jar  artemis-selector-2.54.0.jar  artemis-journal-2.54.0.jar  activemq-artemis-native-2.0.0.jar  artemis-jdbc-store-2.54.0.jar  commons-dbcp2-2.14.0.jar  commons-pool2-2.13.0.jar  jakarta.transaction-api-1.3.3.jar  artemis-core-client-2.54.0.jar  jgroups-5.3.13.Final.jar  netty-handler-proxy-4.1.132.Final.jar  netty-codec-socks-4.1.132.Final.jar  netty-resolver-4.1.132.Final.jar  pem-keystore-3.0.0.jar  asn-one-0.6.0.jar  artemis-lockmanager-api-2.54.0.jar  jctools-core-4.0.6.jar  netty-buffer-4.1.132.Final.jar  netty-transport-4.1.132.Final.jar  netty-codec-http-4.1.132.Final.jar  netty-codec-haproxy-4.1.132.Final.jar  netty-common-4.1.132.Final.jar  netty-handler-4.1.132.Final.jar  netty-transport-native-unix-common-4.1.132.Final.jar  netty-transport-native-epoll-4.1.132.Final-linux-x86_64.jar  netty-transport-classes-epoll-4.1.132.Final.jar  netty-transport-native-kqueue-4.1.132.Final-osx-x86_64.jar  netty-transport-classes-kqueue-4.1.132.Final.jar  netty-codec-4.1.132.Final.jar  commons-beanutils-1.9.4.jar  commons-logging-1.2.jar  commons-lang3-3.12.0.jar  commons-configuration2-2.14.0.jar  commons-text-1.15.0.jar  commons-collections-3.2.2.jar  micrometer-core-1.16.5.jar  jspecify-1.0.0.jar  micrometer-commons-1.16.5.jar  micrometer-observation-1.16.5.jar  nimbus-jose-jwt-10.9.jar  artemis-jms-client-2.54.0.jar  jakarta.jms-api-2.0.3.jar  artemis-web-2.54.0.jar  artemis-dto-2.54.0.jar  jaxb-impl-2.3.9.jar  jakarta.activation-api-1.2.2.jar  artemis-cli-2.54.0.jar  artemis-jms-server-2.54.0.jar  artemis-service-extensions-2.54.0.jar  jakarta.inject-api-1.0.5.jar  qpid-jms-client-1.16.0.jar  proton-j-0.34.1.jar  picocli-4.7.7.jar  picocli-shell-jline3-4.7.7.jar  jline-console-4.1.0.jar  jline-shell-4.1.0.jar  jline-builtins-4.1.0.jar  jline-style-4.1.0.jar  jline-console-ui-4.1.0.jar  jline-reader-4.1.0.jar  jline-terminal-4.1.0.jar  HdrHistogram-2.2.2.jar  jetty-jakarta-servlet-api-5.0.2.jar  jetty-server-12.1.9.jar  jetty-io-12.1.9.jar  jetty-ee9-servlet-12.1.9.jar  jetty-ee9-webapp-12.1.9.jar  jetty-xml-12.1.9.jar  jetty-ee-webapp-12.1.9.jar  jetty-ee9-nested-12.1.9.jar  jetty-security-12.1.9.jar  jetty-session-12.1.9.jar  jetty-ee9-security-12.1.9.jar  jetty-util-12.1.9.jar  jetty-http-12.1.9.jar  jetty-http2-server-12.1.9.jar  jetty-http2-common-12.1.9.jar  jetty-http2-hpack-12.1.9.jar  jetty-alpn-server-12.1.9.jar  jetty-alpn-java-server-12.1.9.jar  jetty-compression-server-12.1.9.jar  jetty-compression-common-12.1.9.jar  jetty-compression-gzip-12.1.9.jar  caffeine-2.9.3.jar  checker-qual-3.19.0.jar  error_prone_annotations-2.10.0.jar  openmrs-api-2.9.0-SNAPSHOT.jar  commons-validator-1.10.0.jar  commons-digester-2.1.jar  commons-io-2.19.0.jar  velocity-1.7.jar  commons-lang-2.4.jar  spring-core-5.3.30.jar  spring-jcl-5.3.30.jar  spring-beans-5.3.30.jar  spring-context-5.3.30.jar  spring-expression-5.3.30.jar  spring-aop-5.3.30.jar  spring-orm-5.3.30.jar  spring-tx-5.3.30.jar  spring-jdbc-5.3.30.jar  spring-context-support-5.3.30.jar  spring-jms-5.3.30.jar  spring-messaging-5.3.30.jar  javax.jms-api-2.0.1.jar  infinispan-spring5-embedded-13.0.22.Final.jar  infinispan-core-13.0.22.Final.jar  infinispan-commons-13.0.22.Final.jar  rxjava-3.0.4.jar  protostream-4.4.4.Final.jar  protostream-types-4.4.4.Final.jar  jboss-threads-2.3.3.Final.jar  wildfly-common-1.3.0.Final.jar  infinispan-spring5-common-13.0.22.Final.jar  hapi-base-2.1.jar  hapi-structures-v23-2.1.jar  hapi-structures-v24-2.1.jar  hapi-structures-v25-2.1.jar  hapi-structures-v26-2.1.jar  javassist-3.30.2-GA.jar  byte-buddy-1.17.6.jar  byte-buddy-agent-1.17.6.jar  hibernate-core-5.6.15.Final.jar  jboss-logging-3.4.3.Final.jar  javax.persistence-api-2.2.jar  antlr-2.7.7.jar  jboss-transaction-api_1.2_spec-1.1.1.Final.jar  jandex-2.4.2.Final.jar  classmate-1.5.1.jar  javax.activation-api-1.2.0.jar  hibernate-commons-annotations-5.1.2.Final.jar  jaxb-api-2.3.1.jar  jaxb-runtime-2.3.1.jar  txw2-2.3.1.jar  istack-commons-runtime-3.0.7.jar  stax-ex-1.8.jar  FastInfoset-1.2.15.jar  hibernate-c3p0-5.6.15.Final.jar  c3p0-0.9.5.5.jar  mchange-commons-java-0.2.19.jar  infinispan-hibernate-cache-v53-13.0.22.Final.jar  infinispan-hibernate-cache-commons-13.0.22.Final.jar  infinispan-hibernate-cache-spi-13.0.22.Final.jar  infinispan-jboss-marshalling-13.0.22.Final.jar  jboss-marshalling-osgi-2.0.12.Final.jar  hibernate-search-mapper-orm-6.2.4.Final.jar  hibernate-search-engine-6.2.4.Final.jar  hibernate-search-mapper-pojo-base-6.2.4.Final.jar  hibernate-search-util-common-6.2.4.Final.jar  hibernate-search-backend-lucene-6.2.4.Final.jar  lucene-core-8.11.2.jar  lucene-analyzers-common-8.11.2.jar  lucene-queryparser-8.11.2.jar  lucene-queries-8.11.2.jar  lucene-join-8.11.2.jar  lucene-facet-8.11.2.jar  hppc-0.8.1.jar  lucene-highlighter-8.11.2.jar  lucene-memory-8.11.2.jar  hibernate-search-backend-elasticsearch-6.2.4.Final.jar  elasticsearch-rest-client-8.10.4.jar  httpclient-4.5.13.jar  httpcore-4.4.13.jar  httpasyncclient-4.1.5.jar  httpcore-nio-4.4.13.jar  elasticsearch-rest-client-sniffer-8.10.4.jar  gson-2.9.1.jar  lucene-analyzers-phonetic-8.11.2.jar  commons-codec-1.13.jar  hibernate-envers-5.6.15.Final.jar  dom4j-2.1.3.jar  log4j-core-2.22.1.jar  log4j-api-2.22.1.jar  log4j-slf4j-impl-2.22.1.jar  log4j-1.2-api-2.22.1.jar  xstream-1.4.21.jar  mxparser-1.2.2.jar  xmlpull-1.1.3.1.jar  liquibase-core-4.32.0.jar  opencsv-5.11.jar  snakeyaml-2.4.jar  commons-collections4-4.5.0.jar  xercesImpl-2.12.2.jar  xml-apis-1.4.01.jar  validation-api-2.0.1.Final.jar  hibernate-validator-6.2.0.Final.jar  jakarta.validation-api-2.0.2.jar  mysql-connector-java-8.0.30.jar  protobuf-java-3.19.4.jar  mariadb-java-client-3.5.4.jar  postgresql-42.7.7.jar  jackson-core-asl-1.9.14-MULE-002.jar  jackson-mapper-asl-1.9.14-MULE-002.jar  jackson-core-2.19.1.jar  jackson-annotations-2.19.1.jar  jackson-databind-2.19.1.jar  jackson-datatype-jsr310-2.19.1.jar  jackson-datatype-hibernate5-2.19.1.jar  javax.transaction-api-1.3.jar  groovy-all-2.4.21.jar  aspectjrt-1.9.24.jar  aspectjweaver-1.9.24.jar  joda-time-2.14.0.jar  javax.annotation-api-1.3.2.jar  javax.activation-1.2.0.jar  jakarta.xml.bind-api-4.0.2.jar  guava-33.4.8-jre.jar  failureaccess-1.0.3.jar  listenablefuture-9999.0-empty-to-avoid-conflict-with-guava.jar  j2objc-annotations-3.0.0.jar  javax.mail-1.6.2.jar  s3-2.31.50.jar  aws-xml-protocol-2.31.50.jar  aws-query-protocol-2.31.50.jar  protocol-core-2.31.50.jar  arns-2.31.50.jar  profiles-2.31.50.jar  crt-core-2.31.50.jar  http-auth-2.31.50.jar  identity-spi-2.31.50.jar  http-auth-spi-2.31.50.jar  reactive-streams-1.0.4.jar  http-auth-aws-2.31.50.jar  checksums-2.31.50.jar  checksums-spi-2.31.50.jar  retries-spi-2.31.50.jar  sdk-core-2.31.50.jar  retries-2.31.50.jar  auth-2.31.50.jar  http-auth-aws-eventstream-2.31.50.jar  eventstream-1.0.1.jar  http-client-spi-2.31.50.jar  regions-2.31.50.jar  annotations-2.31.50.jar  utils-2.31.50.jar  aws-core-2.31.50.jar  metrics-spi-2.31.50.jar  json-utils-2.31.50.jar  third-party-jackson-core-2.31.50.jar  endpoints-spi-2.31.50.jar  apache-client-2.31.50.jar  netty-nio-client-2.31.50.jar  netty-codec-http2-4.1.118.Final.jar  js-20.3.17.jar  regex-20.3.17.jar  truffle-api-20.3.17.jar  graal-sdk-20.3.17.jar  icu4j-71.1.jar  js-scriptengine-20.3.17.jar  shedlock-spring-4.48.0.jar  shedlock-core-4.48.0.jar  shedlock-provider-jdbc-template-4.48.0.jar  jobrunr-6.3.5.jar  asm-9.5.jar  openmrs-api-2.9.0-SNAPSHOT-tests.jar  spring-test-5.3.30.jar  h2-1.4.200.jar  junit-4.13.2.jar  junit-jupiter-api-5.11.4.jar  opentest4j-1.3.0.jar  junit-platform-commons-1.11.4.jar  apiguardian-api-1.1.2.jar  junit-jupiter-engine-5.11.4.jar  junit-platform-engine-1.11.4.jar  junit-vintage-engine-5.11.4.jar  junit-jupiter-params-5.11.4.jar  dbunit-3.0.0.jar  junit-platform-suite-engine-1.10.1.jar  junit-platform-suite-api-1.10.1.jar  junit-platform-suite-commons-1.10.1.jar  junit-platform-launcher-1.10.1.jar  mockito-core-5.6.0.jar  objenesis-3.3.jar  mockito-junit-jupiter-5.6.0.jar  hamcrest-core-3.0.jar  hamcrest-3.0.jar  testcontainers-2.0.3.jar  commons-compress-1.28.0.jar  duct-tape-1.0.8.jar  annotations-17.0.0.jar  docker-java-api-3.7.0.jar  docker-java-transport-zerodep-3.7.0.jar  docker-java-transport-3.7.0.jar  jna-5.18.1.jar  postgresql-1.21.3.jar  jdbc-1.21.3.jar  database-commons-1.21.3.jar  mysql-1.21.3.jar  mariadb-1.21.3.jar  junit-jupiter-1.21.3.jar  s3mock-testcontainers-2.17.0.jar  surefire-junit-platform-3.2.5.jar  common-java5-3.2.5.jar
[DEBUG] Forking command line: /bin/sh -c cd '/Users/rafal/workspace/openmrs-module-artemis/api' && '/Library/Java/JavaVirtualMachines/temurin-21.jdk/Contents/Home/bin/java' '-jar' '/Users/rafal/workspace/openmrs-module-artemis/api/target/surefire/surefirebooter-20260702145206957_3.jar' '/Users/rafal/workspace/openmrs-module-artemis/api/target/surefire' '2026-07-02T14-52-06_921-jvmRun1' 'surefire-20260702145206957_1tmp' 'surefire_0-20260702145206957_2tmp'
[DEBUG] Fork Channel [1] connected to the client.
[INFO] Running org.openmrs.module.artemis.ArtemisTest
OpenJDK 64-Bit Server VM warning: Sharing is only supported for boot loader classes because bootstrap classpath has been appended
WARNING: A Java agent has been loaded dynamically (/Users/rafal/.m2/repository/net/bytebuddy/byte-buddy-agent/1.17.6/byte-buddy-agent-1.17.6.jar)
WARNING: If a serviceability tool is in use, please run with -XX:+EnableDynamicAgentLoading to hide this warning
WARNING: If a serviceability tool is not in use, please run with -Djdk.instrument.traceUsage for more information
WARNING: Dynamic loading of agents will be disallowed by default in a future release
[INFO] Tests run: 5, Failures: 0, Errors: 0, Skipped: 0, Time elapsed: 1.479 s -- in org.openmrs.module.artemis.ArtemisTest
[INFO] Running org.openmrs.module.artemis.ArtemisEventListenerTest
[INFO] Tests run: 2, Failures: 0, Errors: 0, Skipped: 0, Time elapsed: 0.222 s -- in org.openmrs.module.artemis.ArtemisEventListenerTest
[DEBUG] Closing the fork 1 after saying GoodBye.
[INFO] 
[INFO] Results:
[INFO] 
[INFO] Tests run: 7, Failures: 0, Errors: 0, Skipped: 0
[INFO] 
[INFO] 
[INFO] ------------------< org.openmrs.module:artemis-omod >-------------------
[INFO] Building Artemis OMOD 1.0.0-SNAPSHOT                               [3/3]
[INFO]   from omod/pom.xml
[INFO] --------------------------------[ jar ]---------------------------------
[DEBUG] Lifecycle clean -> [pre-clean, clean, post-clean]
[DEBUG] Lifecycle default -> [validate, initialize, generate-sources, process-sources, generate-resources, process-resources, compile, process-classes, generate-test-sources, process-test-sources, generate-test-resources, process-test-resources, test-compile, process-test-classes, test, prepare-package, package, pre-integration-test, integration-test, post-integration-test, verify, install, deploy]
[DEBUG] Lifecycle site -> [pre-site, site, post-site, site-deploy]
[DEBUG] Lifecycle clean -> [pre-clean, clean, post-clean]
[DEBUG] Lifecycle default -> [validate, initialize, generate-sources, process-sources, generate-resources, process-resources, compile, process-classes, generate-test-sources, process-test-sources, generate-test-resources, process-test-resources, test-compile, process-test-classes, test, prepare-package, package, pre-integration-test, integration-test, post-integration-test, verify, install, deploy]
[DEBUG] Lifecycle site -> [pre-site, site, post-site, site-deploy]
[DEBUG] Lifecycle clean -> [pre-clean, clean, post-clean]
[DEBUG] Lifecycle default -> [validate, initialize, generate-sources, process-sources, generate-resources, process-resources, compile, process-classes, generate-test-sources, process-test-sources, generate-test-resources, process-test-resources, test-compile, process-test-classes, test, prepare-package, package, pre-integration-test, integration-test, post-integration-test, verify, install, deploy]
[DEBUG] Lifecycle site -> [pre-site, site, post-site, site-deploy]
[DEBUG] Lifecycle clean -> [pre-clean, clean, post-clean]
[DEBUG] Lifecycle default -> [validate, initialize, generate-sources, process-sources, generate-resources, process-resources, compile, process-classes, generate-test-sources, process-test-sources, generate-test-resources, process-test-resources, test-compile, process-test-classes, test, prepare-package, package, pre-integration-test, integration-test, post-integration-test, verify, install, deploy]
[DEBUG] Lifecycle site -> [pre-site, site, post-site, site-deploy]
[DEBUG] Lifecycle clean -> [pre-clean, clean, post-clean]
[DEBUG] Lifecycle default -> [validate, initialize, generate-sources, process-sources, generate-resources, process-resources, compile, process-classes, generate-test-sources, process-test-sources, generate-test-resources, process-test-resources, test-compile, process-test-classes, test, prepare-package, package, pre-integration-test, integration-test, post-integration-test, verify, install, deploy]
[DEBUG] Lifecycle site -> [pre-site, site, post-site, site-deploy]
[DEBUG] Lifecycle clean -> [pre-clean, clean, post-clean]
[DEBUG] Lifecycle default -> [validate, initialize, generate-sources, process-sources, generate-resources, process-resources, compile, process-classes, generate-test-sources, process-test-sources, generate-test-resources, process-test-resources, test-compile, process-test-classes, test, prepare-package, package, pre-integration-test, integration-test, post-integration-test, verify, install, deploy]
[DEBUG] Lifecycle site -> [pre-site, site, post-site, site-deploy]
[DEBUG] Lifecycle clean -> [pre-clean, clean, post-clean]
[DEBUG] Lifecycle default -> [validate, initialize, generate-sources, process-sources, generate-resources, process-resources, compile, process-classes, generate-test-sources, process-test-sources, generate-test-resources, process-test-resources, test-compile, process-test-classes, test, prepare-package, package, pre-integration-test, integration-test, post-integration-test, verify, install, deploy]
[DEBUG] Lifecycle site -> [pre-site, site, post-site, site-deploy]
[DEBUG] Lifecycle clean -> [pre-clean, clean, post-clean]
[DEBUG] Lifecycle default -> [validate, initialize, generate-sources, process-sources, generate-resources, process-resources, compile, process-classes, generate-test-sources, process-test-sources, generate-test-resources, process-test-resources, test-compile, process-test-classes, test, prepare-package, package, pre-integration-test, integration-test, post-integration-test, verify, install, deploy]
[DEBUG] Lifecycle site -> [pre-site, site, post-site, site-deploy]
[DEBUG] Lifecycle clean -> [pre-clean, clean, post-clean]
[DEBUG] Lifecycle default -> [validate, initialize, generate-sources, process-sources, generate-resources, process-resources, compile, process-classes, generate-test-sources, process-test-sources, generate-test-resources, process-test-resources, test-compile, process-test-classes, test, prepare-package, package, pre-integration-test, integration-test, post-integration-test, verify, install, deploy]
[DEBUG] Lifecycle site -> [pre-site, site, post-site, site-deploy]
[DEBUG] Lifecycle clean -> [pre-clean, clean, post-clean]
[DEBUG] Lifecycle default -> [validate, initialize, generate-sources, process-sources, generate-resources, process-resources, compile, process-classes, generate-test-sources, process-test-sources, generate-test-resources, process-test-resources, test-compile, process-test-classes, test, prepare-package, package, pre-integration-test, integration-test, post-integration-test, verify, install, deploy]
[DEBUG] Lifecycle site -> [pre-site, site, post-site, site-deploy]
[DEBUG] Lifecycle clean -> [pre-clean, clean, post-clean]
[DEBUG] Lifecycle default -> [validate, initialize, generate-sources, process-sources, generate-resources, process-resources, compile, process-classes, generate-test-sources, process-test-sources, generate-test-resources, process-test-resources, test-compile, process-test-classes, test, prepare-package, package, pre-integration-test, integration-test, post-integration-test, verify, install, deploy]
[DEBUG] Lifecycle site -> [pre-site, site, post-site, site-deploy]
[DEBUG] === PROJECT BUILD PLAN ================================================
[DEBUG] Project:       org.openmrs.module:artemis-omod:1.0.0-SNAPSHOT
[DEBUG] Dependencies (collect): []
[DEBUG] Dependencies (resolve): [compile, test]
[DEBUG] Repositories (dependencies): [openmrs-repo (https://mavenrepo.openmrs.org/public, default, releases+snapshots), archetype (https://mavenrepo.openmrs.org/public, default, releases+snapshots), openmrs-repo-thirdparty (https://mavenrepo.openmrs.org/thirdparty, default, releases+snapshots), mks-nexus-public (https://nexus.mekomsolutions.net/repository/maven-public, default, releases+snapshots), sonatype-central-snapshots (https://central.sonatype.com/repository/maven-snapshots, default, releases+snapshots), sonatype-nexus (https://oss.sonatype.org/content/repositories/releases/, default, releases+snapshots), central (https://repo1.maven.org/maven2, default, releases+snapshots)]
[DEBUG] Repositories (plugins)     : [openmrs-repo (https://mavenrepo.openmrs.org/public, default, releases), central (https://repo.maven.apache.org/maven2, default, releases)]
[DEBUG] -----------------------------------------------------------------------
[DEBUG] Goal:          org.apache.maven.plugins:maven-clean-plugin:3.2.0:clean (default-clean)
[DEBUG] Style:         Regular
[DEBUG] Configuration: <?xml version="1.0" encoding="UTF-8"?>
<configuration>
  <directory default-value="${project.build.directory}"/>
  <excludeDefaultDirectories default-value="false">${maven.clean.excludeDefaultDirectories}</excludeDefaultDirectories>
  <failOnError default-value="true">${maven.clean.failOnError}</failOnError>
  <fast default-value="false">${maven.clean.fast}</fast>
  <fastDir>${maven.clean.fastDir}</fastDir>
  <fastMode default-value="background">${maven.clean.fastMode}</fastMode>
  <followSymLinks default-value="false">${maven.clean.followSymLinks}</followSymLinks>
  <outputDirectory default-value="${project.build.outputDirectory}"/>
  <reportDirectory default-value="${project.build.outputDirectory}"/>
  <retryOnError default-value="true">${maven.clean.retryOnError}</retryOnError>
  <session default-value="${session}"/>
  <skip default-value="false">${maven.clean.skip}</skip>
  <testOutputDirectory default-value="${project.build.testOutputDirectory}"/>
  <verbose>${maven.clean.verbose}</verbose>
</configuration>
[DEBUG] -----------------------------------------------------------------------
[DEBUG] Goal:          org.codehaus.mojo:buildnumber-maven-plugin:1.1:create (default)
[DEBUG] Style:         Regular
[DEBUG] Configuration: <?xml version="1.0" encoding="UTF-8"?>
<configuration>
  <buildNumberPropertiesFileLocation default-value="${basedir}/buildNumber.properties"/>
  <buildNumberPropertyName default-value="buildNumber">revisionNumber</buildNumberPropertyName>
  <doCheck default-value="false">${maven.buildNumber.doCheck}</doCheck>
  <doUpdate default-value="false">${maven.buildNumber.doUpdate}</doUpdate>
  <getRevisionOnlyOnce default-value="false">true</getRevisionOnlyOnce>
  <locale>${maven.buildNumber.locale}</locale>
  <password>${password}</password>
  <project>${project}</project>
  <reactorProjects>${reactorProjects}</reactorProjects>
  <readUrlScm>${project.scm.connection}</readUrlScm>
  <revisionOnScmFailure>0</revisionOnScmFailure>
  <scmBranchPropertyName default-value="scmBranch">${maven.buildNumber.scmBranchPropertyName}</scmBranchPropertyName>
  <scmDirectory default-value="${basedir}">${maven.buildNumber.scmDirectory}</scmDirectory>
  <session>${session}</session>
  <shortRevisionLength>6</shortRevisionLength>
  <timestampPropertyName default-value="timestamp">${maven.buildNumber.timestampPropertyName}</timestampPropertyName>
  <urlScm>${project.scm.developerConnection}</urlScm>
  <useLastCommittedRevision default-value="false">${maven.buildNumber.useLastCommittedRevision}</useLastCommittedRevision>
  <username>${username}</username>
</configuration>
[DEBUG] -----------------------------------------------------------------------
[DEBUG] Goal:          com.googlecode.maven-java-formatter-plugin:maven-java-formatter-plugin:0.4:format (default)
[DEBUG] Style:         Regular
[DEBUG] Configuration: <?xml version="1.0" encoding="UTF-8"?>
<configuration>
  <basedir>${basedir}</basedir>
  <compilerCompliance default-value="1.5">${maven.compiler.source}</compilerCompliance>
  <compilerSource default-value="1.5">${maven.compiler.source}</compilerSource>
  <compilerTargetPlatform default-value="1.5">${maven.compiler.target}</compilerTargetPlatform>
  <configFile>eclipse/OpenMRSFormatter.xml</configFile>
  <encoding default-value="${project.build.sourceEncoding}"/>
  <lineEnding default-value="AUTO">LF</lineEnding>
  <overrideConfigCompilerVersion default-value="false">true</overrideConfigCompilerVersion>
  <sourceDirectory>${project.build.sourceDirectory}</sourceDirectory>
  <targetDirectory>${project.build.directory}</targetDirectory>
  <testSourceDirectory>${project.build.testSourceDirectory}</testSourceDirectory>
</configuration>
[DEBUG] -----------------------------------------------------------------------
[DEBUG] Goal:          org.apache.maven.plugins:maven-dependency-plugin:3.7.0:unpack-dependencies (Expand resources)
[DEBUG] Style:         Regular
[DEBUG] Configuration: <?xml version="1.0" encoding="UTF-8"?>
<configuration>
  <classifier default-value="">${classifier}</classifier>
  <encoding>${mdep.unpack.encoding}</encoding>
  <excludeArtifactIds default-value="">${excludeArtifactIds}</excludeArtifactIds>
  <excludeClassifiers default-value="">${excludeClassifiers}</excludeClassifiers>
  <excludeGroupIds default-value="">${excludeGroupIds}</excludeGroupIds>
  <excludeScope default-value="">${excludeScope}</excludeScope>
  <excludeTransitive default-value="false">${excludeTransitive}</excludeTransitive>
  <excludeTypes default-value="">${excludeTypes}</excludeTypes>
  <excludes>${mdep.unpack.excludes}</excludes>
  <failOnMissingClassifierArtifact default-value="false">${mdep.failOnMissingClassifierArtifact}</failOnMissingClassifierArtifact>
  <fileMappers>${mdep.unpack.filemappers}</fileMappers>
  <ignorePermissions default-value="false">${dependency.ignorePermissions}</ignorePermissions>
  <includeArtifactIds default-value="">artemis-api,artemis-omod,artemis-omod-common</includeArtifactIds>
  <includeClassifiers default-value="">${includeClassifiers}</includeClassifiers>
  <includeGroupIds default-value="">org.openmrs.module</includeGroupIds>
  <includeScope default-value="">compile</includeScope>
  <includeTypes default-value="">${includeTypes}</includeTypes>
  <includes>*.xml,*.properties</includes>
  <markersDirectory default-value="${project.build.directory}/dependency-maven-plugin-markers">${markersDirectory}</markersDirectory>
  <outputDirectory default-value="${project.build.directory}/dependency">/Users/rafal/workspace/openmrs-module-artemis/omod/target/classes</outputDirectory>
  <overWriteIfNewer default-value="true">${overWriteIfNewer}</overWriteIfNewer>
  <overWriteReleases default-value="false">${overWriteReleases}</overWriteReleases>
  <overWriteSnapshots default-value="false">${overWriteSnapshots}</overWriteSnapshots>
  <prependGroupId default-value="false">${mdep.prependGroupId}</prependGroupId>
  <reactorProjects default-value="${reactorProjects}"/>
  <remotePluginRepositories default-value="${project.pluginArtifactRepositories}"/>
  <remoteRepositories default-value="${project.remoteArtifactRepositories}"/>
  <silent default-value="false">${silent}</silent>
  <skip default-value="false">${mdep.skip}</skip>
  <skipDuringIncrementalBuild default-value="false"/>
  <stripClassifier default-value="false">${mdep.stripClassifier}</stripClassifier>
  <stripType default-value="false">${mdep.stripType}</stripType>
  <stripVersion default-value="false">${mdep.stripVersion}</stripVersion>
  <type default-value="">${type}</type>
  <useRepositoryLayout default-value="false">${mdep.useRepositoryLayout}</useRepositoryLayout>
  <useSubDirectoryPerArtifact default-value="false">${mdep.useSubDirectoryPerArtifact}</useSubDirectoryPerArtifact>
  <useSubDirectoryPerScope default-value="false">${mdep.useSubDirectoryPerScope}</useSubDirectoryPerScope>
  <useSubDirectoryPerType default-value="false">${mdep.useSubDirectoryPerType}</useSubDirectoryPerType>
</configuration>
[DEBUG] -----------------------------------------------------------------------
[DEBUG] Goal:          org.apache.maven.plugins:maven-resources-plugin:3.3.1:resources (default-resources)
[DEBUG] Style:         Regular
[DEBUG] Configuration: <?xml version="1.0" encoding="UTF-8"?>
<configuration>
  <addDefaultExcludes default-value="true"/>
  <buildFilters default-value="${project.build.filters}"/>
  <encoding default-value="${project.build.sourceEncoding}"/>
  <escapeWindowsPaths default-value="true"/>
  <fileNameFiltering default-value="false"/>
  <includeEmptyDirs default-value="false"/>
  <outputDirectory default-value="${project.build.outputDirectory}"/>
  <overwrite default-value="false"/>
  <project default-value="${project}"/>
  <resources default-value="${project.resources}"/>
  <session default-value="${session}"/>
  <skip default-value="false">${maven.resources.skip}</skip>
  <supportMultiLineFiltering default-value="false"/>
  <useBuildFilters default-value="true"/>
  <useDefaultDelimiters default-value="true"/>
</configuration>
[DEBUG] -----------------------------------------------------------------------
[DEBUG] Goal:          org.apache.maven.plugins:maven-compiler-plugin:3.13.0:compile (default-compile)
[DEBUG] Style:         Regular
[DEBUG] Configuration: <?xml version="1.0" encoding="UTF-8"?>
<configuration>
  <annotationProcessorPathsUseDepMgmt default-value="false"/>
  <basedir default-value="${basedir}"/>
  <buildDirectory default-value="${project.build.directory}"/>
  <compilePath default-value="${project.compileClasspathElements}"/>
  <compileSourceRoots default-value="${project.compileSourceRoots}"/>
  <compilerId default-value="javac">${maven.compiler.compilerId}</compilerId>
  <compilerReuseStrategy default-value="${reuseCreated}">${maven.compiler.compilerReuseStrategy}</compilerReuseStrategy>
  <compilerVersion>${maven.compiler.compilerVersion}</compilerVersion>
  <createMissingPackageInfoClass default-value="true">${maven.compiler.createMissingPackageInfoClass}</createMissingPackageInfoClass>
  <debug default-value="true">${maven.compiler.debug}</debug>
  <debugFileName default-value="javac"/>
  <debuglevel>${maven.compiler.debuglevel}</debuglevel>
  <enablePreview default-value="false">${maven.compiler.enablePreview}</enablePreview>
  <encoding default-value="${project.build.sourceEncoding}">${encoding}</encoding>
  <executable>${maven.compiler.executable}</executable>
  <failOnError default-value="true">${maven.compiler.failOnError}</failOnError>
  <failOnWarning default-value="false">${maven.compiler.failOnWarning}</failOnWarning>
  <fileExtensions default-value="class,jar"/>
  <forceJavacCompilerUse default-value="false">${maven.compiler.forceJavacCompilerUse}</forceJavacCompilerUse>
  <forceLegacyJavacApi default-value="false">${maven.compiler.forceLegacyJavacApi}</forceLegacyJavacApi>
  <fork default-value="false">${maven.compiler.fork}</fork>
  <generatedSourcesDirectory default-value="${project.build.directory}/generated-sources/annotations"/>
  <implicit>${maven.compiler.implicit}</implicit>
  <maxmem>${maven.compiler.maxmem}</maxmem>
  <meminitial>${maven.compiler.meminitial}</meminitial>
  <mojoExecution default-value="${mojoExecution}"/>
  <optimize default-value="false">${maven.compiler.optimize}</optimize>
  <outputDirectory default-value="${project.build.outputDirectory}">${maven.compiler.outputDirectory}</outputDirectory>
  <outputTimestamp default-value="${project.build.outputTimestamp}"/>
  <parameters default-value="false">${maven.compiler.parameters}</parameters>
  <proc>${maven.compiler.proc}</proc>
  <project default-value="${project}"/>
  <projectArtifact default-value="${project.artifact}"/>
  <release>${maven.compiler.release}</release>
  <session default-value="${session}"/>
  <showCompilationChanges default-value="false">${maven.compiler.showCompilationChanges}</showCompilationChanges>
  <showDeprecation default-value="false">${maven.compiler.showDeprecation}</showDeprecation>
  <showWarnings default-value="true">${maven.compiler.showWarnings}</showWarnings>
  <skipMain>${maven.main.skip}</skipMain>
  <skipMultiThreadWarning default-value="false">${maven.compiler.skipMultiThreadWarning}</skipMultiThreadWarning>
  <source default-value="1.8">17</source>
  <staleMillis default-value="0">${lastModGranularityMs}</staleMillis>
  <target default-value="1.8">17</target>
  <useIncrementalCompilation default-value="true">${maven.compiler.useIncrementalCompilation}</useIncrementalCompilation>
  <verbose default-value="false">${maven.compiler.verbose}</verbose>
</configuration>
[DEBUG] -----------------------------------------------------------------------
[DEBUG] Goal:          org.apache.maven.plugins:maven-resources-plugin:3.3.1:testResources (default-testResources)
[DEBUG] Style:         Regular
[DEBUG] Configuration: <?xml version="1.0" encoding="UTF-8"?>
<configuration>
  <addDefaultExcludes default-value="true"/>
  <buildFilters default-value="${project.build.filters}"/>
  <encoding default-value="${project.build.sourceEncoding}"/>
  <escapeWindowsPaths default-value="true"/>
  <fileNameFiltering default-value="false"/>
  <includeEmptyDirs default-value="false"/>
  <outputDirectory default-value="${project.build.testOutputDirectory}"/>
  <overwrite default-value="false"/>
  <project default-value="${project}"/>
  <resources default-value="${project.testResources}"/>
  <session default-value="${session}"/>
  <skip default-value="false">${maven.test.skip}</skip>
  <supportMultiLineFiltering default-value="false"/>
  <useBuildFilters default-value="true"/>
  <useDefaultDelimiters default-value="true"/>
</configuration>
[DEBUG] -----------------------------------------------------------------------
[DEBUG] Goal:          org.apache.maven.plugins:maven-compiler-plugin:3.13.0:testCompile (default-testCompile)
[DEBUG] Style:         Regular
[DEBUG] Configuration: <?xml version="1.0" encoding="UTF-8"?>
<configuration>
  <annotationProcessorPathsUseDepMgmt default-value="false"/>
  <basedir default-value="${basedir}"/>
  <buildDirectory default-value="${project.build.directory}"/>
  <compileSourceRoots default-value="${project.testCompileSourceRoots}"/>
  <compilerId default-value="javac">${maven.compiler.compilerId}</compilerId>
  <compilerReuseStrategy default-value="${reuseCreated}">${maven.compiler.compilerReuseStrategy}</compilerReuseStrategy>
  <compilerVersion>${maven.compiler.compilerVersion}</compilerVersion>
  <createMissingPackageInfoClass default-value="true">${maven.compiler.createMissingPackageInfoClass}</createMissingPackageInfoClass>
  <debug default-value="true">${maven.compiler.debug}</debug>
  <debugFileName default-value="javac-test"/>
  <debuglevel>${maven.compiler.debuglevel}</debuglevel>
  <enablePreview default-value="false">${maven.compiler.enablePreview}</enablePreview>
  <encoding default-value="${project.build.sourceEncoding}">${encoding}</encoding>
  <executable>${maven.compiler.executable}</executable>
  <failOnError default-value="true">${maven.compiler.failOnError}</failOnError>
  <failOnWarning default-value="false">${maven.compiler.failOnWarning}</failOnWarning>
  <fileExtensions default-value="class,jar"/>
  <forceJavacCompilerUse default-value="false">${maven.compiler.forceJavacCompilerUse}</forceJavacCompilerUse>
  <forceLegacyJavacApi default-value="false">${maven.compiler.forceLegacyJavacApi}</forceLegacyJavacApi>
  <fork default-value="false">${maven.compiler.fork}</fork>
  <generatedTestSourcesDirectory default-value="${project.build.directory}/generated-test-sources/test-annotations"/>
  <implicit>${maven.compiler.implicit}</implicit>
  <maxmem>${maven.compiler.maxmem}</maxmem>
  <meminitial>${maven.compiler.meminitial}</meminitial>
  <mojoExecution default-value="${mojoExecution}"/>
  <optimize default-value="false">${maven.compiler.optimize}</optimize>
  <outputDirectory default-value="${project.build.testOutputDirectory}"/>
  <outputTimestamp default-value="${project.build.outputTimestamp}"/>
  <parameters default-value="false">${maven.compiler.parameters}</parameters>
  <proc>${maven.compiler.proc}</proc>
  <project default-value="${project}"/>
  <release>${maven.compiler.release}</release>
  <session default-value="${session}"/>
  <showCompilationChanges default-value="false">${maven.compiler.showCompilationChanges}</showCompilationChanges>
  <showDeprecation default-value="false">${maven.compiler.showDeprecation}</showDeprecation>
  <showWarnings default-value="true">${maven.compiler.showWarnings}</showWarnings>
  <skip>${maven.test.skip}</skip>
  <skipMultiThreadWarning default-value="false">${maven.compiler.skipMultiThreadWarning}</skipMultiThreadWarning>
  <source default-value="1.8">17</source>
  <staleMillis default-value="0">${lastModGranularityMs}</staleMillis>
  <target default-value="1.8">17</target>
  <testPath default-value="${project.testClasspathElements}"/>
  <testRelease>${maven.compiler.testRelease}</testRelease>
  <testSource>${maven.compiler.testSource}</testSource>
  <testTarget>${maven.compiler.testTarget}</testTarget>
  <useIncrementalCompilation default-value="true">${maven.compiler.useIncrementalCompilation}</useIncrementalCompilation>
  <useModulePath default-value="true"/>
  <verbose default-value="false">${maven.compiler.verbose}</verbose>
</configuration>
[DEBUG] -----------------------------------------------------------------------
[DEBUG] Goal:          org.apache.maven.plugins:maven-surefire-plugin:3.2.5:test (default-test)
[DEBUG] Style:         Regular
[DEBUG] Configuration: <?xml version="1.0" encoding="UTF-8"?>
<configuration>
  <additionalClasspathDependencies>${maven.test.additionalClasspathDependencies}</additionalClasspathDependencies>
  <additionalClasspathElements>${maven.test.additionalClasspath}</additionalClasspathElements>
  <argLine>${argLine}</argLine>
  <basedir default-value="${basedir}"/>
  <childDelegation default-value="false">${childDelegation}</childDelegation>
  <classesDirectory default-value="${project.build.outputDirectory}"/>
  <classpathDependencyExcludes>${maven.test.dependency.excludes}</classpathDependencyExcludes>
  <debugForkedProcess>${maven.surefire.debug}</debugForkedProcess>
  <dependenciesToScan>${dependenciesToScan}</dependenciesToScan>
  <disableXmlReport default-value="false">${disableXmlReport}</disableXmlReport>
  <enableAssertions default-value="true">${enableAssertions}</enableAssertions>
  <enableProcessChecker>${surefire.enableProcessChecker}</enableProcessChecker>
  <encoding default-value="${project.reporting.outputEncoding}">${surefire.encoding}</encoding>
  <excludeJUnit5Engines>${surefire.excludeJUnit5Engines}</excludeJUnit5Engines>
  <excludedEnvironmentVariables>${surefire.excludedEnvironmentVariables}</excludedEnvironmentVariables>
  <excludedGroups>${excludedGroups}</excludedGroups>
  <excludes>${surefire.excludes}</excludes>
  <excludesFile>${surefire.excludesFile}</excludesFile>
  <failIfNoSpecifiedTests default-value="true">${surefire.failIfNoSpecifiedTests}</failIfNoSpecifiedTests>
  <failIfNoTests default-value="false">${failIfNoTests}</failIfNoTests>
  <failOnFlakeCount default-value="0">${surefire.failOnFlakeCount}</failOnFlakeCount>
  <forkCount default-value="1">${forkCount}</forkCount>
  <forkNode>${surefire.forkNode}</forkNode>
  <forkedProcessExitTimeoutInSeconds default-value="30">${surefire.exitTimeout}</forkedProcessExitTimeoutInSeconds>
  <forkedProcessTimeoutInSeconds>${surefire.timeout}</forkedProcessTimeoutInSeconds>
  <groups>${groups}</groups>
  <includeJUnit5Engines>${surefire.includeJUnit5Engines}</includeJUnit5Engines>
  <includes>${surefire.includes}</includes>
  <includesFile>${surefire.includesFile}</includesFile>
  <junitArtifactName default-value="junit:junit">${junitArtifactName}</junitArtifactName>
  <jvm>${jvm}</jvm>
  <objectFactory>${objectFactory}</objectFactory>
  <parallel>${parallel}</parallel>
  <parallelMavenExecution default-value="${session.parallel}"/>
  <parallelOptimized default-value="true">${parallelOptimized}</parallelOptimized>
  <parallelTestsTimeoutForcedInSeconds>${surefire.parallel.forcedTimeout}</parallelTestsTimeoutForcedInSeconds>
  <parallelTestsTimeoutInSeconds>${surefire.parallel.timeout}</parallelTestsTimeoutInSeconds>
  <perCoreThreadCount default-value="true">${perCoreThreadCount}</perCoreThreadCount>
  <pluginArtifactMap>${plugin.artifactMap}</pluginArtifactMap>
  <pluginDescriptor default-value="${plugin}"/>
  <printSummary default-value="true">${surefire.printSummary}</printSummary>
  <project default-value="${project}"/>
  <projectArtifactMap>${project.artifactMap}</projectArtifactMap>
  <projectBuildDirectory default-value="${project.build.directory}"/>
  <redirectTestOutputToFile default-value="false">${maven.test.redirectTestOutputToFile}</redirectTestOutputToFile>
  <reportFormat default-value="brief">${surefire.reportFormat}</reportFormat>
  <reportNameSuffix default-value="">${surefire.reportNameSuffix}</reportNameSuffix>
  <reportsDirectory default-value="${project.build.directory}/surefire-reports"/>
  <rerunFailingTestsCount default-value="0">${surefire.rerunFailingTestsCount}</rerunFailingTestsCount>
  <reuseForks default-value="true">${reuseForks}</reuseForks>
  <runOrder default-value="filesystem">${surefire.runOrder}</runOrder>
  <runOrderRandomSeed>${surefire.runOrder.random.seed}</runOrderRandomSeed>
  <session default-value="${session}"/>
  <shutdown default-value="exit">${surefire.shutdown}</shutdown>
  <skip default-value="false">${maven.test.skip}</skip>
  <skipAfterFailureCount default-value="0">${surefire.skipAfterFailureCount}</skipAfterFailureCount>
  <skipExec>${maven.test.skip.exec}</skipExec>
  <skipTests default-value="false">${skipTests}</skipTests>
  <suiteXmlFiles>${surefire.suiteXmlFiles}</suiteXmlFiles>
  <systemPropertiesFile>${surefire.systemPropertiesFile}</systemPropertiesFile>
  <tempDir default-value="surefire">${tempDir}</tempDir>
  <test>${test}</test>
  <testClassesDirectory default-value="${project.build.testOutputDirectory}"/>
  <testFailureIgnore default-value="false">${maven.test.failure.ignore}</testFailureIgnore>
  <testNGArtifactName default-value="org.testng:testng">${testNGArtifactName}</testNGArtifactName>
  <testSourceDirectory default-value="${project.build.testSourceDirectory}"/>
  <threadCount>${threadCount}</threadCount>
  <threadCountClasses default-value="0">${threadCountClasses}</threadCountClasses>
  <threadCountMethods default-value="0">${threadCountMethods}</threadCountMethods>
  <threadCountSuites default-value="0">${threadCountSuites}</threadCountSuites>
  <trimStackTrace default-value="false">${trimStackTrace}</trimStackTrace>
  <useFile default-value="true">${surefire.useFile}</useFile>
  <useManifestOnlyJar default-value="true">${surefire.useManifestOnlyJar}</useManifestOnlyJar>
  <useModulePath default-value="true">${surefire.useModulePath}</useModulePath>
  <useSystemClassLoader default-value="true">${surefire.useSystemClassLoader}</useSystemClassLoader>
  <useUnlimitedThreads default-value="false">${useUnlimitedThreads}</useUnlimitedThreads>
  <workingDirectory>${basedir}</workingDirectory>
</configuration>
[DEBUG] =======================================================================
[DEBUG] Skipped remote request for org.openmrs.web:openmrs-web:2.9.0-SNAPSHOT/maven-metadata.xml, locally cached metadata up-to-date
[DEBUG] Skipped remote request for org.openmrs.web:openmrs-web:2.9.0-SNAPSHOT/maven-metadata.xml, locally cached metadata up-to-date
[DEBUG] org.openmrs.web:openmrs-web:2.9.0-SNAPSHOT/maven-metadata.xml was not found in https://mavenrepo.openmrs.org/thirdparty during a previous attempt. This failure was cached in the local repository and resolution is not be reattempted until the update interval of openmrs-repo-thirdparty has elapsed or updates are forced
[DEBUG] org.openmrs.web:openmrs-web:2.9.0-SNAPSHOT/maven-metadata.xml was not found in https://nexus.mekomsolutions.net/repository/maven-public during a previous attempt. This failure was cached in the local repository and resolution is not be reattempted until the update interval of mks-nexus-public has elapsed or updates are forced
[DEBUG] org.openmrs.web:openmrs-web:2.9.0-SNAPSHOT/maven-metadata.xml was not found in https://central.sonatype.com/repository/maven-snapshots during a previous attempt. This failure was cached in the local repository and resolution is not be reattempted until the update interval of sonatype-central-snapshots has elapsed or updates are forced
[DEBUG] org.openmrs.web:openmrs-web:2.9.0-SNAPSHOT/maven-metadata.xml was not found in https://oss.sonatype.org/content/repositories/releases/ during a previous attempt. This failure was cached in the local repository and resolution is not be reattempted until the update interval of sonatype-nexus has elapsed or updates are forced
[DEBUG] org.openmrs.web:openmrs-web:2.9.0-SNAPSHOT/maven-metadata.xml was not found in https://repo1.maven.org/maven2 during a previous attempt. This failure was cached in the local repository and resolution is not be reattempted until the update interval of central has elapsed or updates are forced
[DEBUG] Skipped remote request for org.openmrs.web:openmrs-web:2.9.0-SNAPSHOT/maven-metadata.xml, locally cached metadata up-to-date
[DEBUG] Skipped remote request for org.openmrs.web:openmrs-web:2.9.0-SNAPSHOT/maven-metadata.xml, locally cached metadata up-to-date
[DEBUG] org.openmrs.web:openmrs-web:2.9.0-SNAPSHOT/maven-metadata.xml was not found in https://mavenrepo.openmrs.org/thirdparty during a previous attempt. This failure was cached in the local repository and resolution is not be reattempted until the update interval of openmrs-repo-thirdparty has elapsed or updates are forced
[DEBUG] org.openmrs.web:openmrs-web:2.9.0-SNAPSHOT/maven-metadata.xml was not found in https://nexus.mekomsolutions.net/repository/maven-public during a previous attempt. This failure was cached in the local repository and resolution is not be reattempted until the update interval of mks-nexus-public has elapsed or updates are forced
[DEBUG] org.openmrs.web:openmrs-web:2.9.0-SNAPSHOT/maven-metadata.xml was not found in https://central.sonatype.com/repository/maven-snapshots during a previous attempt. This failure was cached in the local repository and resolution is not be reattempted until the update interval of sonatype-central-snapshots has elapsed or updates are forced
[DEBUG] org.openmrs.web:openmrs-web:2.9.0-SNAPSHOT/maven-metadata.xml was not found in https://oss.sonatype.org/content/repositories/releases/ during a previous attempt. This failure was cached in the local repository and resolution is not be reattempted until the update interval of sonatype-nexus has elapsed or updates are forced
[DEBUG] org.openmrs.web:openmrs-web:2.9.0-SNAPSHOT/maven-metadata.xml was not found in https://repo1.maven.org/maven2 during a previous attempt. This failure was cached in the local repository and resolution is not be reattempted until the update interval of central has elapsed or updates are forced
[DEBUG] Skipped remote request for org.openmrs.web:openmrs-web:2.9.0-SNAPSHOT/maven-metadata.xml, locally cached metadata up-to-date
[DEBUG] Skipped remote request for org.openmrs.web:openmrs-web:2.9.0-SNAPSHOT/maven-metadata.xml, locally cached metadata up-to-date
[DEBUG] org.openmrs.web:openmrs-web:2.9.0-SNAPSHOT/maven-metadata.xml was not found in https://mavenrepo.openmrs.org/thirdparty during a previous attempt. This failure was cached in the local repository and resolution is not be reattempted until the update interval of openmrs-repo-thirdparty has elapsed or updates are forced
[DEBUG] org.openmrs.web:openmrs-web:2.9.0-SNAPSHOT/maven-metadata.xml was not found in https://nexus.mekomsolutions.net/repository/maven-public during a previous attempt. This failure was cached in the local repository and resolution is not be reattempted until the update interval of mks-nexus-public has elapsed or updates are forced
[DEBUG] org.openmrs.web:openmrs-web:2.9.0-SNAPSHOT/maven-metadata.xml was not found in https://central.sonatype.com/repository/maven-snapshots during a previous attempt. This failure was cached in the local repository and resolution is not be reattempted until the update interval of sonatype-central-snapshots has elapsed or updates are forced
[DEBUG] org.openmrs.web:openmrs-web:2.9.0-SNAPSHOT/maven-metadata.xml was not found in https://oss.sonatype.org/content/repositories/releases/ during a previous attempt. This failure was cached in the local repository and resolution is not be reattempted until the update interval of sonatype-nexus has elapsed or updates are forced
[DEBUG] org.openmrs.web:openmrs-web:2.9.0-SNAPSHOT/maven-metadata.xml was not found in https://repo1.maven.org/maven2 during a previous attempt. This failure was cached in the local repository and resolution is not be reattempted until the update interval of central has elapsed or updates are forced
[DEBUG] Dependency collection stats {ConflictMarker.analyzeTime=425959, ConflictMarker.markTime=267416, ConflictMarker.nodeCount=1137, ConflictIdSorter.graphTime=251458, ConflictIdSorter.topsortTime=125917, ConflictIdSorter.conflictIdCount=322, ConflictIdSorter.conflictIdCycleCount=0, ConflictResolver.totalTime=5170500, ConflictResolver.conflictItemCount=948, DfDependencyCollector.collectTime=30210417, DfDependencyCollector.transformTime=6301541}
[DEBUG] org.openmrs.module:artemis-omod:jar:1.0.0-SNAPSHOT
[DEBUG]    org.openmrs.module:artemis-api:jar:1.0.0-SNAPSHOT:compile
[DEBUG]       org.apache.artemis:artemis-server:jar:2.54.0:compile
[DEBUG]          com.github.ben-manes.caffeine:caffeine:jar:2.9.3:test (scope managed from compile) (version managed from 3.2.4)
[DEBUG]          org.apache.artemis:artemis-commons:jar:2.54.0:compile
[DEBUG]          org.apache.artemis:artemis-selector:jar:2.54.0:compile
[DEBUG]          org.apache.artemis:artemis-journal:jar:2.54.0:compile
[DEBUG]             org.apache.activemq:activemq-artemis-native:jar:2.0.0:compile
[DEBUG]          org.apache.artemis:artemis-jdbc-store:jar:2.54.0:compile
[DEBUG]             org.apache.commons:commons-dbcp2:jar:2.14.0:compile
[DEBUG]                org.apache.commons:commons-pool2:jar:2.13.0:compile
[DEBUG]          org.apache.artemis:artemis-core-client:jar:2.54.0:compile
[DEBUG]             org.jgroups:jgroups:jar:5.3.13.Final:compile
[DEBUG]             io.netty:netty-handler-proxy:jar:4.1.132.Final:compile
[DEBUG]             io.netty:netty-codec-socks:jar:4.1.132.Final:compile
[DEBUG]             io.netty:netty-resolver:jar:4.1.132.Final:compile
[DEBUG]             de.dentrassi.crypto:pem-keystore:jar:3.0.0:compile
[DEBUG]                com.hierynomus:asn-one:jar:0.6.0:compile
[DEBUG]          org.apache.artemis:artemis-lockmanager-api:jar:2.54.0:compile
[DEBUG]          org.jctools:jctools-core:jar:4.0.6:compile
[DEBUG]          io.netty:netty-buffer:jar:4.1.132.Final:compile
[DEBUG]          io.netty:netty-transport:jar:4.1.132.Final:compile
[DEBUG]          io.netty:netty-codec-http:jar:4.1.132.Final:compile
[DEBUG]          io.netty:netty-codec-haproxy:jar:4.1.132.Final:compile
[DEBUG]          io.netty:netty-common:jar:4.1.132.Final:compile
[DEBUG]          io.netty:netty-handler:jar:4.1.132.Final:compile
[DEBUG]             io.netty:netty-transport-native-unix-common:jar:4.1.132.Final:compile
[DEBUG]          io.netty:netty-transport-native-epoll:jar:linux-x86_64:4.1.132.Final:compile
[DEBUG]          io.netty:netty-transport-classes-epoll:jar:4.1.132.Final:compile
[DEBUG]          io.netty:netty-transport-native-kqueue:jar:osx-x86_64:4.1.132.Final:compile
[DEBUG]          io.netty:netty-transport-classes-kqueue:jar:4.1.132.Final:compile
[DEBUG]          io.netty:netty-codec:jar:4.1.132.Final:compile
[DEBUG]          org.apache.commons:commons-configuration2:jar:2.14.0:compile
[DEBUG]          io.micrometer:micrometer-core:jar:1.16.5:compile
[DEBUG]             io.micrometer:micrometer-commons:jar:1.16.5:compile
[DEBUG]             io.micrometer:micrometer-observation:jar:1.16.5:compile
[DEBUG]          com.nimbusds:nimbus-jose-jwt:jar:10.9:compile
[DEBUG]       org.apache.artemis:artemis-jms-client:jar:2.54.0:compile
[DEBUG]          jakarta.jms:jakarta.jms-api:jar:2.0.3:provided (scope managed from compile) (version managed from 2.0.3)
[DEBUG]       org.apache.artemis:artemis-web:jar:2.54.0:compile
[DEBUG]          org.apache.artemis:artemis-dto:jar:2.54.0:compile
[DEBUG]             com.sun.xml.bind:jaxb-impl:jar:2.3.9:compile
[DEBUG]          org.apache.artemis:artemis-cli:jar:2.54.0:compile
[DEBUG]             org.apache.artemis:artemis-jms-server:jar:2.54.0:compile
[DEBUG]                org.apache.artemis:artemis-service-extensions:jar:2.54.0:compile
[DEBUG]             jakarta.inject:jakarta.inject-api:jar:1.0.5:compile
[DEBUG]             org.apache.qpid:qpid-jms-client:jar:1.16.0:compile
[DEBUG]                org.apache.qpid:proton-j:jar:0.34.1:compile
[DEBUG]             info.picocli:picocli:jar:4.7.7:compile
[DEBUG]             info.picocli:picocli-shell-jline3:jar:4.7.7:compile
[DEBUG]             org.jline:jline-console:jar:4.1.0:compile
[DEBUG]                org.jline:jline-shell:jar:4.1.0:compile
[DEBUG]                org.jline:jline-builtins:jar:4.1.0:compile
[DEBUG]                org.jline:jline-style:jar:4.1.0:compile
[DEBUG]                org.jline:jline-console-ui:jar:4.1.0:compile
[DEBUG]             org.jline:jline-reader:jar:4.1.0:compile
[DEBUG]             org.jline:jline-terminal:jar:4.1.0:compile
[DEBUG]             org.hdrhistogram:HdrHistogram:jar:2.2.2:compile
[DEBUG]          org.eclipse.jetty.toolchain:jetty-jakarta-servlet-api:jar:5.0.2:compile
[DEBUG]          org.eclipse.jetty:jetty-server:jar:12.1.9:compile
[DEBUG]             org.eclipse.jetty:jetty-io:jar:12.1.9:compile
[DEBUG]          org.eclipse.jetty.ee9:jetty-ee9-servlet:jar:12.1.9:compile
[DEBUG]          org.eclipse.jetty.ee9:jetty-ee9-webapp:jar:12.1.9:compile
[DEBUG]             org.eclipse.jetty:jetty-xml:jar:12.1.9:compile
[DEBUG]             org.eclipse.jetty.ee:jetty-ee-webapp:jar:12.1.9:compile
[DEBUG]          org.eclipse.jetty.ee9:jetty-ee9-nested:jar:12.1.9:compile
[DEBUG]             org.eclipse.jetty:jetty-security:jar:12.1.9:compile
[DEBUG]             org.eclipse.jetty:jetty-session:jar:12.1.9:compile
[DEBUG]          org.eclipse.jetty.ee9:jetty-ee9-security:jar:12.1.9:compile
[DEBUG]          org.eclipse.jetty:jetty-util:jar:12.1.9:compile
[DEBUG]          org.eclipse.jetty:jetty-http:jar:12.1.9:compile
[DEBUG]          org.eclipse.jetty.http2:jetty-http2-server:jar:12.1.9:compile
[DEBUG]             org.eclipse.jetty.http2:jetty-http2-common:jar:12.1.9:compile
[DEBUG]                org.eclipse.jetty.http2:jetty-http2-hpack:jar:12.1.9:compile
[DEBUG]          org.eclipse.jetty:jetty-alpn-server:jar:12.1.9:compile
[DEBUG]          org.eclipse.jetty:jetty-alpn-java-server:jar:12.1.9:compile
[DEBUG]          org.eclipse.jetty.compression:jetty-compression-server:jar:12.1.9:compile
[DEBUG]             org.eclipse.jetty.compression:jetty-compression-common:jar:12.1.9:compile
[DEBUG]          org.eclipse.jetty.compression:jetty-compression-gzip:jar:12.1.9:compile
[DEBUG]    org.openmrs.web:openmrs-web:jar:2.9.0-SNAPSHOT:provided
[DEBUG]       javax.servlet:jsp-api:jar:2.0:provided
[DEBUG]          javax.servlet:servlet-api:jar:2.5:provided (scope managed from compile) (version managed from 2.4)
[DEBUG]       javax.servlet.jsp.jstl:javax.servlet.jsp.jstl-api:jar:1.2.2:provided
[DEBUG]       commons-io:commons-io:jar:2.19.0:provided
[DEBUG]       commons-fileupload:commons-fileupload:jar:1.6.0:provided
[DEBUG]       org.springframework:spring-web:jar:5.3.30:provided
[DEBUG]       org.springframework:spring-webmvc:jar:5.3.30:provided
[DEBUG]          org.springframework:spring-expression:jar:5.3.30:provided
[DEBUG]       org.springframework:spring-oxm:jar:5.3.30:provided
[DEBUG]       taglibs:request:jar:1.0.1:provided
[DEBUG]       taglibs:response:jar:1.0.1:provided
[DEBUG]       taglibs:standard:jar:1.1.2:provided
[DEBUG]       taglibs:page:jar:1.0.1:provided
[DEBUG]       org.liquibase:liquibase-core:jar:4.32.0:provided
[DEBUG]          com.opencsv:opencsv:jar:5.11:provided
[DEBUG]          org.yaml:snakeyaml:jar:2.4:provided
[DEBUG]          javax.xml.bind:jaxb-api:jar:2.3.1:provided
[DEBUG]          org.apache.commons:commons-collections4:jar:4.5.0:provided
[DEBUG]          org.apache.commons:commons-text:jar:1.13.1:compile
[DEBUG]       org.slf4j:jcl-over-slf4j:jar:1.7.36:provided
[DEBUG]       org.apache.velocity:velocity-tools:jar:2.0.1-atlassian-2:provided
[DEBUG]          commons-digester:commons-digester:jar:1.8:provided
[DEBUG]          commons-chain:commons-chain:jar:1.1:provided
[DEBUG]          commons-logging:commons-logging:jar:1.2:provided (scope managed from compile) (version managed from 1.1)
[DEBUG]          oro:oro:jar:2.0.8:provided
[DEBUG]          sslext:sslext:jar:1.2-0:provided
[DEBUG]          org.apache.struts:struts-core:jar:1.3.8:provided
[DEBUG]          org.apache.struts:struts-taglib:jar:1.3.8:provided
[DEBUG]          org.apache.struts:struts-tiles:jar:1.3.8:provided
[DEBUG]       org.owasp.encoder:encoder:jar:1.3.1:provided
[DEBUG]       org.owasp:csrfguard:jar:4.2.1:provided
[DEBUG]          com.google.code.gson:gson:jar:2.10.1:provided
[DEBUG]       org.owasp:csrfguard-extension-session:jar:4.2.1:provided
[DEBUG]    org.openmrs.web:openmrs-web:jar:tests:2.9.0-SNAPSHOT:provided
[DEBUG]    javax.servlet:javax.servlet-api:jar:4.0.1:provided
[DEBUG]    org.openmrs.api:openmrs-api:jar:2.9.0-SNAPSHOT:provided
[DEBUG]       commons-collections:commons-collections:jar:3.2.2:provided (scope managed from compile) (version managed from 3.2.2)
[DEBUG]       org.apache.commons:commons-lang3:jar:3.12.0:provided (scope managed from compile) (version managed from 3.18.0)
[DEBUG]       commons-beanutils:commons-beanutils:jar:1.9.4:provided (scope managed from compile) (version managed from 1.11.0)
[DEBUG]       commons-validator:commons-validator:jar:1.10.0:provided
[DEBUG]       org.apache.velocity:velocity:jar:1.7:provided
[DEBUG]          commons-lang:commons-lang:jar:2.4:provided
[DEBUG]       org.springframework:spring-core:jar:5.3.30:provided
[DEBUG]          org.springframework:spring-jcl:jar:5.3.30:provided
[DEBUG]       org.springframework:spring-beans:jar:5.3.30:provided
[DEBUG]       org.springframework:spring-context:jar:5.3.30:provided
[DEBUG]       org.springframework:spring-aop:jar:5.3.30:provided
[DEBUG]       org.springframework:spring-orm:jar:5.3.30:provided
[DEBUG]       org.springframework:spring-tx:jar:5.3.30:provided
[DEBUG]       org.springframework:spring-jdbc:jar:5.3.30:provided
[DEBUG]       org.springframework:spring-context-support:jar:5.3.30:provided
[DEBUG]       org.springframework:spring-jms:jar:5.3.30:provided
[DEBUG]          org.springframework:spring-messaging:jar:5.3.30:provided
[DEBUG]       javax.jms:javax.jms-api:jar:2.0.1:provided
[DEBUG]       org.infinispan:infinispan-spring5-embedded:jar:13.0.22.Final:provided
[DEBUG]          org.infinispan:infinispan-core:jar:13.0.22.Final:provided
[DEBUG]             org.infinispan:infinispan-commons:jar:13.0.22.Final:provided
[DEBUG]                io.reactivex.rxjava3:rxjava:jar:3.0.4:provided
[DEBUG]             org.infinispan.protostream:protostream:jar:4.4.4.Final:provided
[DEBUG]             org.infinispan.protostream:protostream-types:jar:4.4.4.Final:provided
[DEBUG]             jakarta.transaction:jakarta.transaction-api:jar:1.3.3:compile
[DEBUG]             org.jboss.threads:jboss-threads:jar:2.3.3.Final:provided
[DEBUG]                org.wildfly.common:wildfly-common:jar:1.3.0.Final:provided
[DEBUG]          org.infinispan:infinispan-spring5-common:jar:13.0.22.Final:provided
[DEBUG]       ca.uhn.hapi:hapi-base:jar:2.1:provided
[DEBUG]       ca.uhn.hapi:hapi-structures-v23:jar:2.1:provided
[DEBUG]       ca.uhn.hapi:hapi-structures-v24:jar:2.1:provided
[DEBUG]       ca.uhn.hapi:hapi-structures-v25:jar:2.1:provided
[DEBUG]       ca.uhn.hapi:hapi-structures-v26:jar:2.1:provided
[DEBUG]       org.javassist:javassist:jar:3.30.2-GA:provided
[DEBUG]       net.bytebuddy:byte-buddy:jar:1.17.6:provided
[DEBUG]       net.bytebuddy:byte-buddy-agent:jar:1.17.6:provided
[DEBUG]       org.hibernate:hibernate-core:jar:5.6.15.Final:provided
[DEBUG]          org.jboss.logging:jboss-logging:jar:3.4.3.Final:provided
[DEBUG]          javax.persistence:javax.persistence-api:jar:2.2:provided
[DEBUG]          antlr:antlr:jar:2.7.7:provided
[DEBUG]          org.jboss.spec.javax.transaction:jboss-transaction-api_1.2_spec:jar:1.1.1.Final:provided
[DEBUG]          org.jboss:jandex:jar:2.4.2.Final:provided
[DEBUG]          com.fasterxml:classmate:jar:1.5.1:provided
[DEBUG]          javax.activation:javax.activation-api:jar:1.2.0:provided
[DEBUG]          org.hibernate.common:hibernate-commons-annotations:jar:5.1.2.Final:provided
[DEBUG]          org.glassfish.jaxb:jaxb-runtime:jar:2.3.1:provided
[DEBUG]             org.glassfish.jaxb:txw2:jar:2.3.1:provided
[DEBUG]             com.sun.istack:istack-commons-runtime:jar:3.0.7:provided
[DEBUG]             org.jvnet.staxex:stax-ex:jar:1.8:provided
[DEBUG]             com.sun.xml.fastinfoset:FastInfoset:jar:1.2.15:provided
[DEBUG]       org.hibernate:hibernate-c3p0:jar:5.6.15.Final:provided
[DEBUG]          com.mchange:c3p0:jar:0.9.5.5:provided
[DEBUG]             com.mchange:mchange-commons-java:jar:0.2.19:provided
[DEBUG]       org.infinispan:infinispan-hibernate-cache-v53:jar:13.0.22.Final:provided
[DEBUG]          org.infinispan:infinispan-hibernate-cache-commons:jar:13.0.22.Final:provided
[DEBUG]          org.infinispan:infinispan-hibernate-cache-spi:jar:13.0.22.Final:provided
[DEBUG]          org.infinispan:infinispan-jboss-marshalling:jar:13.0.22.Final:provided
[DEBUG]             org.jboss.marshalling:jboss-marshalling-osgi:jar:2.0.12.Final:provided
[DEBUG]       org.hibernate.search:hibernate-search-mapper-orm:jar:6.2.4.Final:provided
[DEBUG]          org.hibernate.search:hibernate-search-engine:jar:6.2.4.Final:provided
[DEBUG]          org.hibernate.search:hibernate-search-mapper-pojo-base:jar:6.2.4.Final:provided
[DEBUG]          org.hibernate.search:hibernate-search-util-common:jar:6.2.4.Final:provided
[DEBUG]       org.hibernate.search:hibernate-search-backend-lucene:jar:6.2.4.Final:provided
[DEBUG]          org.apache.lucene:lucene-core:jar:8.11.2:provided
[DEBUG]          org.apache.lucene:lucene-analyzers-common:jar:8.11.2:provided
[DEBUG]          org.apache.lucene:lucene-queryparser:jar:8.11.2:provided
[DEBUG]             org.apache.lucene:lucene-queries:jar:8.11.2:provided
[DEBUG]          org.apache.lucene:lucene-join:jar:8.11.2:provided
[DEBUG]          org.apache.lucene:lucene-facet:jar:8.11.2:provided
[DEBUG]          com.carrotsearch:hppc:jar:0.8.1:provided
[DEBUG]          org.apache.lucene:lucene-highlighter:jar:8.11.2:provided
[DEBUG]             org.apache.lucene:lucene-memory:jar:8.11.2:provided
[DEBUG]       org.hibernate.search:hibernate-search-backend-elasticsearch:jar:6.2.4.Final:provided
[DEBUG]          org.elasticsearch.client:elasticsearch-rest-client:jar:8.10.4:provided
[DEBUG]             org.apache.httpcomponents:httpclient:jar:4.5.13:provided
[DEBUG]             org.apache.httpcomponents:httpcore:jar:4.4.13:provided
[DEBUG]             org.apache.httpcomponents:httpasyncclient:jar:4.1.5:provided
[DEBUG]             org.apache.httpcomponents:httpcore-nio:jar:4.4.13:provided
[DEBUG]          org.elasticsearch.client:elasticsearch-rest-client-sniffer:jar:8.10.4:provided
[DEBUG]       org.apache.lucene:lucene-analyzers-phonetic:jar:8.11.2:provided
[DEBUG]          commons-codec:commons-codec:jar:1.13:provided
[DEBUG]       org.hibernate:hibernate-envers:jar:5.6.15.Final:provided
[DEBUG]          org.dom4j:dom4j:jar:2.1.3:provided
[DEBUG]       org.apache.logging.log4j:log4j-core:jar:2.22.1:provided
[DEBUG]          org.apache.logging.log4j:log4j-api:jar:2.22.1:provided
[DEBUG]       org.apache.logging.log4j:log4j-slf4j-impl:jar:2.22.1:provided
[DEBUG]       org.apache.logging.log4j:log4j-1.2-api:jar:2.22.1:provided
[DEBUG]       org.slf4j:slf4j-api:jar:1.7.30:provided (scope managed from compile) (version managed from 1.7.36)
[DEBUG]       com.thoughtworks.xstream:xstream:jar:1.4.21:provided
[DEBUG]          io.github.x-stream:mxparser:jar:1.2.2:provided
[DEBUG]             xmlpull:xmlpull:jar:1.1.3.1:provided
[DEBUG]       xerces:xercesImpl:jar:2.12.2:provided
[DEBUG]          xml-apis:xml-apis:jar:1.4.01:provided
[DEBUG]       javax.validation:validation-api:jar:2.0.1.Final:provided
[DEBUG]       org.hibernate.validator:hibernate-validator:jar:6.2.0.Final:provided
[DEBUG]          jakarta.validation:jakarta.validation-api:jar:2.0.2:provided
[DEBUG]       mysql:mysql-connector-java:jar:8.0.30:provided
[DEBUG]          com.google.protobuf:protobuf-java:jar:3.19.4:provided
[DEBUG]       org.mariadb.jdbc:mariadb-java-client:jar:3.5.4:provided
[DEBUG]       org.postgresql:postgresql:jar:42.7.7:provided
[DEBUG]          org.checkerframework:checker-qual:jar:3.49.3:provided
[DEBUG]       org.codehaus.jackson:jackson-core-asl:jar:1.9.14-MULE-002:provided
[DEBUG]       org.codehaus.jackson:jackson-mapper-asl:jar:1.9.14-MULE-002:provided
[DEBUG]       com.fasterxml.jackson.core:jackson-core:jar:2.19.1:provided
[DEBUG]       com.fasterxml.jackson.core:jackson-annotations:jar:2.19.1:provided
[DEBUG]       com.fasterxml.jackson.core:jackson-databind:jar:2.19.1:provided
[DEBUG]       com.fasterxml.jackson.datatype:jackson-datatype-jsr310:jar:2.19.1:provided
[DEBUG]       com.fasterxml.jackson.datatype:jackson-datatype-hibernate5:jar:2.19.1:provided
[DEBUG]          javax.transaction:javax.transaction-api:jar:1.3:provided
[DEBUG]       org.codehaus.groovy:groovy-all:jar:2.4.21:provided
[DEBUG]       org.aspectj:aspectjrt:jar:1.9.24:provided
[DEBUG]       org.aspectj:aspectjweaver:jar:1.9.24:provided
[DEBUG]       joda-time:joda-time:jar:2.14.0:provided
[DEBUG]       javax.annotation:javax.annotation-api:jar:1.3.2:provided
[DEBUG]       com.sun.activation:javax.activation:jar:1.2.0:provided
[DEBUG]       jakarta.xml.bind:jakarta.xml.bind-api:jar:4.0.2:compile
[DEBUG]          jakarta.activation:jakarta.activation-api:jar:2.1.3:compile
[DEBUG]       com.google.guava:guava:jar:33.4.8-jre:provided
[DEBUG]          com.google.guava:failureaccess:jar:1.0.3:provided
[DEBUG]          com.google.guava:listenablefuture:jar:9999.0-empty-to-avoid-conflict-with-guava:provided
[DEBUG]          org.jspecify:jspecify:jar:1.0.0:compile
[DEBUG]          com.google.errorprone:error_prone_annotations:jar:2.36.0:provided
[DEBUG]          com.google.j2objc:j2objc-annotations:jar:3.0.0:provided
[DEBUG]       com.sun.mail:javax.mail:jar:1.6.2:provided
[DEBUG]       software.amazon.awssdk:s3:jar:2.31.50:provided
[DEBUG]          software.amazon.awssdk:aws-xml-protocol:jar:2.31.50:provided
[DEBUG]             software.amazon.awssdk:aws-query-protocol:jar:2.31.50:provided
[DEBUG]          software.amazon.awssdk:protocol-core:jar:2.31.50:provided
[DEBUG]          software.amazon.awssdk:arns:jar:2.31.50:provided
[DEBUG]          software.amazon.awssdk:profiles:jar:2.31.50:provided
[DEBUG]          software.amazon.awssdk:crt-core:jar:2.31.50:provided
[DEBUG]          software.amazon.awssdk:http-auth:jar:2.31.50:provided
[DEBUG]          software.amazon.awssdk:identity-spi:jar:2.31.50:provided
[DEBUG]          software.amazon.awssdk:http-auth-spi:jar:2.31.50:provided
[DEBUG]             org.reactivestreams:reactive-streams:jar:1.0.4:provided
[DEBUG]          software.amazon.awssdk:http-auth-aws:jar:2.31.50:provided
[DEBUG]          software.amazon.awssdk:checksums:jar:2.31.50:provided
[DEBUG]          software.amazon.awssdk:checksums-spi:jar:2.31.50:provided
[DEBUG]          software.amazon.awssdk:retries-spi:jar:2.31.50:provided
[DEBUG]          software.amazon.awssdk:sdk-core:jar:2.31.50:provided
[DEBUG]             software.amazon.awssdk:retries:jar:2.31.50:provided
[DEBUG]          software.amazon.awssdk:auth:jar:2.31.50:provided
[DEBUG]             software.amazon.awssdk:http-auth-aws-eventstream:jar:2.31.50:provided
[DEBUG]             software.amazon.eventstream:eventstream:jar:1.0.1:provided
[DEBUG]          software.amazon.awssdk:http-client-spi:jar:2.31.50:provided
[DEBUG]          software.amazon.awssdk:regions:jar:2.31.50:provided
[DEBUG]          software.amazon.awssdk:annotations:jar:2.31.50:provided
[DEBUG]          software.amazon.awssdk:utils:jar:2.31.50:provided
[DEBUG]          software.amazon.awssdk:aws-core:jar:2.31.50:provided
[DEBUG]          software.amazon.awssdk:metrics-spi:jar:2.31.50:provided
[DEBUG]          software.amazon.awssdk:json-utils:jar:2.31.50:provided
[DEBUG]             software.amazon.awssdk:third-party-jackson-core:jar:2.31.50:provided
[DEBUG]          software.amazon.awssdk:endpoints-spi:jar:2.31.50:provided
[DEBUG]          software.amazon.awssdk:apache-client:jar:2.31.50:provided
[DEBUG]          software.amazon.awssdk:netty-nio-client:jar:2.31.50:provided
[DEBUG]             io.netty:netty-codec-http2:jar:4.1.118.Final:provided
[DEBUG]       org.graalvm.js:js:jar:20.3.17:provided
[DEBUG]          org.graalvm.regex:regex:jar:20.3.17:provided
[DEBUG]          org.graalvm.truffle:truffle-api:jar:20.3.17:provided
[DEBUG]          org.graalvm.sdk:graal-sdk:jar:20.3.17:provided
[DEBUG]          com.ibm.icu:icu4j:jar:71.1:provided
[DEBUG]       org.graalvm.js:js-scriptengine:jar:20.3.17:provided
[DEBUG]       net.javacrumbs.shedlock:shedlock-spring:jar:4.48.0:provided
[DEBUG]          net.javacrumbs.shedlock:shedlock-core:jar:4.48.0:provided
[DEBUG]       net.javacrumbs.shedlock:shedlock-provider-jdbc-template:jar:4.48.0:provided
[DEBUG]       org.jobrunr:jobrunr:jar:6.3.5:provided
[DEBUG]          org.ow2.asm:asm:jar:9.5:provided
[DEBUG]    org.openmrs.api:openmrs-api:jar:tests:2.9.0-SNAPSHOT:test
[DEBUG]    org.openmrs.test:openmrs-test:pom:2.9.0-SNAPSHOT:test
[DEBUG]       org.springframework:spring-test:jar:5.3.30:test
[DEBUG]       com.h2database:h2:jar:1.4.200:test
[DEBUG]       junit:junit:jar:4.13.2:test
[DEBUG]       org.junit.jupiter:junit-jupiter-api:jar:5.11.4:test
[DEBUG]          org.opentest4j:opentest4j:jar:1.3.0:test
[DEBUG]          org.junit.platform:junit-platform-commons:jar:1.11.4:test
[DEBUG]          org.apiguardian:apiguardian-api:jar:1.1.2:test
[DEBUG]       org.junit.jupiter:junit-jupiter-engine:jar:5.11.4:test
[DEBUG]          org.junit.platform:junit-platform-engine:jar:1.11.4:test
[DEBUG]       org.junit.vintage:junit-vintage-engine:jar:5.11.4:test
[DEBUG]       org.junit.jupiter:junit-jupiter-params:jar:5.11.4:test
[DEBUG]       org.dbunit:dbunit:jar:3.0.0:test
[DEBUG]          org.junit.platform:junit-platform-suite-engine:jar:1.10.1:test
[DEBUG]             org.junit.platform:junit-platform-suite-api:jar:1.10.1:test
[DEBUG]             org.junit.platform:junit-platform-suite-commons:jar:1.10.1:test
[DEBUG]                org.junit.platform:junit-platform-launcher:jar:1.10.1:test
[DEBUG]       org.mockito:mockito-core:jar:5.6.0:test
[DEBUG]          org.objenesis:objenesis:jar:3.3:test
[DEBUG]       org.mockito:mockito-junit-jupiter:jar:5.6.0:test
[DEBUG]       org.hamcrest:hamcrest-core:jar:3.0:test
[DEBUG]       org.hamcrest:hamcrest:jar:3.0:test
[DEBUG]       org.testcontainers:testcontainers:jar:2.0.3:test
[DEBUG]          org.apache.commons:commons-compress:jar:1.28.0:test
[DEBUG]          org.rnorth.duct-tape:duct-tape:jar:1.0.8:test
[DEBUG]             org.jetbrains:annotations:jar:17.0.0:test
[DEBUG]          com.github.docker-java:docker-java-api:jar:3.7.0:test
[DEBUG]          com.github.docker-java:docker-java-transport-zerodep:jar:3.7.0:test
[DEBUG]             com.github.docker-java:docker-java-transport:jar:3.7.0:test
[DEBUG]             net.java.dev.jna:jna:jar:5.18.1:test
[DEBUG]       org.testcontainers:postgresql:jar:1.21.3:test
[DEBUG]          org.testcontainers:jdbc:jar:1.21.3:test
[DEBUG]             org.testcontainers:database-commons:jar:1.21.3:test
[DEBUG]       org.testcontainers:mysql:jar:1.21.3:test
[DEBUG]       org.testcontainers:mariadb:jar:1.21.3:test
[DEBUG]       org.testcontainers:junit-jupiter:jar:1.21.3:test
[DEBUG]       com.adobe.testing:s3mock-testcontainers:jar:2.17.0:test
[DEBUG]          com.adobe.testing:s3mock-docker:pom:2.17.0:test
[INFO] 
[INFO] --- clean:3.2.0:clean (default-clean) @ artemis-omod ---
[DEBUG] Dependency collection stats {ConflictMarker.analyzeTime=53208, ConflictMarker.markTime=11125, ConflictMarker.nodeCount=3, ConflictIdSorter.graphTime=3583, ConflictIdSorter.topsortTime=5917, ConflictIdSorter.conflictIdCount=3, ConflictIdSorter.conflictIdCycleCount=0, ConflictResolver.totalTime=44125, ConflictResolver.conflictItemCount=3, DfDependencyCollector.collectTime=1138583, DfDependencyCollector.transformTime=126417}
[DEBUG] org.apache.maven.plugins:maven-clean-plugin:jar:3.2.0
[DEBUG]    org.apache.maven.shared:maven-shared-utils:jar:3.3.4:compile
[DEBUG]       commons-io:commons-io:jar:2.6:compile
[DEBUG] Created new class realm plugin>org.apache.maven.plugins:maven-clean-plugin:3.2.0--1574973883
[DEBUG] Importing foreign packages into class realm plugin>org.apache.maven.plugins:maven-clean-plugin:3.2.0--1574973883
[DEBUG]   Imported:  < project>org.openmrs.module:artemis-omod:1.0.0-SNAPSHOT
[DEBUG] Populating class realm plugin>org.apache.maven.plugins:maven-clean-plugin:3.2.0--1574973883
[DEBUG]   Included: org.apache.maven.plugins:maven-clean-plugin:jar:3.2.0
[DEBUG]   Included: org.apache.maven.shared:maven-shared-utils:jar:3.3.4
[DEBUG]   Included: commons-io:commons-io:jar:2.6
[DEBUG] Loading mojo org.apache.maven.plugins:maven-clean-plugin:3.2.0:clean from plugin realm ClassRealm[plugin>org.apache.maven.plugins:maven-clean-plugin:3.2.0--1574973883, parent: jdk.internal.loader.ClassLoaders$AppClassLoader@2c854dc5]
[DEBUG] Configuring mojo execution 'org.apache.maven.plugins:maven-clean-plugin:3.2.0:clean:default-clean' with basic configurator -->
[DEBUG]   (f) directory = /Users/rafal/workspace/openmrs-module-artemis/omod/target
[DEBUG]   (f) excludeDefaultDirectories = false
[DEBUG]   (f) failOnError = true
[DEBUG]   (f) fast = false
[DEBUG]   (f) fastMode = background
[DEBUG]   (f) followSymLinks = false
[DEBUG]   (f) outputDirectory = /Users/rafal/workspace/openmrs-module-artemis/omod/target/classes
[DEBUG]   (f) reportDirectory = /Users/rafal/workspace/openmrs-module-artemis/omod/target/classes
[DEBUG]   (f) retryOnError = true
[DEBUG]   (f) session = org.apache.maven.execution.MavenSession@63b3ee82
[DEBUG]   (f) skip = false
[DEBUG]   (f) testOutputDirectory = /Users/rafal/workspace/openmrs-module-artemis/omod/target/test-classes
[DEBUG] -- end configuration --
[INFO] Deleting /Users/rafal/workspace/openmrs-module-artemis/omod/target
[INFO] Deleting file /Users/rafal/workspace/openmrs-module-artemis/omod/target/surefire-reports/2026-07-02T14-44-27_539-jvmRun1.dumpstream
[INFO] Deleting file /Users/rafal/workspace/openmrs-module-artemis/omod/target/surefire-reports/2026-07-02T14-44-27_539-jvmRun1.dump
[INFO] Deleting directory /Users/rafal/workspace/openmrs-module-artemis/omod/target/surefire-reports
[INFO] Deleting file /Users/rafal/workspace/openmrs-module-artemis/omod/target/dependency-maven-plugin-markers/org.openmrs.module-artemis-api-jar-1.0.0-SNAPSHOT.marker
[INFO] Deleting directory /Users/rafal/workspace/openmrs-module-artemis/omod/target/dependency-maven-plugin-markers
[INFO] Deleting directory /Users/rafal/workspace/openmrs-module-artemis/omod/target/generated-test-sources/test-annotations
[INFO] Deleting directory /Users/rafal/workspace/openmrs-module-artemis/omod/target/generated-test-sources
[INFO] Deleting file /Users/rafal/workspace/openmrs-module-artemis/omod/target/maven-status/maven-compiler-plugin/compile/default-compile/createdFiles.lst
[INFO] Deleting file /Users/rafal/workspace/openmrs-module-artemis/omod/target/maven-status/maven-compiler-plugin/compile/default-compile/inputFiles.lst
[INFO] Deleting directory /Users/rafal/workspace/openmrs-module-artemis/omod/target/maven-status/maven-compiler-plugin/compile/default-compile
[INFO] Deleting directory /Users/rafal/workspace/openmrs-module-artemis/omod/target/maven-status/maven-compiler-plugin/compile
[INFO] Deleting file /Users/rafal/workspace/openmrs-module-artemis/omod/target/maven-status/maven-compiler-plugin/testCompile/default-testCompile/createdFiles.lst
[INFO] Deleting file /Users/rafal/workspace/openmrs-module-artemis/omod/target/maven-status/maven-compiler-plugin/testCompile/default-testCompile/inputFiles.lst
[INFO] Deleting directory /Users/rafal/workspace/openmrs-module-artemis/omod/target/maven-status/maven-compiler-plugin/testCompile/default-testCompile
[INFO] Deleting directory /Users/rafal/workspace/openmrs-module-artemis/omod/target/maven-status/maven-compiler-plugin/testCompile
[INFO] Deleting directory /Users/rafal/workspace/openmrs-module-artemis/omod/target/maven-status/maven-compiler-plugin
[INFO] Deleting directory /Users/rafal/workspace/openmrs-module-artemis/omod/target/maven-status
[INFO] Deleting file /Users/rafal/workspace/openmrs-module-artemis/omod/target/maven-java-formatter-cache.properties
[INFO] Deleting file /Users/rafal/workspace/openmrs-module-artemis/omod/target/classes/messages.properties
[INFO] Deleting file /Users/rafal/workspace/openmrs-module-artemis/omod/target/classes/messages_es.properties
[INFO] Deleting file /Users/rafal/workspace/openmrs-module-artemis/omod/target/classes/config.xml
[INFO] Deleting file /Users/rafal/workspace/openmrs-module-artemis/omod/target/classes/liquibase.xml
[INFO] Deleting directory /Users/rafal/workspace/openmrs-module-artemis/omod/target/classes/web
[INFO] Deleting file /Users/rafal/workspace/openmrs-module-artemis/omod/target/classes/messages_fr.properties
[INFO] Deleting directory /Users/rafal/workspace/openmrs-module-artemis/omod/target/classes
[INFO] Deleting directory /Users/rafal/workspace/openmrs-module-artemis/omod/target/generated-sources/annotations
[INFO] Deleting directory /Users/rafal/workspace/openmrs-module-artemis/omod/target/generated-sources
[INFO] Deleting directory /Users/rafal/workspace/openmrs-module-artemis/omod/target/surefire
[INFO] Deleting file /Users/rafal/workspace/openmrs-module-artemis/omod/target/test-classes/application.properties
[INFO] Deleting file /Users/rafal/workspace/openmrs-module-artemis/omod/target/test-classes/org/openmrs/module/artemis/BrokerEventTestListener.class
[INFO] Deleting file /Users/rafal/workspace/openmrs-module-artemis/omod/target/test-classes/org/openmrs/module/artemis/ArtemisIntegrationTest.class
[INFO] Deleting directory /Users/rafal/workspace/openmrs-module-artemis/omod/target/test-classes/org/openmrs/module/artemis
[INFO] Deleting directory /Users/rafal/workspace/openmrs-module-artemis/omod/target/test-classes/org/openmrs/module
[INFO] Deleting directory /Users/rafal/workspace/openmrs-module-artemis/omod/target/test-classes/org/openmrs
[INFO] Deleting directory /Users/rafal/workspace/openmrs-module-artemis/omod/target/test-classes/org
[INFO] Deleting directory /Users/rafal/workspace/openmrs-module-artemis/omod/target/test-classes
[INFO] Deleting directory /Users/rafal/workspace/openmrs-module-artemis/omod/target
[DEBUG] Skipping non-existing directory /Users/rafal/workspace/openmrs-module-artemis/omod/target/classes
[DEBUG] Skipping non-existing directory /Users/rafal/workspace/openmrs-module-artemis/omod/target/test-classes
[DEBUG] Skipping non-existing directory /Users/rafal/workspace/openmrs-module-artemis/omod/target/classes
[INFO] 
[INFO] --- buildnumber:1.1:create (default) @ artemis-omod ---
[DEBUG] Dependency collection stats {ConflictMarker.analyzeTime=55959, ConflictMarker.markTime=35041, ConflictMarker.nodeCount=130, ConflictIdSorter.graphTime=25000, ConflictIdSorter.topsortTime=20042, ConflictIdSorter.conflictIdCount=47, ConflictIdSorter.conflictIdCycleCount=0, ConflictResolver.totalTime=180875, ConflictResolver.conflictItemCount=120, DfDependencyCollector.collectTime=1609167, DfDependencyCollector.transformTime=326917}
[DEBUG] org.codehaus.mojo:buildnumber-maven-plugin:jar:1.1
[DEBUG]    org.apache.maven:maven-project:jar:2.0.6:compile
[DEBUG]       org.apache.maven:maven-profile:jar:2.0.6:compile
[DEBUG]       org.apache.maven:maven-model:jar:2.0.6:compile
[DEBUG]       org.apache.maven:maven-artifact-manager:jar:2.0.6:compile
[DEBUG]       org.apache.maven:maven-plugin-registry:jar:2.0.6:compile
[DEBUG]       org.apache.maven:maven-artifact:jar:2.0.6:compile
[DEBUG]    org.apache.maven:maven-settings:jar:2.0.6:compile
[DEBUG]    org.apache.maven:maven-core:jar:2.0.6:compile
[DEBUG]       org.apache.maven:maven-plugin-parameter-documenter:jar:2.0.6:compile
[DEBUG]       org.apache.maven.reporting:maven-reporting-api:jar:2.0.6:compile
[DEBUG]          org.apache.maven.doxia:doxia-sink-api:jar:1.0-alpha-7:compile
[DEBUG]       org.apache.maven:maven-repository-metadata:jar:2.0.6:compile
[DEBUG]       org.apache.maven:maven-error-diagnostics:jar:2.0.6:compile
[DEBUG]       commons-cli:commons-cli:jar:1.0:compile
[DEBUG]       org.apache.maven:maven-plugin-descriptor:jar:2.0.6:compile
[DEBUG]       org.codehaus.plexus:plexus-interactivity-api:jar:1.0-alpha-4:compile
[DEBUG]       org.apache.maven:maven-monitor:jar:2.0.6:compile
[DEBUG]       classworlds:classworlds:jar:1.1:compile
[DEBUG]    org.apache.maven:maven-plugin-api:jar:2.0.6:compile
[DEBUG]    org.codehaus.plexus:plexus-container-default:jar:1.0-alpha-9-stable-1:compile
[DEBUG]       junit:junit:jar:4.10:test (scope managed from default) (version managed from default)
[DEBUG]          org.hamcrest:hamcrest-core:jar:1.1:test
[DEBUG]    org.apache.maven.scm:maven-scm-api:jar:1.7:compile
[DEBUG]    org.apache.maven.scm:maven-scm-manager-plexus:jar:1.7:compile
[DEBUG]    org.apache.maven.scm:maven-scm-provider-bazaar:jar:1.7:compile
[DEBUG]       regexp:regexp:jar:1.3:compile
[DEBUG]    org.apache.maven.scm:maven-scm-provider-svnexe:jar:1.7:compile
[DEBUG]       commons-lang:commons-lang:jar:2.6:compile
[DEBUG]    org.apache.maven.scm:maven-scm-provider-gitexe:jar:1.7:compile
[DEBUG]       org.apache.maven.scm:maven-scm-provider-git-commons:jar:1.7:compile
[DEBUG]    org.apache.maven.scm:maven-scm-provider-svn-commons:jar:1.7:compile
[DEBUG]    org.apache.maven.scm:maven-scm-provider-cvsexe:jar:1.7:compile
[DEBUG]       org.apache.maven.scm:maven-scm-provider-cvs-commons:jar:1.7:compile
[DEBUG]    org.apache.maven.scm:maven-scm-provider-starteam:jar:1.7:compile
[DEBUG]    org.apache.maven.scm:maven-scm-provider-clearcase:jar:1.7:compile
[DEBUG]    org.apache.maven.scm:maven-scm-provider-perforce:jar:1.7:compile
[DEBUG]    org.apache.maven.scm:maven-scm-provider-hg:jar:1.7:compile
[DEBUG]    com.google.code.maven-scm-provider-svnjava:maven-scm-provider-svnjava:jar:1.13:compile
[DEBUG]    org.codehaus.plexus:plexus-utils:jar:2.0.5:compile
[DEBUG]    org.tmatesoft.svnkit:svnkit:jar:1.3.5:compile
[DEBUG]       org.tmatesoft.svnkit:trilead-ssh2:jar:build213-svnkit-1.3-patch:compile
[DEBUG]       org.tmatesoft.sqljet:sqljet:jar:1.0.4:compile
[DEBUG]          org.antlr:antlr-runtime:jar:3.1.3:compile
[DEBUG]             org.antlr:stringtemplate:jar:3.2:compile
[DEBUG]                antlr:antlr:jar:2.7.7:compile
[DEBUG]    net.java.dev.jna:jna:jar:3.2.2:compile
[DEBUG] Created new class realm plugin>org.codehaus.mojo:buildnumber-maven-plugin:1.1-1727045915
[DEBUG] Importing foreign packages into class realm plugin>org.codehaus.mojo:buildnumber-maven-plugin:1.1-1727045915
[DEBUG]   Imported:  < project>org.openmrs.module:artemis-omod:1.0.0-SNAPSHOT
[DEBUG] Populating class realm plugin>org.codehaus.mojo:buildnumber-maven-plugin:1.1-1727045915
[DEBUG]   Included: org.codehaus.mojo:buildnumber-maven-plugin:jar:1.1
[DEBUG]   Included: org.apache.maven.reporting:maven-reporting-api:jar:2.0.6
[DEBUG]   Included: org.apache.maven.doxia:doxia-sink-api:jar:1.0-alpha-7
[DEBUG]   Included: commons-cli:commons-cli:jar:1.0
[DEBUG]   Included: org.codehaus.plexus:plexus-interactivity-api:jar:1.0-alpha-4
[DEBUG]   Included: org.apache.maven.scm:maven-scm-api:jar:1.7
[DEBUG]   Included: org.apache.maven.scm:maven-scm-manager-plexus:jar:1.7
[DEBUG]   Included: org.apache.maven.scm:maven-scm-provider-bazaar:jar:1.7
[DEBUG]   Included: regexp:regexp:jar:1.3
[DEBUG]   Included: org.apache.maven.scm:maven-scm-provider-svnexe:jar:1.7
[DEBUG]   Included: commons-lang:commons-lang:jar:2.6
[DEBUG]   Included: org.apache.maven.scm:maven-scm-provider-gitexe:jar:1.7
[DEBUG]   Included: org.apache.maven.scm:maven-scm-provider-git-commons:jar:1.7
[DEBUG]   Included: org.apache.maven.scm:maven-scm-provider-svn-commons:jar:1.7
[DEBUG]   Included: org.apache.maven.scm:maven-scm-provider-cvsexe:jar:1.7
[DEBUG]   Included: org.apache.maven.scm:maven-scm-provider-cvs-commons:jar:1.7
[DEBUG]   Included: org.apache.maven.scm:maven-scm-provider-starteam:jar:1.7
[DEBUG]   Included: org.apache.maven.scm:maven-scm-provider-clearcase:jar:1.7
[DEBUG]   Included: org.apache.maven.scm:maven-scm-provider-perforce:jar:1.7
[DEBUG]   Included: org.apache.maven.scm:maven-scm-provider-hg:jar:1.7
[DEBUG]   Included: com.google.code.maven-scm-provider-svnjava:maven-scm-provider-svnjava:jar:1.13
[DEBUG]   Included: org.codehaus.plexus:plexus-utils:jar:2.0.5
[DEBUG]   Included: org.tmatesoft.svnkit:svnkit:jar:1.3.5
[DEBUG]   Included: org.tmatesoft.svnkit:trilead-ssh2:jar:build213-svnkit-1.3-patch
[DEBUG]   Included: org.tmatesoft.sqljet:sqljet:jar:1.0.4
[DEBUG]   Included: org.antlr:antlr-runtime:jar:3.1.3
[DEBUG]   Included: org.antlr:stringtemplate:jar:3.2
[DEBUG]   Included: antlr:antlr:jar:2.7.7
[DEBUG]   Included: net.java.dev.jna:jna:jar:3.2.2
[DEBUG] Loading mojo org.codehaus.mojo:buildnumber-maven-plugin:1.1:create from plugin realm ClassRealm[plugin>org.codehaus.mojo:buildnumber-maven-plugin:1.1-1727045915, parent: jdk.internal.loader.ClassLoaders$AppClassLoader@2c854dc5]
[DEBUG] Configuring mojo execution 'org.codehaus.mojo:buildnumber-maven-plugin:1.1:create:default' with basic configurator -->
[DEBUG]   (s) buildNumberPropertiesFileLocation = /Users/rafal/workspace/openmrs-module-artemis/omod/buildNumber.properties
[DEBUG]   (f) buildNumberPropertyName = revisionNumber
[DEBUG]   (s) doCheck = false
[DEBUG]   (s) doUpdate = false
[DEBUG]   (f) getRevisionOnlyOnce = true
[DEBUG]   (f) project = MavenProject: org.openmrs.module:artemis-omod:1.0.0-SNAPSHOT @ /Users/rafal/workspace/openmrs-module-artemis/omod/pom.xml
[DEBUG]   (f) reactorProjects = [MavenProject: org.openmrs.module:artemis:1.0.0-SNAPSHOT @ /Users/rafal/workspace/openmrs-module-artemis/pom.xml, MavenProject: org.openmrs.module:artemis-api:1.0.0-SNAPSHOT @ /Users/rafal/workspace/openmrs-module-artemis/api/pom.xml, MavenProject: org.openmrs.module:artemis-omod:1.0.0-SNAPSHOT @ /Users/rafal/workspace/openmrs-module-artemis/omod/pom.xml]
[DEBUG]   (f) readUrlScm = scm:git:git@github.com:openmrs/openmrs-module-debezium.git/artemis-omod
[DEBUG]   (s) revisionOnScmFailure = 0
[DEBUG]   (f) scmBranchPropertyName = scmBranch
[DEBUG]   (s) scmDirectory = /Users/rafal/workspace/openmrs-module-artemis/omod
[DEBUG]   (f) session = org.apache.maven.execution.MavenSession@63b3ee82
[DEBUG]   (s) shortRevisionLength = 6
[DEBUG]   (f) timestampPropertyName = timestamp
[DEBUG]   (s) urlScm = scm:git:git@github.com:openmrs/openmrs-module-debezium.git/artemis-omod
[DEBUG]   (f) useLastCommittedRevision = false
[DEBUG] -- end configuration --
[DEBUG] Revision available from previous execution
[INFO] 
[INFO] --- java-formatter:0.4:format (default) @ artemis-omod ---
[DEBUG] Dependency collection stats {ConflictMarker.analyzeTime=11667, ConflictMarker.markTime=13542, ConflictMarker.nodeCount=22, ConflictIdSorter.graphTime=6958, ConflictIdSorter.topsortTime=8542, ConflictIdSorter.conflictIdCount=18, ConflictIdSorter.conflictIdCycleCount=0, ConflictResolver.totalTime=46334, ConflictResolver.conflictItemCount=22, DfDependencyCollector.collectTime=1294875, DfDependencyCollector.transformTime=94709}
[DEBUG] com.googlecode.maven-java-formatter-plugin:maven-java-formatter-plugin:jar:0.4
[DEBUG]    org.openmrs.tools:openmrs-tools:jar:2.0.0:runtime
[DEBUG]    org.apache.maven:maven-plugin-api:jar:2.0:compile
[DEBUG]    org.eclipse.tycho:org.eclipse.jdt.core:jar:3.8.1.v20120125-1544:compile
[DEBUG]    org.jibx.config.3rdparty.org.eclipse:org.eclipse.text:jar:3.5.100.v20110505-0800:compile
[DEBUG]    org.jibx.config.3rdparty.org.eclipse:org.eclipse.core.runtime:jar:3.7.0.v20110110:compile
[DEBUG]    org.jibx.config.3rdparty.org.eclipse:org.eclipse.core.resources:jar:3.7.100.v20110510-0712:compile
[DEBUG]    org.jibx.config.3rdparty.org.eclipse:org.eclipse.equinox.common:jar:3.6.0.v20110523:compile
[DEBUG]    commons-digester:commons-digester:jar:2.0:compile
[DEBUG]       commons-beanutils:commons-beanutils:jar:1.8.0:compile
[DEBUG]       commons-logging:commons-logging:jar:1.1.1:compile
[DEBUG]    commons-codec:commons-codec:jar:1.4:compile
[DEBUG]    org.codehaus.plexus:plexus-io:jar:1.0.1:compile
[DEBUG]    org.codehaus.plexus:plexus-resources:jar:1.0-alpha-7:compile
[DEBUG]       org.codehaus.plexus:plexus-container-default:jar:1.0-alpha-9-stable-1:compile
[DEBUG]          junit:junit:jar:3.8.1:compile
[DEBUG]          classworlds:classworlds:jar:1.1-alpha-2:compile
[DEBUG]    org.codehaus.plexus:plexus-utils:jar:2.0.5:compile
[DEBUG] Created new class realm plugin>com.googlecode.maven-java-formatter-plugin:maven-java-formatter-plugin:0.4--925480029
[DEBUG] Importing foreign packages into class realm plugin>com.googlecode.maven-java-formatter-plugin:maven-java-formatter-plugin:0.4--925480029
[DEBUG]   Imported:  < project>org.openmrs.module:artemis-omod:1.0.0-SNAPSHOT
[DEBUG] Populating class realm plugin>com.googlecode.maven-java-formatter-plugin:maven-java-formatter-plugin:0.4--925480029
[DEBUG]   Included: com.googlecode.maven-java-formatter-plugin:maven-java-formatter-plugin:jar:0.4
[DEBUG]   Included: org.openmrs.tools:openmrs-tools:jar:2.0.0
[DEBUG]   Included: org.eclipse.tycho:org.eclipse.jdt.core:jar:3.8.1.v20120125-1544
[DEBUG]   Included: org.jibx.config.3rdparty.org.eclipse:org.eclipse.text:jar:3.5.100.v20110505-0800
[DEBUG]   Included: org.jibx.config.3rdparty.org.eclipse:org.eclipse.core.runtime:jar:3.7.0.v20110110
[DEBUG]   Included: org.jibx.config.3rdparty.org.eclipse:org.eclipse.core.resources:jar:3.7.100.v20110510-0712
[DEBUG]   Included: org.jibx.config.3rdparty.org.eclipse:org.eclipse.equinox.common:jar:3.6.0.v20110523
[DEBUG]   Included: commons-digester:commons-digester:jar:2.0
[DEBUG]   Included: commons-beanutils:commons-beanutils:jar:1.8.0
[DEBUG]   Included: commons-logging:commons-logging:jar:1.1.1
[DEBUG]   Included: commons-codec:commons-codec:jar:1.4
[DEBUG]   Included: org.codehaus.plexus:plexus-io:jar:1.0.1
[DEBUG]   Included: org.codehaus.plexus:plexus-resources:jar:1.0-alpha-7
[DEBUG]   Included: junit:junit:jar:3.8.1
[DEBUG]   Included: org.codehaus.plexus:plexus-utils:jar:2.0.5
[DEBUG] Loading mojo com.googlecode.maven-java-formatter-plugin:maven-java-formatter-plugin:0.4:format from plugin realm ClassRealm[plugin>com.googlecode.maven-java-formatter-plugin:maven-java-formatter-plugin:0.4--925480029, parent: jdk.internal.loader.ClassLoaders$AppClassLoader@2c854dc5]
[DEBUG] Configuring mojo execution 'com.googlecode.maven-java-formatter-plugin:maven-java-formatter-plugin:0.4:format:default' with basic configurator -->
[DEBUG]   (f) basedir = /Users/rafal/workspace/openmrs-module-artemis/omod
[DEBUG]   (f) compilerCompliance = 1.5
[DEBUG]   (f) compilerSource = 1.5
[DEBUG]   (f) compilerTargetPlatform = 1.5
[DEBUG]   (f) configFile = eclipse/OpenMRSFormatter.xml
[DEBUG]   (f) encoding = UTF-8
[DEBUG]   (f) lineEnding = LF
[DEBUG]   (f) overrideConfigCompilerVersion = true
[DEBUG]   (f) sourceDirectory = /Users/rafal/workspace/openmrs-module-artemis/omod/src/main/java
[DEBUG]   (f) targetDirectory = /Users/rafal/workspace/openmrs-module-artemis/omod/target
[DEBUG]   (f) testSourceDirectory = /Users/rafal/workspace/openmrs-module-artemis/omod/src/test/java
[DEBUG] -- end configuration --
[INFO] Using 'UTF-8' encoding to format source files.
[INFO] Number of files to be formatted: 2
[DEBUG] The resource 'eclipse/OpenMRSFormatter.xml' was not found with resourceLoader org.codehaus.plexus.resource.loader.FileResourceLoader.
[DEBUG] URLResourceLoader: Exception when looking for 'eclipse/OpenMRSFormatter.xml
java.net.MalformedURLException: no protocol: eclipse/OpenMRSFormatter.xml
    at java.net.URL.<init> (URL.java:772)
    at java.net.URL.<init> (URL.java:654)
    at java.net.URL.<init> (URL.java:590)
    at org.codehaus.plexus.resource.loader.URLResourceLoader.getResource (URLResourceLoader.java:123)
    at org.codehaus.plexus.resource.DefaultResourceManager.getResource (DefaultResourceManager.java:159)
    at org.codehaus.plexus.resource.DefaultResourceManager.getResourceAsInputStream (DefaultResourceManager.java:67)
    at com.relativitas.maven.plugins.formatter.FormatterMojo.getOptionsFromConfigFile (FormatterMojo.java:582)
    at com.relativitas.maven.plugins.formatter.FormatterMojo.getFormattingOptions (FormatterMojo.java:558)
    at com.relativitas.maven.plugins.formatter.FormatterMojo.createCodeFormatter (FormatterMojo.java:539)
    at com.relativitas.maven.plugins.formatter.FormatterMojo.execute (FormatterMojo.java:300)
    at org.apache.maven.plugin.DefaultBuildPluginManager.executeMojo (DefaultBuildPluginManager.java:126)
    at org.apache.maven.lifecycle.internal.MojoExecutor.doExecute2 (MojoExecutor.java:328)
    at org.apache.maven.lifecycle.internal.MojoExecutor.doExecute (MojoExecutor.java:316)
    at org.apache.maven.lifecycle.internal.MojoExecutor.execute (MojoExecutor.java:212)
    at org.apache.maven.lifecycle.internal.MojoExecutor.execute (MojoExecutor.java:174)
    at org.apache.maven.lifecycle.internal.MojoExecutor.access$000 (MojoExecutor.java:75)
    at org.apache.maven.lifecycle.internal.MojoExecutor$1.run (MojoExecutor.java:162)
    at org.apache.maven.plugin.DefaultMojosExecutionStrategy.execute (DefaultMojosExecutionStrategy.java:39)
    at org.apache.maven.lifecycle.internal.MojoExecutor.execute (MojoExecutor.java:159)
    at org.apache.maven.lifecycle.internal.LifecycleModuleBuilder.buildProject (LifecycleModuleBuilder.java:105)
    at org.apache.maven.lifecycle.internal.LifecycleModuleBuilder.buildProject (LifecycleModuleBuilder.java:73)
    at org.apache.maven.lifecycle.internal.builder.singlethreaded.SingleThreadedBuilder.build (SingleThreadedBuilder.java:53)
    at org.apache.maven.lifecycle.internal.LifecycleStarter.execute (LifecycleStarter.java:118)
    at org.apache.maven.DefaultMaven.doExecute (DefaultMaven.java:261)
    at org.apache.maven.DefaultMaven.doExecute (DefaultMaven.java:173)
    at org.apache.maven.DefaultMaven.execute (DefaultMaven.java:101)
    at org.apache.maven.cli.MavenCli.execute (MavenCli.java:906)
    at org.apache.maven.cli.MavenCli.doMain (MavenCli.java:283)
    at org.apache.maven.cli.MavenCli.main (MavenCli.java:206)
    at jdk.internal.reflect.DirectMethodHandleAccessor.invoke (DirectMethodHandleAccessor.java:103)
    at java.lang.reflect.Method.invoke (Method.java:580)
    at org.codehaus.plexus.classworlds.launcher.Launcher.launchEnhanced (Launcher.java:255)
    at org.codehaus.plexus.classworlds.launcher.Launcher.launch (Launcher.java:201)
    at org.codehaus.plexus.classworlds.launcher.Launcher.mainWithExitCode (Launcher.java:361)
    at org.codehaus.plexus.classworlds.launcher.Launcher.main (Launcher.java:314)
[DEBUG] The resource 'eclipse/OpenMRSFormatter.xml' was not found with resourceLoader org.codehaus.plexus.resource.loader.URLResourceLoader.
[DEBUG] The resource 'eclipse/OpenMRSFormatter.xml' was not found with resourceLoader org.codehaus.plexus.resource.loader.JarResourceLoader.
[DEBUG] The resource 'eclipse/OpenMRSFormatter.xml' was found as jar:file:/Users/rafal/.m2/repository/org/openmrs/tools/openmrs-tools/2.0.0/openmrs-tools-2.0.0.jar!/eclipse/OpenMRSFormatter.xml.
[DEBUG] Processing file: /Users/rafal/workspace/openmrs-module-artemis/omod/src/test/java/org/openmrs/module/artemis/BrokerEventTestListener.java
[DEBUG] Code cannot be formatted. Possible cause is unmatched source/target/compliance version.
[DEBUG] Processing file: /Users/rafal/workspace/openmrs-module-artemis/omod/src/test/java/org/openmrs/module/artemis/ArtemisIntegrationTest.java
[DEBUG] Equal hash code. Not writing result to file.
[INFO] Successfully formatted: 0 file(s)
[INFO] Fail to format        : 0 file(s)
[INFO] Skipped               : 2 file(s)
[INFO] Approximate time taken: 0s
[INFO] 
[INFO] --- dependency:3.7.0:unpack-dependencies (Expand resources) @ artemis-omod ---
[DEBUG] Dependency collection stats {ConflictMarker.analyzeTime=49750, ConflictMarker.markTime=44625, ConflictMarker.nodeCount=157, ConflictIdSorter.graphTime=31750, ConflictIdSorter.topsortTime=23041, ConflictIdSorter.conflictIdCount=61, ConflictIdSorter.conflictIdCycleCount=0, ConflictResolver.totalTime=213000, ConflictResolver.conflictItemCount=120, DfDependencyCollector.collectTime=2376541, DfDependencyCollector.transformTime=372250}
[DEBUG] org.apache.maven.plugins:maven-dependency-plugin:jar:3.7.0
[DEBUG]    org.apache.maven.doxia:doxia-sink-api:jar:1.12.0:compile
[DEBUG]       org.apache.maven.doxia:doxia-logging-api:jar:1.12.0:compile
[DEBUG]    org.apache.maven.reporting:maven-reporting-api:jar:3.1.1:compile
[DEBUG]    org.apache.maven.reporting:maven-reporting-impl:jar:3.2.0:compile
[DEBUG]       org.apache.maven.doxia:doxia-decoration-model:jar:1.11.1:compile
[DEBUG]       org.apache.maven.doxia:doxia-core:jar:1.11.1:compile
[DEBUG]          org.apache.commons:commons-lang3:jar:3.8.1:compile
[DEBUG]          org.apache.commons:commons-text:jar:1.12.0:compile (version managed from default)
[DEBUG]          org.apache.httpcomponents:httpclient:jar:4.5.13:compile
[DEBUG]             commons-logging:commons-logging:jar:1.2:compile
[DEBUG]          org.apache.httpcomponents:httpcore:jar:4.4.14:compile
[DEBUG]       org.apache.maven.doxia:doxia-integration-tools:jar:1.11.1:compile
[DEBUG]          org.codehaus.plexus:plexus-interpolation:jar:1.26:compile
[DEBUG]       org.apache.maven.doxia:doxia-site-renderer:jar:1.11.1:compile
[DEBUG]          org.apache.maven.doxia:doxia-skin-model:jar:1.11.1:compile
[DEBUG]          org.apache.maven.doxia:doxia-module-xhtml:jar:1.11.1:compile
[DEBUG]          org.apache.maven.doxia:doxia-module-xhtml5:jar:1.11.1:compile
[DEBUG]          org.codehaus.plexus:plexus-velocity:jar:1.2:compile
[DEBUG]          org.apache.velocity:velocity:jar:1.7:compile
[DEBUG]             commons-lang:commons-lang:jar:2.4:compile
[DEBUG]          org.apache.velocity:velocity-tools:jar:2.0:compile
[DEBUG]             commons-beanutils:commons-beanutils:jar:1.7.0:compile
[DEBUG]             commons-digester:commons-digester:jar:1.8:compile
[DEBUG]             commons-chain:commons-chain:jar:1.1:compile
[DEBUG]             dom4j:dom4j:jar:1.1:compile
[DEBUG]             oro:oro:jar:2.0.8:compile
[DEBUG]          commons-collections:commons-collections:jar:3.2.2:compile
[DEBUG]    org.codehaus.plexus:plexus-archiver:jar:4.9.2:compile
[DEBUG]       javax.inject:javax.inject:jar:1:compile
[DEBUG]       commons-io:commons-io:jar:2.15.1:compile
[DEBUG]       org.apache.commons:commons-compress:jar:1.26.1:compile
[DEBUG]       commons-codec:commons-codec:jar:1.16.1:compile
[DEBUG]       org.iq80.snappy:snappy:jar:0.4:compile
[DEBUG]       org.tukaani:xz:jar:1.9:runtime
[DEBUG]       com.github.luben:zstd-jni:jar:1.5.5-11:runtime
[DEBUG]    org.codehaus.plexus:plexus-utils:jar:4.0.1:compile
[DEBUG]    org.codehaus.plexus:plexus-xml:jar:3.0.0:compile
[DEBUG]    org.codehaus.plexus:plexus-io:jar:3.4.2:compile
[DEBUG]    org.codehaus.plexus:plexus-i18n:jar:1.0-beta-10:compile
[DEBUG]    org.apache.maven.shared:maven-dependency-analyzer:jar:1.14.1:compile
[DEBUG]       org.ow2.asm:asm:jar:9.7:compile
[DEBUG]    org.apache.maven.shared:maven-dependency-tree:jar:3.3.0:compile
[DEBUG]    org.apache.maven.shared:maven-common-artifact-filters:jar:3.3.2:compile
[DEBUG]    org.apache.maven.shared:maven-artifact-transfer:jar:0.13.1:compile
[DEBUG]       org.codehaus.plexus:plexus-component-annotations:jar:2.0.0:compile
[DEBUG]    org.apache.maven.shared:maven-shared-utils:jar:3.4.2:compile
[DEBUG]    org.apache.maven.resolver:maven-resolver-util:jar:1.4.1:compile
[DEBUG]       org.apache.maven.resolver:maven-resolver-api:jar:1.4.1:compile
[DEBUG]    org.sonatype.plexus:plexus-build-api:jar:0.0.7:compile
[DEBUG]    org.slf4j:slf4j-api:jar:1.7.36:compile
[DEBUG] Created new class realm plugin>org.apache.maven.plugins:maven-dependency-plugin:3.7.0-1671833604
[DEBUG] Importing foreign packages into class realm plugin>org.apache.maven.plugins:maven-dependency-plugin:3.7.0-1671833604
[DEBUG]   Imported:  < project>org.openmrs.module:artemis-omod:1.0.0-SNAPSHOT
[DEBUG] Populating class realm plugin>org.apache.maven.plugins:maven-dependency-plugin:3.7.0-1671833604
[DEBUG]   Included: org.apache.maven.plugins:maven-dependency-plugin:jar:3.7.0
[DEBUG]   Included: org.apache.maven.doxia:doxia-sink-api:jar:1.12.0
[DEBUG]   Included: org.apache.maven.doxia:doxia-logging-api:jar:1.12.0
[DEBUG]   Included: org.apache.maven.reporting:maven-reporting-api:jar:3.1.1
[DEBUG]   Included: org.apache.maven.reporting:maven-reporting-impl:jar:3.2.0
[DEBUG]   Included: org.apache.maven.doxia:doxia-decoration-model:jar:1.11.1
[DEBUG]   Included: org.apache.maven.doxia:doxia-core:jar:1.11.1
[DEBUG]   Included: org.apache.commons:commons-lang3:jar:3.8.1
[DEBUG]   Included: org.apache.commons:commons-text:jar:1.12.0
[DEBUG]   Included: org.apache.httpcomponents:httpclient:jar:4.5.13
[DEBUG]   Included: commons-logging:commons-logging:jar:1.2
[DEBUG]   Included: org.apache.httpcomponents:httpcore:jar:4.4.14
[DEBUG]   Included: org.apache.maven.doxia:doxia-integration-tools:jar:1.11.1
[DEBUG]   Included: org.codehaus.plexus:plexus-interpolation:jar:1.26
[DEBUG]   Included: org.apache.maven.doxia:doxia-site-renderer:jar:1.11.1
[DEBUG]   Included: org.apache.maven.doxia:doxia-skin-model:jar:1.11.1
[DEBUG]   Included: org.apache.maven.doxia:doxia-module-xhtml:jar:1.11.1
[DEBUG]   Included: org.apache.maven.doxia:doxia-module-xhtml5:jar:1.11.1
[DEBUG]   Included: org.codehaus.plexus:plexus-velocity:jar:1.2
[DEBUG]   Included: org.apache.velocity:velocity:jar:1.7
[DEBUG]   Included: commons-lang:commons-lang:jar:2.4
[DEBUG]   Included: org.apache.velocity:velocity-tools:jar:2.0
[DEBUG]   Included: commons-beanutils:commons-beanutils:jar:1.7.0
[DEBUG]   Included: commons-digester:commons-digester:jar:1.8
[DEBUG]   Included: commons-chain:commons-chain:jar:1.1
[DEBUG]   Included: dom4j:dom4j:jar:1.1
[DEBUG]   Included: oro:oro:jar:2.0.8
[DEBUG]   Included: commons-collections:commons-collections:jar:3.2.2
[DEBUG]   Included: org.codehaus.plexus:plexus-archiver:jar:4.9.2
[DEBUG]   Included: commons-io:commons-io:jar:2.15.1
[DEBUG]   Included: org.apache.commons:commons-compress:jar:1.26.1
[DEBUG]   Included: commons-codec:commons-codec:jar:1.16.1
[DEBUG]   Included: org.iq80.snappy:snappy:jar:0.4
[DEBUG]   Included: org.tukaani:xz:jar:1.9
[DEBUG]   Included: com.github.luben:zstd-jni:jar:1.5.5-11
[DEBUG]   Included: org.codehaus.plexus:plexus-utils:jar:4.0.1
[DEBUG]   Included: org.codehaus.plexus:plexus-xml:jar:3.0.0
[DEBUG]   Included: org.codehaus.plexus:plexus-io:jar:3.4.2
[DEBUG]   Included: org.codehaus.plexus:plexus-i18n:jar:1.0-beta-10
[DEBUG]   Included: org.apache.maven.shared:maven-dependency-analyzer:jar:1.14.1
[DEBUG]   Included: org.ow2.asm:asm:jar:9.7
[DEBUG]   Included: org.apache.maven.shared:maven-dependency-tree:jar:3.3.0
[DEBUG]   Included: org.apache.maven.shared:maven-common-artifact-filters:jar:3.3.2
[DEBUG]   Included: org.apache.maven.shared:maven-artifact-transfer:jar:0.13.1
[DEBUG]   Included: org.codehaus.plexus:plexus-component-annotations:jar:2.0.0
[DEBUG]   Included: org.apache.maven.shared:maven-shared-utils:jar:3.4.2
[DEBUG]   Included: org.sonatype.plexus:plexus-build-api:jar:0.0.7
[DEBUG] Loading mojo org.apache.maven.plugins:maven-dependency-plugin:3.7.0:unpack-dependencies from plugin realm ClassRealm[plugin>org.apache.maven.plugins:maven-dependency-plugin:3.7.0-1671833604, parent: jdk.internal.loader.ClassLoaders$AppClassLoader@2c854dc5]
[DEBUG] Configuring mojo execution 'org.apache.maven.plugins:maven-dependency-plugin:3.7.0:unpack-dependencies:Expand resources' with basic configurator -->
[DEBUG]   (f) excludeTransitive = false
[DEBUG]   (s) failOnMissingClassifierArtifact = false
[DEBUG]   (s) fileMappers = []
[DEBUG]   (f) ignorePermissions = false
[DEBUG]   (f) includeArtifactIds = artemis-api,artemis-omod,artemis-omod-common
[DEBUG]   (f) includeGroupIds = org.openmrs.module
[DEBUG]   (f) includeScope = compile
[DEBUG]   (s) includes = *.xml,*.properties
[DEBUG]   (s) markersDirectory = /Users/rafal/workspace/openmrs-module-artemis/omod/target/dependency-maven-plugin-markers
[DEBUG]   (s) outputDirectory = /Users/rafal/workspace/openmrs-module-artemis/omod/target/classes
[DEBUG]   (f) overWriteIfNewer = true
[DEBUG]   (f) overWriteReleases = false
[DEBUG]   (f) overWriteSnapshots = false
[DEBUG]   (s) prependGroupId = false
[DEBUG]   (f) reactorProjects = [MavenProject: org.openmrs.module:artemis:1.0.0-SNAPSHOT @ /Users/rafal/workspace/openmrs-module-artemis/pom.xml, MavenProject: org.openmrs.module:artemis-api:1.0.0-SNAPSHOT @ /Users/rafal/workspace/openmrs-module-artemis/api/pom.xml, MavenProject: org.openmrs.module:artemis-omod:1.0.0-SNAPSHOT @ /Users/rafal/workspace/openmrs-module-artemis/omod/pom.xml]
[DEBUG]   (f) remotePluginRepositories = [      id: openmrs-repo
      url: https://mavenrepo.openmrs.org/public
   layout: default
snapshots: [enabled => false, update => daily]
 releases: [enabled => true, update => daily]
   blocked: false
,       id: central
      url: https://repo.maven.apache.org/maven2
   layout: default
snapshots: [enabled => false, update => daily]
 releases: [enabled => true, update => daily]
   blocked: false
]
[DEBUG]   (f) remoteRepositories = [      id: openmrs-repo
      url: https://mavenrepo.openmrs.org/public
   layout: default
snapshots: [enabled => true, update => daily]
 releases: [enabled => true, update => daily]
   blocked: false
,       id: archetype
      url: https://mavenrepo.openmrs.org/public
   layout: default
snapshots: [enabled => true, update => daily]
 releases: [enabled => true, update => daily]
   blocked: false
,       id: openmrs-repo-thirdparty
      url: https://mavenrepo.openmrs.org/thirdparty
   layout: default
snapshots: [enabled => true, update => daily]
 releases: [enabled => true, update => daily]
   blocked: false
,       id: mks-nexus-public
      url: https://nexus.mekomsolutions.net/repository/maven-public
   layout: default
snapshots: [enabled => true, update => daily]
 releases: [enabled => true, update => daily]
   blocked: false
,       id: sonatype-central-snapshots
      url: https://central.sonatype.com/repository/maven-snapshots
   layout: default
snapshots: [enabled => true, update => daily]
 releases: [enabled => true, update => daily]
   blocked: false
,       id: sonatype-nexus
      url: https://oss.sonatype.org/content/repositories/releases/
   layout: default
snapshots: [enabled => true, update => daily]
 releases: [enabled => true, update => daily]
   blocked: false
,       id: central
      url: https://repo1.maven.org/maven2
   layout: default
snapshots: [enabled => true, update => daily]
 releases: [enabled => true, update => daily]
   blocked: false
]
[DEBUG]   (s) silent = false
[DEBUG]   (s) skip = false
[DEBUG]   (f) skipDuringIncrementalBuild = false
[DEBUG]   (f) stripClassifier = false
[DEBUG]   (s) stripType = false
[DEBUG]   (s) stripVersion = false
[DEBUG]   (s) useRepositoryLayout = false
[DEBUG]   (s) useSubDirectoryPerArtifact = false
[DEBUG]   (s) useSubDirectoryPerScope = false
[DEBUG]   (s) useSubDirectoryPerType = false
[DEBUG] -- end configuration --
[INFO] ------------------------------------------------------------------------
[INFO] Reactor Summary for Artemis 1.0.0-SNAPSHOT:
[INFO] 
[INFO] Artemis ............................................ SUCCESS [  0.348 s]
[INFO] Artemis API ........................................ SUCCESS [  4.319 s]
[INFO] Artemis OMOD ....................................... FAILURE [  0.446 s]
[INFO] ------------------------------------------------------------------------
[INFO] BUILD FAILURE
[INFO] ------------------------------------------------------------------------
[INFO] Total time:  5.304 s
[INFO] Finished at: 2026-07-02T14:52:09+02:00
[INFO] ------------------------------------------------------------------------
[ERROR] Failed to execute goal org.apache.maven.plugins:maven-dependency-plugin:3.7.0:unpack-dependencies (Expand resources) on project artemis-omod: Artifact has not been packaged yet. When used on reactor artifact, unpack should be executed after packaging: see MDEP-98. -> [Help 1]
org.apache.maven.lifecycle.LifecycleExecutionException: Failed to execute goal org.apache.maven.plugins:maven-dependency-plugin:3.7.0:unpack-dependencies (Expand resources) on project artemis-omod: Artifact has not been packaged yet. When used on reactor artifact, unpack should be executed after packaging: see MDEP-98.
    at org.apache.maven.lifecycle.internal.MojoExecutor.doExecute2 (MojoExecutor.java:333)
    at org.apache.maven.lifecycle.internal.MojoExecutor.doExecute (MojoExecutor.java:316)
    at org.apache.maven.lifecycle.internal.MojoExecutor.execute (MojoExecutor.java:212)
    at org.apache.maven.lifecycle.internal.MojoExecutor.execute (MojoExecutor.java:174)
    at org.apache.maven.lifecycle.internal.MojoExecutor.access$000 (MojoExecutor.java:75)
    at org.apache.maven.lifecycle.internal.MojoExecutor$1.run (MojoExecutor.java:162)
    at org.apache.maven.plugin.DefaultMojosExecutionStrategy.execute (DefaultMojosExecutionStrategy.java:39)
    at org.apache.maven.lifecycle.internal.MojoExecutor.execute (MojoExecutor.java:159)
    at org.apache.maven.lifecycle.internal.LifecycleModuleBuilder.buildProject (LifecycleModuleBuilder.java:105)
    at org.apache.maven.lifecycle.internal.LifecycleModuleBuilder.buildProject (LifecycleModuleBuilder.java:73)
    at org.apache.maven.lifecycle.internal.builder.singlethreaded.SingleThreadedBuilder.build (SingleThreadedBuilder.java:53)
    at org.apache.maven.lifecycle.internal.LifecycleStarter.execute (LifecycleStarter.java:118)
    at org.apache.maven.DefaultMaven.doExecute (DefaultMaven.java:261)
    at org.apache.maven.DefaultMaven.doExecute (DefaultMaven.java:173)
    at org.apache.maven.DefaultMaven.execute (DefaultMaven.java:101)
    at org.apache.maven.cli.MavenCli.execute (MavenCli.java:906)
    at org.apache.maven.cli.MavenCli.doMain (MavenCli.java:283)
    at org.apache.maven.cli.MavenCli.main (MavenCli.java:206)
    at jdk.internal.reflect.DirectMethodHandleAccessor.invoke (DirectMethodHandleAccessor.java:103)
    at java.lang.reflect.Method.invoke (Method.java:580)
    at org.codehaus.plexus.classworlds.launcher.Launcher.launchEnhanced (Launcher.java:255)
    at org.codehaus.plexus.classworlds.launcher.Launcher.launch (Launcher.java:201)
    at org.codehaus.plexus.classworlds.launcher.Launcher.mainWithExitCode (Launcher.java:361)
    at org.codehaus.plexus.classworlds.launcher.Launcher.main (Launcher.java:314)
Caused by: org.apache.maven.plugin.MojoExecutionException: Artifact has not been packaged yet. When used on reactor artifact, unpack should be executed after packaging: see MDEP-98.
    at org.apache.maven.plugins.dependency.utils.UnpackUtil.unpack (UnpackUtil.java:104)
    at org.apache.maven.plugins.dependency.fromDependencies.UnpackDependenciesMojo.doExecute (UnpackDependenciesMojo.java:121)
    at org.apache.maven.plugins.dependency.AbstractDependencyMojo.execute (AbstractDependencyMojo.java:114)
    at org.apache.maven.plugin.DefaultBuildPluginManager.executeMojo (DefaultBuildPluginManager.java:126)
    at org.apache.maven.lifecycle.internal.MojoExecutor.doExecute2 (MojoExecutor.java:328)
    at org.apache.maven.lifecycle.internal.MojoExecutor.doExecute (MojoExecutor.java:316)
    at org.apache.maven.lifecycle.internal.MojoExecutor.execute (MojoExecutor.java:212)
    at org.apache.maven.lifecycle.internal.MojoExecutor.execute (MojoExecutor.java:174)
    at org.apache.maven.lifecycle.internal.MojoExecutor.access$000 (MojoExecutor.java:75)
    at org.apache.maven.lifecycle.internal.MojoExecutor$1.run (MojoExecutor.java:162)
    at org.apache.maven.plugin.DefaultMojosExecutionStrategy.execute (DefaultMojosExecutionStrategy.java:39)
    at org.apache.maven.lifecycle.internal.MojoExecutor.execute (MojoExecutor.java:159)
    at org.apache.maven.lifecycle.internal.LifecycleModuleBuilder.buildProject (LifecycleModuleBuilder.java:105)
    at org.apache.maven.lifecycle.internal.LifecycleModuleBuilder.buildProject (LifecycleModuleBuilder.java:73)
    at org.apache.maven.lifecycle.internal.builder.singlethreaded.SingleThreadedBuilder.build (SingleThreadedBuilder.java:53)
    at org.apache.maven.lifecycle.internal.LifecycleStarter.execute (LifecycleStarter.java:118)
    at org.apache.maven.DefaultMaven.doExecute (DefaultMaven.java:261)
    at org.apache.maven.DefaultMaven.doExecute (DefaultMaven.java:173)
    at org.apache.maven.DefaultMaven.execute (DefaultMaven.java:101)
    at org.apache.maven.cli.MavenCli.execute (MavenCli.java:906)
    at org.apache.maven.cli.MavenCli.doMain (MavenCli.java:283)
    at org.apache.maven.cli.MavenCli.main (MavenCli.java:206)
    at jdk.internal.reflect.DirectMethodHandleAccessor.invoke (DirectMethodHandleAccessor.java:103)
    at java.lang.reflect.Method.invoke (Method.java:580)
    at org.codehaus.plexus.classworlds.launcher.Launcher.launchEnhanced (Launcher.java:255)
    at org.codehaus.plexus.classworlds.launcher.Launcher.launch (Launcher.java:201)
    at org.codehaus.plexus.classworlds.launcher.Launcher.mainWithExitCode (Launcher.java:361)
    at org.codehaus.plexus.classworlds.launcher.Launcher.main (Launcher.java:314)
[ERROR] 
[ERROR] 
[ERROR] For more information about the errors and possible solutions, please read the following articles:
[ERROR] [Help 1] http://cwiki.apache.org/confluence/display/MAVEN/MojoExecutionException
[ERROR] 
[ERROR] After correcting the problems, you can resume the build with the command
[ERROR]   mvn <args> -rf :artemis-omod
[DEBUG] Shutting down adapter factory; available factories [file-lock, rwlock-local, semaphore-local, noop]; available name mappers [discriminating, file-gav, file-hgav, file-static, gav, static]
[DEBUG] Shutting down 'file-lock' factory
[DEBUG] Shutting down 'rwlock-local' factory
[DEBUG] Shutting down 'semaphore-local' factory
[DEBUG] Shutting down 'noop' factory
